
As-needed library included to satisfy reference by file (symbol)

librt.so.1                    /home/zxli/code/parrot-groundsdk/out/olympe-linux/build/libulog/obj/ulog_write.c.o (clock_gettime@@GLIBC_2.2.5)
libstdc++.so.6                /home/zxli/code/parrot-groundsdk/out/olympe-linux/build/libulog/obj/ulog.cpp.o (std::basic_streambuf<char, std::char_traits<char> >::seekoff(long, std::_Ios_Seekdir, std::_Ios_Openmode)@@GLIBCXX_3.4)
libgcc_s.so.1                 /home/zxli/code/parrot-groundsdk/out/olympe-linux/build/libulog/obj/ulog.cpp.o (_Unwind_Resume@@GCC_3.0)
libpthread.so.0               /home/zxli/code/parrot-groundsdk/out/olympe-linux/build/libulog/obj/ulog_write.c.o (__errno_location@@GLIBC_2.2.5)
libc.so.6                     /home/zxli/code/parrot-groundsdk/out/olympe-linux/build/libulog/obj/ulog.cpp.o (__stack_chk_fail@@GLIBC_2.4)

Discarded input sections

 .text          0x0000000000000000        0x0 /usr/lib/gcc/x86_64-linux-gnu/7/../../../x86_64-linux-gnu/crti.o
 .data          0x0000000000000000        0x0 /usr/lib/gcc/x86_64-linux-gnu/7/../../../x86_64-linux-gnu/crti.o
 .bss           0x0000000000000000        0x0 /usr/lib/gcc/x86_64-linux-gnu/7/../../../x86_64-linux-gnu/crti.o
 .note.GNU-stack
                0x0000000000000000        0x0 /usr/lib/gcc/x86_64-linux-gnu/7/../../../x86_64-linux-gnu/crti.o
 .data          0x0000000000000000        0x0 /usr/lib/gcc/x86_64-linux-gnu/7/crtbeginS.o
 .note.GNU-stack
                0x0000000000000000        0x0 /usr/lib/gcc/x86_64-linux-gnu/7/crtbeginS.o
 .group         0x0000000000000000        0xc /home/zxli/code/parrot-groundsdk/out/olympe-linux/build/libulog/obj/ulog.cpp.o
 .group         0x0000000000000000        0xc /home/zxli/code/parrot-groundsdk/out/olympe-linux/build/libulog/obj/ulog.cpp.o
 .group         0x0000000000000000        0xc /home/zxli/code/parrot-groundsdk/out/olympe-linux/build/libulog/obj/ulog.cpp.o
 .group         0x0000000000000000        0xc /home/zxli/code/parrot-groundsdk/out/olympe-linux/build/libulog/obj/ulog.cpp.o
 .group         0x0000000000000000        0x8 /home/zxli/code/parrot-groundsdk/out/olympe-linux/build/libulog/obj/ulog.cpp.o
 .group         0x0000000000000000        0xc /home/zxli/code/parrot-groundsdk/out/olympe-linux/build/libulog/obj/ulog.cpp.o
 .group         0x0000000000000000        0x8 /home/zxli/code/parrot-groundsdk/out/olympe-linux/build/libulog/obj/ulog.cpp.o
 .group         0x0000000000000000        0xc /home/zxli/code/parrot-groundsdk/out/olympe-linux/build/libulog/obj/ulog.cpp.o
 .group         0x0000000000000000        0x8 /home/zxli/code/parrot-groundsdk/out/olympe-linux/build/libulog/obj/ulog.cpp.o
 .group         0x0000000000000000        0xc /home/zxli/code/parrot-groundsdk/out/olympe-linux/build/libulog/obj/ulog.cpp.o
 .group         0x0000000000000000       0x1c /home/zxli/code/parrot-groundsdk/out/olympe-linux/build/libulog/obj/ulog.cpp.o
 .group         0x0000000000000000       0x1c /home/zxli/code/parrot-groundsdk/out/olympe-linux/build/libulog/obj/ulog.cpp.o
 .group         0x0000000000000000        0xc /home/zxli/code/parrot-groundsdk/out/olympe-linux/build/libulog/obj/ulog.cpp.o
 .group         0x0000000000000000        0xc /home/zxli/code/parrot-groundsdk/out/olympe-linux/build/libulog/obj/ulog.cpp.o
 .text          0x0000000000000000        0x0 /home/zxli/code/parrot-groundsdk/out/olympe-linux/build/libulog/obj/ulog.cpp.o
 .data          0x0000000000000000        0x0 /home/zxli/code/parrot-groundsdk/out/olympe-linux/build/libulog/obj/ulog.cpp.o
 .text._ZN4ulog8internal11OstreamUlogC2EPNS0_10UlogstreamE
                0x0000000000000000       0x43 /home/zxli/code/parrot-groundsdk/out/olympe-linux/build/libulog/obj/ulog.cpp.o
 .text._ZN4ulog8internal10Ulogstream6setTagER11ulog_cookie
                0x0000000000000000        0xb /home/zxli/code/parrot-groundsdk/out/olympe-linux/build/libulog/obj/ulog.cpp.o
 .note.GNU-stack
                0x0000000000000000        0x0 /home/zxli/code/parrot-groundsdk/out/olympe-linux/build/libulog/obj/ulog.cpp.o
 .text          0x0000000000000000        0x0 /home/zxli/code/parrot-groundsdk/out/olympe-linux/build/libulog/obj/ulog_read.c.o
 .data          0x0000000000000000        0x0 /home/zxli/code/parrot-groundsdk/out/olympe-linux/build/libulog/obj/ulog_read.c.o
 .bss           0x0000000000000000        0x0 /home/zxli/code/parrot-groundsdk/out/olympe-linux/build/libulog/obj/ulog_read.c.o
 .note.GNU-stack
                0x0000000000000000        0x0 /home/zxli/code/parrot-groundsdk/out/olympe-linux/build/libulog/obj/ulog_read.c.o
 .text          0x0000000000000000        0x0 /home/zxli/code/parrot-groundsdk/out/olympe-linux/build/libulog/obj/ulog_write.c.o
 .data          0x0000000000000000        0x0 /home/zxli/code/parrot-groundsdk/out/olympe-linux/build/libulog/obj/ulog_write.c.o
 .bss           0x0000000000000000        0x0 /home/zxli/code/parrot-groundsdk/out/olympe-linux/build/libulog/obj/ulog_write.c.o
 .note.GNU-stack
                0x0000000000000000        0x0 /home/zxli/code/parrot-groundsdk/out/olympe-linux/build/libulog/obj/ulog_write.c.o
 .text          0x0000000000000000        0x0 /home/zxli/code/parrot-groundsdk/out/olympe-linux/build/libulog/obj/ulog_write_android.c.o
 .data          0x0000000000000000        0x0 /home/zxli/code/parrot-groundsdk/out/olympe-linux/build/libulog/obj/ulog_write_android.c.o
 .bss           0x0000000000000000        0x0 /home/zxli/code/parrot-groundsdk/out/olympe-linux/build/libulog/obj/ulog_write_android.c.o
 .text.ulog_writer_android
                0x0000000000000000        0x2 /home/zxli/code/parrot-groundsdk/out/olympe-linux/build/libulog/obj/ulog_write_android.c.o
 .note.GNU-stack
                0x0000000000000000        0x0 /home/zxli/code/parrot-groundsdk/out/olympe-linux/build/libulog/obj/ulog_write_android.c.o
 .text          0x0000000000000000        0x0 /home/zxli/code/parrot-groundsdk/out/olympe-linux/build/libulog/obj/ulog_write_bin.c.o
 .data          0x0000000000000000        0x0 /home/zxli/code/parrot-groundsdk/out/olympe-linux/build/libulog/obj/ulog_write_bin.c.o
 .text.ulog_bin_get_write_func
                0x0000000000000000        0x8 /home/zxli/code/parrot-groundsdk/out/olympe-linux/build/libulog/obj/ulog_write_bin.c.o
 .note.GNU-stack
                0x0000000000000000        0x0 /home/zxli/code/parrot-groundsdk/out/olympe-linux/build/libulog/obj/ulog_write_bin.c.o
 .text          0x0000000000000000        0x0 /home/zxli/code/parrot-groundsdk/out/olympe-linux/build/libulog/obj/ulog_write_raw.c.o
 .data          0x0000000000000000        0x0 /home/zxli/code/parrot-groundsdk/out/olympe-linux/build/libulog/obj/ulog_write_raw.c.o
 .bss           0x0000000000000000        0x0 /home/zxli/code/parrot-groundsdk/out/olympe-linux/build/libulog/obj/ulog_write_raw.c.o
 .note.GNU-stack
                0x0000000000000000        0x0 /home/zxli/code/parrot-groundsdk/out/olympe-linux/build/libulog/obj/ulog_write_raw.c.o
 .text          0x0000000000000000        0x0 /usr/lib/gcc/x86_64-linux-gnu/7/crtendS.o
 .data          0x0000000000000000        0x0 /usr/lib/gcc/x86_64-linux-gnu/7/crtendS.o
 .bss           0x0000000000000000        0x0 /usr/lib/gcc/x86_64-linux-gnu/7/crtendS.o
 .note.GNU-stack
                0x0000000000000000        0x0 /usr/lib/gcc/x86_64-linux-gnu/7/crtendS.o
 .text          0x0000000000000000        0x0 /usr/lib/gcc/x86_64-linux-gnu/7/../../../x86_64-linux-gnu/crtn.o
 .data          0x0000000000000000        0x0 /usr/lib/gcc/x86_64-linux-gnu/7/../../../x86_64-linux-gnu/crtn.o
 .bss           0x0000000000000000        0x0 /usr/lib/gcc/x86_64-linux-gnu/7/../../../x86_64-linux-gnu/crtn.o
 .note.GNU-stack
                0x0000000000000000        0x0 /usr/lib/gcc/x86_64-linux-gnu/7/../../../x86_64-linux-gnu/crtn.o

Memory Configuration

Name             Origin             Length             Attributes
*default*        0x0000000000000000 0xffffffffffffffff

Linker script and memory map

LOAD /usr/lib/gcc/x86_64-linux-gnu/7/../../../x86_64-linux-gnu/crti.o
LOAD /usr/lib/gcc/x86_64-linux-gnu/7/crtbeginS.o
LOAD /home/zxli/code/parrot-groundsdk/out/olympe-linux/build/libulog/obj/ulog.cpp.o
LOAD /home/zxli/code/parrot-groundsdk/out/olympe-linux/build/libulog/obj/ulog_read.c.o
LOAD /home/zxli/code/parrot-groundsdk/out/olympe-linux/build/libulog/obj/ulog_write.c.o
LOAD /home/zxli/code/parrot-groundsdk/out/olympe-linux/build/libulog/obj/ulog_write_android.c.o
LOAD /home/zxli/code/parrot-groundsdk/out/olympe-linux/build/libulog/obj/ulog_write_bin.c.o
LOAD /home/zxli/code/parrot-groundsdk/out/olympe-linux/build/libulog/obj/ulog_write_raw.c.o
LOAD /usr/lib/gcc/x86_64-linux-gnu/7/../../../x86_64-linux-gnu/librt.so
LOAD /usr/lib/gcc/x86_64-linux-gnu/7/libstdc++.so
LOAD /usr/lib/gcc/x86_64-linux-gnu/7/../../../x86_64-linux-gnu/libm.so
START GROUP
LOAD /lib/x86_64-linux-gnu/libm.so.6
LOAD /usr/lib/x86_64-linux-gnu/libmvec_nonshared.a
LOAD /lib/x86_64-linux-gnu/libmvec.so.1
END GROUP
LOAD /usr/lib/gcc/x86_64-linux-gnu/7/libgcc_s.so
START GROUP
LOAD /usr/lib/gcc/x86_64-linux-gnu/7/libgcc_s.so.1
LOAD /usr/lib/gcc/x86_64-linux-gnu/7/libgcc.a
END GROUP
LOAD /usr/lib/gcc/x86_64-linux-gnu/7/../../../x86_64-linux-gnu/libpthread.so
START GROUP
LOAD /lib/x86_64-linux-gnu/libpthread.so.0
LOAD /usr/lib/x86_64-linux-gnu/libpthread_nonshared.a
END GROUP
LOAD /usr/lib/gcc/x86_64-linux-gnu/7/../../../x86_64-linux-gnu/libc.so
START GROUP
LOAD /lib/x86_64-linux-gnu/libc.so.6
LOAD /usr/lib/x86_64-linux-gnu/libc_nonshared.a
LOAD /lib/x86_64-linux-gnu/ld-linux-x86-64.so.2
END GROUP
LOAD /usr/lib/gcc/x86_64-linux-gnu/7/libgcc_s.so
START GROUP
LOAD /usr/lib/gcc/x86_64-linux-gnu/7/libgcc_s.so.1
LOAD /usr/lib/gcc/x86_64-linux-gnu/7/libgcc.a
END GROUP
LOAD /usr/lib/gcc/x86_64-linux-gnu/7/crtendS.o
LOAD /usr/lib/gcc/x86_64-linux-gnu/7/../../../x86_64-linux-gnu/crtn.o
                0x00000000000001c8                . = (SEGMENT_START ("text-segment", 0x0) + SIZEOF_HEADERS)

.note.gnu.build-id
                0x00000000000001c8       0x24
 *(.note.gnu.build-id)
 .note.gnu.build-id
                0x00000000000001c8       0x24 /usr/lib/gcc/x86_64-linux-gnu/7/../../../x86_64-linux-gnu/crti.o

.hash
 *(.hash)

.gnu.hash       0x00000000000001f0      0x168
 *(.gnu.hash)
 .gnu.hash      0x00000000000001f0      0x168 /usr/lib/gcc/x86_64-linux-gnu/7/../../../x86_64-linux-gnu/crti.o

.dynsym         0x0000000000000358      0x990
 *(.dynsym)
 .dynsym        0x0000000000000358      0x990 /usr/lib/gcc/x86_64-linux-gnu/7/../../../x86_64-linux-gnu/crti.o

.dynstr         0x0000000000000ce8      0x9de
 *(.dynstr)
 .dynstr        0x0000000000000ce8      0x9de /usr/lib/gcc/x86_64-linux-gnu/7/../../../x86_64-linux-gnu/crti.o

.gnu.version    0x00000000000016c6       0xcc
 *(.gnu.version)
 .gnu.version   0x00000000000016c6       0xcc /usr/lib/gcc/x86_64-linux-gnu/7/../../../x86_64-linux-gnu/crti.o

.gnu.version_d  0x0000000000001798        0x0
 *(.gnu.version_d)
 .gnu.version_d
                0x0000000000001798        0x0 /usr/lib/gcc/x86_64-linux-gnu/7/../../../x86_64-linux-gnu/crti.o

.gnu.version_r  0x0000000000001798      0x100
 *(.gnu.version_r)
 .gnu.version_r
                0x0000000000001798      0x100 /usr/lib/gcc/x86_64-linux-gnu/7/../../../x86_64-linux-gnu/crti.o

.rela.dyn       0x0000000000001898      0x840
 *(.rela.init)
 *(.rela.text .rela.text.* .rela.gnu.linkonce.t.*)
 .rela.text     0x0000000000001898        0x0 /usr/lib/gcc/x86_64-linux-gnu/7/../../../x86_64-linux-gnu/crti.o
 .rela.text._ZN4ulog8internal11OstreamUlogD1Ev
                0x0000000000001898        0x0 /usr/lib/gcc/x86_64-linux-gnu/7/../../../x86_64-linux-gnu/crti.o
 .rela.text._ZN4ulog8internal11OstreamUlogD0Ev
                0x0000000000001898        0x0 /usr/lib/gcc/x86_64-linux-gnu/7/../../../x86_64-linux-gnu/crti.o
 .rela.text._ZN4ulog8internal15NullOstreamUlogD1Ev
                0x0000000000001898        0x0 /usr/lib/gcc/x86_64-linux-gnu/7/../../../x86_64-linux-gnu/crti.o
 .rela.text._ZN4ulog8internal15NullOstreamUlogD0Ev
                0x0000000000001898        0x0 /usr/lib/gcc/x86_64-linux-gnu/7/../../../x86_64-linux-gnu/crti.o
 .rela.text._ZN4ulog8internal10Ulogstream4syncEv
                0x0000000000001898        0x0 /usr/lib/gcc/x86_64-linux-gnu/7/../../../x86_64-linux-gnu/crti.o
 .rela.text._ZN4ulog8internal10Ulogstream8makeKeysEv
                0x0000000000001898        0x0 /usr/lib/gcc/x86_64-linux-gnu/7/../../../x86_64-linux-gnu/crti.o
 .rela.text._ZN4ulog8internal10Ulogstream6xsputnEPKcl
                0x0000000000001898        0x0 /usr/lib/gcc/x86_64-linux-gnu/7/../../../x86_64-linux-gnu/crti.o
 .rela.text._ZN4ulog8internal11OstreamUlogC1EPNS0_10UlogstreamE
                0x0000000000001898        0x0 /usr/lib/gcc/x86_64-linux-gnu/7/../../../x86_64-linux-gnu/crti.o
 .rela.text._ZN4ulog8internal11OstreamUlogclER11ulog_cookie
                0x0000000000001898        0x0 /usr/lib/gcc/x86_64-linux-gnu/7/../../../x86_64-linux-gnu/crti.o
 .rela.text._ZN4ulog8internal10UlogstreamC2Eii
                0x0000000000001898        0x0 /usr/lib/gcc/x86_64-linux-gnu/7/../../../x86_64-linux-gnu/crti.o
 .rela.text.startup._GLOBAL__sub_I_ulog.cpp
                0x0000000000001898        0x0 /usr/lib/gcc/x86_64-linux-gnu/7/../../../x86_64-linux-gnu/crti.o
 *(.rela.fini)
 *(.rela.rodata .rela.rodata.* .rela.gnu.linkonce.r.*)
 *(.rela.data .rela.data.* .rela.gnu.linkonce.d.*)
 .rela.data.rel.local
                0x0000000000001898       0x48 /usr/lib/gcc/x86_64-linux-gnu/7/../../../x86_64-linux-gnu/crti.o
 .rela.data.rel.ro._ZTIN4ulog8internal11OstreamUlogE
                0x00000000000018e0       0x48 /usr/lib/gcc/x86_64-linux-gnu/7/../../../x86_64-linux-gnu/crti.o
 .rela.data.rel.ro._ZTIN4ulog8internal15NullOstreamUlogE
                0x0000000000001928       0x48 /usr/lib/gcc/x86_64-linux-gnu/7/../../../x86_64-linux-gnu/crti.o
 .rela.data.rel.ro._ZTIN4ulog8internal10UlogstreamE
                0x0000000000001970       0x48 /usr/lib/gcc/x86_64-linux-gnu/7/../../../x86_64-linux-gnu/crti.o
 .rela.data.rel.ro._ZTCN4ulog8internal11OstreamUlogE0_So
                0x00000000000019b8       0x30 /usr/lib/gcc/x86_64-linux-gnu/7/../../../x86_64-linux-gnu/crti.o
 .rela.data.rel.ro.local._ZTTN4ulog8internal11OstreamUlogE
                0x00000000000019e8       0x60 /usr/lib/gcc/x86_64-linux-gnu/7/../../../x86_64-linux-gnu/crti.o
 .rela.data.rel.ro.local._ZTVN4ulog8internal11OstreamUlogE
                0x0000000000001a48       0x90 /usr/lib/gcc/x86_64-linux-gnu/7/../../../x86_64-linux-gnu/crti.o
 .rela.data.rel.ro._ZTCN4ulog8internal15NullOstreamUlogE0_So
                0x0000000000001ad8       0x30 /usr/lib/gcc/x86_64-linux-gnu/7/../../../x86_64-linux-gnu/crti.o
 .rela.data.rel.ro.local._ZTTN4ulog8internal15NullOstreamUlogE
                0x0000000000001b08       0x60 /usr/lib/gcc/x86_64-linux-gnu/7/../../../x86_64-linux-gnu/crti.o
 .rela.data.rel.ro.local._ZTVN4ulog8internal15NullOstreamUlogE
                0x0000000000001b68       0x90 /usr/lib/gcc/x86_64-linux-gnu/7/../../../x86_64-linux-gnu/crti.o
 .rela.data.rel.ro._ZTVN4ulog8internal10UlogstreamE
                0x0000000000001bf8      0x168 /usr/lib/gcc/x86_64-linux-gnu/7/../../../x86_64-linux-gnu/crti.o
 .rela.data.rel.ro.local
                0x0000000000001d60      0x198 /usr/lib/gcc/x86_64-linux-gnu/7/../../../x86_64-linux-gnu/crti.o
 .rela.data.rel.local.DW.ref.__gxx_personality_v0
                0x0000000000001ef8       0x18 /usr/lib/gcc/x86_64-linux-gnu/7/../../../x86_64-linux-gnu/crti.o
 *(.rela.tdata .rela.tdata.* .rela.gnu.linkonce.td.*)
 *(.rela.tbss .rela.tbss.* .rela.gnu.linkonce.tb.*)
 *(.rela.ctors)
 *(.rela.dtors)
 *(.rela.got)
 .rela.got      0x0000000000001f10      0x180 /usr/lib/gcc/x86_64-linux-gnu/7/../../../x86_64-linux-gnu/crti.o
 *(.rela.bss .rela.bss.* .rela.gnu.linkonce.b.*)
 *(.rela.ldata .rela.ldata.* .rela.gnu.linkonce.l.*)
 *(.rela.lbss .rela.lbss.* .rela.gnu.linkonce.lb.*)
 *(.rela.lrodata .rela.lrodata.* .rela.gnu.linkonce.lr.*)
 *(.rela.ifunc)
 .rela.ifunc    0x0000000000002090        0x0 /usr/lib/gcc/x86_64-linux-gnu/7/../../../x86_64-linux-gnu/crti.o
 .rela.fini_array
                0x0000000000002090       0x18 /usr/lib/gcc/x86_64-linux-gnu/7/../../../x86_64-linux-gnu/crti.o
 .rela.init_array
                0x00000000000020a8       0x30 /usr/lib/gcc/x86_64-linux-gnu/7/../../../x86_64-linux-gnu/crti.o
 .rela.eh_frame
                0x00000000000020d8        0x0 /usr/lib/gcc/x86_64-linux-gnu/7/../../../x86_64-linux-gnu/crti.o

.rela.plt       0x00000000000020d8      0x438
 *(.rela.plt)
 .rela.plt      0x00000000000020d8      0x438 /usr/lib/gcc/x86_64-linux-gnu/7/../../../x86_64-linux-gnu/crti.o
 *(.rela.iplt)

.init           0x0000000000002510       0x17
 *(SORT_NONE(.init))
 .init          0x0000000000002510       0x12 /usr/lib/gcc/x86_64-linux-gnu/7/../../../x86_64-linux-gnu/crti.o
                0x0000000000002510                _init
 .init          0x0000000000002522        0x5 /usr/lib/gcc/x86_64-linux-gnu/7/../../../x86_64-linux-gnu/crtn.o

.plt            0x0000000000002530      0x2e0
 *(.plt)
 .plt           0x0000000000002530      0x2e0 /usr/lib/gcc/x86_64-linux-gnu/7/../../../x86_64-linux-gnu/crti.o
 *(.iplt)

.plt.got        0x0000000000002810        0x8
 *(.plt.got)
 .plt.got       0x0000000000002810        0x8 /usr/lib/gcc/x86_64-linux-gnu/7/../../../x86_64-linux-gnu/crti.o

.plt.sec
 *(.plt.sec)

.text           0x0000000000002820     0x1dd4
 *(.text.unlikely .text.*_unlikely .text.unlikely.*)
 *(.text.exit .text.exit.*)
 *(.text.startup .text.startup.*)
 .text.startup._GLOBAL__sub_I_ulog.cpp
                0x0000000000002820      0x347 /home/zxli/code/parrot-groundsdk/out/olympe-linux/build/libulog/obj/ulog.cpp.o
 *(.text.hot .text.hot.*)
 *(.text .stub .text.* .gnu.linkonce.t.*)
 *fill*         0x0000000000002b67        0x9 
 .text          0x0000000000002b70       0xda /usr/lib/gcc/x86_64-linux-gnu/7/crtbeginS.o
 *fill*         0x0000000000002c4a        0x6 
 .text._ZN4ulog8internal11OstreamUlogD1Ev
                0x0000000000002c50       0x58 /home/zxli/code/parrot-groundsdk/out/olympe-linux/build/libulog/obj/ulog.cpp.o
                0x0000000000002c50                ulog::internal::OstreamUlog::~OstreamUlog()
                0x0000000000002c80                virtual thunk to ulog::internal::OstreamUlog::~OstreamUlog()
 *fill*         0x0000000000002ca8        0x8 
 .text._ZN4ulog8internal11OstreamUlogD0Ev
                0x0000000000002cb0       0x7b /home/zxli/code/parrot-groundsdk/out/olympe-linux/build/libulog/obj/ulog.cpp.o
                0x0000000000002cb0                ulog::internal::OstreamUlog::~OstreamUlog()
                0x0000000000002cf0                virtual thunk to ulog::internal::OstreamUlog::~OstreamUlog()
 *fill*         0x0000000000002d2b        0x5 
 .text._ZN4ulog8internal15NullOstreamUlogD1Ev
                0x0000000000002d30       0x58 /home/zxli/code/parrot-groundsdk/out/olympe-linux/build/libulog/obj/ulog.cpp.o
                0x0000000000002d30                ulog::internal::NullOstreamUlog::~NullOstreamUlog()
                0x0000000000002d60                virtual thunk to ulog::internal::NullOstreamUlog::~NullOstreamUlog()
 *fill*         0x0000000000002d88        0x8 
 .text._ZN4ulog8internal15NullOstreamUlogD0Ev
                0x0000000000002d90       0x7b /home/zxli/code/parrot-groundsdk/out/olympe-linux/build/libulog/obj/ulog.cpp.o
                0x0000000000002d90                ulog::internal::NullOstreamUlog::~NullOstreamUlog()
                0x0000000000002dd0                virtual thunk to ulog::internal::NullOstreamUlog::~NullOstreamUlog()
 *fill*         0x0000000000002e0b        0x5 
 .text._ZN4ulog8internal10UlogstreamD2Ev
                0x0000000000002e10       0x25 /home/zxli/code/parrot-groundsdk/out/olympe-linux/build/libulog/obj/ulog.cpp.o
                0x0000000000002e10                ulog::internal::Ulogstream::~Ulogstream()
                0x0000000000002e10                ulog::internal::Ulogstream::~Ulogstream()
 *fill*         0x0000000000002e35        0xb 
 .text._ZN4ulog8internal10UlogstreamD0Ev
                0x0000000000002e40       0x32 /home/zxli/code/parrot-groundsdk/out/olympe-linux/build/libulog/obj/ulog.cpp.o
                0x0000000000002e40                ulog::internal::Ulogstream::~Ulogstream()
 *fill*         0x0000000000002e72        0xe 
 .text._ZN4ulog8internal10Ulogstream16keyBufDestructorEPv
                0x0000000000002e80       0x32 /home/zxli/code/parrot-groundsdk/out/olympe-linux/build/libulog/obj/ulog.cpp.o
                0x0000000000002e80                ulog::internal::Ulogstream::keyBufDestructor(void*)
 *fill*         0x0000000000002eb2        0xe 
 .text._ZN4ulog8internal10Ulogstream4syncEv
                0x0000000000002ec0       0x89 /home/zxli/code/parrot-groundsdk/out/olympe-linux/build/libulog/obj/ulog.cpp.o
                0x0000000000002ec0                ulog::internal::Ulogstream::sync()
 *fill*         0x0000000000002f49        0x7 
 .text._ZN4ulog8internal10Ulogstream8makeKeysEv
                0x0000000000002f50       0x29 /home/zxli/code/parrot-groundsdk/out/olympe-linux/build/libulog/obj/ulog.cpp.o
                0x0000000000002f50                ulog::internal::Ulogstream::makeKeys()
 *fill*         0x0000000000002f79        0x7 
 .text._ZN4ulog8internal10Ulogstream6xsputnEPKcl
                0x0000000000002f80      0x141 /home/zxli/code/parrot-groundsdk/out/olympe-linux/build/libulog/obj/ulog.cpp.o
                0x0000000000002f80                ulog::internal::Ulogstream::xsputn(char const*, long)
 *fill*         0x00000000000030c1        0xf 
 .text._ZN4ulog8internal11OstreamUlogC1EPNS0_10UlogstreamE
                0x00000000000030d0       0xb1 /home/zxli/code/parrot-groundsdk/out/olympe-linux/build/libulog/obj/ulog.cpp.o
                0x00000000000030d0                ulog::internal::OstreamUlog::OstreamUlog(ulog::internal::Ulogstream*)
 *fill*         0x0000000000003181        0xf 
 .text._ZN4ulog8internal11OstreamUlogclER11ulog_cookie
                0x0000000000003190       0x14 /home/zxli/code/parrot-groundsdk/out/olympe-linux/build/libulog/obj/ulog.cpp.o
                0x0000000000003190                ulog::internal::OstreamUlog::operator()(ulog_cookie&)
 *fill*         0x00000000000031a4        0xc 
 .text._ZN4ulog8internal10UlogstreamC2Eii
                0x00000000000031b0       0xd5 /home/zxli/code/parrot-groundsdk/out/olympe-linux/build/libulog/obj/ulog.cpp.o
                0x00000000000031b0                ulog::internal::Ulogstream::Ulogstream(int, int)
                0x00000000000031b0                ulog::internal::Ulogstream::Ulogstream(int, int)
 *fill*         0x0000000000003285        0xb 
 .text.get_token
                0x0000000000003290       0x54 /home/zxli/code/parrot-groundsdk/out/olympe-linux/build/libulog/obj/ulog_read.c.o
 *fill*         0x00000000000032e4        0xc 
 .text.ulog_parse_payload
                0x00000000000032f0      0x1ed /home/zxli/code/parrot-groundsdk/out/olympe-linux/build/libulog/obj/ulog_read.c.o
 *fill*         0x00000000000034dd        0x3 
 .text.ulog_parse_buf
                0x00000000000034e0       0x2d /home/zxli/code/parrot-groundsdk/out/olympe-linux/build/libulog/obj/ulog_read.c.o
                0x00000000000034e0                ulog_parse_buf
 *fill*         0x000000000000350d        0x3 
 .text.ulog_parse_raw
                0x0000000000003510       0x4e /home/zxli/code/parrot-groundsdk/out/olympe-linux/build/libulog/obj/ulog_read.c.o
                0x0000000000003510                ulog_parse_raw
 *fill*         0x000000000000355e        0x2 
 .text.__writer_null
                0x0000000000003560        0x2 /home/zxli/code/parrot-groundsdk/out/olympe-linux/build/libulog/obj/ulog_write.c.o
 *fill*         0x0000000000003562        0xe 
 .text.__writer_kernel
                0x0000000000003570       0x95 /home/zxli/code/parrot-groundsdk/out/olympe-linux/build/libulog/obj/ulog_write.c.o
 *fill*         0x0000000000003605        0xb 
 .text.__ctrl_init
                0x0000000000003610      0x146 /home/zxli/code/parrot-groundsdk/out/olympe-linux/build/libulog/obj/ulog_write.c.o
 *fill*         0x0000000000003756        0xa 
 .text.__writer_init
                0x0000000000003760       0x67 /home/zxli/code/parrot-groundsdk/out/olympe-linux/build/libulog/obj/ulog_write.c.o
 *fill*         0x00000000000037c7        0x9 
 .text.parse_level
                0x00000000000037d0       0x3f /home/zxli/code/parrot-groundsdk/out/olympe-linux/build/libulog/obj/ulog_write.c.o
 *fill*         0x000000000000380f        0x1 
 .text.__writer_stderr
                0x0000000000003810       0x7a /home/zxli/code/parrot-groundsdk/out/olympe-linux/build/libulog/obj/ulog_write.c.o
 *fill*         0x000000000000388a        0x6 
 .text.__writer_stderr_wrapper_color
                0x0000000000003890       0x17 /home/zxli/code/parrot-groundsdk/out/olympe-linux/build/libulog/obj/ulog_write.c.o
 *fill*         0x00000000000038a7        0x9 
 .text.__writer_stderr_wrapper
                0x00000000000038b0       0x17 /home/zxli/code/parrot-groundsdk/out/olympe-linux/build/libulog/obj/ulog_write.c.o
 *fill*         0x00000000000038c7        0x9 
 .text.ulog_set_write_func
                0x00000000000038d0       0x6e /home/zxli/code/parrot-groundsdk/out/olympe-linux/build/libulog/obj/ulog_write.c.o
                0x00000000000038d0                ulog_set_write_func
 *fill*         0x000000000000393e        0x2 
 .text.ulog_get_write_func
                0x0000000000003940       0x57 /home/zxli/code/parrot-groundsdk/out/olympe-linux/build/libulog/obj/ulog_write.c.o
                0x0000000000003940                ulog_get_write_func
 *fill*         0x0000000000003997        0x9 
 .text.ulog_set_cookie_register_func
                0x00000000000039a0       0x36 /home/zxli/code/parrot-groundsdk/out/olympe-linux/build/libulog/obj/ulog_write.c.o
                0x00000000000039a0                ulog_set_cookie_register_func
 *fill*         0x00000000000039d6        0xa 
 .text.ulog_foreach
                0x00000000000039e0       0x69 /home/zxli/code/parrot-groundsdk/out/olympe-linux/build/libulog/obj/ulog_write.c.o
                0x00000000000039e0                ulog_foreach
 *fill*         0x0000000000003a49        0x7 
 .text.ulog_init_cookie
                0x0000000000003a50      0x130 /home/zxli/code/parrot-groundsdk/out/olympe-linux/build/libulog/obj/ulog_write.c.o
                0x0000000000003a50                ulog_init_cookie
 .text.ulog_vlog_write
                0x0000000000003b80       0x8e /home/zxli/code/parrot-groundsdk/out/olympe-linux/build/libulog/obj/ulog_write.c.o
                0x0000000000003b80                ulog_vlog_write
 *fill*         0x0000000000003c0e        0x2 
 .text.ulog_log_write
                0x0000000000003c10       0xac /home/zxli/code/parrot-groundsdk/out/olympe-linux/build/libulog/obj/ulog_write.c.o
                0x0000000000003c10                ulog_log_write
 *fill*         0x0000000000003cbc        0x4 
 .text.ulog_log_str
                0x0000000000003cc0       0x59 /home/zxli/code/parrot-groundsdk/out/olympe-linux/build/libulog/obj/ulog_write.c.o
                0x0000000000003cc0                ulog_log_str
 *fill*         0x0000000000003d19        0x7 
 .text.ulog_log_buf
                0x0000000000003d20       0x5e /home/zxli/code/parrot-groundsdk/out/olympe-linux/build/libulog/obj/ulog_write.c.o
                0x0000000000003d20                ulog_log_buf
 *fill*         0x0000000000003d7e        0x2 
 .text.ulog_init
                0x0000000000003d80       0x15 /home/zxli/code/parrot-groundsdk/out/olympe-linux/build/libulog/obj/ulog_write.c.o
                0x0000000000003d80                ulog_init
 *fill*         0x0000000000003d95        0xb 
 .text.ulog_set_level
                0x0000000000003da0       0x2d /home/zxli/code/parrot-groundsdk/out/olympe-linux/build/libulog/obj/ulog_write.c.o
                0x0000000000003da0                ulog_set_level
 *fill*         0x0000000000003dcd        0x3 
 .text.ulog_get_level
                0x0000000000003dd0        0xe /home/zxli/code/parrot-groundsdk/out/olympe-linux/build/libulog/obj/ulog_write.c.o
                0x0000000000003dd0                ulog_get_level
 *fill*         0x0000000000003dde        0x2 
 .text.ulog_set_tag_level
                0x0000000000003de0       0x8e /home/zxli/code/parrot-groundsdk/out/olympe-linux/build/libulog/obj/ulog_write.c.o
                0x0000000000003de0                ulog_set_tag_level
 *fill*         0x0000000000003e6e        0x2 
 .text.ulog_get_tag_names
                0x0000000000003e70       0x64 /home/zxli/code/parrot-groundsdk/out/olympe-linux/build/libulog/obj/ulog_write.c.o
                0x0000000000003e70                ulog_get_tag_names
 *fill*         0x0000000000003ed4        0xc 
 .text.ulog_get_time_monotonic
                0x0000000000003ee0       0x7c /home/zxli/code/parrot-groundsdk/out/olympe-linux/build/libulog/obj/ulog_write.c.o
                0x0000000000003ee0                ulog_get_time_monotonic
 *fill*         0x0000000000003f5c        0x4 
 .text.ulog_bin_open
                0x0000000000003f60       0xec /home/zxli/code/parrot-groundsdk/out/olympe-linux/build/libulog/obj/ulog_write_bin.c.o
                0x0000000000003f60                ulog_bin_open
 *fill*         0x000000000000404c        0x4 
 .text.ulog_bin_close
                0x0000000000004050       0x12 /home/zxli/code/parrot-groundsdk/out/olympe-linux/build/libulog/obj/ulog_write_bin.c.o
                0x0000000000004050                ulog_bin_close
 *fill*         0x0000000000004062        0xe 
 .text.ulog_bin_writev
                0x0000000000004070      0x12c /home/zxli/code/parrot-groundsdk/out/olympe-linux/build/libulog/obj/ulog_write_bin.c.o
                0x0000000000004070                ulog_bin_writev
 *fill*         0x000000000000419c        0x4 
 .text.ulog_bin_write
                0x00000000000041a0       0x45 /home/zxli/code/parrot-groundsdk/out/olympe-linux/build/libulog/obj/ulog_write_bin.c.o
                0x00000000000041a0                ulog_bin_write
 *fill*         0x00000000000041e5        0xb 
 .text.ulog_bin_set_write_func
                0x00000000000041f0        0xa /home/zxli/code/parrot-groundsdk/out/olympe-linux/build/libulog/obj/ulog_write_bin.c.o
                0x00000000000041f0                ulog_bin_set_write_func
 *fill*         0x00000000000041fa        0x6 
 .text.ulog_raw_open
                0x0000000000004200      0x134 /home/zxli/code/parrot-groundsdk/out/olympe-linux/build/libulog/obj/ulog_write_raw.c.o
                0x0000000000004200                ulog_raw_open
 *fill*         0x0000000000004334        0xc 
 .text.ulog_raw_close
                0x0000000000004340       0x12 /home/zxli/code/parrot-groundsdk/out/olympe-linux/build/libulog/obj/ulog_write_raw.c.o
                0x0000000000004340                ulog_raw_close
 *fill*         0x0000000000004352        0xe 
 .text.ulog_raw_logv
                0x0000000000004360      0x1e1 /home/zxli/code/parrot-groundsdk/out/olympe-linux/build/libulog/obj/ulog_write_raw.c.o
                0x0000000000004360                ulog_raw_logv
 *fill*         0x0000000000004541        0xf 
 .text.ulog_raw_log
                0x0000000000004550       0xa4 /home/zxli/code/parrot-groundsdk/out/olympe-linux/build/libulog/obj/ulog_write_raw.c.o
                0x0000000000004550                ulog_raw_log
 *(.gnu.warning)

.fini           0x00000000000045f4        0x9
 *(SORT_NONE(.fini))
 .fini          0x00000000000045f4        0x4 /usr/lib/gcc/x86_64-linux-gnu/7/../../../x86_64-linux-gnu/crti.o
                0x00000000000045f4                _fini
 .fini          0x00000000000045f8        0x5 /usr/lib/gcc/x86_64-linux-gnu/7/../../../x86_64-linux-gnu/crtn.o
                [!provide]                        PROVIDE (__etext = .)
                [!provide]                        PROVIDE (_etext = .)
                [!provide]                        PROVIDE (etext = .)

.rodata         0x0000000000004600      0x19c
 *(.rodata .rodata.* .gnu.linkonce.r.*)
 .rodata.str1.1
                0x0000000000004600       0x15 /home/zxli/code/parrot-groundsdk/out/olympe-linux/build/libulog/obj/ulog.cpp.o
 *fill*         0x0000000000004615        0xb 
 .rodata._ZTSN4ulog8internal11OstreamUlogE
                0x0000000000004620       0x1e /home/zxli/code/parrot-groundsdk/out/olympe-linux/build/libulog/obj/ulog.cpp.o
                0x0000000000004620                typeinfo name for ulog::internal::OstreamUlog
 *fill*         0x000000000000463e        0x2 
 .rodata._ZTSN4ulog8internal15NullOstreamUlogE
                0x0000000000004640       0x22 /home/zxli/code/parrot-groundsdk/out/olympe-linux/build/libulog/obj/ulog.cpp.o
                0x0000000000004640                typeinfo name for ulog::internal::NullOstreamUlog
 *fill*         0x0000000000004662        0xe 
 .rodata._ZTSN4ulog8internal10UlogstreamE
                0x0000000000004670       0x1d /home/zxli/code/parrot-groundsdk/out/olympe-linux/build/libulog/obj/ulog.cpp.o
                0x0000000000004670                typeinfo name for ulog::internal::Ulogstream
 .rodata.str1.1
                0x000000000000468d       0x15 /home/zxli/code/parrot-groundsdk/out/olympe-linux/build/libulog/obj/ulog_read.c.o
                                          0x1 (size before relaxing)
 .rodata.str1.1
                0x000000000000468d       0xc5 /home/zxli/code/parrot-groundsdk/out/olympe-linux/build/libulog/obj/ulog_write.c.o
                                         0xca (size before relaxing)
 *fill*         0x0000000000004752        0xe 
 .rodata        0x0000000000004760       0x1a /home/zxli/code/parrot-groundsdk/out/olympe-linux/build/libulog/obj/ulog_write.c.o
 .rodata.str1.1
                0x000000000000477a       0x22 /home/zxli/code/parrot-groundsdk/out/olympe-linux/build/libulog/obj/ulog_write_bin.c.o
                                         0x2f (size before relaxing)
 .rodata.str1.1
                0x000000000000479c       0x28 /home/zxli/code/parrot-groundsdk/out/olympe-linux/build/libulog/obj/ulog_write_raw.c.o

.rodata1
 *(.rodata1)

.eh_frame_hdr   0x000000000000479c      0x1cc
 *(.eh_frame_hdr)
 .eh_frame_hdr  0x000000000000479c      0x1cc /home/zxli/code/parrot-groundsdk/out/olympe-linux/build/libulog/obj/ulog.cpp.o
                0x000000000000479c                __GNU_EH_FRAME_HDR
 *(.eh_frame_entry .eh_frame_entry.*)

.eh_frame       0x0000000000004968      0x85c
 *(.eh_frame)
 .eh_frame      0x0000000000004968       0x40 /usr/lib/gcc/x86_64-linux-gnu/7/../../../x86_64-linux-gnu/crti.o
 .eh_frame      0x00000000000049a8       0x18 /usr/lib/gcc/x86_64-linux-gnu/7/../../../x86_64-linux-gnu/crti.o
                                         0x30 (size before relaxing)
 .eh_frame      0x00000000000049c0      0x278 /home/zxli/code/parrot-groundsdk/out/olympe-linux/build/libulog/obj/ulog.cpp.o
                                        0x2d0 (size before relaxing)
 .eh_frame      0x0000000000004c38       0xc8 /home/zxli/code/parrot-groundsdk/out/olympe-linux/build/libulog/obj/ulog_read.c.o
                                         0xe0 (size before relaxing)
 .eh_frame      0x0000000000004d00      0x3a0 /home/zxli/code/parrot-groundsdk/out/olympe-linux/build/libulog/obj/ulog_write.c.o
                                        0x3b8 (size before relaxing)
 .eh_frame      0x00000000000050a0        0x0 /home/zxli/code/parrot-groundsdk/out/olympe-linux/build/libulog/obj/ulog_write_android.c.o
                                         0x30 (size before relaxing)
 .eh_frame      0x00000000000050a0       0x98 /home/zxli/code/parrot-groundsdk/out/olympe-linux/build/libulog/obj/ulog_write_bin.c.o
                                         0xc0 (size before relaxing)
 .eh_frame      0x0000000000005138       0x88 /home/zxli/code/parrot-groundsdk/out/olympe-linux/build/libulog/obj/ulog_write_raw.c.o
                                         0xa0 (size before relaxing)
 .eh_frame      0x00000000000051c0        0x4 /usr/lib/gcc/x86_64-linux-gnu/7/crtendS.o
 *(.eh_frame.*)

.gcc_except_table
                0x00000000000051c4       0x31
 *(.gcc_except_table .gcc_except_table.*)
 .gcc_except_table._ZN4ulog8internal11OstreamUlogC1EPNS0_10UlogstreamE
                0x00000000000051c4        0xe /home/zxli/code/parrot-groundsdk/out/olympe-linux/build/libulog/obj/ulog.cpp.o
 .gcc_except_table._ZN4ulog8internal10UlogstreamC2Eii
                0x00000000000051d2        0xf /home/zxli/code/parrot-groundsdk/out/olympe-linux/build/libulog/obj/ulog.cpp.o
 .gcc_except_table._GLOBAL__sub_I_ulog.cpp
                0x00000000000051e1       0x14 /home/zxli/code/parrot-groundsdk/out/olympe-linux/build/libulog/obj/ulog.cpp.o

.gnu_extab
 *(.gnu_extab*)

.exception_ranges
 *(.exception_ranges .exception_ranges*)
                0x0000000000205a68                . = DATA_SEGMENT_ALIGN (CONSTANT (MAXPAGESIZE), CONSTANT (COMMONPAGESIZE))

.eh_frame
 *(.eh_frame)
 *(.eh_frame.*)

.gnu_extab
 *(.gnu_extab)

.gcc_except_table
 *(.gcc_except_table .gcc_except_table.*)

.exception_ranges
 *(.exception_ranges .exception_ranges*)

.tdata
 *(.tdata .tdata.* .gnu.linkonce.td.*)

.tbss
 *(.tbss .tbss.* .gnu.linkonce.tb.*)
 *(.tcommon)

.preinit_array
 *(.preinit_array)

.init_array     0x0000000000205a68       0x10
 *(SORT_BY_INIT_PRIORITY(.init_array.*) SORT_BY_INIT_PRIORITY(.ctors.*))
 *(.init_array EXCLUDE_FILE(*crtend?.o *crtend.o *crtbegin?.o *crtbegin.o) .ctors)
 .init_array    0x0000000000205a68        0x8 /usr/lib/gcc/x86_64-linux-gnu/7/crtbeginS.o
 .init_array    0x0000000000205a70        0x8 /home/zxli/code/parrot-groundsdk/out/olympe-linux/build/libulog/obj/ulog.cpp.o

.fini_array     0x0000000000205a78        0x8
 *(SORT_BY_INIT_PRIORITY(.fini_array.*) SORT_BY_INIT_PRIORITY(.dtors.*))
 *(.fini_array EXCLUDE_FILE(*crtend?.o *crtend.o *crtbegin?.o *crtbegin.o) .dtors)
 .fini_array    0x0000000000205a78        0x8 /usr/lib/gcc/x86_64-linux-gnu/7/crtbeginS.o

.ctors
 *crtbegin.o(.ctors)
 *crtbegin?.o(.ctors)
 *(EXCLUDE_FILE(*crtend?.o *crtend.o) .ctors)
 *(SORT_BY_NAME(.ctors.*))
 *(.ctors)

.dtors
 *crtbegin.o(.dtors)
 *crtbegin?.o(.dtors)
 *(EXCLUDE_FILE(*crtend?.o *crtend.o) .dtors)
 *(SORT_BY_NAME(.dtors.*))
 *(.dtors)

.jcr
 *(.jcr)

.data.rel.ro    0x0000000000205a80      0x2e8
 *(.data.rel.ro.local* .gnu.linkonce.d.rel.ro.local.*)
 .data.rel.ro.local._ZTTN4ulog8internal11OstreamUlogE
                0x0000000000205a80       0x20 /home/zxli/code/parrot-groundsdk/out/olympe-linux/build/libulog/obj/ulog.cpp.o
                0x0000000000205a80                VTT for ulog::internal::OstreamUlog
 .data.rel.ro.local._ZTVN4ulog8internal11OstreamUlogE
                0x0000000000205aa0       0x50 /home/zxli/code/parrot-groundsdk/out/olympe-linux/build/libulog/obj/ulog.cpp.o
                0x0000000000205aa0                vtable for ulog::internal::OstreamUlog
 .data.rel.ro.local._ZTTN4ulog8internal15NullOstreamUlogE
                0x0000000000205af0       0x20 /home/zxli/code/parrot-groundsdk/out/olympe-linux/build/libulog/obj/ulog.cpp.o
                0x0000000000205af0                VTT for ulog::internal::NullOstreamUlog
 .data.rel.ro.local._ZTVN4ulog8internal15NullOstreamUlogE
                0x0000000000205b10       0x50 /home/zxli/code/parrot-groundsdk/out/olympe-linux/build/libulog/obj/ulog.cpp.o
                0x0000000000205b10                vtable for ulog::internal::NullOstreamUlog
 .data.rel.ro.local
                0x0000000000205b60        0x8 /home/zxli/code/parrot-groundsdk/out/olympe-linux/build/libulog/obj/ulog.cpp.o
                0x0000000000205b60                ulog::UlogstreamCerr
 *fill*         0x0000000000205b68       0x18 
 .data.rel.ro.local
                0x0000000000205b80       0x80 /home/zxli/code/parrot-groundsdk/out/olympe-linux/build/libulog/obj/ulog_write.c.o
 *(.data.rel.ro .data.rel.ro.* .gnu.linkonce.d.rel.ro.*)
 .data.rel.ro   0x0000000000205c00        0x0 /usr/lib/gcc/x86_64-linux-gnu/7/../../../x86_64-linux-gnu/crti.o
 .data.rel.ro._ZTIN4ulog8internal11OstreamUlogE
                0x0000000000205c00       0x18 /home/zxli/code/parrot-groundsdk/out/olympe-linux/build/libulog/obj/ulog.cpp.o
                0x0000000000205c00                typeinfo for ulog::internal::OstreamUlog
 .data.rel.ro._ZTIN4ulog8internal15NullOstreamUlogE
                0x0000000000205c18       0x18 /home/zxli/code/parrot-groundsdk/out/olympe-linux/build/libulog/obj/ulog.cpp.o
                0x0000000000205c18                typeinfo for ulog::internal::NullOstreamUlog
 .data.rel.ro._ZTIN4ulog8internal10UlogstreamE
                0x0000000000205c30       0x18 /home/zxli/code/parrot-groundsdk/out/olympe-linux/build/libulog/obj/ulog.cpp.o
                0x0000000000205c30                typeinfo for ulog::internal::Ulogstream
 .data.rel.ro._ZTCN4ulog8internal11OstreamUlogE0_So
                0x0000000000205c48       0x50 /home/zxli/code/parrot-groundsdk/out/olympe-linux/build/libulog/obj/ulog.cpp.o
                0x0000000000205c48                construction vtable for std::ostream-in-ulog::internal::OstreamUlog
 .data.rel.ro._ZTCN4ulog8internal15NullOstreamUlogE0_So
                0x0000000000205c98       0x50 /home/zxli/code/parrot-groundsdk/out/olympe-linux/build/libulog/obj/ulog.cpp.o
                0x0000000000205c98                construction vtable for std::ostream-in-ulog::internal::NullOstreamUlog
 .data.rel.ro._ZTVN4ulog8internal10UlogstreamE
                0x0000000000205ce8       0x80 /home/zxli/code/parrot-groundsdk/out/olympe-linux/build/libulog/obj/ulog.cpp.o
                0x0000000000205ce8                vtable for ulog::internal::Ulogstream

.dynamic        0x0000000000205d68      0x210
 *(.dynamic)
 .dynamic       0x0000000000205d68      0x210 /usr/lib/gcc/x86_64-linux-gnu/7/../../../x86_64-linux-gnu/crti.o
                0x0000000000205d68                _DYNAMIC

.got            0x0000000000205f78       0x80
 *(.got)
 .got           0x0000000000205f78       0x80 /usr/lib/gcc/x86_64-linux-gnu/7/../../../x86_64-linux-gnu/crti.o
 *(.igot)
                0x0000000000206fe8                . = DATA_SEGMENT_RELRO_END (., (SIZEOF (.got.plt) >= 0x18)?0x18:0x0)

.got.plt        0x0000000000206000      0x180
 *(.got.plt)
 .got.plt       0x0000000000206000      0x180 /usr/lib/gcc/x86_64-linux-gnu/7/../../../x86_64-linux-gnu/crti.o
                0x0000000000206000                _GLOBAL_OFFSET_TABLE_
 *(.igot.plt)

.data           0x0000000000206180       0xa0
 *(.data .data.* .gnu.linkonce.d.*)
 .data.rel.local
                0x0000000000206180        0x8 /usr/lib/gcc/x86_64-linux-gnu/7/crtbeginS.o
                0x0000000000206180                __dso_handle
 .data.rel.local.DW.ref.__gxx_personality_v0
                0x0000000000206188        0x8 /home/zxli/code/parrot-groundsdk/out/olympe-linux/build/libulog/obj/ulog.cpp.o
                0x0000000000206188                DW.ref.__gxx_personality_v0
 *fill*         0x0000000000206190       0x10 
 .data.rel.local
                0x00000000002061a0       0x80 /home/zxli/code/parrot-groundsdk/out/olympe-linux/build/libulog/obj/ulog_write.c.o
                0x0000000000206200                __ulog_default_cookie

.tm_clone_table
                0x0000000000206220        0x0
 .tm_clone_table
                0x0000000000206220        0x0 /usr/lib/gcc/x86_64-linux-gnu/7/crtbeginS.o
 .tm_clone_table
                0x0000000000206220        0x0 /usr/lib/gcc/x86_64-linux-gnu/7/crtendS.o

.data1
 *(.data1)
                0x0000000000206220                _edata = .
                [!provide]                        PROVIDE (edata = .)
                0x0000000000206220                . = .
                0x0000000000206220                __bss_start = .

.bss            0x0000000000206220      0xac8
 *(.dynbss)
 .dynbss        0x0000000000206220        0x0 /usr/lib/gcc/x86_64-linux-gnu/7/../../../x86_64-linux-gnu/crti.o
 *(.bss .bss.* .gnu.linkonce.b.*)
 .bss           0x0000000000206220        0x1 /usr/lib/gcc/x86_64-linux-gnu/7/crtbeginS.o
 *fill*         0x0000000000206221       0x1f 
 .bss           0x0000000000206240      0xa99 /home/zxli/code/parrot-groundsdk/out/olympe-linux/build/libulog/obj/ulog.cpp.o
                0x0000000000206240                ulog::internal::UlogNullraw
                0x0000000000206360                ulog::internal::UlogCraw
                0x0000000000206480                ulog::internal::UlogCrawStream
                0x00000000002064e0                ulog::internal::UlogEraw
                0x0000000000206600                ulog::internal::UlogErawStream
                0x0000000000206660                ulog::internal::UlogWraw
                0x0000000000206780                ulog::internal::UlogWrawStream
                0x00000000002067e0                ulog::internal::UlogNraw
                0x0000000000206900                ulog::internal::UlogNrawStream
                0x0000000000206960                ulog::internal::UlogIraw
                0x0000000000206a80                ulog::internal::UlogIrawStream
                0x0000000000206ae0                ulog::internal::UlogDraw
                0x0000000000206c00                ulog::internal::UlogDrawStream
                0x0000000000206c58                ulog::internal::Ulogstream::mTagKey
                0x0000000000206c5c                ulog::internal::Ulogstream::mBufKey
                0x0000000000206c60                ulog::internal::Ulogstream::mKeyOnce
 *fill*         0x0000000000206cd9        0x7 
 .bss           0x0000000000206ce0        0x8 /home/zxli/code/parrot-groundsdk/out/olympe-linux/build/libulog/obj/ulog_write_bin.c.o
 *(COMMON)
                0x0000000000206ce8                . = ALIGN ((. != 0x0)?0x8:0x1)

.lbss
 *(.dynlbss)
 *(.lbss .lbss.* .gnu.linkonce.lb.*)
 *(LARGE_COMMON)
                0x0000000000206ce8                . = ALIGN (0x8)
                0x0000000000206ce8                . = SEGMENT_START ("ldata-segment", .)

.lrodata
 *(.lrodata .lrodata.* .gnu.linkonce.lr.*)

.ldata          0x0000000000606ce8        0x0
 *(.ldata .ldata.* .gnu.linkonce.l.*)
                0x0000000000606ce8                . = ALIGN ((. != 0x0)?0x8:0x1)
                0x0000000000606ce8                . = ALIGN (0x8)
                0x0000000000606ce8                _end = .
                [!provide]                        PROVIDE (end = .)
                0x0000000000606ce8                . = DATA_SEGMENT_END (.)

.stab
 *(.stab)

.stabstr
 *(.stabstr)

.stab.excl
 *(.stab.excl)

.stab.exclstr
 *(.stab.exclstr)

.stab.index
 *(.stab.index)

.stab.indexstr
 *(.stab.indexstr)

.comment        0x0000000000000000       0x29
 *(.comment)
 .comment       0x0000000000000000       0x29 /usr/lib/gcc/x86_64-linux-gnu/7/crtbeginS.o
                                         0x2a (size before relaxing)
 .comment       0x0000000000000029       0x2a /home/zxli/code/parrot-groundsdk/out/olympe-linux/build/libulog/obj/ulog.cpp.o
 .comment       0x0000000000000029       0x2a /home/zxli/code/parrot-groundsdk/out/olympe-linux/build/libulog/obj/ulog_read.c.o
 .comment       0x0000000000000029       0x2a /home/zxli/code/parrot-groundsdk/out/olympe-linux/build/libulog/obj/ulog_write.c.o
 .comment       0x0000000000000029       0x2a /home/zxli/code/parrot-groundsdk/out/olympe-linux/build/libulog/obj/ulog_write_android.c.o
 .comment       0x0000000000000029       0x2a /home/zxli/code/parrot-groundsdk/out/olympe-linux/build/libulog/obj/ulog_write_bin.c.o
 .comment       0x0000000000000029       0x2a /home/zxli/code/parrot-groundsdk/out/olympe-linux/build/libulog/obj/ulog_write_raw.c.o
 .comment       0x0000000000000029       0x2a /usr/lib/gcc/x86_64-linux-gnu/7/crtendS.o

.debug
 *(.debug)

.line
 *(.line)

.debug_srcinfo
 *(.debug_srcinfo)

.debug_sfnames
 *(.debug_sfnames)

.debug_aranges  0x0000000000000000      0x420
 *(.debug_aranges)
 .debug_aranges
                0x0000000000000000      0x120 /home/zxli/code/parrot-groundsdk/out/olympe-linux/build/libulog/obj/ulog.cpp.o
 .debug_aranges
                0x0000000000000120       0x60 /home/zxli/code/parrot-groundsdk/out/olympe-linux/build/libulog/obj/ulog_read.c.o
 .debug_aranges
                0x0000000000000180      0x190 /home/zxli/code/parrot-groundsdk/out/olympe-linux/build/libulog/obj/ulog_write.c.o
 .debug_aranges
                0x0000000000000310       0x30 /home/zxli/code/parrot-groundsdk/out/olympe-linux/build/libulog/obj/ulog_write_android.c.o
 .debug_aranges
                0x0000000000000340       0x80 /home/zxli/code/parrot-groundsdk/out/olympe-linux/build/libulog/obj/ulog_write_bin.c.o
 .debug_aranges
                0x00000000000003c0       0x60 /home/zxli/code/parrot-groundsdk/out/olympe-linux/build/libulog/obj/ulog_write_raw.c.o

.debug_pubnames
 *(.debug_pubnames)

.debug_info     0x0000000000000000     0xc548
 *(.debug_info .gnu.linkonce.wi.*)
 .debug_info    0x0000000000000000     0x8716 /home/zxli/code/parrot-groundsdk/out/olympe-linux/build/libulog/obj/ulog.cpp.o
 .debug_info    0x0000000000008716      0x647 /home/zxli/code/parrot-groundsdk/out/olympe-linux/build/libulog/obj/ulog_read.c.o
 .debug_info    0x0000000000008d5d     0x1ba8 /home/zxli/code/parrot-groundsdk/out/olympe-linux/build/libulog/obj/ulog_write.c.o
 .debug_info    0x000000000000a905      0x443 /home/zxli/code/parrot-groundsdk/out/olympe-linux/build/libulog/obj/ulog_write_android.c.o
 .debug_info    0x000000000000ad48      0xba3 /home/zxli/code/parrot-groundsdk/out/olympe-linux/build/libulog/obj/ulog_write_bin.c.o
 .debug_info    0x000000000000b8eb      0xc5d /home/zxli/code/parrot-groundsdk/out/olympe-linux/build/libulog/obj/ulog_write_raw.c.o

.debug_abbrev   0x0000000000000000     0x1934
 *(.debug_abbrev)
 .debug_abbrev  0x0000000000000000      0xbfc /home/zxli/code/parrot-groundsdk/out/olympe-linux/build/libulog/obj/ulog.cpp.o
 .debug_abbrev  0x0000000000000bfc      0x22a /home/zxli/code/parrot-groundsdk/out/olympe-linux/build/libulog/obj/ulog_read.c.o
 .debug_abbrev  0x0000000000000e26      0x475 /home/zxli/code/parrot-groundsdk/out/olympe-linux/build/libulog/obj/ulog_write.c.o
 .debug_abbrev  0x000000000000129b      0x10d /home/zxli/code/parrot-groundsdk/out/olympe-linux/build/libulog/obj/ulog_write_android.c.o
 .debug_abbrev  0x00000000000013a8      0x2d8 /home/zxli/code/parrot-groundsdk/out/olympe-linux/build/libulog/obj/ulog_write_bin.c.o
 .debug_abbrev  0x0000000000001680      0x2b4 /home/zxli/code/parrot-groundsdk/out/olympe-linux/build/libulog/obj/ulog_write_raw.c.o

.debug_line     0x0000000000000000     0x1a91
 *(.debug_line .debug_line.* .debug_line_end)
 .debug_line    0x0000000000000000      0xa1e /home/zxli/code/parrot-groundsdk/out/olympe-linux/build/libulog/obj/ulog.cpp.o
 .debug_line    0x0000000000000a1e      0x262 /home/zxli/code/parrot-groundsdk/out/olympe-linux/build/libulog/obj/ulog_read.c.o
 .debug_line    0x0000000000000c80      0x627 /home/zxli/code/parrot-groundsdk/out/olympe-linux/build/libulog/obj/ulog_write.c.o
 .debug_line    0x00000000000012a7      0x149 /home/zxli/code/parrot-groundsdk/out/olympe-linux/build/libulog/obj/ulog_write_android.c.o
 .debug_line    0x00000000000013f0      0x32d /home/zxli/code/parrot-groundsdk/out/olympe-linux/build/libulog/obj/ulog_write_bin.c.o
 .debug_line    0x000000000000171d      0x374 /home/zxli/code/parrot-groundsdk/out/olympe-linux/build/libulog/obj/ulog_write_raw.c.o

.debug_frame
 *(.debug_frame)

.debug_str      0x0000000000000000     0x8986
 *(.debug_str)
 .debug_str     0x0000000000000000     0x8066 /home/zxli/code/parrot-groundsdk/out/olympe-linux/build/libulog/obj/ulog.cpp.o
                                       0x8610 (size before relaxing)
 .debug_str     0x0000000000008066      0x199 /home/zxli/code/parrot-groundsdk/out/olympe-linux/build/libulog/obj/ulog_read.c.o
                                        0x351 (size before relaxing)
 .debug_str     0x00000000000081ff      0x5c3 /home/zxli/code/parrot-groundsdk/out/olympe-linux/build/libulog/obj/ulog_write.c.o
                                        0xad7 (size before relaxing)
 .debug_str     0x00000000000087c2       0x46 /home/zxli/code/parrot-groundsdk/out/olympe-linux/build/libulog/obj/ulog_write_android.c.o
                                        0x42b (size before relaxing)
 .debug_str     0x0000000000008808       0xcc /home/zxli/code/parrot-groundsdk/out/olympe-linux/build/libulog/obj/ulog_write_bin.c.o
                                        0x703 (size before relaxing)
 .debug_str     0x00000000000088d4       0xb2 /home/zxli/code/parrot-groundsdk/out/olympe-linux/build/libulog/obj/ulog_write_raw.c.o
                                        0x75d (size before relaxing)

.debug_loc      0x0000000000000000     0x441a
 *(.debug_loc)
 .debug_loc     0x0000000000000000     0x1566 /home/zxli/code/parrot-groundsdk/out/olympe-linux/build/libulog/obj/ulog.cpp.o
 .debug_loc     0x0000000000001566      0x655 /home/zxli/code/parrot-groundsdk/out/olympe-linux/build/libulog/obj/ulog_read.c.o
 .debug_loc     0x0000000000001bbb     0x1995 /home/zxli/code/parrot-groundsdk/out/olympe-linux/build/libulog/obj/ulog_write.c.o
 .debug_loc     0x0000000000003550      0x7df /home/zxli/code/parrot-groundsdk/out/olympe-linux/build/libulog/obj/ulog_write_bin.c.o
 .debug_loc     0x0000000000003d2f      0x6eb /home/zxli/code/parrot-groundsdk/out/olympe-linux/build/libulog/obj/ulog_write_raw.c.o

.debug_macinfo
 *(.debug_macinfo)

.debug_weaknames
 *(.debug_weaknames)

.debug_funcnames
 *(.debug_funcnames)

.debug_typenames
 *(.debug_typenames)

.debug_varnames
 *(.debug_varnames)

.debug_pubtypes
 *(.debug_pubtypes)

.debug_ranges   0x0000000000000000      0xb50
 *(.debug_ranges)
 .debug_ranges  0x0000000000000000      0x790 /home/zxli/code/parrot-groundsdk/out/olympe-linux/build/libulog/obj/ulog.cpp.o
 .debug_ranges  0x0000000000000790       0xb0 /home/zxli/code/parrot-groundsdk/out/olympe-linux/build/libulog/obj/ulog_read.c.o
 .debug_ranges  0x0000000000000840      0x1d0 /home/zxli/code/parrot-groundsdk/out/olympe-linux/build/libulog/obj/ulog_write.c.o
 .debug_ranges  0x0000000000000a10       0x20 /home/zxli/code/parrot-groundsdk/out/olympe-linux/build/libulog/obj/ulog_write_android.c.o
 .debug_ranges  0x0000000000000a30       0xa0 /home/zxli/code/parrot-groundsdk/out/olympe-linux/build/libulog/obj/ulog_write_bin.c.o
 .debug_ranges  0x0000000000000ad0       0x80 /home/zxli/code/parrot-groundsdk/out/olympe-linux/build/libulog/obj/ulog_write_raw.c.o

.debug_macro
 *(.debug_macro)

.debug_addr
 *(.debug_addr)

.gnu.attributes
 *(.gnu.attributes)

/DISCARD/
 *(.note.GNU-stack)
 *(.gnu_debuglink)
 *(.gnu.lto_*)
OUTPUT(out/olympe-linux/build/libulog/libulog.so elf64-x86-64)
