
As-needed library included to satisfy reference by file (symbol)

libarsdk.so                   /home/zxli/code/parrot-groundsdk/out/olympe-linux/build/libarsdkctrl/obj/libarsdkctrl/src/net/arsdkctrl_backend_net.c.o (arsdk_transport_net_get_cfg)
libulog.so                    /home/zxli/code/parrot-groundsdk/out/olympe-linux/build/libarsdkctrl/obj/libarsdkctrl/src/arsdk_discovery.c.o (ulog_log_write)
libpomp.so                    /home/zxli/code/parrot-groundsdk/out/olympe-linux/build/libarsdkctrl/obj/libarsdkctrl/src/ftp/arsdk_ftp_conn.c.o (pomp_conn_get_peer_addr)
libmux.so                     /home/zxli/code/parrot-groundsdk/out/olympe-linux/build/libarsdkctrl/obj/libarsdkctrl/src/arsdk_blackbox_itf.c.o (mux_ref)
libpuf.so                     /home/zxli/code/parrot-groundsdk/out/olympe-linux/build/libarsdkctrl/obj/libarsdkctrl/src/arsdk_updater_itf.c.o (puf_new)
libavahi-common.so.3          /home/zxli/code/parrot-groundsdk/out/olympe-linux/build/libarsdkctrl/obj/libarsdkctrl/src/net/arsdk_discovery_avahi.c.o (avahi_address_snprint)
libavahi-client.so.3          /home/zxli/code/parrot-groundsdk/out/olympe-linux/build/libarsdkctrl/obj/libarsdkctrl/src/net/arsdk_discovery_avahi.c.o (avahi_service_resolver_new)
libjson-c.so.5                /home/zxli/code/parrot-groundsdk/out/olympe-linux/build/libarsdkctrl/obj/libarsdkctrl/src/net/arsdkctrl_backend_net.c.o (json_object_new_object@@JSONC_0.14)
libpthread.so.0               /home/zxli/code/parrot-groundsdk/out/olympe-linux/build/libarsdkctrl/obj/libarsdkctrl/src/arsdk_md5.c.o (read@@GLIBC_2.2.5)
libc.so.6                     /home/zxli/code/parrot-groundsdk/out/olympe-linux/build/libarsdkctrl/obj/libarsdkctrl/src/arsdk_media_itf.c.o (gmtime_r@@GLIBC_2.2.5)

Discarded input sections

 .text          0x0000000000000000        0x0 /usr/lib/gcc/x86_64-linux-gnu/7/../../../x86_64-linux-gnu/crti.o
 .data          0x0000000000000000        0x0 /usr/lib/gcc/x86_64-linux-gnu/7/../../../x86_64-linux-gnu/crti.o
 .bss           0x0000000000000000        0x0 /usr/lib/gcc/x86_64-linux-gnu/7/../../../x86_64-linux-gnu/crti.o
 .note.GNU-stack
                0x0000000000000000        0x0 /usr/lib/gcc/x86_64-linux-gnu/7/../../../x86_64-linux-gnu/crti.o
 .data          0x0000000000000000        0x0 /usr/lib/gcc/x86_64-linux-gnu/7/crtbeginS.o
 .note.GNU-stack
                0x0000000000000000        0x0 /usr/lib/gcc/x86_64-linux-gnu/7/crtbeginS.o
 .text          0x0000000000000000        0x0 /home/zxli/code/parrot-groundsdk/out/olympe-linux/build/libarsdkctrl/obj/libarsdkctrl/src/arsdkctrl_log.c.o
 .data          0x0000000000000000        0x0 /home/zxli/code/parrot-groundsdk/out/olympe-linux/build/libarsdkctrl/obj/libarsdkctrl/src/arsdkctrl_log.c.o
 .bss           0x0000000000000000        0x0 /home/zxli/code/parrot-groundsdk/out/olympe-linux/build/libarsdkctrl/obj/libarsdkctrl/src/arsdkctrl_log.c.o
 .note.GNU-stack
                0x0000000000000000        0x0 /home/zxli/code/parrot-groundsdk/out/olympe-linux/build/libarsdkctrl/obj/libarsdkctrl/src/arsdkctrl_log.c.o
 .text          0x0000000000000000        0x0 /home/zxli/code/parrot-groundsdk/out/olympe-linux/build/libarsdkctrl/obj/libarsdkctrl/src/arsdk_discovery.c.o
 .data          0x0000000000000000        0x0 /home/zxli/code/parrot-groundsdk/out/olympe-linux/build/libarsdkctrl/obj/libarsdkctrl/src/arsdk_discovery.c.o
 .bss           0x0000000000000000        0x0 /home/zxli/code/parrot-groundsdk/out/olympe-linux/build/libarsdkctrl/obj/libarsdkctrl/src/arsdk_discovery.c.o
 .note.GNU-stack
                0x0000000000000000        0x0 /home/zxli/code/parrot-groundsdk/out/olympe-linux/build/libarsdkctrl/obj/libarsdkctrl/src/arsdk_discovery.c.o
 .text          0x0000000000000000        0x0 /home/zxli/code/parrot-groundsdk/out/olympe-linux/build/libarsdkctrl/obj/libarsdkctrl/src/arsdk_ctrl.c.o
 .data          0x0000000000000000        0x0 /home/zxli/code/parrot-groundsdk/out/olympe-linux/build/libarsdkctrl/obj/libarsdkctrl/src/arsdk_ctrl.c.o
 .bss           0x0000000000000000        0x0 /home/zxli/code/parrot-groundsdk/out/olympe-linux/build/libarsdkctrl/obj/libarsdkctrl/src/arsdk_ctrl.c.o
 .note.GNU-stack
                0x0000000000000000        0x0 /home/zxli/code/parrot-groundsdk/out/olympe-linux/build/libarsdkctrl/obj/libarsdkctrl/src/arsdk_ctrl.c.o
 .text          0x0000000000000000        0x0 /home/zxli/code/parrot-groundsdk/out/olympe-linux/build/libarsdkctrl/obj/libarsdkctrl/src/arsdkctrl_backend.c.o
 .data          0x0000000000000000        0x0 /home/zxli/code/parrot-groundsdk/out/olympe-linux/build/libarsdkctrl/obj/libarsdkctrl/src/arsdkctrl_backend.c.o
 .bss           0x0000000000000000        0x0 /home/zxli/code/parrot-groundsdk/out/olympe-linux/build/libarsdkctrl/obj/libarsdkctrl/src/arsdkctrl_backend.c.o
 .note.GNU-stack
                0x0000000000000000        0x0 /home/zxli/code/parrot-groundsdk/out/olympe-linux/build/libarsdkctrl/obj/libarsdkctrl/src/arsdkctrl_backend.c.o
[...]
Memory Configuration

Name             Origin             Length             Attributes
*default*        0x0000000000000000 0xffffffffffffffff

Linker script and memory map

LOAD /usr/lib/gcc/x86_64-linux-gnu/7/../../../x86_64-linux-gnu/crti.o
LOAD /usr/lib/gcc/x86_64-linux-gnu/7/crtbeginS.o
LOAD /home/zxli/code/parrot-groundsdk/out/olympe-linux/build/libarsdkctrl/obj/libarsdkctrl/src/arsdkctrl_log.c.o
LOAD /home/zxli/code/parrot-groundsdk/out/olympe-linux/build/libarsdkctrl/obj/libarsdkctrl/src/arsdk_discovery.c.o
LOAD /home/zxli/code/parrot-groundsdk/out/olympe-linux/build/libarsdkctrl/obj/libarsdkctrl/src/arsdk_ctrl.c.o
LOAD /home/zxli/code/parrot-groundsdk/out/olympe-linux/build/libarsdkctrl/obj/libarsdkctrl/src/arsdkctrl_backend.c.o
LOAD /home/zxli/code/parrot-groundsdk/out/olympe-linux/build/libarsdkctrl/obj/libarsdkctrl/src/arsdk_media_itf.c.o
LOAD /home/zxli/code/parrot-groundsdk/out/olympe-linux/build/libarsdkctrl/obj/libarsdkctrl/src/arsdk_updater_itf.c.o
LOAD /home/zxli/code/parrot-groundsdk/out/olympe-linux/build/libarsdkctrl/obj/libarsdkctrl/src/arsdk_blackbox_itf.c.o
LOAD /home/zxli/code/parrot-groundsdk/out/olympe-linux/build/libarsdkctrl/obj/libarsdkctrl/src/arsdk_crashml_itf.c.o
LOAD /home/zxli/code/parrot-groundsdk/out/olympe-linux/build/libarsdkctrl/obj/libarsdkctrl/src/arsdk_flight_log_itf.c.o
LOAD /home/zxli/code/parrot-groundsdk/out/olympe-linux/build/libarsdkctrl/obj/libarsdkctrl/src/arsdk_pud_itf.c.o
LOAD /home/zxli/code/parrot-groundsdk/out/olympe-linux/build/libarsdkctrl/obj/libarsdkctrl/src/arsdk_ephemeris_itf.c.o
LOAD /home/zxli/code/parrot-groundsdk/out/olympe-linux/build/libarsdkctrl/obj/libarsdkctrl/src/arsdk_md5.c.o
LOAD /home/zxli/code/parrot-groundsdk/out/olympe-linux/build/libarsdkctrl/obj/libarsdkctrl/src/updater/arsdk_updater_transport.c.o
LOAD /home/zxli/code/parrot-groundsdk/out/olympe-linux/build/libarsdkctrl/obj/libarsdkctrl/src/updater/arsdk_updater_transport_ftp.c.o
LOAD /home/zxli/code/parrot-groundsdk/out/olympe-linux/build/libarsdkctrl/obj/libarsdkctrl/src/updater/arsdk_updater_transport_mux.c.o
LOAD /home/zxli/code/parrot-groundsdk/out/olympe-linux/build/libarsdkctrl/obj/libarsdkctrl/src/arsdk_ftp_itf.c.o
LOAD /home/zxli/code/parrot-groundsdk/out/olympe-linux/build/libarsdkctrl/obj/libarsdkctrl/src/arsdk_device.c.o
LOAD /home/zxli/code/parrot-groundsdk/out/olympe-linux/build/libarsdkctrl/obj/libarsdkctrl/src/net/arsdkctrl_backend_net.c.o
LOAD /home/zxli/code/parrot-groundsdk/out/olympe-linux/build/libarsdkctrl/obj/libarsdkctrl/src/net/arsdk_avahi_loop.c.o
LOAD /home/zxli/code/parrot-groundsdk/out/olympe-linux/build/libarsdkctrl/obj/libarsdkctrl/src/net/arsdk_discovery_avahi.c.o
LOAD /home/zxli/code/parrot-groundsdk/out/olympe-linux/build/libarsdkctrl/obj/libarsdkctrl/src/net/arsdk_discovery_net.c.o
LOAD /home/zxli/code/parrot-groundsdk/out/olympe-linux/build/libarsdkctrl/obj/libarsdkctrl/src/mux/arsdkctrl_backend_mux.c.o
LOAD /home/zxli/code/parrot-groundsdk/out/olympe-linux/build/libarsdkctrl/obj/libarsdkctrl/src/mux/arsdk_discovery_mux.c.o
LOAD /home/zxli/code/parrot-groundsdk/out/olympe-linux/build/libarsdkctrl/obj/libarsdkctrl/src/ftp/arsdk_ftp.c.o
LOAD /home/zxli/code/parrot-groundsdk/out/olympe-linux/build/libarsdkctrl/obj/libarsdkctrl/src/ftp/arsdk_ftp_conn.c.o
LOAD /home/zxli/code/parrot-groundsdk/out/olympe-linux/build/libarsdkctrl/obj/libarsdkctrl/src/ftp/arsdk_ftp_seq.c.o
LOAD /home/zxli/code/parrot-groundsdk/out/olympe-linux/build/libarsdkctrl/obj/libarsdkctrl/src/ftp/arsdk_ftp_cmd.c.o
LOAD /home/zxli/code/parrot-groundsdk/out/olympe-linux/staging/usr/lib/libarsdk.so
LOAD /home/zxli/code/parrot-groundsdk/out/olympe-linux/staging/usr/lib/libulog.so
LOAD /home/zxli/code/parrot-groundsdk/out/olympe-linux/staging/usr/lib/libpomp.so
LOAD /home/zxli/code/parrot-groundsdk/out/olympe-linux/staging/usr/lib/libfutils.so
LOAD /home/zxli/code/parrot-groundsdk/out/olympe-linux/staging/usr/lib/libmux.so
LOAD /home/zxli/code/parrot-groundsdk/out/olympe-linux/staging/usr/lib/libpuf.so
LOAD /usr/lib/gcc/x86_64-linux-gnu/7/../../../x86_64-linux-gnu/libavahi-common.so
LOAD /usr/lib/gcc/x86_64-linux-gnu/7/../../../x86_64-linux-gnu/libavahi-client.so
LOAD /home/zxli/code/parrot-groundsdk/out/olympe-linux/staging/usr/lib/libjson-c.so
LOAD /usr/lib/gcc/x86_64-linux-gnu/7/../../../x86_64-linux-gnu/librt.so
LOAD /usr/lib/gcc/x86_64-linux-gnu/7/libstdc++.so
LOAD /usr/lib/gcc/x86_64-linux-gnu/7/../../../x86_64-linux-gnu/libm.so
START GROUP
LOAD /lib/x86_64-linux-gnu/libm.so.6
LOAD /usr/lib/x86_64-linux-gnu/libmvec_nonshared.a
LOAD /lib/x86_64-linux-gnu/libmvec.so.1
END GROUP
LOAD /usr/lib/gcc/x86_64-linux-gnu/7/libgcc_s.so
START GROUP
LOAD /usr/lib/gcc/x86_64-linux-gnu/7/libgcc_s.so.1
LOAD /usr/lib/gcc/x86_64-linux-gnu/7/libgcc.a
END GROUP
LOAD /usr/lib/gcc/x86_64-linux-gnu/7/../../../x86_64-linux-gnu/libpthread.so
START GROUP
LOAD /lib/x86_64-linux-gnu/libpthread.so.0
LOAD /usr/lib/x86_64-linux-gnu/libpthread_nonshared.a
END GROUP
LOAD /usr/lib/gcc/x86_64-linux-gnu/7/../../../x86_64-linux-gnu/libc.so
START GROUP
LOAD /lib/x86_64-linux-gnu/libc.so.6
LOAD /usr/lib/x86_64-linux-gnu/libc_nonshared.a
LOAD /lib/x86_64-linux-gnu/ld-linux-x86-64.so.2
END GROUP
LOAD /usr/lib/gcc/x86_64-linux-gnu/7/libgcc_s.so
START GROUP
LOAD /usr/lib/gcc/x86_64-linux-gnu/7/libgcc_s.so.1
LOAD /usr/lib/gcc/x86_64-linux-gnu/7/libgcc.a
END GROUP
LOAD /usr/lib/gcc/x86_64-linux-gnu/7/crtendS.o
LOAD /usr/lib/gcc/x86_64-linux-gnu/7/../../../x86_64-linux-gnu/crtn.o
                0x00000000000001c8                . = (SEGMENT_START ("text-segment", 0x0) + SIZEOF_HEADERS)

.note.gnu.build-id
                0x00000000000001c8       0x24
 *(.note.gnu.build-id)
 .note.gnu.build-id
                0x00000000000001c8       0x24 /usr/lib/gcc/x86_64-linux-gnu/7/../../../x86_64-linux-gnu/crti.o

.hash
 *(.hash)

.gnu.hash       0x00000000000001f0      0x53c
 *(.gnu.hash)
 .gnu.hash      0x00000000000001f0      0x53c /usr/lib/gcc/x86_64-linux-gnu/7/../../../x86_64-linux-gnu/crti.o

.dynsym         0x0000000000000730     0x1cf8
 *(.dynsym)
 .dynsym        0x0000000000000730     0x1cf8 /usr/lib/gcc/x86_64-linux-gnu/7/../../../x86_64-linux-gnu/crti.o

.dynstr         0x0000000000002428     0x1bb1
 *(.dynstr)
 .dynstr        0x0000000000002428     0x1bb1 /usr/lib/gcc/x86_64-linux-gnu/7/../../../x86_64-linux-gnu/crti.o

.gnu.version    0x0000000000003fda      0x26a
 *(.gnu.version)
 .gnu.version   0x0000000000003fda      0x26a /usr/lib/gcc/x86_64-linux-gnu/7/../../../x86_64-linux-gnu/crti.o

.gnu.version_d  0x0000000000004248        0x0
 *(.gnu.version_d)
 .gnu.version_d
                0x0000000000004248        0x0 /usr/lib/gcc/x86_64-linux-gnu/7/../../../x86_64-linux-gnu/crti.o

.gnu.version_r  0x0000000000004248       0xb0
 *(.gnu.version_r)
 .gnu.version_r
                0x0000000000004248       0xb0 /usr/lib/gcc/x86_64-linux-gnu/7/../../../x86_64-linux-gnu/crti.o

.rela.dyn       0x00000000000042f8      0xb58
 *(.rela.init)
 *(.rela.text .rela.text.* .rela.gnu.linkonce.t.*)
 .rela.text     0x00000000000042f8        0x0 /usr/lib/gcc/x86_64-linux-gnu/7/../../../x86_64-linux-gnu/crti.o
 .rela.text.arsdk_discovery_timer_cb
                0x00000000000042f8        0x0 /usr/lib/gcc/x86_64-linux-gnu/7/../../../x86_64-linux-gnu/crti.o
 .rela.text.arsdk_discovery_start
                0x00000000000042f8        0x0 /usr/lib/gcc/x86_64-linux-gnu/7/../../../x86_64-linux-gnu/crti.o
 .rela.text.arsdk_discovery_stop
                0x00000000000042f8        0x0 /usr/lib/gcc/x86_64-linux-gnu/7/../../../x86_64-linux-gnu/crti.o
 .rela.text.arsdk_discovery_add_device
                0x00000000000042f8        0x0 /usr/lib/gcc/x86_64-linux-gnu/7/../../../x86_64-linux-gnu/crti.o
 .rela.text.arsdk_discovery_remove_device
                0x00000000000042f8        0x0 /usr/lib/gcc/x86_64-linux-gnu/7/../../../x86_64-linux-gnu/crti.o
 .rela.text.arsdk_discovery_destroy
                0x00000000000042f8        0x0 /usr/lib/gcc/x86_64-linux-gnu/7/../../../x86_64-linux-gnu/crti.o
 .rela.text.arsdk_discovery_new
                0x00000000000042f8        0x0 /usr/lib/gcc/x86_64-linux-gnu/7/../../../x86_64-linux-gnu/crti.o
 .rela.text.arsdk_ctrl_new
                0x00000000000042f8        0x0 /usr/lib/gcc/x86_64-linux-gnu/7/../../../x86_64-linux-gnu/crti.o
 .rela.text.arsdk_ctrl_set_device_cbs
                0x00000000000042f8        0x0 /usr/lib/gcc/x86_64-linux-gnu/7/../../../x86_64-linux-gnu/crti.o
 .rela.text.arsdk_ctrl_create_device
                0x00000000000042f8        0x0 /usr/lib/gcc/x86_64-linux-gnu/7/../../../x86_64-linux-gnu/crti.o
 .rela.text.arsdk_ctrl_destroy_device
                0x00000000000042f8        0x0 /usr/lib/gcc/x86_64-linux-gnu/7/../../../x86_64-linux-gnu/crti.o
 .rela.text.arsdk_ctrl_register_backend
                0x00000000000042f8        0x0 /usr/lib/gcc/x86_64-linux-gnu/7/../../../x86_64-linux-gnu/crti.o
 .rela.text.arsdk_ctrl_unregister_backend
                0x00000000000042f8        0x0 /usr/lib/gcc/x86_64-linux-gnu/7/../../../x86_64-linux-gnu/crti.o
 .rela.text.arsdk_ctrl_register_discovery
                0x00000000000042f8        0x0 /usr/lib/gcc/x86_64-linux-gnu/7/../../../x86_64-linux-gnu/crti.o
 .rela.text.arsdk_ctrl_unregister_discovery
                0x00000000000042f8        0x0 /usr/lib/gcc/x86_64-linux-gnu/7/../../../x86_64-linux-gnu/crti.o
 .rela.text.arsdk_ctrl_destroy
                0x00000000000042f8        0x0 /usr/lib/gcc/x86_64-linux-gnu/7/../../../x86_64-linux-gnu/crti.o
 .rela.text.arsdkctrl_backend_new
                0x00000000000042f8        0x0 /usr/lib/gcc/x86_64-linux-gnu/7/../../../x86_64-linux-gnu/crti.o
 .rela.text.arsdkctrl_backend_destroy
                0x00000000000042f8        0x0 /usr/lib/gcc/x86_64-linux-gnu/7/../../../x86_64-linux-gnu/crti.o
 .rela.text.arsdkctrl_backend_set_osdata
                0x00000000000042f8        0x0 /usr/lib/gcc/x86_64-linux-gnu/7/../../../x86_64-linux-gnu/crti.o
 .rela.text.arsdkctrl_backend_start_device_conn
                0x00000000000042f8        0x0 /usr/lib/gcc/x86_64-linux-gnu/7/../../../x86_64-linux-gnu/crti.o
 .rela.text.arsdkctrl_backend_stop_device_conn
                0x00000000000042f8        0x0 /usr/lib/gcc/x86_64-linux-gnu/7/../../../x86_64-linux-gnu/crti.o
 .rela.text.arsdkctrl_backend_socket_cb
                0x00000000000042f8        0x0 /usr/lib/gcc/x86_64-linux-gnu/7/../../../x86_64-linux-gnu/crti.o
 .rela.text.ftp_to_media_status
                0x00000000000042f8        0x0 /usr/lib/gcc/x86_64-linux-gnu/7/../../../x86_64-linux-gnu/crti.o
 .rela.text.ftpget_progress_cb
                0x00000000000042f8        0x0 /usr/lib/gcc/x86_64-linux-gnu/7/../../../x86_64-linux-gnu/crti.o
 .rela.text.req_destroy
                0x00000000000042f8        0x0 /usr/lib/gcc/x86_64-linux-gnu/7/../../../x86_64-linux-gnu/crti.o
 .rela.text.arsdk_media_req_download_destroy
                0x00000000000042f8        0x0 /usr/lib/gcc/x86_64-linux-gnu/7/../../../x86_64-linux-gnu/crti.o
 .rela.text.ftpget_complete_cb
                0x00000000000042f8        0x0 /usr/lib/gcc/x86_64-linux-gnu/7/../../../x86_64-linux-gnu/crti.o
 .rela.text.arsdk_media_res_destroy
                0x00000000000042f8        0x0 /usr/lib/gcc/x86_64-linux-gnu/7/../../../x86_64-linux-gnu/crti.o
 .rela.text.arsdk_media_res_new_from_file
                0x00000000000042f8        0x0 /usr/lib/gcc/x86_64-linux-gnu/7/../../../x86_64-linux-gnu/crti.o
 .rela.text.file_to_media_name
                0x00000000000042f8        0x0 /usr/lib/gcc/x86_64-linux-gnu/7/../../../x86_64-linux-gnu/crti.o
 .rela.text.arsdk_media_req_delete_cancel
                0x00000000000042f8        0x0 /usr/lib/gcc/x86_64-linux-gnu/7/../../../x86_64-linux-gnu/crti.o
 .rela.text.arsdk_media_itf_new
                0x00000000000042f8        0x0 /usr/lib/gcc/x86_64-linux-gnu/7/../../../x86_64-linux-gnu/crti.o
 .rela.text.arsdk_media_ref
                0x00000000000042f8        0x0 /usr/lib/gcc/x86_64-linux-gnu/7/../../../x86_64-linux-gnu/crti.o
 .rela.text.arsdk_media_unref
                0x00000000000042f8        0x0 /usr/lib/gcc/x86_64-linux-gnu/7/../../../x86_64-linux-gnu/crti.o
 .rela.text.arsdk_media_req_delete_destroy
                0x00000000000042f8        0x0 /usr/lib/gcc/x86_64-linux-gnu/7/../../../x86_64-linux-gnu/crti.o
 .rela.text.ftpdel_complete_cb
                0x00000000000042f8        0x0 /usr/lib/gcc/x86_64-linux-gnu/7/../../../x86_64-linux-gnu/crti.o
 .rela.text.arsdk_media_req_list_cancel
                0x00000000000042f8        0x0 /usr/lib/gcc/x86_64-linux-gnu/7/../../../x86_64-linux-gnu/crti.o
 .rela.text.arsdk_media_list_ref
                0x00000000000042f8        0x0 /usr/lib/gcc/x86_64-linux-gnu/7/../../../x86_64-linux-gnu/crti.o
 .rela.text.arsdk_media_list_unref
                0x00000000000042f8        0x0 /usr/lib/gcc/x86_64-linux-gnu/7/../../../x86_64-linux-gnu/crti.o
 .rela.text.arsdk_media_req_list_destroy
                0x00000000000042f8        0x0 /usr/lib/gcc/x86_64-linux-gnu/7/../../../x86_64-linux-gnu/crti.o
 .rela.text.arsdk_media_itf_create_req_list
                0x00000000000042f8        0x0 /usr/lib/gcc/x86_64-linux-gnu/7/../../../x86_64-linux-gnu/crti.o
 .rela.text.pfld_list_complete_cb
                0x00000000000042f8        0x0 /usr/lib/gcc/x86_64-linux-gnu/7/../../../x86_64-linux-gnu/crti.o
 .rela.text.arsdk_media_itf_create_req_download
                0x00000000000042f8        0x0 /usr/lib/gcc/x86_64-linux-gnu/7/../../../x86_64-linux-gnu/crti.o
 .rela.text.arsdk_media_req_download_cancel
                0x00000000000042f8        0x0 /usr/lib/gcc/x86_64-linux-gnu/7/../../../x86_64-linux-gnu/crti.o
 .rela.text.arsdk_media_itf_cancel_all
                0x00000000000042f8        0x0 /usr/lib/gcc/x86_64-linux-gnu/7/../../../x86_64-linux-gnu/crti.o
 .rela.text.arsdk_media_itf_stop
                0x00000000000042f8        0x0 /usr/lib/gcc/x86_64-linux-gnu/7/../../../x86_64-linux-gnu/crti.o
 .rela.text.arsdk_media_itf_destroy
                0x00000000000042f8        0x0 /usr/lib/gcc/x86_64-linux-gnu/7/../../../x86_64-linux-gnu/crti.o
 .rela.text.arsdk_media_itf_create_req_delete
                0x00000000000042f8        0x0 /usr/lib/gcc/x86_64-linux-gnu/7/../../../x86_64-linux-gnu/crti.o
 .rela.text.arsdk_updater_itf_stop
                0x00000000000042f8        0x0 /usr/lib/gcc/x86_64-linux-gnu/7/../../../x86_64-linux-gnu/crti.o
 .rela.text.arsdk_updater_itf_cancel_all
                0x00000000000042f8        0x0 /usr/lib/gcc/x86_64-linux-gnu/7/../../../x86_64-linux-gnu/crti.o
 .rela.text.arsdk_updater_itf_destroy
                0x00000000000042f8        0x0 /usr/lib/gcc/x86_64-linux-gnu/7/../../../x86_64-linux-gnu/crti.o
 .rela.text.arsdk_updater_itf_new
                0x00000000000042f8        0x0 /usr/lib/gcc/x86_64-linux-gnu/7/../../../x86_64-linux-gnu/crti.o
 .rela.text.arsdk_updater_itf_create_req_upload
                0x00000000000042f8        0x0 /usr/lib/gcc/x86_64-linux-gnu/7/../../../x86_64-linux-gnu/crti.o
 .rela.text.arsdk_updater_req_upload_cancel
                0x00000000000042f8        0x0 /usr/lib/gcc/x86_64-linux-gnu/7/../../../x86_64-linux-gnu/crti.o
 .rela.text.arsdk_updater_read_fw_info
                0x00000000000042f8        0x0 /usr/lib/gcc/x86_64-linux-gnu/7/../../../x86_64-linux-gnu/crti.o
 .rela.text.arsdk_updater_new_req_upload
                0x00000000000042f8        0x0 /usr/lib/gcc/x86_64-linux-gnu/7/../../../x86_64-linux-gnu/crti.o
 .rela.text.arsdk_updater_destroy_req_upload
                0x00000000000042f8        0x0 /usr/lib/gcc/x86_64-linux-gnu/7/../../../x86_64-linux-gnu/crti.o
 .rela.text.blackbox_mux_channel_cb
                0x00000000000042f8        0x0 /usr/lib/gcc/x86_64-linux-gnu/7/../../../x86_64-linux-gnu/crti.o
 .rela.text.arsdk_blackbox_itf_create_listener
                0x00000000000042f8        0x0 /usr/lib/gcc/x86_64-linux-gnu/7/../../../x86_64-linux-gnu/crti.o
 .rela.text.arsdk_blackbox_listener_unregister
                0x00000000000042f8        0x0 /usr/lib/gcc/x86_64-linux-gnu/7/../../../x86_64-linux-gnu/crti.o
 .rela.text.arsdk_blackbox_itf_stop
                0x00000000000042f8        0x0 /usr/lib/gcc/x86_64-linux-gnu/7/../../../x86_64-linux-gnu/crti.o
 .rela.text.arsdk_blackbox_itf_destroy
                0x00000000000042f8        0x0 /usr/lib/gcc/x86_64-linux-gnu/7/../../../x86_64-linux-gnu/crti.o
 .rela.text.arsdk_blackbox_itf_new
                0x00000000000042f8        0x0 /usr/lib/gcc/x86_64-linux-gnu/7/../../../x86_64-linux-gnu/crti.o
 .rela.text.clean_local_dir
                0x00000000000042f8        0x0 /usr/lib/gcc/x86_64-linux-gnu/7/../../../x86_64-linux-gnu/crti.o
 .rela.text.ftp_get_file
                0x00000000000042f8        0x0 /usr/lib/gcc/x86_64-linux-gnu/7/../../../x86_64-linux-gnu/crti.o
 .rela.text.ftp_del_file
                0x00000000000042f8        0x0 /usr/lib/gcc/x86_64-linux-gnu/7/../../../x86_64-linux-gnu/crti.o
 .rela.text.ftp_to_crashml_status
                0x00000000000042f8        0x0 /usr/lib/gcc/x86_64-linux-gnu/7/../../../x86_64-linux-gnu/crti.o
 .rela.text.unlink_cb
                0x00000000000042f8        0x0 /usr/lib/gcc/x86_64-linux-gnu/7/../../../x86_64-linux-gnu/crti.o
 .rela.text.simple_req_delete
                0x00000000000042f8        0x0 /usr/lib/gcc/x86_64-linux-gnu/7/../../../x86_64-linux-gnu/crti.o
 .rela.text.simple_req_new
                0x00000000000042f8        0x0 /usr/lib/gcc/x86_64-linux-gnu/7/../../../x86_64-linux-gnu/crti.o
 .rela.text.arsdk_crashml_req_delete
                0x00000000000042f8        0x0 /usr/lib/gcc/x86_64-linux-gnu/7/../../../x86_64-linux-gnu/crti.o
 .rela.text.req_done
                0x00000000000042f8        0x0 /usr/lib/gcc/x86_64-linux-gnu/7/../../../x86_64-linux-gnu/crti.o
 .rela.text.curr_req_done.isra.6
                0x00000000000042f8        0x0 /usr/lib/gcc/x86_64-linux-gnu/7/../../../x86_64-linux-gnu/crti.o
 .rela.text.req_start_next
                0x00000000000042f8        0x0 /usr/lib/gcc/x86_64-linux-gnu/7/../../../x86_64-linux-gnu/crti.o
 .rela.text.main_dir_list_complete_cb
                0x00000000000042f8        0x0 /usr/lib/gcc/x86_64-linux-gnu/7/../../../x86_64-linux-gnu/crti.o
 .rela.text.ftp_single_list_complete_cb
                0x00000000000042f8        0x0 /usr/lib/gcc/x86_64-linux-gnu/7/../../../x86_64-linux-gnu/crti.o
 .rela.text.ftp_get_complete_cb
                0x00000000000042f8        0x0 /usr/lib/gcc/x86_64-linux-gnu/7/../../../x86_64-linux-gnu/crti.o
 .rela.text.ftp_del_file_complete
                0x00000000000042f8        0x0 /usr/lib/gcc/x86_64-linux-gnu/7/../../../x86_64-linux-gnu/crti.o
 .rela.text.ftp_del_dir_complete
                0x00000000000042f8        0x0 /usr/lib/gcc/x86_64-linux-gnu/7/../../../x86_64-linux-gnu/crti.o
 .rela.text.arsdk_crashml_itf_new
                0x00000000000042f8        0x0 /usr/lib/gcc/x86_64-linux-gnu/7/../../../x86_64-linux-gnu/crti.o
 .rela.text.arsdk_crashml_itf_create_req
                0x00000000000042f8        0x0 /usr/lib/gcc/x86_64-linux-gnu/7/../../../x86_64-linux-gnu/crti.o
 .rela.text.arsdk_crashml_req_cancel
                0x00000000000042f8        0x0 /usr/lib/gcc/x86_64-linux-gnu/7/../../../x86_64-linux-gnu/crti.o
 .rela.text.arsdk_crashml_itf_stop
                0x00000000000042f8        0x0 /usr/lib/gcc/x86_64-linux-gnu/7/../../../x86_64-linux-gnu/crti.o
 .rela.text.arsdk_crashml_itf_destroy
                0x00000000000042f8        0x0 /usr/lib/gcc/x86_64-linux-gnu/7/../../../x86_64-linux-gnu/crti.o
 .rela.text.arsdk_crashml_itf_cancel_all
                0x00000000000042f8        0x0 /usr/lib/gcc/x86_64-linux-gnu/7/../../../x86_64-linux-gnu/crti.o
 .rela.text.ftp_to_flight_log_status
                0x00000000000042f8        0x0 /usr/lib/gcc/x86_64-linux-gnu/7/../../../x86_64-linux-gnu/crti.o
 .rela.text.arsdk_flight_log_req_delete
                0x00000000000042f8        0x0 /usr/lib/gcc/x86_64-linux-gnu/7/../../../x86_64-linux-gnu/crti.o
 .rela.text.main_log_list_complete_cb
                0x00000000000042f8        0x0 /usr/lib/gcc/x86_64-linux-gnu/7/../../../x86_64-linux-gnu/crti.o
 .rela.text.ftp_del_complete
                0x00000000000042f8        0x0 /usr/lib/gcc/x86_64-linux-gnu/7/../../../x86_64-linux-gnu/crti.o
 .rela.text.arsdk_flight_log_itf_new
                0x00000000000042f8        0x0 /usr/lib/gcc/x86_64-linux-gnu/7/../../../x86_64-linux-gnu/crti.o
 .rela.text.arsdk_flight_log_itf_create_req
                0x00000000000042f8        0x0 /usr/lib/gcc/x86_64-linux-gnu/7/../../../x86_64-linux-gnu/crti.o
 .rela.text.arsdk_flight_log_req_cancel
                0x00000000000042f8        0x0 /usr/lib/gcc/x86_64-linux-gnu/7/../../../x86_64-linux-gnu/crti.o
 .rela.text.arsdk_flight_log_itf_stop
                0x00000000000042f8        0x0 /usr/lib/gcc/x86_64-linux-gnu/7/../../../x86_64-linux-gnu/crti.o
 .rela.text.arsdk_flight_log_itf_destroy
                0x00000000000042f8        0x0 /usr/lib/gcc/x86_64-linux-gnu/7/../../../x86_64-linux-gnu/crti.o
 .rela.text.arsdk_flight_log_itf_cancel_all
                0x00000000000042f8        0x0 /usr/lib/gcc/x86_64-linux-gnu/7/../../../x86_64-linux-gnu/crti.o
 .rela.text.ftp_to_pud_status
                0x00000000000042f8        0x0 /usr/lib/gcc/x86_64-linux-gnu/7/../../../x86_64-linux-gnu/crti.o
 .rela.text.is_pud_file
                0x00000000000042f8        0x0 /usr/lib/gcc/x86_64-linux-gnu/7/../../../x86_64-linux-gnu/crti.o
 .rela.text.arsdk_pud_req_delete
                0x00000000000042f8        0x0 /usr/lib/gcc/x86_64-linux-gnu/7/../../../x86_64-linux-gnu/crti.o
 .rela.text.puds_dir_list_complete_cb
                0x00000000000042f8        0x0 /usr/lib/gcc/x86_64-linux-gnu/7/../../../x86_64-linux-gnu/crti.o
 .rela.text.arsdk_pud_itf_new
                0x00000000000042f8        0x0 /usr/lib/gcc/x86_64-linux-gnu/7/../../../x86_64-linux-gnu/crti.o
 .rela.text.arsdk_pud_itf_create_req
                0x00000000000042f8        0x0 /usr/lib/gcc/x86_64-linux-gnu/7/../../../x86_64-linux-gnu/crti.o
 .rela.text.arsdk_pud_req_cancel
                0x00000000000042f8        0x0 /usr/lib/gcc/x86_64-linux-gnu/7/../../../x86_64-linux-gnu/crti.o
 .rela.text.arsdk_pud_itf_stop
                0x00000000000042f8        0x0 /usr/lib/gcc/x86_64-linux-gnu/7/../../../x86_64-linux-gnu/crti.o
 .rela.text.arsdk_pud_itf_destroy
                0x00000000000042f8        0x0 /usr/lib/gcc/x86_64-linux-gnu/7/../../../x86_64-linux-gnu/crti.o
 .rela.text.arsdk_pud_itf_cancel_all
                0x00000000000042f8        0x0 /usr/lib/gcc/x86_64-linux-gnu/7/../../../x86_64-linux-gnu/crti.o
 .rela.text.ftp_to_ephemeris_status
                0x00000000000042f8        0x0 /usr/lib/gcc/x86_64-linux-gnu/7/../../../x86_64-linux-gnu/crti.o
 .rela.text.put_progress
                0x00000000000042f8        0x0 /usr/lib/gcc/x86_64-linux-gnu/7/../../../x86_64-linux-gnu/crti.o
 .rela.text.arsdk_ephemeris_destroy_req_upload
                0x00000000000042f8        0x0 /usr/lib/gcc/x86_64-linux-gnu/7/../../../x86_64-linux-gnu/crti.o
 .rela.text.md5_get_complete
                0x00000000000042f8        0x0 /usr/lib/gcc/x86_64-linux-gnu/7/../../../x86_64-linux-gnu/crti.o
 .rela.text.put_complete
                0x00000000000042f8        0x0 /usr/lib/gcc/x86_64-linux-gnu/7/../../../x86_64-linux-gnu/crti.o
 .rela.text.arsdk_ephemeris_itf_new
                0x00000000000042f8        0x0 /usr/lib/gcc/x86_64-linux-gnu/7/../../../x86_64-linux-gnu/crti.o
 .rela.text.arsdk_ephemeris_itf_create_req_upload
                0x00000000000042f8        0x0 /usr/lib/gcc/x86_64-linux-gnu/7/../../../x86_64-linux-gnu/crti.o
 .rela.text.arsdk_ephemeris_req_upload_cancel
                0x00000000000042f8        0x0 /usr/lib/gcc/x86_64-linux-gnu/7/../../../x86_64-linux-gnu/crti.o
 .rela.text.arsdk_ephemeris_itf_stop
                0x00000000000042f8        0x0 /usr/lib/gcc/x86_64-linux-gnu/7/../../../x86_64-linux-gnu/crti.o
 .rela.text.arsdk_ephemeris_itf_destroy
                0x00000000000042f8        0x0 /usr/lib/gcc/x86_64-linux-gnu/7/../../../x86_64-linux-gnu/crti.o
 .rela.text.arsdk_ephemeris_itf_cancel_all
                0x00000000000042f8        0x0 /usr/lib/gcc/x86_64-linux-gnu/7/../../../x86_64-linux-gnu/crti.o
 .rela.text.arsdk_md5_compute
                0x00000000000042f8        0x0 /usr/lib/gcc/x86_64-linux-gnu/7/../../../x86_64-linux-gnu/crti.o
 .rela.text.arsdk_updater_transport_new
                0x00000000000042f8        0x0 /usr/lib/gcc/x86_64-linux-gnu/7/../../../x86_64-linux-gnu/crti.o
 .rela.text.arsdk_updater_transport_stop
                0x00000000000042f8        0x0 /usr/lib/gcc/x86_64-linux-gnu/7/../../../x86_64-linux-gnu/crti.o
 .rela.text.arsdk_updater_transport_destroy
                0x00000000000042f8        0x0 /usr/lib/gcc/x86_64-linux-gnu/7/../../../x86_64-linux-gnu/crti.o
 .rela.text.arsdk_updater_transport_create_req_upload
                0x00000000000042f8        0x0 /usr/lib/gcc/x86_64-linux-gnu/7/../../../x86_64-linux-gnu/crti.o
 .rela.text.arsdk_updater_transport_req_upload_cancel
                0x00000000000042f8        0x0 /usr/lib/gcc/x86_64-linux-gnu/7/../../../x86_64-linux-gnu/crti.o
 .rela.text.update_put_progress_cb
                0x00000000000042f8        0x0 /usr/lib/gcc/x86_64-linux-gnu/7/../../../x86_64-linux-gnu/crti.o
 .rela.text.ftp_to_updater_status
                0x00000000000042f8        0x0 /usr/lib/gcc/x86_64-linux-gnu/7/../../../x86_64-linux-gnu/crti.o
 .rela.text.arsdk_updater_req_upload_destroy
                0x00000000000042f8        0x0 /usr/lib/gcc/x86_64-linux-gnu/7/../../../x86_64-linux-gnu/crti.o
 .rela.text.update_upload_complete
                0x00000000000042f8        0x0 /usr/lib/gcc/x86_64-linux-gnu/7/../../../x86_64-linux-gnu/crti.o
 .rela.text.update_rename_complete_cb
                0x00000000000042f8        0x0 /usr/lib/gcc/x86_64-linux-gnu/7/../../../x86_64-linux-gnu/crti.o
 .rela.text.arsdk_updater_transport_ftp_new
                0x00000000000042f8        0x0 /usr/lib/gcc/x86_64-linux-gnu/7/../../../x86_64-linux-gnu/crti.o
 .rela.text.arsdk_updater_ftp_req_upload_cancel
                0x00000000000042f8        0x0 /usr/lib/gcc/x86_64-linux-gnu/7/../../../x86_64-linux-gnu/crti.o
 .rela.text.cancel_req_upload_cb
                0x00000000000042f8        0x0 /usr/lib/gcc/x86_64-linux-gnu/7/../../../x86_64-linux-gnu/crti.o
 .rela.text.arsdk_updater_transport_ftp_stop
                0x00000000000042f8        0x0 /usr/lib/gcc/x86_64-linux-gnu/7/../../../x86_64-linux-gnu/crti.o
 .rela.text.stop_cb
                0x00000000000042f8        0x0 /usr/lib/gcc/x86_64-linux-gnu/7/../../../x86_64-linux-gnu/crti.o
 .rela.text.arsdk_updater_transport_ftp_destroy
                0x00000000000042f8        0x0 /usr/lib/gcc/x86_64-linux-gnu/7/../../../x86_64-linux-gnu/crti.o
 .rela.text.arsdk_updater_transport_ftp_cancel_all
                0x00000000000042f8        0x0 /usr/lib/gcc/x86_64-linux-gnu/7/../../../x86_64-linux-gnu/crti.o
 .rela.text.cancel_all_cb
                0x00000000000042f8        0x0 /usr/lib/gcc/x86_64-linux-gnu/7/../../../x86_64-linux-gnu/crti.o
 .rela.text.update_put_complete_cb
                0x00000000000042f8        0x0 /usr/lib/gcc/x86_64-linux-gnu/7/../../../x86_64-linux-gnu/crti.o
 .rela.text.arsdk_updater_transport_ftp_create_req_upload
                0x00000000000042f8        0x0 /usr/lib/gcc/x86_64-linux-gnu/7/../../../x86_64-linux-gnu/crti.o
 .rela.text.create_req_upload_cb
                0x00000000000042f8        0x0 /usr/lib/gcc/x86_64-linux-gnu/7/../../../x86_64-linux-gnu/crti.o
 .rela.text.updater_mux_write_msg
                0x00000000000042f8        0x0 /usr/lib/gcc/x86_64-linux-gnu/7/../../../x86_64-linux-gnu/crti.o
 .rela.text.updater_mux_send_next_chunk
                0x00000000000042f8        0x0 /usr/lib/gcc/x86_64-linux-gnu/7/../../../x86_64-linux-gnu/crti.o
 .rela.text.update_mux_notify_status
                0x00000000000042f8        0x0 /usr/lib/gcc/x86_64-linux-gnu/7/../../../x86_64-linux-gnu/crti.o
 .rela.text.update_mux_channel_cb
                0x00000000000042f8        0x0 /usr/lib/gcc/x86_64-linux-gnu/7/../../../x86_64-linux-gnu/crti.o
 .rela.text.arsdk_updater_transport_mux_new
                0x00000000000042f8        0x0 /usr/lib/gcc/x86_64-linux-gnu/7/../../../x86_64-linux-gnu/crti.o
 .rela.text.arsdk_updater_mux_req_upload_cancel
                0x00000000000042f8        0x0 /usr/lib/gcc/x86_64-linux-gnu/7/../../../x86_64-linux-gnu/crti.o
 .rela.text.arsdk_updater_transport_mux_stop
                0x00000000000042f8        0x0 /usr/lib/gcc/x86_64-linux-gnu/7/../../../x86_64-linux-gnu/crti.o
 .rela.text.arsdk_updater_transport_mux_destroy
                0x00000000000042f8        0x0 /usr/lib/gcc/x86_64-linux-gnu/7/../../../x86_64-linux-gnu/crti.o
 .rela.text.arsdk_updater_transport_mux_cancel_all
                0x00000000000042f8        0x0 /usr/lib/gcc/x86_64-linux-gnu/7/../../../x86_64-linux-gnu/crti.o
 .rela.text.arsdk_updater_transport_mux_create_req_upload
                0x00000000000042f8        0x0 /usr/lib/gcc/x86_64-linux-gnu/7/../../../x86_64-linux-gnu/crti.o
 .rela.text.req_get_write_data
                0x00000000000042f8        0x0 /usr/lib/gcc/x86_64-linux-gnu/7/../../../x86_64-linux-gnu/crti.o
 .rela.text.req_list_write_data
                0x00000000000042f8        0x0 /usr/lib/gcc/x86_64-linux-gnu/7/../../../x86_64-linux-gnu/crti.o
 .rela.text.req_get_progress
                0x00000000000042f8        0x0 /usr/lib/gcc/x86_64-linux-gnu/7/../../../x86_64-linux-gnu/crti.o
 .rela.text.req_new
                0x00000000000042f8        0x0 /usr/lib/gcc/x86_64-linux-gnu/7/../../../x86_64-linux-gnu/crti.o
 .rela.text.size_complete
                0x00000000000042f8        0x0 /usr/lib/gcc/x86_64-linux-gnu/7/../../../x86_64-linux-gnu/crti.o
 .rela.text.socket_cb
                0x00000000000042f8        0x0 /usr/lib/gcc/x86_64-linux-gnu/7/../../../x86_64-linux-gnu/crti.o
 .rela.text.req_complete_cb
                0x00000000000042f8        0x0 /usr/lib/gcc/x86_64-linux-gnu/7/../../../x86_64-linux-gnu/crti.o
 .rela.text.mux_proxy_close_cb
                0x00000000000042f8        0x0 /usr/lib/gcc/x86_64-linux-gnu/7/../../../x86_64-linux-gnu/crti.o
 .rela.text.mux_proxy_open_cb
                0x00000000000042f8        0x0 /usr/lib/gcc/x86_64-linux-gnu/7/../../../x86_64-linux-gnu/crti.o
 .rela.text.arsdk_ftp_req_delete_destroy
                0x00000000000042f8        0x0 /usr/lib/gcc/x86_64-linux-gnu/7/../../../x86_64-linux-gnu/crti.o
 .rela.text.arsdk_ftp_req_rename_destroy
                0x00000000000042f8        0x0 /usr/lib/gcc/x86_64-linux-gnu/7/../../../x86_64-linux-gnu/crti.o
 .rela.text.arsdk_ftp_req_get_destroy
                0x00000000000042f8        0x0 /usr/lib/gcc/x86_64-linux-gnu/7/../../../x86_64-linux-gnu/crti.o
 .rela.text.arsdk_ftp_req_put_destroy
                0x00000000000042f8        0x0 /usr/lib/gcc/x86_64-linux-gnu/7/../../../x86_64-linux-gnu/crti.o
 .rela.text.create_req_put
                0x00000000000042f8        0x0 /usr/lib/gcc/x86_64-linux-gnu/7/../../../x86_64-linux-gnu/crti.o
 .rela.text.req_put_read_data
                0x00000000000042f8        0x0 /usr/lib/gcc/x86_64-linux-gnu/7/../../../x86_64-linux-gnu/crti.o
 .rela.text.arsdk_ftp_itf_stop
                0x00000000000042f8        0x0 /usr/lib/gcc/x86_64-linux-gnu/7/../../../x86_64-linux-gnu/crti.o
 .rela.text.arsdk_ftp_itf_destroy
                0x00000000000042f8        0x0 /usr/lib/gcc/x86_64-linux-gnu/7/../../../x86_64-linux-gnu/crti.o
 .rela.text.arsdk_ftp_itf_new
                0x00000000000042f8        0x0 /usr/lib/gcc/x86_64-linux-gnu/7/../../../x86_64-linux-gnu/crti.o
 .rela.text.arsdk_ftp_itf_cancel_all
                0x00000000000042f8        0x0 /usr/lib/gcc/x86_64-linux-gnu/7/../../../x86_64-linux-gnu/crti.o
 .rela.text.arsdk_ftp_itf_create_req_get
                0x00000000000042f8        0x0 /usr/lib/gcc/x86_64-linux-gnu/7/../../../x86_64-linux-gnu/crti.o
 .rela.text.arsdk_ftp_req_get_cancel
                0x00000000000042f8        0x0 /usr/lib/gcc/x86_64-linux-gnu/7/../../../x86_64-linux-gnu/crti.o
 .rela.text.arsdk_ftp_req_put_cancel
                0x00000000000042f8        0x0 /usr/lib/gcc/x86_64-linux-gnu/7/../../../x86_64-linux-gnu/crti.o
 .rela.text.arsdk_ftp_itf_create_req_delete
                0x00000000000042f8        0x0 /usr/lib/gcc/x86_64-linux-gnu/7/../../../x86_64-linux-gnu/crti.o
 .rela.text.arsdk_ftp_req_delete_cancel
                0x00000000000042f8        0x0 /usr/lib/gcc/x86_64-linux-gnu/7/../../../x86_64-linux-gnu/crti.o
 .rela.text.arsdk_ftp_itf_create_req_rename
                0x00000000000042f8        0x0 /usr/lib/gcc/x86_64-linux-gnu/7/../../../x86_64-linux-gnu/crti.o
 .rela.text.arsdk_ftp_req_rename_cancel
                0x00000000000042f8        0x0 /usr/lib/gcc/x86_64-linux-gnu/7/../../../x86_64-linux-gnu/crti.o
 .rela.text.arsdk_ftp_file_new
                0x00000000000042f8        0x0 /usr/lib/gcc/x86_64-linux-gnu/7/../../../x86_64-linux-gnu/crti.o
 .rela.text.arsdk_ftp_file_destroy
                0x00000000000042f8        0x0 /usr/lib/gcc/x86_64-linux-gnu/7/../../../x86_64-linux-gnu/crti.o
 .rela.text.arsdk_ftp_file_set_name
                0x00000000000042f8        0x0 /usr/lib/gcc/x86_64-linux-gnu/7/../../../x86_64-linux-gnu/crti.o
 .rela.text.arsdk_ftp_req_list_cancel
                0x00000000000042f8        0x0 /usr/lib/gcc/x86_64-linux-gnu/7/../../../x86_64-linux-gnu/crti.o
 .rela.text.arsdk_ftp_file_list_ref
                0x00000000000042f8        0x0 /usr/lib/gcc/x86_64-linux-gnu/7/../../../x86_64-linux-gnu/crti.o
 .rela.text.arsdk_ftp_file_ref
                0x00000000000042f8        0x0 /usr/lib/gcc/x86_64-linux-gnu/7/../../../x86_64-linux-gnu/crti.o
 .rela.text.arsdk_ftp_file_unref
                0x00000000000042f8        0x0 /usr/lib/gcc/x86_64-linux-gnu/7/../../../x86_64-linux-gnu/crti.o
 .rela.text.req_list_complete
                0x00000000000042f8        0x0 /usr/lib/gcc/x86_64-linux-gnu/7/../../../x86_64-linux-gnu/crti.o
 .rela.text.arsdk_ftp_file_list_unref
                0x00000000000042f8        0x0 /usr/lib/gcc/x86_64-linux-gnu/7/../../../x86_64-linux-gnu/crti.o
 .rela.text.arsdk_ftp_req_list_destroy
                0x00000000000042f8        0x0 /usr/lib/gcc/x86_64-linux-gnu/7/../../../x86_64-linux-gnu/crti.o
 .rela.text.arsdk_ftp_itf_create_req_list
                0x00000000000042f8        0x0 /usr/lib/gcc/x86_64-linux-gnu/7/../../../x86_64-linux-gnu/crti.o
 .rela.text.connected
                0x00000000000042f8        0x0 /usr/lib/gcc/x86_64-linux-gnu/7/../../../x86_64-linux-gnu/crti.o
 .rela.text.cmd_itf_dispose
                0x00000000000042f8        0x0 /usr/lib/gcc/x86_64-linux-gnu/7/../../../x86_64-linux-gnu/crti.o
 .rela.text.ftp_itf_dispose
                0x00000000000042f8        0x0 /usr/lib/gcc/x86_64-linux-gnu/7/../../../x86_64-linux-gnu/crti.o
 .rela.text.tcp_proxy_open_idle_cb
                0x00000000000042f8        0x0 /usr/lib/gcc/x86_64-linux-gnu/7/../../../x86_64-linux-gnu/crti.o
 .rela.text.mux_proxy_resolution_failed_cb
                0x00000000000042f8        0x0 /usr/lib/gcc/x86_64-linux-gnu/7/../../../x86_64-linux-gnu/crti.o
 .rela.text.recv_data
                0x00000000000042f8        0x0 /usr/lib/gcc/x86_64-linux-gnu/7/../../../x86_64-linux-gnu/crti.o
 .rela.text.ftp_itf_socket_cb
                0x00000000000042f8        0x0 /usr/lib/gcc/x86_64-linux-gnu/7/../../../x86_64-linux-gnu/crti.o
 .rela.text.arsdk_device_destroy
                0x00000000000042f8        0x0 /usr/lib/gcc/x86_64-linux-gnu/7/../../../x86_64-linux-gnu/crti.o
 .rela.text.arsdk_device_new
                0x00000000000042f8        0x0 /usr/lib/gcc/x86_64-linux-gnu/7/../../../x86_64-linux-gnu/crti.o
 .rela.text.arsdk_device_clear_discovery
                0x00000000000042f8        0x0 /usr/lib/gcc/x86_64-linux-gnu/7/../../../x86_64-linux-gnu/crti.o
 .rela.text.arsdk_device_set_osdata
                0x00000000000042f8        0x0 /usr/lib/gcc/x86_64-linux-gnu/7/../../../x86_64-linux-gnu/crti.o
 .rela.text.arsdk_device_get_info
                0x00000000000042f8        0x0 /usr/lib/gcc/x86_64-linux-gnu/7/../../../x86_64-linux-gnu/crti.o
 .rela.text.arsdk_device_set_discovery_runid
                0x00000000000042f8        0x0 /usr/lib/gcc/x86_64-linux-gnu/7/../../../x86_64-linux-gnu/crti.o
 .rela.text.arsdk_device_connect
                0x00000000000042f8        0x0 /usr/lib/gcc/x86_64-linux-gnu/7/../../../x86_64-linux-gnu/crti.o
 .rela.text.arsdk_device_disconnect
                0x00000000000042f8        0x0 /usr/lib/gcc/x86_64-linux-gnu/7/../../../x86_64-linux-gnu/crti.o
 .rela.text.arsdk_device_create_cmd_itf
                0x00000000000042f8        0x0 /usr/lib/gcc/x86_64-linux-gnu/7/../../../x86_64-linux-gnu/crti.o
 .rela.text.arsdk_device_get_ftp_itf
                0x00000000000042f8        0x0 /usr/lib/gcc/x86_64-linux-gnu/7/../../../x86_64-linux-gnu/crti.o
 .rela.text.arsdk_device_get_media_itf
                0x00000000000042f8        0x0 /usr/lib/gcc/x86_64-linux-gnu/7/../../../x86_64-linux-gnu/crti.o
 .rela.text.arsdk_device_get_updater_itf
                0x00000000000042f8        0x0 /usr/lib/gcc/x86_64-linux-gnu/7/../../../x86_64-linux-gnu/crti.o
 .rela.text.arsdk_device_get_blackbox_itf
                0x00000000000042f8        0x0 /usr/lib/gcc/x86_64-linux-gnu/7/../../../x86_64-linux-gnu/crti.o
 .rela.text.arsdk_device_get_crashml_itf
                0x00000000000042f8        0x0 /usr/lib/gcc/x86_64-linux-gnu/7/../../../x86_64-linux-gnu/crti.o
 .rela.text.arsdk_device_get_flight_log_itf
                0x00000000000042f8        0x0 /usr/lib/gcc/x86_64-linux-gnu/7/../../../x86_64-linux-gnu/crti.o
 .rela.text.arsdk_device_get_pud_itf
                0x00000000000042f8        0x0 /usr/lib/gcc/x86_64-linux-gnu/7/../../../x86_64-linux-gnu/crti.o
 .rela.text.arsdk_device_get_ephemeris_itf
                0x00000000000042f8        0x0 /usr/lib/gcc/x86_64-linux-gnu/7/../../../x86_64-linux-gnu/crti.o
 .rela.text.arsdk_device_destroy_tcp_proxy
                0x00000000000042f8        0x0 /usr/lib/gcc/x86_64-linux-gnu/7/../../../x86_64-linux-gnu/crti.o
 .rela.text.arsdk_device_create_tcp_proxy
                0x00000000000042f8        0x0 /usr/lib/gcc/x86_64-linux-gnu/7/../../../x86_64-linux-gnu/crti.o
 .rela.text.device_conn_destroy
                0x00000000000042f8        0x0 /usr/lib/gcc/x86_64-linux-gnu/7/../../../x86_64-linux-gnu/crti.o
 .rela.text.arsdkctrl_backend_net_stop_device_conn
                0x00000000000042f8        0x0 /usr/lib/gcc/x86_64-linux-gnu/7/../../../x86_64-linux-gnu/crti.o
 .rela.text.arsdkctrl_backend_net_socket_cb
                0x00000000000042f8        0x0 /usr/lib/gcc/x86_64-linux-gnu/7/../../../x86_64-linux-gnu/crti.o
 .rela.text.backend_ctrl_net_socket_cb
                0x00000000000042f8        0x0 /usr/lib/gcc/x86_64-linux-gnu/7/../../../x86_64-linux-gnu/crti.o
 .rela.text.device_conn_pomp_socket_cb
                0x00000000000042f8        0x0 /usr/lib/gcc/x86_64-linux-gnu/7/../../../x86_64-linux-gnu/crti.o
 .rela.text.arsdkctrl_backend_net_start_device_conn
                0x00000000000042f8        0x0 /usr/lib/gcc/x86_64-linux-gnu/7/../../../x86_64-linux-gnu/crti.o
 .rela.text.device_conn_event_cb
                0x00000000000042f8        0x0 /usr/lib/gcc/x86_64-linux-gnu/7/../../../x86_64-linux-gnu/crti.o
 .rela.text.device_conn_raw_cb
                0x00000000000042f8        0x0 /usr/lib/gcc/x86_64-linux-gnu/7/../../../x86_64-linux-gnu/crti.o
 .rela.text.arsdkctrl_backend_net_new
                0x00000000000042f8        0x0 /usr/lib/gcc/x86_64-linux-gnu/7/../../../x86_64-linux-gnu/crti.o
 .rela.text.arsdkctrl_backend_net_destroy
                0x00000000000042f8        0x0 /usr/lib/gcc/x86_64-linux-gnu/7/../../../x86_64-linux-gnu/crti.o
 .rela.text.arsdkctrl_backend_net_set_socket_cb
                0x00000000000042f8        0x0 /usr/lib/gcc/x86_64-linux-gnu/7/../../../x86_64-linux-gnu/crti.o
 .rela.text.timeout_update
                0x00000000000042f8        0x0 /usr/lib/gcc/x86_64-linux-gnu/7/../../../x86_64-linux-gnu/crti.o
 .rela.text.timeout_new
                0x00000000000042f8        0x0 /usr/lib/gcc/x86_64-linux-gnu/7/../../../x86_64-linux-gnu/crti.o
 .rela.text.watch_update
                0x00000000000042f8        0x0 /usr/lib/gcc/x86_64-linux-gnu/7/../../../x86_64-linux-gnu/crti.o
 .rela.text.watch_new
                0x00000000000042f8        0x0 /usr/lib/gcc/x86_64-linux-gnu/7/../../../x86_64-linux-gnu/crti.o
 .rela.text.arsdk_avahi_loop_new
                0x00000000000042f8        0x0 /usr/lib/gcc/x86_64-linux-gnu/7/../../../x86_64-linux-gnu/crti.o
 .rela.text.arsdk_avahi_loop_destroy
                0x00000000000042f8        0x0 /usr/lib/gcc/x86_64-linux-gnu/7/../../../x86_64-linux-gnu/crti.o
 .rela.text.avahi_client_cb
                0x00000000000042f8        0x0 /usr/lib/gcc/x86_64-linux-gnu/7/../../../x86_64-linux-gnu/crti.o
 .rela.text.avahi_browser_clean
                0x00000000000042f8        0x0 /usr/lib/gcc/x86_64-linux-gnu/7/../../../x86_64-linux-gnu/crti.o
 .rela.text.avahi_service_resolver_cb
                0x00000000000042f8        0x0 /usr/lib/gcc/x86_64-linux-gnu/7/../../../x86_64-linux-gnu/crti.o
 .rela.text.avahi_service_browser_cb
                0x00000000000042f8        0x0 /usr/lib/gcc/x86_64-linux-gnu/7/../../../x86_64-linux-gnu/crti.o
 .rela.text.arsdk_discovery_avahi_destroy
                0x00000000000042f8        0x0 /usr/lib/gcc/x86_64-linux-gnu/7/../../../x86_64-linux-gnu/crti.o
 .rela.text.arsdk_discovery_avahi_new
                0x00000000000042f8        0x0 /usr/lib/gcc/x86_64-linux-gnu/7/../../../x86_64-linux-gnu/crti.o
 .rela.text.arsdk_discovery_avahi_start
                0x00000000000042f8        0x0 /usr/lib/gcc/x86_64-linux-gnu/7/../../../x86_64-linux-gnu/crti.o
 .rela.text.arsdk_discovery_avahi_stop
                0x00000000000042f8        0x0 /usr/lib/gcc/x86_64-linux-gnu/7/../../../x86_64-linux-gnu/crti.o
 .rela.text.raw_cb
                0x00000000000042f8        0x0 /usr/lib/gcc/x86_64-linux-gnu/7/../../../x86_64-linux-gnu/crti.o
 .rela.text.arsdk_discovery_net_destroy
                0x00000000000042f8        0x0 /usr/lib/gcc/x86_64-linux-gnu/7/../../../x86_64-linux-gnu/crti.o
 .rela.text.arsdk_discovery_net_new_with_port
                0x00000000000042f8        0x0 /usr/lib/gcc/x86_64-linux-gnu/7/../../../x86_64-linux-gnu/crti.o
 .rela.text.arsdk_discovery_net_stop
                0x00000000000042f8        0x0 /usr/lib/gcc/x86_64-linux-gnu/7/../../../x86_64-linux-gnu/crti.o
 .rela.text.arsdk_discovery_net_start
                0x00000000000042f8        0x0 /usr/lib/gcc/x86_64-linux-gnu/7/../../../x86_64-linux-gnu/crti.o
 .rela.text.arsdkctrl_backend_mux_stop_device_conn
                0x00000000000042f8        0x0 /usr/lib/gcc/x86_64-linux-gnu/7/../../../x86_64-linux-gnu/crti.o
 .rela.text.backend_mux_channel_cb
                0x00000000000042f8        0x0 /usr/lib/gcc/x86_64-linux-gnu/7/../../../x86_64-linux-gnu/crti.o
 .rela.text.backend_mux_write_msg.constprop.4
                0x00000000000042f8        0x0 /usr/lib/gcc/x86_64-linux-gnu/7/../../../x86_64-linux-gnu/crti.o
 .rela.text.arsdkctrl_backend_mux_start_device_conn
                0x00000000000042f8        0x0 /usr/lib/gcc/x86_64-linux-gnu/7/../../../x86_64-linux-gnu/crti.o
 .rela.text.arsdkctrl_backend_mux_new
                0x00000000000042f8        0x0 /usr/lib/gcc/x86_64-linux-gnu/7/../../../x86_64-linux-gnu/crti.o
 .rela.text.arsdkctrl_backend_mux_destroy
                0x00000000000042f8        0x0 /usr/lib/gcc/x86_64-linux-gnu/7/../../../x86_64-linux-gnu/crti.o
 .rela.text.discovery_mux_open_discovery_channel
                0x00000000000042f8        0x0 /usr/lib/gcc/x86_64-linux-gnu/7/../../../x86_64-linux-gnu/crti.o
 .rela.text.discovery_mux_channel_cb
                0x00000000000042f8        0x0 /usr/lib/gcc/x86_64-linux-gnu/7/../../../x86_64-linux-gnu/crti.o
 .rela.text.discovery_mux_write_msg.constprop.4
                0x00000000000042f8        0x0 /usr/lib/gcc/x86_64-linux-gnu/7/../../../x86_64-linux-gnu/crti.o
 .rela.text.arsdk_discovery_mux_destroy
                0x00000000000042f8        0x0 /usr/lib/gcc/x86_64-linux-gnu/7/../../../x86_64-linux-gnu/crti.o
 .rela.text.arsdk_discovery_mux_new
                0x00000000000042f8        0x0 /usr/lib/gcc/x86_64-linux-gnu/7/../../../x86_64-linux-gnu/crti.o
 .rela.text.arsdk_discovery_mux_start
                0x00000000000042f8        0x0 /usr/lib/gcc/x86_64-linux-gnu/7/../../../x86_64-linux-gnu/crti.o
 .rela.text.arsdk_discovery_mux_stop
                0x00000000000042f8        0x0 /usr/lib/gcc/x86_64-linux-gnu/7/../../../x86_64-linux-gnu/crti.o
 .rela.text.seq_complete_cb
                0x00000000000042f8        0x0 /usr/lib/gcc/x86_64-linux-gnu/7/../../../x86_64-linux-gnu/crti.o
 .rela.text.seq_data_recv_cb
                0x00000000000042f8        0x0 /usr/lib/gcc/x86_64-linux-gnu/7/../../../x86_64-linux-gnu/crti.o
 .rela.text.seq_socket_cb
                0x00000000000042f8        0x0 /usr/lib/gcc/x86_64-linux-gnu/7/../../../x86_64-linux-gnu/crti.o
 .rela.text.seq_get_file_size_cb
                0x00000000000042f8        0x0 /usr/lib/gcc/x86_64-linux-gnu/7/../../../x86_64-linux-gnu/crti.o
 .rela.text.disconnected_cb
                0x00000000000042f8        0x0 /usr/lib/gcc/x86_64-linux-gnu/7/../../../x86_64-linux-gnu/crti.o
 .rela.text.conn_elem_destroy
                0x00000000000042f8        0x0 /usr/lib/gcc/x86_64-linux-gnu/7/../../../x86_64-linux-gnu/crti.o
 .rela.text.arsdk_ftp_new
                0x00000000000042f8        0x0 /usr/lib/gcc/x86_64-linux-gnu/7/../../../x86_64-linux-gnu/crti.o
 .rela.text.arsdk_ftp_get
                0x00000000000042f8        0x0 /usr/lib/gcc/x86_64-linux-gnu/7/../../../x86_64-linux-gnu/crti.o
 .rela.text.arsdk_ftp_put
                0x00000000000042f8        0x0 /usr/lib/gcc/x86_64-linux-gnu/7/../../../x86_64-linux-gnu/crti.o
 .rela.text.arsdk_ftp_size
                0x00000000000042f8        0x0 /usr/lib/gcc/x86_64-linux-gnu/7/../../../x86_64-linux-gnu/crti.o
 .rela.text.arsdk_ftp_rename
                0x00000000000042f8        0x0 /usr/lib/gcc/x86_64-linux-gnu/7/../../../x86_64-linux-gnu/crti.o
 .rela.text.arsdk_ftp_delete
                0x00000000000042f8        0x0 /usr/lib/gcc/x86_64-linux-gnu/7/../../../x86_64-linux-gnu/crti.o
 .rela.text.arsdk_ftp_list
                0x00000000000042f8        0x0 /usr/lib/gcc/x86_64-linux-gnu/7/../../../x86_64-linux-gnu/crti.o
 .rela.text.arsdk_ftp_cancel_req
                0x00000000000042f8        0x0 /usr/lib/gcc/x86_64-linux-gnu/7/../../../x86_64-linux-gnu/crti.o
 .rela.text.arsdk_ftp_cancel_all
                0x00000000000042f8        0x0 /usr/lib/gcc/x86_64-linux-gnu/7/../../../x86_64-linux-gnu/crti.o
 .rela.text.arsdk_ftp_stop
                0x00000000000042f8        0x0 /usr/lib/gcc/x86_64-linux-gnu/7/../../../x86_64-linux-gnu/crti.o
 .rela.text.arsdk_ftp_destroy
                0x00000000000042f8        0x0 /usr/lib/gcc/x86_64-linux-gnu/7/../../../x86_64-linux-gnu/crti.o
 .rela.text.ftp_disconnected
                0x00000000000042f8        0x0 /usr/lib/gcc/x86_64-linux-gnu/7/../../../x86_64-linux-gnu/crti.o
 .rela.text.arsdk_ftp_conn_send
                0x00000000000042f8        0x0 /usr/lib/gcc/x86_64-linux-gnu/7/../../../x86_64-linux-gnu/crti.o
 .rela.text.process_event
                0x00000000000042f8        0x0 /usr/lib/gcc/x86_64-linux-gnu/7/../../../x86_64-linux-gnu/crti.o
 .rela.text.arsdk_ftp_conn_recv_cb
                0x00000000000042f8        0x0 /usr/lib/gcc/x86_64-linux-gnu/7/../../../x86_64-linux-gnu/crti.o
 .rela.text.arsdk_ftp_conn_event_cb
                0x00000000000042f8        0x0 /usr/lib/gcc/x86_64-linux-gnu/7/../../../x86_64-linux-gnu/crti.o
 .rela.text.arsdk_ftp_conn_destroy
                0x00000000000042f8        0x0 /usr/lib/gcc/x86_64-linux-gnu/7/../../../x86_64-linux-gnu/crti.o
 .rela.text.arsdk_ftp_conn_new
                0x00000000000042f8        0x0 /usr/lib/gcc/x86_64-linux-gnu/7/../../../x86_64-linux-gnu/crti.o
 .rela.text.arsdk_ftp_conn_add_listener
                0x00000000000042f8        0x0 /usr/lib/gcc/x86_64-linux-gnu/7/../../../x86_64-linux-gnu/crti.o
 .rela.text.arsdk_ftp_conn_remove_listener
                0x00000000000042f8        0x0 /usr/lib/gcc/x86_64-linux-gnu/7/../../../x86_64-linux-gnu/crti.o
 .rela.text.stop_send_data
                0x00000000000042f8        0x0 /usr/lib/gcc/x86_64-linux-gnu/7/../../../x86_64-linux-gnu/crti.o
 .rela.text.close_data_stream
                0x00000000000042f8        0x0 /usr/lib/gcc/x86_64-linux-gnu/7/../../../x86_64-linux-gnu/crti.o
 .rela.text.recv_response_cb
                0x00000000000042f8        0x0 /usr/lib/gcc/x86_64-linux-gnu/7/../../../x86_64-linux-gnu/crti.o
 .rela.text.send_next_step
                0x00000000000042f8        0x0 /usr/lib/gcc/x86_64-linux-gnu/7/../../../x86_64-linux-gnu/crti.o
 .rela.text.data_read
                0x00000000000042f8        0x0 /usr/lib/gcc/x86_64-linux-gnu/7/../../../x86_64-linux-gnu/crti.o
 .rela.text.data_recv_cb
                0x00000000000042f8        0x0 /usr/lib/gcc/x86_64-linux-gnu/7/../../../x86_64-linux-gnu/crti.o
 .rela.text.data_event_cb
                0x00000000000042f8        0x0 /usr/lib/gcc/x86_64-linux-gnu/7/../../../x86_64-linux-gnu/crti.o
 .rela.text.connected_cb
                0x00000000000042f8        0x0 /usr/lib/gcc/x86_64-linux-gnu/7/../../../x86_64-linux-gnu/crti.o
 .rela.text.arsdk_ftp_seq_destroy
                0x00000000000042f8        0x0 /usr/lib/gcc/x86_64-linux-gnu/7/../../../x86_64-linux-gnu/crti.o
 .rela.text.arsdk_ftp_seq_new
                0x00000000000042f8        0x0 /usr/lib/gcc/x86_64-linux-gnu/7/../../../x86_64-linux-gnu/crti.o
 .rela.text.arsdk_ftp_seq_append
                0x00000000000042f8        0x0 /usr/lib/gcc/x86_64-linux-gnu/7/../../../x86_64-linux-gnu/crti.o
 .rela.text.arsdk_ftp_seq_start
                0x00000000000042f8        0x0 /usr/lib/gcc/x86_64-linux-gnu/7/../../../x86_64-linux-gnu/crti.o
 .rela.text.arsdk_ftp_seq_stop
                0x00000000000042f8        0x0 /usr/lib/gcc/x86_64-linux-gnu/7/../../../x86_64-linux-gnu/crti.o
 .rela.text.arsdk_ftp_cmd_enc
                0x00000000000042f8        0x0 /usr/lib/gcc/x86_64-linux-gnu/7/../../../x86_64-linux-gnu/crti.o
 .rela.text.arsdk_ftp_cmd_dec
                0x00000000000042f8        0x0 /usr/lib/gcc/x86_64-linux-gnu/7/../../../x86_64-linux-gnu/crti.o
 *(.rela.fini)
 *(.rela.rodata .rela.rodata.* .rela.gnu.linkonce.r.*)
 *(.rela.data .rela.data.* .rela.gnu.linkonce.d.*)
 .rela.data.rel.local
                0x00000000000042f8       0x78 /usr/lib/gcc/x86_64-linux-gnu/7/../../../x86_64-linux-gnu/crti.o
 .rela.data.rel.ro.local
                0x0000000000004370      0xa50 /usr/lib/gcc/x86_64-linux-gnu/7/../../../x86_64-linux-gnu/crti.o
 *(.rela.tdata .rela.tdata.* .rela.gnu.linkonce.td.*)
 *(.rela.tbss .rela.tbss.* .rela.gnu.linkonce.tb.*)
 *(.rela.ctors)
 *(.rela.dtors)
 *(.rela.got)
 .rela.got      0x0000000000004dc0       0x60 /usr/lib/gcc/x86_64-linux-gnu/7/../../../x86_64-linux-gnu/crti.o
 *(.rela.bss .rela.bss.* .rela.gnu.linkonce.b.*)
 *(.rela.ldata .rela.ldata.* .rela.gnu.linkonce.l.*)
 *(.rela.lbss .rela.lbss.* .rela.gnu.linkonce.lb.*)
 *(.rela.lrodata .rela.lrodata.* .rela.gnu.linkonce.lr.*)
 *(.rela.ifunc)
 .rela.ifunc    0x0000000000004e20        0x0 /usr/lib/gcc/x86_64-linux-gnu/7/../../../x86_64-linux-gnu/crti.o
 .rela.fini_array
                0x0000000000004e20       0x18 /usr/lib/gcc/x86_64-linux-gnu/7/../../../x86_64-linux-gnu/crti.o
 .rela.init_array
                0x0000000000004e38       0x18 /usr/lib/gcc/x86_64-linux-gnu/7/../../../x86_64-linux-gnu/crti.o

.rela.plt       0x0000000000004e50     0x1350
 *(.rela.plt)
 .rela.plt      0x0000000000004e50     0x1350 /usr/lib/gcc/x86_64-linux-gnu/7/../../../x86_64-linux-gnu/crti.o
 *(.rela.iplt)

.init           0x00000000000061a0       0x17
 *(SORT_NONE(.init))
 .init          0x00000000000061a0       0x12 /usr/lib/gcc/x86_64-linux-gnu/7/../../../x86_64-linux-gnu/crti.o
                0x00000000000061a0                _init
 .init          0x00000000000061b2        0x5 /usr/lib/gcc/x86_64-linux-gnu/7/../../../x86_64-linux-gnu/crtn.o

.plt            0x00000000000061c0      0xcf0
 *(.plt)
 .plt           0x00000000000061c0      0xcf0 /usr/lib/gcc/x86_64-linux-gnu/7/../../../x86_64-linux-gnu/crti.o
 *(.iplt)

.plt.got        0x0000000000006eb0        0x8
 *(.plt.got)
 .plt.got       0x0000000000006eb0        0x8 /usr/lib/gcc/x86_64-linux-gnu/7/../../../x86_64-linux-gnu/crti.o

.plt.sec
 *(.plt.sec)

.text           0x0000000000006ec0    0x24c5d
 *(.text.unlikely .text.*_unlikely .text.unlikely.*)
 *(.text.exit .text.exit.*)
 *(.text.startup .text.startup.*)
 *(.text.hot .text.hot.*)
 *(.text .stub .text.* .gnu.linkonce.t.*)
 .text          0x0000000000006ec0       0xda /usr/lib/gcc/x86_64-linux-gnu/7/crtbeginS.o
 *fill*         0x0000000000006f9a        0x6 
 .text.arsdk_discovery_find_device
                0x0000000000006fa0       0xbc /home/zxli/code/parrot-groundsdk/out/olympe-linux/build/libarsdkctrl/obj/libarsdkctrl/src/arsdk_discovery.c.o
 *fill*         0x000000000000705c        0x4 
 .text.arsdk_discovery_timer_cb
                0x0000000000007060      0x13f /home/zxli/code/parrot-groundsdk/out/olympe-linux/build/libarsdkctrl/obj/libarsdkctrl/src/arsdk_discovery.c.o
 *fill*         0x000000000000719f        0x1 
 .text.arsdk_discovery_start
                0x00000000000071a0      0x150 /home/zxli/code/parrot-groundsdk/out/olympe-linux/build/libarsdkctrl/obj/libarsdkctrl/src/arsdk_discovery.c.o
                0x00000000000071a0                arsdk_discovery_start
 .text.arsdk_discovery_stop
                0x00000000000072f0       0xea /home/zxli/code/parrot-groundsdk/out/olympe-linux/build/libarsdkctrl/obj/libarsdkctrl/src/arsdk_discovery.c.o
                0x00000000000072f0                arsdk_discovery_stop
 *fill*         0x00000000000073da        0x6 
 .text.arsdk_discovery_add_device
                0x00000000000073e0      0x2d2 /home/zxli/code/parrot-groundsdk/out/olympe-linux/build/libarsdkctrl/obj/libarsdkctrl/src/arsdk_discovery.c.o
                0x00000000000073e0                arsdk_discovery_add_device
 *fill*         0x00000000000076b2        0xe 
 .text.arsdk_discovery_remove_device
                0x00000000000076c0      0x250 /home/zxli/code/parrot-groundsdk/out/olympe-linux/build/libarsdkctrl/obj/libarsdkctrl/src/arsdk_discovery.c.o
                0x00000000000076c0                arsdk_discovery_remove_device
 .text.arsdk_discovery_destroy
                0x0000000000007910       0xad /home/zxli/code/parrot-groundsdk/out/olympe-linux/build/libarsdkctrl/obj/libarsdkctrl/src/arsdk_discovery.c.o
                0x0000000000007910                arsdk_discovery_destroy
 *fill*         0x00000000000079bd        0x3 
 .text.arsdk_discovery_new
                0x00000000000079c0      0x2a1 /home/zxli/code/parrot-groundsdk/out/olympe-linux/build/libarsdkctrl/obj/libarsdkctrl/src/arsdk_discovery.c.o
                0x00000000000079c0                arsdk_discovery_new
 *fill*         0x0000000000007c61        0xf 
 .text.arsdk_ctrl_new
                0x0000000000007c70      0x147 /home/zxli/code/parrot-groundsdk/out/olympe-linux/build/libarsdkctrl/obj/libarsdkctrl/src/arsdk_ctrl.c.o
                0x0000000000007c70                arsdk_ctrl_new
 *fill*         0x0000000000007db7        0x9 
 .text.arsdk_ctrl_set_device_cbs
                0x0000000000007dc0      0x19d /home/zxli/code/parrot-groundsdk/out/olympe-linux/build/libarsdkctrl/obj/libarsdkctrl/src/arsdk_ctrl.c.o
                0x0000000000007dc0                arsdk_ctrl_set_device_cbs
 *fill*         0x0000000000007f5d        0x3 
 .text.arsdk_ctrl_get_loop
                0x0000000000007f60       0x13 /home/zxli/code/parrot-groundsdk/out/olympe-linux/build/libarsdkctrl/obj/libarsdkctrl/src/arsdk_ctrl.c.o
                0x0000000000007f60                arsdk_ctrl_get_loop
 *fill*         0x0000000000007f73        0xd 
 .text.arsdk_ctrl_next_device
                0x0000000000007f80       0x33 /home/zxli/code/parrot-groundsdk/out/olympe-linux/build/libarsdkctrl/obj/libarsdkctrl/src/arsdk_ctrl.c.o
                0x0000000000007f80                arsdk_ctrl_next_device
 *fill*         0x0000000000007fb3        0xd 
 .text.arsdk_ctrl_create_device
                0x0000000000007fc0      0x30b /home/zxli/code/parrot-groundsdk/out/olympe-linux/build/libarsdkctrl/obj/libarsdkctrl/src/arsdk_ctrl.c.o
                0x0000000000007fc0                arsdk_ctrl_create_device
 *fill*         0x00000000000082cb        0x5 
 .text.arsdk_ctrl_destroy_device
                0x00000000000082d0      0x27e /home/zxli/code/parrot-groundsdk/out/olympe-linux/build/libarsdkctrl/obj/libarsdkctrl/src/arsdk_ctrl.c.o
                0x00000000000082d0                arsdk_ctrl_destroy_device
 *fill*         0x000000000000854e        0x2 
 .text.arsdk_ctrl_register_backend
                0x0000000000008550      0x194 /home/zxli/code/parrot-groundsdk/out/olympe-linux/build/libarsdkctrl/obj/libarsdkctrl/src/arsdk_ctrl.c.o
                0x0000000000008550                arsdk_ctrl_register_backend
 *fill*         0x00000000000086e4        0xc 
 .text.arsdk_ctrl_unregister_backend
                0x00000000000086f0      0x1c4 /home/zxli/code/parrot-groundsdk/out/olympe-linux/build/libarsdkctrl/obj/libarsdkctrl/src/arsdk_ctrl.c.o
                0x00000000000086f0                arsdk_ctrl_unregister_backend
 *fill*         0x00000000000088b4        0xc 
 .text.arsdk_ctrl_register_discovery
                0x00000000000088c0      0x194 /home/zxli/code/parrot-groundsdk/out/olympe-linux/build/libarsdkctrl/obj/libarsdkctrl/src/arsdk_ctrl.c.o
                0x00000000000088c0                arsdk_ctrl_register_discovery
 *fill*         0x0000000000008a54        0xc 
 .text.arsdk_ctrl_unregister_discovery
                0x0000000000008a60      0x1b7 /home/zxli/code/parrot-groundsdk/out/olympe-linux/build/libarsdkctrl/obj/libarsdkctrl/src/arsdk_ctrl.c.o
                0x0000000000008a60                arsdk_ctrl_unregister_discovery
 *fill*         0x0000000000008c17        0x9 
 .text.arsdk_ctrl_destroy
                0x0000000000008c20       0xde /home/zxli/code/parrot-groundsdk/out/olympe-linux/build/libarsdkctrl/obj/libarsdkctrl/src/arsdk_ctrl.c.o
                0x0000000000008c20                arsdk_ctrl_destroy
 *fill*         0x0000000000008cfe        0x2 
 .text.arsdk_ctrl_get_device
                0x0000000000008d00       0x4a /home/zxli/code/parrot-groundsdk/out/olympe-linux/build/libarsdkctrl/obj/libarsdkctrl/src/arsdk_ctrl.c.o
                0x0000000000008d00                arsdk_ctrl_get_device
 *fill*         0x0000000000008d4a        0x6 
 .text.arsdkctrl_backend_new
                0x0000000000008d50      0x247 /home/zxli/code/parrot-groundsdk/out/olympe-linux/build/libarsdkctrl/obj/libarsdkctrl/src/arsdkctrl_backend.c.o
                0x0000000000008d50                arsdkctrl_backend_new
 *fill*         0x0000000000008f97        0x9 
 .text.arsdkctrl_backend_destroy
                0x0000000000008fa0       0xad /home/zxli/code/parrot-groundsdk/out/olympe-linux/build/libarsdkctrl/obj/libarsdkctrl/src/arsdkctrl_backend.c.o
                0x0000000000008fa0                arsdkctrl_backend_destroy
 *fill*         0x000000000000904d        0x3 
 .text.arsdkctrl_backend_get_child
                0x0000000000009050       0x13 /home/zxli/code/parrot-groundsdk/out/olympe-linux/build/libarsdkctrl/obj/libarsdkctrl/src/arsdkctrl_backend.c.o
                0x0000000000009050                arsdkctrl_backend_get_child
 *fill*         0x0000000000009063        0xd 
 .text.arsdkctrl_backend_set_osdata
                0x0000000000009070       0x85 /home/zxli/code/parrot-groundsdk/out/olympe-linux/build/libarsdkctrl/obj/libarsdkctrl/src/arsdkctrl_backend.c.o
                0x0000000000009070                arsdkctrl_backend_set_osdata
 *fill*         0x00000000000090f5        0xb 
 .text.arsdkctrl_backend_get_osdata
                0x0000000000009100       0x13 /home/zxli/code/parrot-groundsdk/out/olympe-linux/build/libarsdkctrl/obj/libarsdkctrl/src/arsdkctrl_backend.c.o
                0x0000000000009100                arsdkctrl_backend_get_osdata
 *fill*         0x0000000000009113        0xd 
 .text.arsdkctrl_backend_get_name
                0x0000000000009120       0x13 /home/zxli/code/parrot-groundsdk/out/olympe-linux/build/libarsdkctrl/obj/libarsdkctrl/src/arsdkctrl_backend.c.o
                0x0000000000009120                arsdkctrl_backend_get_name
 *fill*         0x0000000000009133        0xd 
 .text.arsdkctrl_backend_get_type
                0x0000000000009140        0xf /home/zxli/code/parrot-groundsdk/out/olympe-linux/build/libarsdkctrl/obj/libarsdkctrl/src/arsdkctrl_backend.c.o
                0x0000000000009140                arsdkctrl_backend_get_type
 *fill*         0x000000000000914f        0x1 
 .text.arsdkctrl_backend_start_device_conn
                0x0000000000009150       0x9c /home/zxli/code/parrot-groundsdk/out/olympe-linux/build/libarsdkctrl/obj/libarsdkctrl/src/arsdkctrl_backend.c.o
                0x0000000000009150                arsdkctrl_backend_start_device_conn
 *fill*         0x00000000000091ec        0x4 
 .text.arsdkctrl_backend_stop_device_conn
                0x00000000000091f0       0x9c /home/zxli/code/parrot-groundsdk/out/olympe-linux/build/libarsdkctrl/obj/libarsdkctrl/src/arsdkctrl_backend.c.o
                0x00000000000091f0                arsdkctrl_backend_stop_device_conn
 *fill*         0x000000000000928c        0x4 
 .text.arsdkctrl_backend_socket_cb
                0x0000000000009290       0x95 /home/zxli/code/parrot-groundsdk/out/olympe-linux/build/libarsdkctrl/obj/libarsdkctrl/src/arsdkctrl_backend.c.o
                0x0000000000009290                arsdkctrl_backend_socket_cb
 *fill*         0x0000000000009325        0xb 
 .text.ftp_to_media_status
                0x0000000000009330       0x95 /home/zxli/code/parrot-groundsdk/out/olympe-linux/build/libarsdkctrl/obj/libarsdkctrl/src/arsdk_media_itf.c.o
 *fill*         0x00000000000093c5        0xb 
 .text.ftpget_progress_cb
                0x00000000000093d0       0x89 /home/zxli/code/parrot-groundsdk/out/olympe-linux/build/libarsdkctrl/obj/libarsdkctrl/src/arsdk_media_itf.c.o
 *fill*         0x0000000000009459        0x7 
 .text.req_destroy
                0x0000000000009460       0x7d /home/zxli/code/parrot-groundsdk/out/olympe-linux/build/libarsdkctrl/obj/libarsdkctrl/src/arsdk_media_itf.c.o
 *fill*         0x00000000000094dd        0x3 
 .text.req_new  0x00000000000094e0       0x86 /home/zxli/code/parrot-groundsdk/out/olympe-linux/build/libarsdkctrl/obj/libarsdkctrl/src/arsdk_media_itf.c.o
 *fill*         0x0000000000009566        0xa 
 .text.arsdk_media_req_download_destroy
                0x0000000000009570       0xfd /home/zxli/code/parrot-groundsdk/out/olympe-linux/build/libarsdkctrl/obj/libarsdkctrl/src/arsdk_media_itf.c.o
 *fill*         0x000000000000966d        0x3 
 .text.ftpget_complete_cb
                0x0000000000009670       0xe5 /home/zxli/code/parrot-groundsdk/out/olympe-linux/build/libarsdkctrl/obj/libarsdkctrl/src/arsdk_media_itf.c.o
 *fill*         0x0000000000009755        0xb 
 .text.arsdk_media_res_destroy
                0x0000000000009760       0x9d /home/zxli/code/parrot-groundsdk/out/olympe-linux/build/libarsdkctrl/obj/libarsdkctrl/src/arsdk_media_itf.c.o
 *fill*         0x00000000000097fd        0x3 
 .text.arsdk_media_res_new_from_file
                0x0000000000009800      0x1d1 /home/zxli/code/parrot-groundsdk/out/olympe-linux/build/libarsdkctrl/obj/libarsdkctrl/src/arsdk_media_itf.c.o
 *fill*         0x00000000000099d1        0xf 
 .text.file_to_media_name
                0x00000000000099e0       0xcf /home/zxli/code/parrot-groundsdk/out/olympe-linux/build/libarsdkctrl/obj/libarsdkctrl/src/arsdk_media_itf.c.o
 *fill*         0x0000000000009aaf        0x1 
 .text.arsdk_media_req_delete_cancel
                0x0000000000009ab0       0xae /home/zxli/code/parrot-groundsdk/out/olympe-linux/build/libarsdkctrl/obj/libarsdkctrl/src/arsdk_media_itf.c.o
 *fill*         0x0000000000009b5e        0x2 
 .text.arsdk_media_itf_new
                0x0000000000009b60      0x117 /home/zxli/code/parrot-groundsdk/out/olympe-linux/build/libarsdkctrl/obj/libarsdkctrl/src/arsdk_media_itf.c.o
                0x0000000000009b60                arsdk_media_itf_new
 *fill*         0x0000000000009c77        0x9 
 .text.arsdk_media_ref
                0x0000000000009c80       0x7d /home/zxli/code/parrot-groundsdk/out/olympe-linux/build/libarsdkctrl/obj/libarsdkctrl/src/arsdk_media_itf.c.o
                0x0000000000009c80                arsdk_media_ref
 *fill*         0x0000000000009cfd        0x3 
 .text.arsdk_media_unref
                0x0000000000009d00      0x100 /home/zxli/code/parrot-groundsdk/out/olympe-linux/build/libarsdkctrl/obj/libarsdkctrl/src/arsdk_media_itf.c.o
                0x0000000000009d00                arsdk_media_unref
 .text.arsdk_media_req_delete_destroy
                0x0000000000009e00       0xfd /home/zxli/code/parrot-groundsdk/out/olympe-linux/build/libarsdkctrl/obj/libarsdkctrl/src/arsdk_media_itf.c.o
 *fill*         0x0000000000009efd        0x3 
 .text.ftpdel_complete_cb
                0x0000000000009f00      0x171 /home/zxli/code/parrot-groundsdk/out/olympe-linux/build/libarsdkctrl/obj/libarsdkctrl/src/arsdk_media_itf.c.o
 *fill*         0x000000000000a071        0xf 
 .text.arsdk_media_req_list_cancel
                0x000000000000a080      0x12d /home/zxli/code/parrot-groundsdk/out/olympe-linux/build/libarsdkctrl/obj/libarsdkctrl/src/arsdk_media_itf.c.o
                0x000000000000a080                arsdk_media_req_list_cancel
 *fill*         0x000000000000a1ad        0x3 
 .text.arsdk_media_req_list_get_dev_type
                0x000000000000a1b0       0x1e /home/zxli/code/parrot-groundsdk/out/olympe-linux/build/libarsdkctrl/obj/libarsdkctrl/src/arsdk_media_itf.c.o
                0x000000000000a1b0                arsdk_media_req_list_get_dev_type
 *fill*         0x000000000000a1ce        0x2 
 .text.arsdk_media_req_list_get_result
                0x000000000000a1d0       0x13 /home/zxli/code/parrot-groundsdk/out/olympe-linux/build/libarsdkctrl/obj/libarsdkctrl/src/arsdk_media_itf.c.o
                0x000000000000a1d0                arsdk_media_req_list_get_result
 *fill*         0x000000000000a1e3        0xd 
 .text.arsdk_media_list_next_media
                0x000000000000a1f0       0x33 /home/zxli/code/parrot-groundsdk/out/olympe-linux/build/libarsdkctrl/obj/libarsdkctrl/src/arsdk_media_itf.c.o
                0x000000000000a1f0                arsdk_media_list_next_media
 *fill*         0x000000000000a223        0xd 
 .text.arsdk_media_list_get_count
                0x000000000000a230       0x3a /home/zxli/code/parrot-groundsdk/out/olympe-linux/build/libarsdkctrl/obj/libarsdkctrl/src/arsdk_media_itf.c.o
                0x000000000000a230                arsdk_media_list_get_count
 *fill*         0x000000000000a26a        0x6 
 .text.arsdk_media_list_ref
                0x000000000000a270       0x7d /home/zxli/code/parrot-groundsdk/out/olympe-linux/build/libarsdkctrl/obj/libarsdkctrl/src/arsdk_media_itf.c.o
                0x000000000000a270                arsdk_media_list_ref
 *fill*         0x000000000000a2ed        0x3 
 .text.arsdk_media_list_unref
                0x000000000000a2f0       0xf0 /home/zxli/code/parrot-groundsdk/out/olympe-linux/build/libarsdkctrl/obj/libarsdkctrl/src/arsdk_media_itf.c.o
                0x000000000000a2f0                arsdk_media_list_unref
 .text.arsdk_media_req_list_destroy
                0x000000000000a3e0       0xed /home/zxli/code/parrot-groundsdk/out/olympe-linux/build/libarsdkctrl/obj/libarsdkctrl/src/arsdk_media_itf.c.o
 *fill*         0x000000000000a4cd        0x3 
 .text.arsdk_media_itf_create_req_list
                0x000000000000a4d0      0x31c /home/zxli/code/parrot-groundsdk/out/olympe-linux/build/libarsdkctrl/obj/libarsdkctrl/src/arsdk_media_itf.c.o
                0x000000000000a4d0                arsdk_media_itf_create_req_list
 *fill*         0x000000000000a7ec        0x4 
 .text.pfld_list_complete_cb
                0x000000000000a7f0      0x9e8 /home/zxli/code/parrot-groundsdk/out/olympe-linux/build/libarsdkctrl/obj/libarsdkctrl/src/arsdk_media_itf.c.o
 *fill*         0x000000000000b1d8        0x8 
 .text.arsdk_media_itf_create_req_download
                0x000000000000b1e0      0x3d6 /home/zxli/code/parrot-groundsdk/out/olympe-linux/build/libarsdkctrl/obj/libarsdkctrl/src/arsdk_media_itf.c.o
                0x000000000000b1e0                arsdk_media_itf_create_req_download
 *fill*         0x000000000000b5b6        0xa 
 .text.arsdk_media_req_download_cancel
                0x000000000000b5c0      0x12d /home/zxli/code/parrot-groundsdk/out/olympe-linux/build/libarsdkctrl/obj/libarsdkctrl/src/arsdk_media_itf.c.o
                0x000000000000b5c0                arsdk_media_req_download_cancel
 *fill*         0x000000000000b6ed        0x3 
 .text.arsdk_media_req_download_get_uri
                0x000000000000b6f0       0x13 /home/zxli/code/parrot-groundsdk/out/olympe-linux/build/libarsdkctrl/obj/libarsdkctrl/src/arsdk_media_itf.c.o
                0x000000000000b6f0                arsdk_media_req_download_get_uri
 *fill*         0x000000000000b703        0xd 
 .text.arsdk_media_req_download_get_local_path
                0x000000000000b710       0x13 /home/zxli/code/parrot-groundsdk/out/olympe-linux/build/libarsdkctrl/obj/libarsdkctrl/src/arsdk_media_itf.c.o
                0x000000000000b710                arsdk_media_req_download_get_local_path
 *fill*         0x000000000000b723        0xd 
 .text.arsdk_media_req_download_get_buffer
                0x000000000000b730       0x1b /home/zxli/code/parrot-groundsdk/out/olympe-linux/build/libarsdkctrl/obj/libarsdkctrl/src/arsdk_media_itf.c.o
                0x000000000000b730                arsdk_media_req_download_get_buffer
 *fill*         0x000000000000b74b        0x5 
 .text.arsdk_media_req_download_get_dev_type
                0x000000000000b750       0x1e /home/zxli/code/parrot-groundsdk/out/olympe-linux/build/libarsdkctrl/obj/libarsdkctrl/src/arsdk_media_itf.c.o
                0x000000000000b750                arsdk_media_req_download_get_dev_type
 *fill*         0x000000000000b76e        0x2 
 .text.arsdk_media_next_res
                0x000000000000b770       0x33 /home/zxli/code/parrot-groundsdk/out/olympe-linux/build/libarsdkctrl/obj/libarsdkctrl/src/arsdk_media_itf.c.o
                0x000000000000b770                arsdk_media_next_res
 *fill*         0x000000000000b7a3        0xd 
 .text.arsdk_media_get_res_count
                0x000000000000b7b0       0x3a /home/zxli/code/parrot-groundsdk/out/olympe-linux/build/libarsdkctrl/obj/libarsdkctrl/src/arsdk_media_itf.c.o
                0x000000000000b7b0                arsdk_media_get_res_count
 *fill*         0x000000000000b7ea        0x6 
 .text.arsdk_media_req_delete_get_media
                0x000000000000b7f0       0x13 /home/zxli/code/parrot-groundsdk/out/olympe-linux/build/libarsdkctrl/obj/libarsdkctrl/src/arsdk_media_itf.c.o
                0x000000000000b7f0                arsdk_media_req_delete_get_media
 *fill*         0x000000000000b803        0xd 
 .text.arsdk_media_req_delete_get_dev_type
                0x000000000000b810       0x1e /home/zxli/code/parrot-groundsdk/out/olympe-linux/build/libarsdkctrl/obj/libarsdkctrl/src/arsdk_media_itf.c.o
                0x000000000000b810                arsdk_media_req_delete_get_dev_type
 *fill*         0x000000000000b82e        0x2 
 .text.arsdk_media_itf_cancel_all
                0x000000000000b830       0xee /home/zxli/code/parrot-groundsdk/out/olympe-linux/build/libarsdkctrl/obj/libarsdkctrl/src/arsdk_media_itf.c.o
                0x000000000000b830                arsdk_media_itf_cancel_all
 *fill*         0x000000000000b91e        0x2 
 .text.arsdk_media_itf_stop
                0x000000000000b920      0x377 /home/zxli/code/parrot-groundsdk/out/olympe-linux/build/libarsdkctrl/obj/libarsdkctrl/src/arsdk_media_itf.c.o
                0x000000000000b920                arsdk_media_itf_stop
 *fill*         0x000000000000bc97        0x9 
 .text.arsdk_media_itf_destroy
                0x000000000000bca0       0x9d /home/zxli/code/parrot-groundsdk/out/olympe-linux/build/libarsdkctrl/obj/libarsdkctrl/src/arsdk_media_itf.c.o
                0x000000000000bca0                arsdk_media_itf_destroy
 *fill*         0x000000000000bd3d        0x3 
 .text.arsdk_media_get_name
                0x000000000000bd40       0x13 /home/zxli/code/parrot-groundsdk/out/olympe-linux/build/libarsdkctrl/obj/libarsdkctrl/src/arsdk_media_itf.c.o
                0x000000000000bd40                arsdk_media_get_name
 *fill*         0x000000000000bd53        0xd 
 .text.arsdk_media_get_runid
                0x000000000000bd60       0x13 /home/zxli/code/parrot-groundsdk/out/olympe-linux/build/libarsdkctrl/obj/libarsdkctrl/src/arsdk_media_itf.c.o
                0x000000000000bd60                arsdk_media_get_runid
 *fill*         0x000000000000bd73        0xd 
 .text.arsdk_media_get_date
                0x000000000000bd80       0x11 /home/zxli/code/parrot-groundsdk/out/olympe-linux/build/libarsdkctrl/obj/libarsdkctrl/src/arsdk_media_itf.c.o
                0x000000000000bd80                arsdk_media_get_date
 *fill*         0x000000000000bd91        0xf 
 .text.arsdk_media_get_type
                0x000000000000bda0        0xc /home/zxli/code/parrot-groundsdk/out/olympe-linux/build/libarsdkctrl/obj/libarsdkctrl/src/arsdk_media_itf.c.o
                0x000000000000bda0                arsdk_media_get_type
 *fill*         0x000000000000bdac        0x4 
 .text.arsdk_media_res_get_type
                0x000000000000bdb0        0xf /home/zxli/code/parrot-groundsdk/out/olympe-linux/build/libarsdkctrl/obj/libarsdkctrl/src/arsdk_media_itf.c.o
                0x000000000000bdb0                arsdk_media_res_get_type
 *fill*         0x000000000000bdbf        0x1 
 .text.arsdk_media_res_get_fmt
                0x000000000000bdc0        0xf /home/zxli/code/parrot-groundsdk/out/olympe-linux/build/libarsdkctrl/obj/libarsdkctrl/src/arsdk_media_itf.c.o
                0x000000000000bdc0                arsdk_media_res_get_fmt
 *fill*         0x000000000000bdcf        0x1 
 .text.arsdk_media_res_get_uri
                0x000000000000bdd0       0x13 /home/zxli/code/parrot-groundsdk/out/olympe-linux/build/libarsdkctrl/obj/libarsdkctrl/src/arsdk_media_itf.c.o
                0x000000000000bdd0                arsdk_media_res_get_uri
 *fill*         0x000000000000bde3        0xd 
 .text.arsdk_media_itf_create_req_delete
                0x000000000000bdf0      0x3ac /home/zxli/code/parrot-groundsdk/out/olympe-linux/build/libarsdkctrl/obj/libarsdkctrl/src/arsdk_media_itf.c.o
                0x000000000000bdf0                arsdk_media_itf_create_req_delete
 *fill*         0x000000000000c19c        0x4 
 .text.arsdk_media_res_get_size
                0x000000000000c1a0       0x13 /home/zxli/code/parrot-groundsdk/out/olympe-linux/build/libarsdkctrl/obj/libarsdkctrl/src/arsdk_media_itf.c.o
                0x000000000000c1a0                arsdk_media_res_get_size
 *fill*         0x000000000000c1b3        0xd 
 .text.arsdk_media_res_get_name
                0x000000000000c1c0       0x13 /home/zxli/code/parrot-groundsdk/out/olympe-linux/build/libarsdkctrl/obj/libarsdkctrl/src/arsdk_media_itf.c.o
                0x000000000000c1c0                arsdk_media_res_get_name
 *fill*         0x000000000000c1d3        0xd 
 .text.arsdk_updater_itf_stop
                0x000000000000c1e0       0x9d /home/zxli/code/parrot-groundsdk/out/olympe-linux/build/libarsdkctrl/obj/libarsdkctrl/src/arsdk_updater_itf.c.o
                0x000000000000c1e0                arsdk_updater_itf_stop
 *fill*         0x000000000000c27d        0x3 
 .text.arsdk_updater_itf_cancel_all
                0x000000000000c280       0x9d /home/zxli/code/parrot-groundsdk/out/olympe-linux/build/libarsdkctrl/obj/libarsdkctrl/src/arsdk_updater_itf.c.o
                0x000000000000c280                arsdk_updater_itf_cancel_all
 *fill*         0x000000000000c31d        0x3 
 .text.arsdk_updater_itf_destroy
                0x000000000000c320       0xad /home/zxli/code/parrot-groundsdk/out/olympe-linux/build/libarsdkctrl/obj/libarsdkctrl/src/arsdk_updater_itf.c.o
                0x000000000000c320                arsdk_updater_itf_destroy
 *fill*         0x000000000000c3cd        0x3 
 .text.arsdk_updater_itf_new
                0x000000000000c3d0      0x17a /home/zxli/code/parrot-groundsdk/out/olympe-linux/build/libarsdkctrl/obj/libarsdkctrl/src/arsdk_updater_itf.c.o
                0x000000000000c3d0                arsdk_updater_itf_new
 *fill*         0x000000000000c54a        0x6 
 .text.arsdk_updater_itf_create_req_upload
                0x000000000000c550      0x130 /home/zxli/code/parrot-groundsdk/out/olympe-linux/build/libarsdkctrl/obj/libarsdkctrl/src/arsdk_updater_itf.c.o
                0x000000000000c550                arsdk_updater_itf_create_req_upload
 .text.arsdk_updater_req_upload_cancel
                0x000000000000c680       0x8d /home/zxli/code/parrot-groundsdk/out/olympe-linux/build/libarsdkctrl/obj/libarsdkctrl/src/arsdk_updater_itf.c.o
                0x000000000000c680                arsdk_updater_req_upload_cancel
 *fill*         0x000000000000c70d        0x3 
 .text.arsdk_updater_appid_to_devtype
                0x000000000000c710       0x36 /home/zxli/code/parrot-groundsdk/out/olympe-linux/build/libarsdkctrl/obj/libarsdkctrl/src/arsdk_updater_itf.c.o
                0x000000000000c710                arsdk_updater_appid_to_devtype
 *fill*         0x000000000000c746        0xa 
 .text.arsdk_updater_read_fw_info
                0x000000000000c750      0x218 /home/zxli/code/parrot-groundsdk/out/olympe-linux/build/libarsdkctrl/obj/libarsdkctrl/src/arsdk_updater_itf.c.o
                0x000000000000c750                arsdk_updater_read_fw_info
 *fill*         0x000000000000c968        0x8 
 .text.arsdk_updater_fw_dev_comp
                0x000000000000c970       0x4f /home/zxli/code/parrot-groundsdk/out/olympe-linux/build/libarsdkctrl/obj/libarsdkctrl/src/arsdk_updater_itf.c.o
                0x000000000000c970                arsdk_updater_fw_dev_comp
 *fill*         0x000000000000c9bf        0x1 
 .text.arsdk_updater_req_upload_child
                0x000000000000c9c0       0x13 /home/zxli/code/parrot-groundsdk/out/olympe-linux/build/libarsdkctrl/obj/libarsdkctrl/src/arsdk_updater_itf.c.o
                0x000000000000c9c0                arsdk_updater_req_upload_child
 *fill*         0x000000000000c9d3        0xd 
 .text.arsdk_updater_req_upload_get_dev_type
                0x000000000000c9e0        0xf /home/zxli/code/parrot-groundsdk/out/olympe-linux/build/libarsdkctrl/obj/libarsdkctrl/src/arsdk_updater_itf.c.o
                0x000000000000c9e0                arsdk_updater_req_upload_get_dev_type
 *fill*         0x000000000000c9ef        0x1 
 .text.arsdk_updater_new_req_upload
                0x000000000000c9f0      0x2b1 /home/zxli/code/parrot-groundsdk/out/olympe-linux/build/libarsdkctrl/obj/libarsdkctrl/src/arsdk_updater_itf.c.o
                0x000000000000c9f0                arsdk_updater_new_req_upload
 *fill*         0x000000000000cca1        0xf 
 .text.arsdk_updater_destroy_req_upload
                0x000000000000ccb0       0x8d /home/zxli/code/parrot-groundsdk/out/olympe-linux/build/libarsdkctrl/obj/libarsdkctrl/src/arsdk_updater_itf.c.o
                0x000000000000ccb0                arsdk_updater_destroy_req_upload
 *fill*         0x000000000000cd3d        0x3 
 .text.blackbox_mux_channel_cb
                0x000000000000cd40      0x371 /home/zxli/code/parrot-groundsdk/out/olympe-linux/build/libarsdkctrl/obj/libarsdkctrl/src/arsdk_blackbox_itf.c.o
 *fill*         0x000000000000d0b1        0xf 
 .text.arsdk_blackbox_itf_create_listener
                0x000000000000d0c0      0x1b7 /home/zxli/code/parrot-groundsdk/out/olympe-linux/build/libarsdkctrl/obj/libarsdkctrl/src/arsdk_blackbox_itf.c.o
                0x000000000000d0c0                arsdk_blackbox_itf_create_listener
 *fill*         0x000000000000d277        0x9 
 .text.arsdk_blackbox_listener_unregister
                0x000000000000d280       0x9e /home/zxli/code/parrot-groundsdk/out/olympe-linux/build/libarsdkctrl/obj/libarsdkctrl/src/arsdk_blackbox_itf.c.o
                0x000000000000d280                arsdk_blackbox_listener_unregister
 *fill*         0x000000000000d31e        0x2 
 .text.arsdk_blackbox_itf_stop
                0x000000000000d320       0xcd /home/zxli/code/parrot-groundsdk/out/olympe-linux/build/libarsdkctrl/obj/libarsdkctrl/src/arsdk_blackbox_itf.c.o
                0x000000000000d320                arsdk_blackbox_itf_stop
 *fill*         0x000000000000d3ed        0x3 
 .text.arsdk_blackbox_itf_destroy
                0x000000000000d3f0       0x9d /home/zxli/code/parrot-groundsdk/out/olympe-linux/build/libarsdkctrl/obj/libarsdkctrl/src/arsdk_blackbox_itf.c.o
                0x000000000000d3f0                arsdk_blackbox_itf_destroy
 *fill*         0x000000000000d48d        0x3 
 .text.arsdk_blackbox_itf_new
                0x000000000000d490      0x108 /home/zxli/code/parrot-groundsdk/out/olympe-linux/build/libarsdkctrl/obj/libarsdkctrl/src/arsdk_blackbox_itf.c.o
                0x000000000000d490                arsdk_blackbox_itf_new
 *fill*         0x000000000000d598        0x8 
 .text.ftp_get_progress_cb
                0x000000000000d5a0        0x2 /home/zxli/code/parrot-groundsdk/out/olympe-linux/build/libarsdkctrl/obj/libarsdkctrl/src/arsdk_crashml_itf.c.o
 *fill*         0x000000000000d5a2        0xe 
 .text.has_tgz_ext
                0x000000000000d5b0       0x44 /home/zxli/code/parrot-groundsdk/out/olympe-linux/build/libarsdkctrl/obj/libarsdkctrl/src/arsdk_crashml_itf.c.o
 *fill*         0x000000000000d5f4        0xc 
 .text.clean_local_dir
                0x000000000000d600      0x4b5 /home/zxli/code/parrot-groundsdk/out/olympe-linux/build/libarsdkctrl/obj/libarsdkctrl/src/arsdk_crashml_itf.c.o
 *fill*         0x000000000000dab5        0xb 
 .text.ftp_get_file
                0x000000000000dac0      0x212 /home/zxli/code/parrot-groundsdk/out/olympe-linux/build/libarsdkctrl/obj/libarsdkctrl/src/arsdk_crashml_itf.c.o
 *fill*         0x000000000000dcd2        0xe 
 .text.ftp_del_file
                0x000000000000dce0      0x1a2 /home/zxli/code/parrot-groundsdk/out/olympe-linux/build/libarsdkctrl/obj/libarsdkctrl/src/arsdk_crashml_itf.c.o
 *fill*         0x000000000000de82        0xe 
 .text.ftp_to_crashml_status
                0x000000000000de90       0x95 /home/zxli/code/parrot-groundsdk/out/olympe-linux/build/libarsdkctrl/obj/libarsdkctrl/src/arsdk_crashml_itf.c.o
 *fill*         0x000000000000df25        0xb 
 .text.unlink_cb
                0x000000000000df30       0x9f /home/zxli/code/parrot-groundsdk/out/olympe-linux/build/libarsdkctrl/obj/libarsdkctrl/src/arsdk_crashml_itf.c.o
 *fill*         0x000000000000dfcf        0x1 
 .text.simple_req_delete
                0x000000000000dfd0       0xc5 /home/zxli/code/parrot-groundsdk/out/olympe-linux/build/libarsdkctrl/obj/libarsdkctrl/src/arsdk_crashml_itf.c.o
 *fill*         0x000000000000e095        0xb 
 .text.simple_req_new
                0x000000000000e0a0      0x4a9 /home/zxli/code/parrot-groundsdk/out/olympe-linux/build/libarsdkctrl/obj/libarsdkctrl/src/arsdk_crashml_itf.c.o
 *fill*         0x000000000000e549        0x7 
 .text.arsdk_crashml_req_delete
                0x000000000000e550       0xa5 /home/zxli/code/parrot-groundsdk/out/olympe-linux/build/libarsdkctrl/obj/libarsdkctrl/src/arsdk_crashml_itf.c.o
 *fill*         0x000000000000e5f5        0xb 
 .text.req_done
                0x000000000000e600       0xcd /home/zxli/code/parrot-groundsdk/out/olympe-linux/build/libarsdkctrl/obj/libarsdkctrl/src/arsdk_crashml_itf.c.o
 *fill*         0x000000000000e6cd        0x3 
 .text.curr_req_done.isra.6
                0x000000000000e6d0      0x142 /home/zxli/code/parrot-groundsdk/out/olympe-linux/build/libarsdkctrl/obj/libarsdkctrl/src/arsdk_crashml_itf.c.o
 *fill*         0x000000000000e812        0xe 
 .text.req_start_next
                0x000000000000e820      0x180 /home/zxli/code/parrot-groundsdk/out/olympe-linux/build/libarsdkctrl/obj/libarsdkctrl/src/arsdk_crashml_itf.c.o
 .text.main_dir_list_complete_cb
                0x000000000000e9a0      0x150 /home/zxli/code/parrot-groundsdk/out/olympe-linux/build/libarsdkctrl/obj/libarsdkctrl/src/arsdk_crashml_itf.c.o
 .text.ftp_single_list_complete_cb
                0x000000000000eaf0      0x38a /home/zxli/code/parrot-groundsdk/out/olympe-linux/build/libarsdkctrl/obj/libarsdkctrl/src/arsdk_crashml_itf.c.o
 *fill*         0x000000000000ee7a        0x6 
 .text.ftp_get_complete_cb
                0x000000000000ee80      0x400 /home/zxli/code/parrot-groundsdk/out/olympe-linux/build/libarsdkctrl/obj/libarsdkctrl/src/arsdk_crashml_itf.c.o
 .text.ftp_del_file_complete
                0x000000000000f280      0x2bf /home/zxli/code/parrot-groundsdk/out/olympe-linux/build/libarsdkctrl/obj/libarsdkctrl/src/arsdk_crashml_itf.c.o
 *fill*         0x000000000000f53f        0x1 
 .text.ftp_del_dir_complete
                0x000000000000f540      0x1dd /home/zxli/code/parrot-groundsdk/out/olympe-linux/build/libarsdkctrl/obj/libarsdkctrl/src/arsdk_crashml_itf.c.o
 *fill*         0x000000000000f71d        0x3 
 .text.arsdk_crashml_itf_new
                0x000000000000f720      0x197 /home/zxli/code/parrot-groundsdk/out/olympe-linux/build/libarsdkctrl/obj/libarsdkctrl/src/arsdk_crashml_itf.c.o
                0x000000000000f720                arsdk_crashml_itf_new
 *fill*         0x000000000000f8b7        0x9 
 .text.arsdk_crashml_itf_create_req
                0x000000000000f8c0      0x3e1 /home/zxli/code/parrot-groundsdk/out/olympe-linux/build/libarsdkctrl/obj/libarsdkctrl/src/arsdk_crashml_itf.c.o
                0x000000000000f8c0                arsdk_crashml_itf_create_req
 *fill*         0x000000000000fca1        0xf 
 .text.arsdk_crashml_req_cancel
                0x000000000000fcb0      0x20a /home/zxli/code/parrot-groundsdk/out/olympe-linux/build/libarsdkctrl/obj/libarsdkctrl/src/arsdk_crashml_itf.c.o
                0x000000000000fcb0                arsdk_crashml_req_cancel
 *fill*         0x000000000000feba        0x6 
 .text.arsdk_crashml_itf_stop
                0x000000000000fec0       0xcd /home/zxli/code/parrot-groundsdk/out/olympe-linux/build/libarsdkctrl/obj/libarsdkctrl/src/arsdk_crashml_itf.c.o
                0x000000000000fec0                arsdk_crashml_itf_stop
 *fill*         0x000000000000ff8d        0x3 
 .text.arsdk_crashml_itf_destroy
                0x000000000000ff90       0x9d /home/zxli/code/parrot-groundsdk/out/olympe-linux/build/libarsdkctrl/obj/libarsdkctrl/src/arsdk_crashml_itf.c.o
                0x000000000000ff90                arsdk_crashml_itf_destroy
 *fill*         0x000000000001002d        0x3 
 .text.arsdk_crashml_itf_cancel_all
                0x0000000000010030       0xb6 /home/zxli/code/parrot-groundsdk/out/olympe-linux/build/libarsdkctrl/obj/libarsdkctrl/src/arsdk_crashml_itf.c.o
                0x0000000000010030                arsdk_crashml_itf_cancel_all
 *fill*         0x00000000000100e6        0xa 
 .text.arsdk_crashml_req_get_dev_type
                0x00000000000100f0        0xf /home/zxli/code/parrot-groundsdk/out/olympe-linux/build/libarsdkctrl/obj/libarsdkctrl/src/arsdk_crashml_itf.c.o
                0x00000000000100f0                arsdk_crashml_req_get_dev_type
 *fill*         0x00000000000100ff        0x1 
 .text.ftp_get_progress_cb
                0x0000000000010100        0x2 /home/zxli/code/parrot-groundsdk/out/olympe-linux/build/libarsdkctrl/obj/libarsdkctrl/src/arsdk_flight_log_itf.c.o
 *fill*         0x0000000000010102        0xe 
 .text.is_flight_log
                0x0000000000010110       0x5f /home/zxli/code/parrot-groundsdk/out/olympe-linux/build/libarsdkctrl/obj/libarsdkctrl/src/arsdk_flight_log_itf.c.o
 *fill*         0x000000000001016f        0x1 
 .text.clean_local_dir
                0x0000000000010170      0x4b5 /home/zxli/code/parrot-groundsdk/out/olympe-linux/build/libarsdkctrl/obj/libarsdkctrl/src/arsdk_flight_log_itf.c.o
 *fill*         0x0000000000010625        0xb 
 .text.ftp_to_flight_log_status
                0x0000000000010630       0x95 /home/zxli/code/parrot-groundsdk/out/olympe-linux/build/libarsdkctrl/obj/libarsdkctrl/src/arsdk_flight_log_itf.c.o
 *fill*         0x00000000000106c5        0xb 
 .text.simple_req_delete
                0x00000000000106d0       0xa5 /home/zxli/code/parrot-groundsdk/out/olympe-linux/build/libarsdkctrl/obj/libarsdkctrl/src/arsdk_flight_log_itf.c.o
 *fill*         0x0000000000010775        0xb 
 .text.unlink_cb
                0x0000000000010780       0x9f /home/zxli/code/parrot-groundsdk/out/olympe-linux/build/libarsdkctrl/obj/libarsdkctrl/src/arsdk_flight_log_itf.c.o
 *fill*         0x000000000001081f        0x1 
 .text.arsdk_flight_log_req_delete
                0x0000000000010820       0xa5 /home/zxli/code/parrot-groundsdk/out/olympe-linux/build/libarsdkctrl/obj/libarsdkctrl/src/arsdk_flight_log_itf.c.o
 *fill*         0x00000000000108c5        0xb 
 .text.req_done
                0x00000000000108d0       0xcd /home/zxli/code/parrot-groundsdk/out/olympe-linux/build/libarsdkctrl/obj/libarsdkctrl/src/arsdk_flight_log_itf.c.o
 *fill*         0x000000000001099d        0x3 
 .text.curr_req_done.isra.6
                0x00000000000109a0      0x142 /home/zxli/code/parrot-groundsdk/out/olympe-linux/build/libarsdkctrl/obj/libarsdkctrl/src/arsdk_flight_log_itf.c.o
 *fill*         0x0000000000010ae2        0xe 
 .text.req_start_next
                0x0000000000010af0      0x40a /home/zxli/code/parrot-groundsdk/out/olympe-linux/build/libarsdkctrl/obj/libarsdkctrl/src/arsdk_flight_log_itf.c.o
 *fill*         0x0000000000010efa        0x6 
 .text.main_log_list_complete_cb
                0x0000000000010f00      0x120 /home/zxli/code/parrot-groundsdk/out/olympe-linux/build/libarsdkctrl/obj/libarsdkctrl/src/arsdk_flight_log_itf.c.o
 .text.ftp_get_complete_cb
                0x0000000000011020      0x282 /home/zxli/code/parrot-groundsdk/out/olympe-linux/build/libarsdkctrl/obj/libarsdkctrl/src/arsdk_flight_log_itf.c.o
 *fill*         0x00000000000112a2        0xe 
 .text.ftp_del_complete
                0x00000000000112b0      0x11d /home/zxli/code/parrot-groundsdk/out/olympe-linux/build/libarsdkctrl/obj/libarsdkctrl/src/arsdk_flight_log_itf.c.o
 *fill*         0x00000000000113cd        0x3 
 .text.arsdk_flight_log_itf_new
                0x00000000000113d0      0x197 /home/zxli/code/parrot-groundsdk/out/olympe-linux/build/libarsdkctrl/obj/libarsdkctrl/src/arsdk_flight_log_itf.c.o
                0x00000000000113d0                arsdk_flight_log_itf_new
 *fill*         0x0000000000011567        0x9 
 .text.arsdk_flight_log_itf_create_req
                0x0000000000011570      0x3d1 /home/zxli/code/parrot-groundsdk/out/olympe-linux/build/libarsdkctrl/obj/libarsdkctrl/src/arsdk_flight_log_itf.c.o
                0x0000000000011570                arsdk_flight_log_itf_create_req
 *fill*         0x0000000000011941        0xf 
 .text.arsdk_flight_log_req_cancel
                0x0000000000011950      0x197 /home/zxli/code/parrot-groundsdk/out/olympe-linux/build/libarsdkctrl/obj/libarsdkctrl/src/arsdk_flight_log_itf.c.o
                0x0000000000011950                arsdk_flight_log_req_cancel
 *fill*         0x0000000000011ae7        0x9 
 .text.arsdk_flight_log_itf_stop
                0x0000000000011af0       0xcd /home/zxli/code/parrot-groundsdk/out/olympe-linux/build/libarsdkctrl/obj/libarsdkctrl/src/arsdk_flight_log_itf.c.o
                0x0000000000011af0                arsdk_flight_log_itf_stop
 *fill*         0x0000000000011bbd        0x3 
 .text.arsdk_flight_log_itf_destroy
                0x0000000000011bc0       0x9d /home/zxli/code/parrot-groundsdk/out/olympe-linux/build/libarsdkctrl/obj/libarsdkctrl/src/arsdk_flight_log_itf.c.o
                0x0000000000011bc0                arsdk_flight_log_itf_destroy
 *fill*         0x0000000000011c5d        0x3 
 .text.arsdk_flight_log_itf_cancel_all
                0x0000000000011c60       0xb6 /home/zxli/code/parrot-groundsdk/out/olympe-linux/build/libarsdkctrl/obj/libarsdkctrl/src/arsdk_flight_log_itf.c.o
                0x0000000000011c60                arsdk_flight_log_itf_cancel_all
 *fill*         0x0000000000011d16        0xa 
 .text.arsdk_flight_log_req_get_dev_type
                0x0000000000011d20        0xf /home/zxli/code/parrot-groundsdk/out/olympe-linux/build/libarsdkctrl/obj/libarsdkctrl/src/arsdk_flight_log_itf.c.o
                0x0000000000011d20                arsdk_flight_log_req_get_dev_type
 *fill*         0x0000000000011d2f        0x1 
 .text.ftp_get_progress_cb
                0x0000000000011d30        0x2 /home/zxli/code/parrot-groundsdk/out/olympe-linux/build/libarsdkctrl/obj/libarsdkctrl/src/arsdk_pud_itf.c.o
 *fill*         0x0000000000011d32        0xe 
 .text.clean_local_dir
                0x0000000000011d40      0x415 /home/zxli/code/parrot-groundsdk/out/olympe-linux/build/libarsdkctrl/obj/libarsdkctrl/src/arsdk_pud_itf.c.o
 *fill*         0x0000000000012155        0xb 
 .text.ftp_to_pud_status
                0x0000000000012160       0x95 /home/zxli/code/parrot-groundsdk/out/olympe-linux/build/libarsdkctrl/obj/libarsdkctrl/src/arsdk_pud_itf.c.o
 *fill*         0x00000000000121f5        0xb 
 .text.simple_req_delete
                0x0000000000012200       0xa5 /home/zxli/code/parrot-groundsdk/out/olympe-linux/build/libarsdkctrl/obj/libarsdkctrl/src/arsdk_pud_itf.c.o
 *fill*         0x00000000000122a5        0xb 
 .text.is_pud_file
                0x00000000000122b0       0xad /home/zxli/code/parrot-groundsdk/out/olympe-linux/build/libarsdkctrl/obj/libarsdkctrl/src/arsdk_pud_itf.c.o
 *fill*         0x000000000001235d        0x3 
 .text.arsdk_pud_req_delete
                0x0000000000012360       0xad /home/zxli/code/parrot-groundsdk/out/olympe-linux/build/libarsdkctrl/obj/libarsdkctrl/src/arsdk_pud_itf.c.o
 *fill*         0x000000000001240d        0x3 
 .text.req_done
                0x0000000000012410       0xcd /home/zxli/code/parrot-groundsdk/out/olympe-linux/build/libarsdkctrl/obj/libarsdkctrl/src/arsdk_pud_itf.c.o
 *fill*         0x00000000000124dd        0x3 
 .text.curr_req_done.isra.6