
As-needed library included to satisfy reference by file (symbol)

libfutils.so                  /home/zxli/code/parrot-groundsdk/out/olympe-linux/build/libpdraw/obj/src/pdraw_session.cpp.o (mbox_destroy)
libh264.so                    /home/zxli/code/parrot-groundsdk/out/olympe-linux/build/libpdraw/obj/src/pdraw_media.cpp.o (h264_get_info)
libmp4.so                     /home/zxli/code/parrot-groundsdk/out/olympe-linux/build/libpdraw/obj/src/pdraw_demuxer_record.cpp.o (mp4_demux_seek_to_track_prev_sample)
libpomp.so                    /home/zxli/code/parrot-groundsdk/out/olympe-linux/build/libpdraw/obj/src/pdraw_session.cpp.o (pomp_loop_remove)
librtsp.so                    /home/zxli/code/parrot-groundsdk/out/olympe-linux/build/libpdraw/obj/src/pdraw_demuxer_stream.cpp.o (rtsp_client_describe)
libsdp.so                     /home/zxli/code/parrot-groundsdk/out/olympe-linux/build/libpdraw/obj/src/pdraw_demuxer_stream.cpp.o (sdp_session_destroy)
libulog.so                    /home/zxli/code/parrot-groundsdk/out/olympe-linux/build/libpdraw/obj/src/pdraw_avcdecoder.cpp.o (ulog_log_write)
libvideo-buffers.so           /home/zxli/code/parrot-groundsdk/out/olympe-linux/build/libpdraw/obj/src/pdraw_source.cpp.o (vbuf_pool_new)
libvideo-buffers-generic.so   /home/zxli/code/parrot-groundsdk/out/olympe-linux/build/libpdraw/obj/src/pdraw_source.cpp.o (vbuf_generic_get_cbs)
libvideo-decode.so            /home/zxli/code/parrot-groundsdk/out/olympe-linux/build/libpdraw/obj/src/pdraw_avcdecoder.cpp.o (vdec_flush)
libvideo-metadata.so          /home/zxli/code/parrot-groundsdk/out/olympe-linux/build/libpdraw/obj/src/pdraw_demuxer_record.cpp.o (vmeta_frame_read)
libvideo-streaming.so         /home/zxli/code/parrot-groundsdk/out/olympe-linux/build/libpdraw/obj/src/pdraw_demuxer_stream.cpp.o (vstrm_receiver_new)
libmux.so                     /home/zxli/code/parrot-groundsdk/out/olympe-linux/build/libpdraw/obj/src/pdraw_demuxer_stream_mux.cpp.o (mux_ref)
libGL.so.1                    /home/zxli/code/parrot-groundsdk/out/olympe-linux/build/libpdraw/obj/src/pdraw_gles2_hmd.cpp.o (glDisableVertexAttribArray)
libjson-c.so.5                /home/zxli/code/parrot-groundsdk/out/olympe-linux/build/libpdraw/obj/src/pdraw_utils.cpp.o (json_object_new_object@@JSONC_0.14)
libstdc++.so.6                /home/zxli/code/parrot-groundsdk/out/olympe-linux/build/libpdraw/obj/src/pdraw_avcdecoder.cpp.o (vtable for __cxxabiv1::__class_type_info@@CXXABI_1.3)
libm.so.6                     /home/zxli/code/parrot-groundsdk/out/olympe-linux/build/libpdraw/obj/src/pdraw_utils.cpp.o (expf@@GLIBC_2.27)
libgcc_s.so.1                 /home/zxli/code/parrot-groundsdk/out/olympe-linux/build/libpdraw/obj/src/pdraw_avcdecoder.cpp.o (_Unwind_Resume@@GCC_3.0)
libpthread.so.0               /home/zxli/code/parrot-groundsdk/out/olympe-linux/build/libpdraw/obj/src/pdraw_renderer_gles2.cpp.o (pthread_cond_init@@GLIBC_2.3.2)
libc.so.6                     /home/zxli/code/parrot-groundsdk/out/olympe-linux/build/libpdraw/obj/src/pdraw_socket_inet.cpp.o (socket@@GLIBC_2.2.5)

Discarded input sections

 .text          0x0000000000000000        0x0 /usr/lib/gcc/x86_64-linux-gnu/7/../../../x86_64-linux-gnu/crti.o
 .data          0x0000000000000000        0x0 /usr/lib/gcc/x86_64-linux-gnu/7/../../../x86_64-linux-gnu/crti.o
 .bss           0x0000000000000000        0x0 /usr/lib/gcc/x86_64-linux-gnu/7/../../../x86_64-linux-gnu/crti.o
 .note.GNU-stack
                0x0000000000000000        0x0 /usr/lib/gcc/x86_64-linux-gnu/7/../../../x86_64-linux-gnu/crti.o
 .data          0x0000000000000000        0x0 /usr/lib/gcc/x86_64-linux-gnu/7/crtbeginS.o
 .note.GNU-stack
                0x0000000000000000        0x0 /usr/lib/gcc/x86_64-linux-gnu/7/crtbeginS.o
 .group         0x0000000000000000        0x8 /home/zxli/code/parrot-groundsdk/out/olympe-linux/build/libpdraw/obj/src/pdraw_avcdecoder.cpp.o
 .group         0x0000000000000000        0xc /home/zxli/code/parrot-groundsdk/out/olympe-linux/build/libpdraw/obj/src/pdraw_avcdecoder.cpp.o
 .group         0x0000000000000000        0x8 /home/zxli/code/parrot-groundsdk/out/olympe-linux/build/libpdraw/obj/src/pdraw_avcdecoder.cpp.o
 .group         0x0000000000000000        0xc /home/zxli/code/parrot-groundsdk/out/olympe-linux/build/libpdraw/obj/src/pdraw_avcdecoder.cpp.o
 .group         0x0000000000000000        0xc /home/zxli/code/parrot-groundsdk/out/olympe-linux/build/libpdraw/obj/src/pdraw_avcdecoder.cpp.o
 .group         0x0000000000000000        0xc /home/zxli/code/parrot-groundsdk/out/olympe-linux/build/libpdraw/obj/src/pdraw_avcdecoder.cpp.o
 .text          0x0000000000000000        0x0 /home/zxli/code/parrot-groundsdk/out/olympe-linux/build/libpdraw/obj/src/pdraw_avcdecoder.cpp.o
 .data          0x0000000000000000        0x0 /home/zxli/code/parrot-groundsdk/out/olympe-linux/build/libpdraw/obj/src/pdraw_avcdecoder.cpp.o
[...]
Memory Configuration

Name             Origin             Length             Attributes
*default*        0x0000000000000000 0xffffffffffffffff

Linker script and memory map

LOAD /usr/lib/gcc/x86_64-linux-gnu/7/../../../x86_64-linux-gnu/crti.o
LOAD /usr/lib/gcc/x86_64-linux-gnu/7/crtbeginS.o
LOAD /home/zxli/code/parrot-groundsdk/out/olympe-linux/build/libpdraw/obj/src/pdraw_avcdecoder.cpp.o
LOAD /home/zxli/code/parrot-groundsdk/out/olympe-linux/build/libpdraw/obj/src/pdraw_channel.cpp.o
LOAD /home/zxli/code/parrot-groundsdk/out/olympe-linux/build/libpdraw/obj/src/pdraw_demuxer_record.cpp.o
LOAD /home/zxli/code/parrot-groundsdk/out/olympe-linux/build/libpdraw/obj/src/pdraw_demuxer_stream.cpp.o
LOAD /home/zxli/code/parrot-groundsdk/out/olympe-linux/build/libpdraw/obj/src/pdraw_demuxer_stream_mux.cpp.o
LOAD /home/zxli/code/parrot-groundsdk/out/olympe-linux/build/libpdraw/obj/src/pdraw_demuxer_stream_net.cpp.o
LOAD /home/zxli/code/parrot-groundsdk/out/olympe-linux/build/libpdraw/obj/src/pdraw_element.cpp.o
LOAD /home/zxli/code/parrot-groundsdk/out/olympe-linux/build/libpdraw/obj/src/pdraw_gles2_hmd.cpp.o
LOAD /home/zxli/code/parrot-groundsdk/out/olympe-linux/build/libpdraw/obj/src/pdraw_gles2_hmd_colors.cpp.o
LOAD /home/zxli/code/parrot-groundsdk/out/olympe-linux/build/libpdraw/obj/src/pdraw_gles2_hmd_indices.cpp.o
LOAD /home/zxli/code/parrot-groundsdk/out/olympe-linux/build/libpdraw/obj/src/pdraw_gles2_hmd_positions_cockpitglasses.cpp.o
LOAD /home/zxli/code/parrot-groundsdk/out/olympe-linux/build/libpdraw/obj/src/pdraw_gles2_hmd_positions_cockpitglasses2.cpp.o
LOAD /home/zxli/code/parrot-groundsdk/out/olympe-linux/build/libpdraw/obj/src/pdraw_gles2_hmd_shaders.cpp.o
LOAD /home/zxli/code/parrot-groundsdk/out/olympe-linux/build/libpdraw/obj/src/pdraw_gles2_hmd_texcoords.cpp.o
LOAD /home/zxli/code/parrot-groundsdk/out/olympe-linux/build/libpdraw/obj/src/pdraw_gles2_hmd_texcoords_cockpitglasses_blue.cpp.o
LOAD /home/zxli/code/parrot-groundsdk/out/olympe-linux/build/libpdraw/obj/src/pdraw_gles2_hmd_texcoords_cockpitglasses_red.cpp.o
LOAD /home/zxli/code/parrot-groundsdk/out/olympe-linux/build/libpdraw/obj/src/pdraw_gles2_video.cpp.o
LOAD /home/zxli/code/parrot-groundsdk/out/olympe-linux/build/libpdraw/obj/src/pdraw_media.cpp.o
LOAD /home/zxli/code/parrot-groundsdk/out/olympe-linux/build/libpdraw/obj/src/pdraw_metadata_session.cpp.o
LOAD /home/zxli/code/parrot-groundsdk/out/olympe-linux/build/libpdraw/obj/src/pdraw_renderer.cpp.o
LOAD /home/zxli/code/parrot-groundsdk/out/olympe-linux/build/libpdraw/obj/src/pdraw_renderer_gles2.cpp.o
LOAD /home/zxli/code/parrot-groundsdk/out/olympe-linux/build/libpdraw/obj/src/pdraw_renderer_videocoreegl.cpp.o
LOAD /home/zxli/code/parrot-groundsdk/out/olympe-linux/build/libpdraw/obj/src/pdraw_session.cpp.o
LOAD /home/zxli/code/parrot-groundsdk/out/olympe-linux/build/libpdraw/obj/src/pdraw_settings.cpp.o
LOAD /home/zxli/code/parrot-groundsdk/out/olympe-linux/build/libpdraw/obj/src/pdraw_sink.cpp.o
LOAD /home/zxli/code/parrot-groundsdk/out/olympe-linux/build/libpdraw/obj/src/pdraw_sink_video.cpp.o
LOAD /home/zxli/code/parrot-groundsdk/out/olympe-linux/build/libpdraw/obj/src/pdraw_socket_inet.cpp.o
LOAD /home/zxli/code/parrot-groundsdk/out/olympe-linux/build/libpdraw/obj/src/pdraw_source.cpp.o
LOAD /home/zxli/code/parrot-groundsdk/out/olympe-linux/build/libpdraw/obj/src/pdraw_utils.cpp.o
LOAD /home/zxli/code/parrot-groundsdk/out/olympe-linux/build/libpdraw/obj/src/pdraw_wrapper.cpp.o
LOAD /home/zxli/code/parrot-groundsdk/out/olympe-linux/staging/usr/lib/libfutils.so
LOAD /home/zxli/code/parrot-groundsdk/out/olympe-linux/staging/usr/lib/libh264.so
LOAD /home/zxli/code/parrot-groundsdk/out/olympe-linux/staging/usr/lib/libmp4.so
LOAD /home/zxli/code/parrot-groundsdk/out/olympe-linux/staging/usr/lib/libpomp.so
LOAD /home/zxli/code/parrot-groundsdk/out/olympe-linux/staging/usr/lib/librtsp.so
LOAD /home/zxli/code/parrot-groundsdk/out/olympe-linux/staging/usr/lib/libsdp.so
LOAD /home/zxli/code/parrot-groundsdk/out/olympe-linux/staging/usr/lib/libulog.so
LOAD /home/zxli/code/parrot-groundsdk/out/olympe-linux/staging/usr/lib/libvideo-buffers.so
LOAD /home/zxli/code/parrot-groundsdk/out/olympe-linux/staging/usr/lib/libvideo-buffers-generic.so
LOAD /home/zxli/code/parrot-groundsdk/out/olympe-linux/staging/usr/lib/libvideo-decode.so
LOAD /home/zxli/code/parrot-groundsdk/out/olympe-linux/staging/usr/lib/libvideo-metadata.so
LOAD /home/zxli/code/parrot-groundsdk/out/olympe-linux/staging/usr/lib/libvideo-streaming.so
LOAD /home/zxli/code/parrot-groundsdk/out/olympe-linux/staging/usr/lib/libmux.so
LOAD /usr/lib/gcc/x86_64-linux-gnu/7/../../../x86_64-linux-gnu/libglfw.so
LOAD /usr/lib/gcc/x86_64-linux-gnu/7/../../../x86_64-linux-gnu/libGL.so
LOAD /home/zxli/code/parrot-groundsdk/out/olympe-linux/staging/usr/lib/libjson-c.so
LOAD /usr/lib/gcc/x86_64-linux-gnu/7/../../../x86_64-linux-gnu/librt.so
LOAD /usr/lib/gcc/x86_64-linux-gnu/7/libstdc++.so
LOAD /usr/lib/gcc/x86_64-linux-gnu/7/../../../x86_64-linux-gnu/libm.so
START GROUP
LOAD /lib/x86_64-linux-gnu/libm.so.6
LOAD /usr/lib/x86_64-linux-gnu/libmvec_nonshared.a
LOAD /lib/x86_64-linux-gnu/libmvec.so.1
END GROUP
LOAD /usr/lib/gcc/x86_64-linux-gnu/7/libgcc_s.so
START GROUP
LOAD /usr/lib/gcc/x86_64-linux-gnu/7/libgcc_s.so.1
LOAD /usr/lib/gcc/x86_64-linux-gnu/7/libgcc.a
END GROUP
LOAD /usr/lib/gcc/x86_64-linux-gnu/7/../../../x86_64-linux-gnu/libpthread.so
START GROUP
LOAD /lib/x86_64-linux-gnu/libpthread.so.0
LOAD /usr/lib/x86_64-linux-gnu/libpthread_nonshared.a
END GROUP
LOAD /usr/lib/gcc/x86_64-linux-gnu/7/../../../x86_64-linux-gnu/libc.so
START GROUP
LOAD /lib/x86_64-linux-gnu/libc.so.6
LOAD /usr/lib/x86_64-linux-gnu/libc_nonshared.a
LOAD /lib/x86_64-linux-gnu/ld-linux-x86-64.so.2
END GROUP
LOAD /usr/lib/gcc/x86_64-linux-gnu/7/libgcc_s.so
START GROUP
LOAD /usr/lib/gcc/x86_64-linux-gnu/7/libgcc_s.so.1
LOAD /usr/lib/gcc/x86_64-linux-gnu/7/libgcc.a
END GROUP
LOAD /usr/lib/gcc/x86_64-linux-gnu/7/crtendS.o
LOAD /usr/lib/gcc/x86_64-linux-gnu/7/../../../x86_64-linux-gnu/crtn.o
                0x00000000000001c8                . = (SEGMENT_START ("text-segment", 0x0) + SIZEOF_HEADERS)

.note.gnu.build-id
                0x00000000000001c8       0x24
 *(.note.gnu.build-id)
 .note.gnu.build-id
                0x00000000000001c8       0x24 /usr/lib/gcc/x86_64-linux-gnu/7/../../../x86_64-linux-gnu/crti.o

.hash
 *(.hash)

.gnu.hash       0x00000000000001f0      0x3b4
 *(.gnu.hash)
 .gnu.hash      0x00000000000001f0      0x3b4 /usr/lib/gcc/x86_64-linux-gnu/7/../../../x86_64-linux-gnu/crti.o

.dynsym         0x00000000000005a8     0x20a0
 *(.dynsym)
 .dynsym        0x00000000000005a8     0x20a0 /usr/lib/gcc/x86_64-linux-gnu/7/../../../x86_64-linux-gnu/crti.o

.dynstr         0x0000000000002648     0x20ae
 *(.dynstr)
 .dynstr        0x0000000000002648     0x20ae /usr/lib/gcc/x86_64-linux-gnu/7/../../../x86_64-linux-gnu/crti.o

.gnu.version    0x00000000000046f6      0x2b8
 *(.gnu.version)
 .gnu.version   0x00000000000046f6      0x2b8 /usr/lib/gcc/x86_64-linux-gnu/7/../../../x86_64-linux-gnu/crti.o

.gnu.version_d  0x00000000000049b0        0x0
 *(.gnu.version_d)
 .gnu.version_d
                0x00000000000049b0        0x0 /usr/lib/gcc/x86_64-linux-gnu/7/../../../x86_64-linux-gnu/crti.o

.gnu.version_r  0x00000000000049b0      0x120
 *(.gnu.version_r)
 .gnu.version_r
                0x00000000000049b0      0x120 /usr/lib/gcc/x86_64-linux-gnu/7/../../../x86_64-linux-gnu/crti.o

.rela.dyn       0x0000000000004ad0     0x3048
 *(.rela.init)
 *(.rela.text .rela.text.* .rela.gnu.linkonce.t.*)
 .rela.text     0x0000000000004ad0        0x0 /usr/lib/gcc/x86_64-linux-gnu/7/../../../x86_64-linux-gnu/crti.o
 .rela.text._ZN5Pdraw10AvcDecoder17onChannelTeardownEPNS_7ChannelE
                0x0000000000004ad0        0x0 /usr/lib/gcc/x86_64-linux-gnu/7/../../../x86_64-linux-gnu/crti.o
 .rela.text._ZN5Pdraw10AvcDecoderD2Ev
                0x0000000000004ad0        0x0 /usr/lib/gcc/x86_64-linux-gnu/7/../../../x86_64-linux-gnu/crti.o
 .rela.text._ZN5Pdraw10AvcDecoderD0Ev
                0x0000000000004ad0        0x0 /usr/lib/gcc/x86_64-linux-gnu/7/../../../x86_64-linux-gnu/crti.o
 .rela.text._ZN5Pdraw10AvcDecoder5startEv
                0x0000000000004ad0        0x0 /usr/lib/gcc/x86_64-linux-gnu/7/../../../x86_64-linux-gnu/crti.o
 .rela.text._ZN5Pdraw10AvcDecoder7flushCbEP12vdec_decoderPv
                0x0000000000004ad0        0x0 /usr/lib/gcc/x86_64-linux-gnu/7/../../../x86_64-linux-gnu/crti.o
 .rela.text._ZN5Pdraw10AvcDecoder6stopCbEP12vdec_decoderPv
                0x0000000000004ad0        0x0 /usr/lib/gcc/x86_64-linux-gnu/7/../../../x86_64-linux-gnu/crti.o
 .rela.text._ZN5Pdraw10AvcDecoder13frameOutputCbEP12vdec_decoderiP11vbuf_bufferPv
                0x0000000000004ad0        0x0 /usr/lib/gcc/x86_64-linux-gnu/7/../../../x86_64-linux-gnu/crti.o
 .rela.text._ZN5Pdraw10AvcDecoder16onChannelFlushedEPNS_7ChannelE
                0x0000000000004ad0        0x0 /usr/lib/gcc/x86_64-linux-gnu/7/../../../x86_64-linux-gnu/crti.o
 .rela.text._ZN5Pdraw10AvcDecoder7tryStopEv.part.13
                0x0000000000004ad0        0x0 /usr/lib/gcc/x86_64-linux-gnu/7/../../../x86_64-linux-gnu/crti.o
 .rela.text._ZN5Pdraw10AvcDecoderC2EPNS_7SessionEPNS_7Element8ListenerEPNS_6Source8ListenerE
                0x0000000000004ad0        0x0 /usr/lib/gcc/x86_64-linux-gnu/7/../../../x86_64-linux-gnu/crti.o
 .rela.text._ZN5Pdraw10AvcDecoder12completeStopEv
                0x0000000000004ad0        0x0 /usr/lib/gcc/x86_64-linux-gnu/7/../../../x86_64-linux-gnu/crti.o
 .rela.text._ZN5Pdraw10AvcDecoder6resyncEv
                0x0000000000004ad0        0x0 /usr/lib/gcc/x86_64-linux-gnu/7/../../../x86_64-linux-gnu/crti.o
 .rela.text._ZN5Pdraw10AvcDecoder14completeResyncEv
                0x0000000000004ad0        0x0 /usr/lib/gcc/x86_64-linux-gnu/7/../../../x86_64-linux-gnu/crti.o
 .rela.text._ZN5Pdraw10AvcDecoder13completeFlushEv.part.14
                0x0000000000004ad0        0x0 /usr/lib/gcc/x86_64-linux-gnu/7/../../../x86_64-linux-gnu/crti.o
 .rela.text._ZN5Pdraw10AvcDecoder5flushEv
                0x0000000000004ad0        0x0 /usr/lib/gcc/x86_64-linux-gnu/7/../../../x86_64-linux-gnu/crti.o
 .rela.text._ZN5Pdraw10AvcDecoder4stopEv
                0x0000000000004ad0        0x0 /usr/lib/gcc/x86_64-linux-gnu/7/../../../x86_64-linux-gnu/crti.o
 .rela.text._ZN5Pdraw10AvcDecoder14onChannelFlushEPNS_7ChannelE
                0x0000000000004ad0        0x0 /usr/lib/gcc/x86_64-linux-gnu/7/../../../x86_64-linux-gnu/crti.o
 .rela.text._ZN5Pdraw10AvcDecoder14onChannelQueueEPNS_7ChannelEP11vbuf_buffer
                0x0000000000004ad0        0x0 /usr/lib/gcc/x86_64-linux-gnu/7/../../../x86_64-linux-gnu/crti.o
 .rela.text._ZN5Pdraw10AvcDecoder15onChannelUnlinkEPNS_7ChannelE
                0x0000000000004ad0        0x0 /usr/lib/gcc/x86_64-linux-gnu/7/../../../x86_64-linux-gnu/crti.o
 .rela.text._ZN5Pdraw10AvcDecoder12onChannelSosEPNS_7ChannelE
                0x0000000000004ad0        0x0 /usr/lib/gcc/x86_64-linux-gnu/7/../../../x86_64-linux-gnu/crti.o
 .rela.text._ZN5Pdraw10AvcDecoder12onChannelEosEPNS_7ChannelE
                0x0000000000004ad0        0x0 /usr/lib/gcc/x86_64-linux-gnu/7/../../../x86_64-linux-gnu/crti.o
 .rela.text._ZN5Pdraw10AvcDecoder20onChannelReconfigureEPNS_7ChannelE
                0x0000000000004ad0        0x0 /usr/lib/gcc/x86_64-linux-gnu/7/../../../x86_64-linux-gnu/crti.o
 .rela.text._ZN5Pdraw10AvcDecoder16onChannelTimeoutEPNS_7ChannelE
                0x0000000000004ad0        0x0 /usr/lib/gcc/x86_64-linux-gnu/7/../../../x86_64-linux-gnu/crti.o
 .rela.text._ZN5Pdraw10AvcDecoder21onChannelPhotoTriggerEPNS_7ChannelE
                0x0000000000004ad0        0x0 /usr/lib/gcc/x86_64-linux-gnu/7/../../../x86_64-linux-gnu/crti.o
 .rela.text._ZN5Pdraw7Channel5queueEP11vbuf_buffer
                0x0000000000004ad0        0x0 /usr/lib/gcc/x86_64-linux-gnu/7/../../../x86_64-linux-gnu/crti.o
 .rela.text._ZN5Pdraw7Channel5flushEv
                0x0000000000004ad0        0x0 /usr/lib/gcc/x86_64-linux-gnu/7/../../../x86_64-linux-gnu/crti.o
 .rela.text._ZN5Pdraw7Channel9flushDoneEv
                0x0000000000004ad0        0x0 /usr/lib/gcc/x86_64-linux-gnu/7/../../../x86_64-linux-gnu/crti.o
 .rela.text._ZN5Pdraw7Channel6resyncEv
                0x0000000000004ad0        0x0 /usr/lib/gcc/x86_64-linux-gnu/7/../../../x86_64-linux-gnu/crti.o
 .rela.text._ZN5Pdraw7Channel8teardownEv
                0x0000000000004ad0        0x0 /usr/lib/gcc/x86_64-linux-gnu/7/../../../x86_64-linux-gnu/crti.o
 .rela.text._ZN5Pdraw7Channel6unlinkEv
                0x0000000000004ad0        0x0 /usr/lib/gcc/x86_64-linux-gnu/7/../../../x86_64-linux-gnu/crti.o
 .rela.text._ZN5Pdraw7Channel19sendDownstreamEventENS0_15DownstreamEventE
                0x0000000000004ad0        0x0 /usr/lib/gcc/x86_64-linux-gnu/7/../../../x86_64-linux-gnu/crti.o
 .rela.text._ZN5Pdraw13RecordDemuxerD2Ev
                0x0000000000004ad0        0x0 /usr/lib/gcc/x86_64-linux-gnu/7/../../../x86_64-linux-gnu/crti.o
 .rela.text._ZN5Pdraw13RecordDemuxerD0Ev
                0x0000000000004ad0        0x0 /usr/lib/gcc/x86_64-linux-gnu/7/../../../x86_64-linux-gnu/crti.o
 .rela.text._ZN5Pdraw13RecordDemuxer8isPausedEv
                0x0000000000004ad0        0x0 /usr/lib/gcc/x86_64-linux-gnu/7/../../../x86_64-linux-gnu/crti.o
 .rela.text._ZN5Pdraw13RecordDemuxer4seekElb
                0x0000000000004ad0        0x0 /usr/lib/gcc/x86_64-linux-gnu/7/../../../x86_64-linux-gnu/crti.o
 .rela.text._ZN5Pdraw13RecordDemuxer4stopEv
                0x0000000000004ad0        0x0 /usr/lib/gcc/x86_64-linux-gnu/7/../../../x86_64-linux-gnu/crti.o
 .rela.text._ZN5Pdraw13RecordDemuxer8previousEv
                0x0000000000004ad0        0x0 /usr/lib/gcc/x86_64-linux-gnu/7/../../../x86_64-linux-gnu/crti.o
 .rela.text._ZN5Pdraw13RecordDemuxer4nextEv
                0x0000000000004ad0        0x0 /usr/lib/gcc/x86_64-linux-gnu/7/../../../x86_64-linux-gnu/crti.o
 .rela.text._ZN5Pdraw13RecordDemuxer17h264UserDataSeiCbEP8h264_ctxPKhmPK31h264_sei_user_data_unregisteredPv
                0x0000000000004ad0        0x0 /usr/lib/gcc/x86_64-linux-gnu/7/../../../x86_64-linux-gnu/crti.o
 .rela.text._ZN5Pdraw13RecordDemuxer7timerCbEP10pomp_timerPv
                0x0000000000004ad0        0x0 /usr/lib/gcc/x86_64-linux-gnu/7/../../../x86_64-linux-gnu/crti.o
 .rela.text._ZN5Pdraw13RecordDemuxer16onChannelFlushedEPNS_7ChannelE
                0x0000000000004ad0        0x0 /usr/lib/gcc/x86_64-linux-gnu/7/../../../x86_64-linux-gnu/crti.o
 .rela.text._ZN5Pdraw13RecordDemuxer4playEf
                0x0000000000004ad0        0x0 /usr/lib/gcc/x86_64-linux-gnu/7/../../../x86_64-linux-gnu/crti.o
 .rela.text._ZN5Pdraw13RecordDemuxer6seekToEmb
                0x0000000000004ad0        0x0 /usr/lib/gcc/x86_64-linux-gnu/7/../../../x86_64-linux-gnu/crti.o
 .rela.text._ZN5Pdraw13RecordDemuxer5flushEv
                0x0000000000004ad0        0x0 /usr/lib/gcc/x86_64-linux-gnu/7/../../../x86_64-linux-gnu/crti.o
 .rela.text._ZN5Pdraw13RecordDemuxerC2EPNS_7SessionEPNS_7Element8ListenerEPNS_6Source8ListenerEPNS_7Demuxer8ListenerE
                0x0000000000004ad0        0x0 /usr/lib/gcc/x86_64-linux-gnu/7/../../../x86_64-linux-gnu/crti.o
 .rela.text._ZN5Pdraw13RecordDemuxer20fetchSessionMetadataEv
                0x0000000000004ad0        0x0 /usr/lib/gcc/x86_64-linux-gnu/7/../../../x86_64-linux-gnu/crti.o
 .rela.text._ZN5Pdraw13RecordDemuxer13addVideoTrackEP14mp4_track_info
                0x0000000000004ad0        0x0 /usr/lib/gcc/x86_64-linux-gnu/7/../../../x86_64-linux-gnu/crti.o
 .rela.text._ZN5Pdraw13RecordDemuxer5startEv
                0x0000000000004ad0        0x0 /usr/lib/gcc/x86_64-linux-gnu/7/../../../x86_64-linux-gnu/crti.o
 .rela.text._ZN5Pdraw13RecordDemuxer5setupERKNSt7__cxx1112basic_stringIcSt11char_traitsIcESaIcEEE
                0x0000000000004ad0        0x0 /usr/lib/gcc/x86_64-linux-gnu/7/../../../x86_64-linux-gnu/crti.o
 .rela.text._ZN5Pdraw13RecordDemuxer16completeTeardownEv
                0x0000000000004ad0        0x0 /usr/lib/gcc/x86_64-linux-gnu/7/../../../x86_64-linux-gnu/crti.o
 .rela.text._ZN5Pdraw13RecordDemuxer15onChannelUnlinkEPNS_7ChannelE
                0x0000000000004ad0        0x0 /usr/lib/gcc/x86_64-linux-gnu/7/../../../x86_64-linux-gnu/crti.o
 .rela.text._ZN5Pdraw13StreamDemuxer8idleStopEPv
                0x0000000000004ad0        0x0 /usr/lib/gcc/x86_64-linux-gnu/7/../../../x86_64-linux-gnu/crti.o
 .rela.text._ZN5Pdraw13StreamDemuxer21onRtspConnectionStateEP11rtsp_client22rtsp_client_conn_statePv
                0x0000000000004ad0        0x0 /usr/lib/gcc/x86_64-linux-gnu/7/../../../x86_64-linux-gnu/crti.o
 .rela.text._ZN5Pdraw13StreamDemuxer17onRtspOptionsRespEP11rtsp_client22rtsp_client_req_statusijPvS4_
                0x0000000000004ad0        0x0 /usr/lib/gcc/x86_64-linux-gnu/7/../../../x86_64-linux-gnu/crti.o
 .rela.text._ZN5Pdraw13StreamDemuxer15onRtspSetupRespEP11rtsp_clientPKc22rtsp_client_req_statusittijPvS6_
                0x0000000000004ad0        0x0 /usr/lib/gcc/x86_64-linux-gnu/7/../../../x86_64-linux-gnu/crti.o
 .rela.text._ZN5Pdraw13StreamDemuxer18idleRtspDisconnectEPv
                0x0000000000004ad0        0x0 /usr/lib/gcc/x86_64-linux-gnu/7/../../../x86_64-linux-gnu/crti.o
 .rela.text._ZN5Pdraw13StreamDemuxer14frameTimeoutCbEP10pomp_timerPv
                0x0000000000004ad0        0x0 /usr/lib/gcc/x86_64-linux-gnu/7/../../../x86_64-linux-gnu/crti.o
 .rela.text._ZN5Pdraw13StreamDemuxer8isPausedEv
                0x0000000000004ad0        0x0 /usr/lib/gcc/x86_64-linux-gnu/7/../../../x86_64-linux-gnu/crti.o
 .rela.text._ZN5Pdraw13StreamDemuxer4nextEv
                0x0000000000004ad0        0x0 /usr/lib/gcc/x86_64-linux-gnu/7/../../../x86_64-linux-gnu/crti.o
 .rela.text._ZN5Pdraw13StreamDemuxer4seekElb
                0x0000000000004ad0        0x0 /usr/lib/gcc/x86_64-linux-gnu/7/../../../x86_64-linux-gnu/crti.o
 .rela.text._ZN5Pdraw13StreamDemuxer14onRtspPlayRespEP11rtsp_clientPKc22rtsp_client_req_statusiPK10rtsp_rangefitijPvS9_
                0x0000000000004ad0        0x0 /usr/lib/gcc/x86_64-linux-gnu/7/../../../x86_64-linux-gnu/crti.o
 .rela.text._ZN5Pdraw13StreamDemuxer4stopEv
                0x0000000000004ad0        0x0 /usr/lib/gcc/x86_64-linux-gnu/7/../../../x86_64-linux-gnu/crti.o
 .rela.text._ZN5Pdraw13StreamDemuxer5flushEv
                0x0000000000004ad0        0x0 /usr/lib/gcc/x86_64-linux-gnu/7/../../../x86_64-linux-gnu/crti.o
 .rela.text._ZN5Pdraw13StreamDemuxer6seekToEmb
                0x0000000000004ad0        0x0 /usr/lib/gcc/x86_64-linux-gnu/7/../../../x86_64-linux-gnu/crti.o
 .rela.text._ZN5Pdraw13StreamDemuxer17h264UserDataSeiCbEP8h264_ctxPKhmPK31h264_sei_user_data_unregisteredPv
                0x0000000000004ad0        0x0 /usr/lib/gcc/x86_64-linux-gnu/7/../../../x86_64-linux-gnu/crti.o
 .rela.text._ZN5Pdraw13StreamDemuxer12rangeTimerCbEP10pomp_timerPv
                0x0000000000004ad0        0x0 /usr/lib/gcc/x86_64-linux-gnu/7/../../../x86_64-linux-gnu/crti.o
 .rela.text._ZN5Pdraw13StreamDemuxer28sessionMetadataPeerChangedCbEP14vstrm_receiverPK13vmeta_sessionPv
                0x0000000000004ad0        0x0 /usr/lib/gcc/x86_64-linux-gnu/7/../../../x86_64-linux-gnu/crti.o
 .rela.text._ZN5Pdraw13StreamDemuxer9goodbyeCbEP14vstrm_receiverPKcPv
                0x0000000000004ad0        0x0 /usr/lib/gcc/x86_64-linux-gnu/7/../../../x86_64-linux-gnu/crti.o
 .rela.text._ZN5Pdraw13StreamDemuxer12internalPlayEf.part.28
                0x0000000000004ad0        0x0 /usr/lib/gcc/x86_64-linux-gnu/7/../../../x86_64-linux-gnu/crti.o
 .rela.text._ZN5Pdraw13StreamDemuxer20onRtspSessionRemovedEP11rtsp_clientPKciPv
                0x0000000000004ad0        0x0 /usr/lib/gcc/x86_64-linux-gnu/7/../../../x86_64-linux-gnu/crti.o
 .rela.text._ZN5Pdraw13StreamDemuxer18onRtspTeardownRespEP11rtsp_clientPKc22rtsp_client_req_statusiPvS6_
                0x0000000000004ad0        0x0 /usr/lib/gcc/x86_64-linux-gnu/7/../../../x86_64-linux-gnu/crti.o
 .rela.text._ZN5Pdraw13StreamDemuxer15onRtspPauseRespEP11rtsp_clientPKc22rtsp_client_req_statusiPK10rtsp_rangePvS9_
                0x0000000000004ad0        0x0 /usr/lib/gcc/x86_64-linux-gnu/7/../../../x86_64-linux-gnu/crti.o
 .rela.text._ZN5Pdraw13StreamDemuxer8previousEv
                0x0000000000004ad0        0x0 /usr/lib/gcc/x86_64-linux-gnu/7/../../../x86_64-linux-gnu/crti.o
 .rela.text._ZN5Pdraw13StreamDemuxerC2EPNS_7SessionEPNS_7Element8ListenerEPNS_6Source8ListenerEPNS_7Demuxer8ListenerE
                0x0000000000004ad0        0x0 /usr/lib/gcc/x86_64-linux-gnu/7/../../../x86_64-linux-gnu/crti.o
 .rela.text._ZN5Pdraw13StreamDemuxerD2Ev
                0x0000000000004ad0        0x0 /usr/lib/gcc/x86_64-linux-gnu/7/../../../x86_64-linux-gnu/crti.o
 .rela.text._ZN5Pdraw13StreamDemuxer22sessionMetadataFromSdpEP11sdp_sessionP9sdp_mediaP13vmeta_session
                0x0000000000004ad0        0x0 /usr/lib/gcc/x86_64-linux-gnu/7/../../../x86_64-linux-gnu/crti.o
 .rela.text._ZN5Pdraw13StreamDemuxer9startRtspERKNSt7__cxx1112basic_stringIcSt11char_traitsIcESaIcEEE
                0x0000000000004ad0        0x0 /usr/lib/gcc/x86_64-linux-gnu/7/../../../x86_64-linux-gnu/crti.o
 .rela.text._ZN5Pdraw13StreamDemuxer5startEv
                0x0000000000004ad0        0x0 /usr/lib/gcc/x86_64-linux-gnu/7/../../../x86_64-linux-gnu/crti.o
 .rela.text._ZN5Pdraw13StreamDemuxer8onNewSdpEPKcS2_
                0x0000000000004ad0        0x0 /usr/lib/gcc/x86_64-linux-gnu/7/../../../x86_64-linux-gnu/crti.o
 .rela.text._ZN5Pdraw13StreamDemuxer18onRtspDescribeRespEP11rtsp_client22rtsp_client_req_statusiPKcS5_PvS6_
                0x0000000000004ad0        0x0 /usr/lib/gcc/x86_64-linux-gnu/7/../../../x86_64-linux-gnu/crti.o
 .rela.text._ZN5Pdraw13StreamDemuxer14onRtspAnnounceEP11rtsp_clientPKcS4_Pv
                0x0000000000004ad0        0x0 /usr/lib/gcc/x86_64-linux-gnu/7/../../../x86_64-linux-gnu/crti.o
 .rela.text._ZN5Pdraw13StreamDemuxer13internalPauseEv
                0x0000000000004ad0        0x0 /usr/lib/gcc/x86_64-linux-gnu/7/../../../x86_64-linux-gnu/crti.o
 .rela.text._ZN5Pdraw13StreamDemuxer4playEf
                0x0000000000004ad0        0x0 /usr/lib/gcc/x86_64-linux-gnu/7/../../../x86_64-linux-gnu/crti.o
 .rela.text._ZN5Pdraw13StreamDemuxer15destroyReceiverEv
                0x0000000000004ad0        0x0 /usr/lib/gcc/x86_64-linux-gnu/7/../../../x86_64-linux-gnu/crti.o
 .rela.text._ZN5Pdraw13StreamDemuxer14createReceiverEv
                0x0000000000004ad0        0x0 /usr/lib/gcc/x86_64-linux-gnu/7/../../../x86_64-linux-gnu/crti.o
 .rela.text._ZN5Pdraw13StreamDemuxer12processFrameEP11vstrm_frame
                0x0000000000004ad0        0x0 /usr/lib/gcc/x86_64-linux-gnu/7/../../../x86_64-linux-gnu/crti.o
 .rela.text._ZN5Pdraw13StreamDemuxer11recvFrameCbEP14vstrm_receiverP11vstrm_framePv
                0x0000000000004ad0        0x0 /usr/lib/gcc/x86_64-linux-gnu/7/../../../x86_64-linux-gnu/crti.o
 .rela.text._ZN5Pdraw13StreamDemuxer12idrFrameSyncEv
                0x0000000000004ad0        0x0 /usr/lib/gcc/x86_64-linux-gnu/7/../../../x86_64-linux-gnu/crti.o
 .rela.text._ZN5Pdraw13StreamDemuxer16onChannelFlushedEPNS_7ChannelE
                0x0000000000004ad0        0x0 /usr/lib/gcc/x86_64-linux-gnu/7/../../../x86_64-linux-gnu/crti.o
 .rela.text._ZN5Pdraw13StreamDemuxer15onChannelResyncEPNS_7ChannelE
                0x0000000000004ad0        0x0 /usr/lib/gcc/x86_64-linux-gnu/7/../../../x86_64-linux-gnu/crti.o
 .rela.text._ZN5Pdraw13StreamDemuxer15setupInputMediaEv
                0x0000000000004ad0        0x0 /usr/lib/gcc/x86_64-linux-gnu/7/../../../x86_64-linux-gnu/crti.o
 .rela.text._ZN5Pdraw13StreamDemuxer16completeTeardownEv
                0x0000000000004ad0        0x0 /usr/lib/gcc/x86_64-linux-gnu/7/../../../x86_64-linux-gnu/crti.o
 .rela.text._ZN5Pdraw13StreamDemuxer15onChannelUnlinkEPNS_7ChannelE
                0x0000000000004ad0        0x0 /usr/lib/gcc/x86_64-linux-gnu/7/../../../x86_64-linux-gnu/crti.o
 .rela.text._ZN5Pdraw13StreamDemuxer18codecInfoChangedCbEP14vstrm_receiverPK16vstrm_codec_infoPv
                0x0000000000004ad0        0x0 /usr/lib/gcc/x86_64-linux-gnu/7/../../../x86_64-linux-gnu/crti.o
 .rela.text._ZN5Pdraw16StreamDemuxerMux11startRtpAvpEv
                0x0000000000004ad0        0x0 /usr/lib/gcc/x86_64-linux-gnu/7/../../../x86_64-linux-gnu/crti.o
 .rela.text._ZN5Pdraw16StreamDemuxerMux10stopRtpAvpEv
                0x0000000000004ad0        0x0 /usr/lib/gcc/x86_64-linux-gnu/7/../../../x86_64-linux-gnu/crti.o
 .rela.text._ZN5Pdraw16StreamDemuxerMux6dataCbEP7mux_ctxj17mux_channel_eventP11pomp_bufferPv
                0x0000000000004ad0        0x0 /usr/lib/gcc/x86_64-linux-gnu/7/../../../x86_64-linux-gnu/crti.o
 .rela.text._ZN5Pdraw16StreamDemuxerMux6ctrlCbEP7mux_ctxj17mux_channel_eventP11pomp_bufferPv
                0x0000000000004ad0        0x0 /usr/lib/gcc/x86_64-linux-gnu/7/../../../x86_64-linux-gnu/crti.o
 .rela.text._ZN5Pdraw16StreamDemuxerMux5rtpCbEP7mux_ctxj17mux_channel_eventP11pomp_bufferPv
                0x0000000000004ad0        0x0 /usr/lib/gcc/x86_64-linux-gnu/7/../../../x86_64-linux-gnu/crti.o
 .rela.text._ZN5Pdraw16StreamDemuxerMuxD2Ev
                0x0000000000004ad0        0x0 /usr/lib/gcc/x86_64-linux-gnu/7/../../../x86_64-linux-gnu/crti.o
 .rela.text._ZN5Pdraw16StreamDemuxerMuxD0Ev
                0x0000000000004ad0        0x0 /usr/lib/gcc/x86_64-linux-gnu/7/../../../x86_64-linux-gnu/crti.o
 .rela.text._ZN5Pdraw16StreamDemuxerMux8sendCtrlEP14vstrm_receiverP11pomp_buffer
                0x0000000000004ad0        0x0 /usr/lib/gcc/x86_64-linux-gnu/7/../../../x86_64-linux-gnu/crti.o
 .rela.text._ZN5Pdraw16StreamDemuxerMuxC2EPNS_7SessionEPNS_7Element8ListenerEPNS_6Source8ListenerEPNS_7Demuxer8ListenerE
                0x0000000000004ad0        0x0 /usr/lib/gcc/x86_64-linux-gnu/7/../../../x86_64-linux-gnu/crti.o
 .rela.text._ZN5Pdraw16StreamDemuxerMux5setupERKNSt7__cxx1112basic_stringIcSt11char_traitsIcESaIcEEEP7mux_ctx
                0x0000000000004ad0        0x0 /usr/lib/gcc/x86_64-linux-gnu/7/../../../x86_64-linux-gnu/crti.o
 .rela.text._ZN5Pdraw16StreamDemuxerNet10stopRtpAvpEv
                0x0000000000004ad0        0x0 /usr/lib/gcc/x86_64-linux-gnu/7/../../../x86_64-linux-gnu/crti.o
 .rela.text._ZN5Pdraw16StreamDemuxerNetD2Ev
                0x0000000000004ad0        0x0 /usr/lib/gcc/x86_64-linux-gnu/7/../../../x86_64-linux-gnu/crti.o
 .rela.text._ZN5Pdraw16StreamDemuxerNetD0Ev
                0x0000000000004ad0        0x0 /usr/lib/gcc/x86_64-linux-gnu/7/../../../x86_64-linux-gnu/crti.o
 .rela.text._ZN5Pdraw16StreamDemuxerNet6dataCbEijPv
                0x0000000000004ad0        0x0 /usr/lib/gcc/x86_64-linux-gnu/7/../../../x86_64-linux-gnu/crti.o
 .rela.text._ZN5Pdraw16StreamDemuxerNet6ctrlCbEijPv
                0x0000000000004ad0        0x0 /usr/lib/gcc/x86_64-linux-gnu/7/../../../x86_64-linux-gnu/crti.o
 .rela.text._ZN5Pdraw16StreamDemuxerNet8sendCtrlEP14vstrm_receiverP11pomp_buffer
                0x0000000000004ad0        0x0 /usr/lib/gcc/x86_64-linux-gnu/7/../../../x86_64-linux-gnu/crti.o
 .rela.text._ZN5Pdraw16StreamDemuxerNetC2EPNS_7SessionEPNS_7Element8ListenerEPNS_6Source8ListenerEPNS_7Demuxer8ListenerE
                0x0000000000004ad0        0x0 /usr/lib/gcc/x86_64-linux-gnu/7/../../../x86_64-linux-gnu/crti.o
 .rela.text._ZN5Pdraw16StreamDemuxerNet5setupERKNSt7__cxx1112basic_stringIcSt11char_traitsIcESaIcEEE
                0x0000000000004ad0        0x0 /usr/lib/gcc/x86_64-linux-gnu/7/../../../x86_64-linux-gnu/crti.o
 .rela.text._ZN5Pdraw16StreamDemuxerNet5setupERKNSt7__cxx1112basic_stringIcSt11char_traitsIcESaIcEEEttS8_tt
                0x0000000000004ad0        0x0 /usr/lib/gcc/x86_64-linux-gnu/7/../../../x86_64-linux-gnu/crti.o
 .rela.text._ZN5Pdraw16StreamDemuxerNet13createSocketsEv
                0x0000000000004ad0        0x0 /usr/lib/gcc/x86_64-linux-gnu/7/../../../x86_64-linux-gnu/crti.o
 .rela.text._ZN5Pdraw16StreamDemuxerNet11startRtpAvpEv
                0x0000000000004ad0        0x0 /usr/lib/gcc/x86_64-linux-gnu/7/../../../x86_64-linux-gnu/crti.o
 .rela.text._ZN5Pdraw16StreamDemuxerNet12prepareSetupEPtS1_P20rtsp_lower_transport
                0x0000000000004ad0        0x0 /usr/lib/gcc/x86_64-linux-gnu/7/../../../x86_64-linux-gnu/crti.o
 .rela.text._ZN5Pdraw16StreamDemuxerNet30getSingleStreamLocalStreamPortEv
                0x0000000000004ad0        0x0 /usr/lib/gcc/x86_64-linux-gnu/7/../../../x86_64-linux-gnu/crti.o
 .rela.text._ZN5Pdraw16StreamDemuxerNet31getSingleStreamLocalControlPortEv
                0x0000000000004ad0        0x0 /usr/lib/gcc/x86_64-linux-gnu/7/../../../x86_64-linux-gnu/crti.o
 .rela.text._ZN5Pdraw7ElementC2EPNS_7SessionEPNS0_8ListenerE
                0x0000000000004ad0        0x0 /usr/lib/gcc/x86_64-linux-gnu/7/../../../x86_64-linux-gnu/crti.o
 .rela.text._ZN5Pdraw7ElementD2Ev
                0x0000000000004ad0        0x0 /usr/lib/gcc/x86_64-linux-gnu/7/../../../x86_64-linux-gnu/crti.o
 .rela.text._ZN5Pdraw7Element8setStateENS0_5StateE
                0x0000000000004ad0        0x0 /usr/lib/gcc/x86_64-linux-gnu/7/../../../x86_64-linux-gnu/crti.o
 .rela.text._ZN5Pdraw7Element19setStateAsyncNotifyENS0_5StateE
                0x0000000000004ad0        0x0 /usr/lib/gcc/x86_64-linux-gnu/7/../../../x86_64-linux-gnu/crti.o
 .rela.text._ZN5Pdraw11Gles2HmdEyeC2Ej15pdraw_hmd_modelfffffff
                0x0000000000004ad0        0x0 /usr/lib/gcc/x86_64-linux-gnu/7/../../../x86_64-linux-gnu/crti.o
 .rela.text._ZN5Pdraw8Gles2HmdC2EPNS_7SessionEjjjfff
                0x0000000000004ad0        0x0 /usr/lib/gcc/x86_64-linux-gnu/7/../../../x86_64-linux-gnu/crti.o
 .rela.text._ZN5Pdraw8Gles2HmdD2Ev
                0x0000000000004ad0        0x0 /usr/lib/gcc/x86_64-linux-gnu/7/../../../x86_64-linux-gnu/crti.o
 .rela.text._ZN5Pdraw8Gles2Hmd9renderHmdEjjj
                0x0000000000004ad0        0x0 /usr/lib/gcc/x86_64-linux-gnu/7/../../../x86_64-linux-gnu/crti.o
 .rela.text._ZN5Pdraw10Gles2Video11cleanupBlurEv
                0x0000000000004ad0        0x0 /usr/lib/gcc/x86_64-linux-gnu/7/../../../x86_64-linux-gnu/crti.o
 .rela.text._ZN5Pdraw10Gles2Video9setupBlurEv
                0x0000000000004ad0        0x0 /usr/lib/gcc/x86_64-linux-gnu/7/../../../x86_64-linux-gnu/crti.o
 .rela.text._ZN5Pdraw10Gles2Video12setupBlurFboEjj.part.0
                0x0000000000004ad0        0x0 /usr/lib/gcc/x86_64-linux-gnu/7/../../../x86_64-linux-gnu/crti.o
 .rela.text._ZN5Pdraw10Gles2Video15setupPaddingFboEjj30pdraw_video_renderer_fill_mode
                0x0000000000004ad0        0x0 /usr/lib/gcc/x86_64-linux-gnu/7/../../../x86_64-linux-gnu/crti.o
 .rela.text._ZN5Pdraw10Gles2Video11updateZebraEP10pdraw_rectNS_28gles2_video_color_conversionEbf
                0x0000000000004ad0        0x0 /usr/lib/gcc/x86_64-linux-gnu/7/../../../x86_64-linux-gnu/crti.o
 .rela.text._ZN5Pdraw10Gles2Video10renderBlurEPmjjjjjPK10pdraw_rectffNS_28gles2_video_color_conversionENS_21gles2_video_yuv_rangeERN5Eigen6MatrixIfLi4ELi4ELi0ELi4ELi4EEE
                0x0000000000004ad0        0x0 /usr/lib/gcc/x86_64-linux-gnu/7/../../../x86_64-linux-gnu/crti.o
 .rela.text._ZN5Pdraw10Gles2Video13renderPaddingEPmjjjjjPK10pdraw_rectffffff30pdraw_video_renderer_fill_modeNS_28gles2_video_color_conversionENS_21gles2_video_yuv_rangeEbRN5Eigen6MatrixIfLi4ELi4ELi0ELi4ELi4EEE
                0x0000000000004ad0        0x0 /usr/lib/gcc/x86_64-linux-gnu/7/../../../x86_64-linux-gnu/crti.o
 .rela.text._ZN5Pdraw10Gles2VideoD2Ev
                0x0000000000004ad0        0x0 /usr/lib/gcc/x86_64-linux-gnu/7/../../../x86_64-linux-gnu/crti.o
 .rela.text._ZN5Pdraw10Gles2Video15setupHistogramsEv
                0x0000000000004ad0        0x0 /usr/lib/gcc/x86_64-linux-gnu/7/../../../x86_64-linux-gnu/crti.o
 .rela.text._ZN5Pdraw10Gles2VideoC2EPNS_7SessionEjj
                0x0000000000004ad0        0x0 /usr/lib/gcc/x86_64-linux-gnu/7/../../../x86_64-linux-gnu/crti.o
 .rela.text._ZN5Pdraw10Gles2Video17computeHistogramsEPmjjjjjPK10pdraw_rectNS_28gles2_video_color_conversionENS_21gles2_video_yuv_rangeEb
                0x0000000000004ad0        0x0 /usr/lib/gcc/x86_64-linux-gnu/7/../../../x86_64-linux-gnu/crti.o
 .rela.text._ZN5Pdraw10Gles2Video16updateTransitionEv
                0x0000000000004ad0        0x0 /usr/lib/gcc/x86_64-linux-gnu/7/../../../x86_64-linux-gnu/crti.o
 .rela.text._ZN5Pdraw10Gles2Video9loadFrameEPKhPmS3_jjNS_28gles2_video_color_conversionEP11egl_display
                0x0000000000004ad0        0x0 /usr/lib/gcc/x86_64-linux-gnu/7/../../../x86_64-linux-gnu/crti.o
 .rela.text._ZN5Pdraw10Gles2Video11renderFrameEPmjjjjjjjPK10pdraw_rectPS2_RN5Eigen6MatrixIfLi4ELi4ELi0ELi4ELi4EEENS_28gles2_video_color_conversionENS_21gles2_video_yuv_rangeEPK11vmeta_framePK27pdraw_video_renderer_params
                0x0000000000004ad0        0x0 /usr/lib/gcc/x86_64-linux-gnu/7/../../../x86_64-linux-gnu/crti.o
 .rela.text._ZN5Pdraw5MediaC2EPNS_7SessionENS0_4TypeE
                0x0000000000004ad0        0x0 /usr/lib/gcc/x86_64-linux-gnu/7/../../../x86_64-linux-gnu/crti.o
 .rela.text._ZN5Pdraw10VideoMediaC2EPNS_7SessionE
                0x0000000000004ad0        0x0 /usr/lib/gcc/x86_64-linux-gnu/7/../../../x86_64-linux-gnu/crti.o
 .rela.text._ZN5Pdraw10VideoMedia9setSpsPpsEPKhmS2_m
                0x0000000000004ad0        0x0 /usr/lib/gcc/x86_64-linux-gnu/7/../../../x86_64-linux-gnu/crti.o
 .rela.text._ZN5Pdraw19SessionSelfMetadataC2Ev
                0x0000000000004ad0        0x0 /usr/lib/gcc/x86_64-linux-gnu/7/../../../x86_64-linux-gnu/crti.o
 .rela.text._ZN5Pdraw19SessionPeerMetadataC2Ev
                0x0000000000004ad0        0x0 /usr/lib/gcc/x86_64-linux-gnu/7/../../../x86_64-linux-gnu/crti.o
 .rela.text._ZN5Pdraw8RendererC2EPNS_7SessionEPNS_7Element8ListenerEPNS_6IPdraw21VideoRendererListenerEjjj
                0x0000000000004ad0        0x0 /usr/lib/gcc/x86_64-linux-gnu/7/../../../x86_64-linux-gnu/crti.o
 .rela.text._ZN5Pdraw8RendererD2Ev
                0x0000000000004ad0        0x0 /usr/lib/gcc/x86_64-linux-gnu/7/../../../x86_64-linux-gnu/crti.o
 .rela.text._ZN5Pdraw13Gles2Renderer5setupEPK10pdraw_rectPK27pdraw_video_renderer_paramsP11egl_display
                0x0000000000004ad0        0x0 /usr/lib/gcc/x86_64-linux-gnu/7/../../../x86_64-linux-gnu/crti.o
 .rela.text._ZN5Pdraw13Gles2Renderer12completeStopEv
                0x0000000000004ad0        0x0 /usr/lib/gcc/x86_64-linux-gnu/7/../../../x86_64-linux-gnu/crti.o
 .rela.text._ZN5Pdraw13Gles2Renderer14onChannelFlushEPNS_7ChannelE
                0x0000000000004ad0        0x0 /usr/lib/gcc/x86_64-linux-gnu/7/../../../x86_64-linux-gnu/crti.o
 .rela.text._ZN5Pdraw13Gles2Renderer17removeInputMediasEv
                0x0000000000004ad0        0x0 /usr/lib/gcc/x86_64-linux-gnu/7/../../../x86_64-linux-gnu/crti.o
 .rela.text._ZN5Pdraw13Gles2RendererD2Ev
                0x0000000000004ad0        0x0 /usr/lib/gcc/x86_64-linux-gnu/7/../../../x86_64-linux-gnu/crti.o
 .rela.text._ZN5Pdraw13Gles2RendererD0Ev
                0x0000000000004ad0        0x0 /usr/lib/gcc/x86_64-linux-gnu/7/../../../x86_64-linux-gnu/crti.o
 .rela.text._ZN5Pdraw13Gles2Renderer5startEv
                0x0000000000004ad0        0x0 /usr/lib/gcc/x86_64-linux-gnu/7/../../../x86_64-linux-gnu/crti.o
 .rela.text._ZN5Pdraw13Gles2Renderer12queueEventCbEP8pomp_evtPv
                0x0000000000004ad0        0x0 /usr/lib/gcc/x86_64-linux-gnu/7/../../../x86_64-linux-gnu/crti.o
 .rela.text._ZN5Pdraw13Gles2Renderer7timerCbEP10pomp_timerPv
                0x0000000000004ad0        0x0 /usr/lib/gcc/x86_64-linux-gnu/7/../../../x86_64-linux-gnu/crti.o
 .rela.text._ZN5Pdraw13Gles2Renderer14loadVideoFrameEPKhPNS_10VideoMedia5FrameE
                0x0000000000004ad0        0x0 /usr/lib/gcc/x86_64-linux-gnu/7/../../../x86_64-linux-gnu/crti.o
 .rela.text._ZN5Pdraw13Gles2Renderer22loadExternalVideoFrameEPKhPNS_10VideoMedia5FrameEPK18pdraw_session_infoPK13vmeta_session
                0x0000000000004ad0        0x0 /usr/lib/gcc/x86_64-linux-gnu/7/../../../x86_64-linux-gnu/crti.o
 .rela.text._ZN5Pdraw13Gles2RendererC2EPNS_7SessionEPNS_7Element8ListenerEPNS_6IPdraw21VideoRendererListenerE
                0x0000000000004ad0        0x0 /usr/lib/gcc/x86_64-linux-gnu/7/../../../x86_64-linux-gnu/crti.o
 .rela.text._ZN5Pdraw13Gles2Renderer21removeQueueFdFromPompEP10vbuf_queue
                0x0000000000004ad0        0x0 /usr/lib/gcc/x86_64-linux-gnu/7/../../../x86_64-linux-gnu/crti.o
 .rela.text._ZN5Pdraw13Gles2Renderer12doTransitionEmbPb
                0x0000000000004ad0        0x0 /usr/lib/gcc/x86_64-linux-gnu/7/../../../x86_64-linux-gnu/crti.o
 .rela.text._ZN5Pdraw13Gles2Renderer8startHmdEv
                0x0000000000004ad0        0x0 /usr/lib/gcc/x86_64-linux-gnu/7/../../../x86_64-linux-gnu/crti.o
 .rela.text._ZN5Pdraw13Gles2Renderer6resizeEPK10pdraw_rect
                0x0000000000004ad0        0x0 /usr/lib/gcc/x86_64-linux-gnu/7/../../../x86_64-linux-gnu/crti.o
 .rela.text._ZN5Pdraw13Gles2Renderer9setParamsEPK27pdraw_video_renderer_params
                0x0000000000004ad0        0x0 /usr/lib/gcc/x86_64-linux-gnu/7/../../../x86_64-linux-gnu/crti.o
 .rela.text._ZN5Pdraw13Gles2Renderer4stopEv
                0x0000000000004ad0        0x0 /usr/lib/gcc/x86_64-linux-gnu/7/../../../x86_64-linux-gnu/crti.o
 .rela.text._ZN5Pdraw13Gles2Renderer12startExtLoadEv
                0x0000000000004ad0        0x0 /usr/lib/gcc/x86_64-linux-gnu/7/../../../x86_64-linux-gnu/crti.o
 .rela.text._ZN5Pdraw13Gles2Renderer15setupExtTextureEPKNS_10VideoMedia5FrameE
                0x0000000000004ad0        0x0 /usr/lib/gcc/x86_64-linux-gnu/7/../../../x86_64-linux-gnu/crti.o
 .rela.text._ZN5Pdraw13Gles2Renderer6renderEP10pdraw_rectPKfS4_
                0x0000000000004ad0        0x0 /usr/lib/gcc/x86_64-linux-gnu/7/../../../x86_64-linux-gnu/crti.o
 .rela.text._ZN5Pdraw13Gles2Renderer12onChannelSosEPNS_7ChannelE
                0x0000000000004ad0        0x0 /usr/lib/gcc/x86_64-linux-gnu/7/../../../x86_64-linux-gnu/crti.o
 .rela.text._ZN5Pdraw13Gles2Renderer12onChannelEosEPNS_7ChannelE
                0x0000000000004ad0        0x0 /usr/lib/gcc/x86_64-linux-gnu/7/../../../x86_64-linux-gnu/crti.o
 .rela.text._ZN5Pdraw13Gles2Renderer20onChannelReconfigureEPNS_7ChannelE
                0x0000000000004ad0        0x0 /usr/lib/gcc/x86_64-linux-gnu/7/../../../x86_64-linux-gnu/crti.o
 .rela.text._ZN5Pdraw13Gles2Renderer16onChannelTimeoutEPNS_7ChannelE
                0x0000000000004ad0        0x0 /usr/lib/gcc/x86_64-linux-gnu/7/../../../x86_64-linux-gnu/crti.o
 .rela.text._ZN5Pdraw13Gles2Renderer21onChannelPhotoTriggerEPNS_7ChannelE
                0x0000000000004ad0        0x0 /usr/lib/gcc/x86_64-linux-gnu/7/../../../x86_64-linux-gnu/crti.o
 .rela.text._ZN5Pdraw13Gles2Renderer13addInputMediaEPNS_5MediaE
                0x0000000000004ad0        0x0 /usr/lib/gcc/x86_64-linux-gnu/7/../../../x86_64-linux-gnu/crti.o
 .rela.text._ZN5Pdraw13Gles2Renderer16removeInputMediaEPNS_5MediaE
                0x0000000000004ad0        0x0 /usr/lib/gcc/x86_64-linux-gnu/7/../../../x86_64-linux-gnu/crti.o
 .rela.text._ZN5Pdraw7Session17stopVideoRendererEP20pdraw_video_renderer
                0x0000000000004ad0        0x0 /usr/lib/gcc/x86_64-linux-gnu/7/../../../x86_64-linux-gnu/crti.o
 .rela.text._ZN5Pdraw7Session13stopVideoSinkEP16pdraw_video_sink
                0x0000000000004ad0        0x0 /usr/lib/gcc/x86_64-linux-gnu/7/../../../x86_64-linux-gnu/crti.o
 .rela.text._ZN5Pdraw7Session15resyncVideoSinkEP16pdraw_video_sink
                0x0000000000004ad0        0x0 /usr/lib/gcc/x86_64-linux-gnu/7/../../../x86_64-linux-gnu/crti.o
 .rela.text._ZN5Pdraw7Session21videoSinkQueueFlushedEP16pdraw_video_sink
                0x0000000000004ad0        0x0 /usr/lib/gcc/x86_64-linux-gnu/7/../../../x86_64-linux-gnu/crti.o
 .rela.text._ZN5Pdraw7Session30getSingleStreamLocalStreamPortEv
                0x0000000000004ad0        0x0 /usr/lib/gcc/x86_64-linux-gnu/7/../../../x86_64-linux-gnu/crti.o
 .rela.text._ZN5Pdraw7Session31getSingleStreamLocalControlPortEv
                0x0000000000004ad0        0x0 /usr/lib/gcc/x86_64-linux-gnu/7/../../../x86_64-linux-gnu/crti.o
 .rela.text._ZN5Pdraw7Session22setPipelineModeSettingE19pdraw_pipeline_mode
                0x0000000000004ad0        0x0 /usr/lib/gcc/x86_64-linux-gnu/7/../../../x86_64-linux-gnu/crti.o
 .rela.text._ZN5Pdraw7Session23asyncElementStateChangeEPNS_7ElementENS1_5StateE
                0x0000000000004ad0        0x0 /usr/lib/gcc/x86_64-linux-gnu/7/../../../x86_64-linux-gnu/crti.o
 .rela.text._ZN5Pdraw7Session17getVideoSinkQueueEP16pdraw_video_sink
                0x0000000000004ad0        0x0 /usr/lib/gcc/x86_64-linux-gnu/7/../../../x86_64-linux-gnu/crti.o
 .rela.text._ZN5Pdraw7Session4playEf
                0x0000000000004ad0        0x0 /usr/lib/gcc/x86_64-linux-gnu/7/../../../x86_64-linux-gnu/crti.o
 .rela.text._ZN5Pdraw7Session13previousFrameEv
                0x0000000000004ad0        0x0 /usr/lib/gcc/x86_64-linux-gnu/7/../../../x86_64-linux-gnu/crti.o
 .rela.text._ZN5Pdraw7Session9nextFrameEv
                0x0000000000004ad0        0x0 /usr/lib/gcc/x86_64-linux-gnu/7/../../../x86_64-linux-gnu/crti.o
 .rela.text._ZN5Pdraw7Session4seekElb
                0x0000000000004ad0        0x0 /usr/lib/gcc/x86_64-linux-gnu/7/../../../x86_64-linux-gnu/crti.o
 .rela.text._ZN5Pdraw7Session6seekToEmb
                0x0000000000004ad0        0x0 /usr/lib/gcc/x86_64-linux-gnu/7/../../../x86_64-linux-gnu/crti.o
 .rela.text._ZN5Pdraw7Session14getCurrentTimeEv
                0x0000000000004ad0        0x0 /usr/lib/gcc/x86_64-linux-gnu/7/../../../x86_64-linux-gnu/crti.o
 .rela.text._ZN5Pdraw7Session11getDurationEv
                0x0000000000004ad0        0x0 /usr/lib/gcc/x86_64-linux-gnu/7/../../../x86_64-linux-gnu/crti.o
 .rela.text._ZN5Pdraw7Session18asyncElementDeleteEPNS_7ElementE
                0x0000000000004ad0        0x0 /usr/lib/gcc/x86_64-linux-gnu/7/../../../x86_64-linux-gnu/crti.o
 .rela.text._ZN5Pdraw7Session28asyncAvcDecoderCompleteFlushEPNS_10AvcDecoderE
                0x0000000000004ad0        0x0 /usr/lib/gcc/x86_64-linux-gnu/7/../../../x86_64-linux-gnu/crti.o
 .rela.text._ZN5Pdraw7Session29inloopAvcDecoderCompleteFlushEPNS_10AvcDecoderE
                0x0000000000004ad0        0x0 /usr/lib/gcc/x86_64-linux-gnu/7/../../../x86_64-linux-gnu/crti.o
 .rela.text._ZN5Pdraw7Session27asyncAvcDecoderCompleteStopEPNS_10AvcDecoderE
                0x0000000000004ad0        0x0 /usr/lib/gcc/x86_64-linux-gnu/7/../../../x86_64-linux-gnu/crti.o
 .rela.text._ZN5Pdraw7Session28inloopAvcDecoderCompleteStopEPNS_10AvcDecoderE
                0x0000000000004ad0        0x0 /usr/lib/gcc/x86_64-linux-gnu/7/../../../x86_64-linux-gnu/crti.o
 .rela.text._ZN5Pdraw7Session21asyncAvcDecoderResyncEPNS_10AvcDecoderE
                0x0000000000004ad0        0x0 /usr/lib/gcc/x86_64-linux-gnu/7/../../../x86_64-linux-gnu/crti.o
 .rela.text._ZN5Pdraw7Session22inloopAvcDecoderResyncEPNS_10AvcDecoderE
                0x0000000000004ad0        0x0 /usr/lib/gcc/x86_64-linux-gnu/7/../../../x86_64-linux-gnu/crti.o
 .rela.text._ZN5Pdraw7Session25asyncRendererCompleteStopEPNS_8RendererE
                0x0000000000004ad0        0x0 /usr/lib/gcc/x86_64-linux-gnu/7/../../../x86_64-linux-gnu/crti.o
 .rela.text._ZN5Pdraw7Session26inloopRendererCompleteStopEPNS_8RendererE
                0x0000000000004ad0        0x0 /usr/lib/gcc/x86_64-linux-gnu/7/../../../x86_64-linux-gnu/crti.o
 .rela.text._ZN5Pdraw7Session18addMediaToRendererEPNS_6SourceEPNS_5MediaEPNS_8RendererE
                0x0000000000004ad0        0x0 /usr/lib/gcc/x86_64-linux-gnu/7/../../../x86_64-linux-gnu/crti.o
 .rela.text._ZN5Pdraw7Session22addMediaToAllRenderersEPNS_6SourceEPNS_5MediaE
                0x0000000000004ad0        0x0 /usr/lib/gcc/x86_64-linux-gnu/7/../../../x86_64-linux-gnu/crti.o
 .rela.text._ZN5Pdraw7Session21addAllMediaToRendererEPNS_8RendererE
                0x0000000000004ad0        0x0 /usr/lib/gcc/x86_64-linux-gnu/7/../../../x86_64-linux-gnu/crti.o
 .rela.text._ZN5Pdraw7Session14flushVideoSinkEPNS_9VideoSinkE
                0x0000000000004ad0        0x0 /usr/lib/gcc/x86_64-linux-gnu/7/../../../x86_64-linux-gnu/crti.o
 .rela.text._ZN5Pdraw7Session17updateReadyToPlayEv
                0x0000000000004ad0        0x0 /usr/lib/gcc/x86_64-linux-gnu/7/../../../x86_64-linux-gnu/crti.o
 .rela.text._ZN5Pdraw7Session8setStateENS0_5StateE
                0x0000000000004ad0        0x0 /usr/lib/gcc/x86_64-linux-gnu/7/../../../x86_64-linux-gnu/crti.o
 .rela.text._ZN5Pdraw7Session13onReadyToPlayEPNS_7DemuxerEb
                0x0000000000004ad0        0x0 /usr/lib/gcc/x86_64-linux-gnu/7/../../../x86_64-linux-gnu/crti.o
 .rela.text._ZN5Pdraw7SessionD2Ev
                0x0000000000004ad0        0x0 /usr/lib/gcc/x86_64-linux-gnu/7/../../../x86_64-linux-gnu/crti.o
 .rela.text._ZN5Pdraw7SessionD0Ev
                0x0000000000004ad0        0x0 /usr/lib/gcc/x86_64-linux-gnu/7/../../../x86_64-linux-gnu/crti.o
 .rela.text._ZN5Pdraw7Session19inloopElementDeleteEPNS_7ElementE
                0x0000000000004ad0        0x0 /usr/lib/gcc/x86_64-linux-gnu/7/../../../x86_64-linux-gnu/crti.o
 .rela.text._ZN5Pdraw7Session6mboxCbEijPv
                0x0000000000004ad0        0x0 /usr/lib/gcc/x86_64-linux-gnu/7/../../../x86_64-linux-gnu/crti.o
 .rela.text._ZNSt6vectorIPN5Pdraw7ElementESaIS2_EE12emplace_backIJS2_EEEvDpOT_
                0x0000000000004ad0        0x0 /usr/lib/gcc/x86_64-linux-gnu/7/../../../x86_64-linux-gnu/crti.o
 .rela.text._ZN5Pdraw7Session4openERKNSt7__cxx1112basic_stringIcSt11char_traitsIcESaIcEEE
                0x0000000000004ad0        0x0 /usr/lib/gcc/x86_64-linux-gnu/7/../../../x86_64-linux-gnu/crti.o
 .rela.text._ZN5Pdraw7Session4openERKNSt7__cxx1112basic_stringIcSt11char_traitsIcESaIcEEEttS8_tt
                0x0000000000004ad0        0x0 /usr/lib/gcc/x86_64-linux-gnu/7/../../../x86_64-linux-gnu/crti.o
 .rela.text._ZN5Pdraw7Session4openERKNSt7__cxx1112basic_stringIcSt11char_traitsIcESaIcEEEP7mux_ctx
                0x0000000000004ad0        0x0 /usr/lib/gcc/x86_64-linux-gnu/7/../../../x86_64-linux-gnu/crti.o
 .rela.text._ZN5Pdraw7Session18startVideoRendererEPK10pdraw_rectPK27pdraw_video_renderer_paramsPNS_6IPdraw21VideoRendererListenerEPP20pdraw_video_rendererP11egl_display
                0x0000000000004ad0        0x0 /usr/lib/gcc/x86_64-linux-gnu/7/../../../x86_64-linux-gnu/crti.o
 .rela.text._ZN5Pdraw7Session14startVideoSinkEjPK23pdraw_video_sink_paramsPNS_6IPdraw17VideoSinkListenerEPP16pdraw_video_sink
                0x0000000000004ad0        0x0 /usr/lib/gcc/x86_64-linux-gnu/7/../../../x86_64-linux-gnu/crti.o
 .rela.text._ZN5Pdraw7Session18addDecoderForMediaEPNS_6SourceEPNS_5MediaE
                0x0000000000004ad0        0x0 /usr/lib/gcc/x86_64-linux-gnu/7/../../../x86_64-linux-gnu/crti.o
 .rela.text._ZN5Pdraw7Session18onOutputMediaAddedEPNS_6SourceEPNS_5MediaE
                0x0000000000004ad0        0x0 /usr/lib/gcc/x86_64-linux-gnu/7/../../../x86_64-linux-gnu/crti.o
 .rela.text._ZN5Pdraw7Session20onOutputMediaRemovedEPNS_6SourceEPNS_5MediaE
                0x0000000000004ad0        0x0 /usr/lib/gcc/x86_64-linux-gnu/7/../../../x86_64-linux-gnu/crti.o
 .rela.text._ZN5Pdraw7Session12onEndOfRangeEPNS_7DemuxerEm
                0x0000000000004ad0        0x0 /usr/lib/gcc/x86_64-linux-gnu/7/../../../x86_64-linux-gnu/crti.o
 .rela.text._ZN5Pdraw7SessionC2EP9pomp_loopPNS_6IPdraw8ListenerE
                0x0000000000004ad0        0x0 /usr/lib/gcc/x86_64-linux-gnu/7/../../../x86_64-linux-gnu/crti.o
 .rela.text._ZN5Pdraw11createPdrawEP9pomp_loopPNS_6IPdraw8ListenerEPPS2_
                0x0000000000004ad0        0x0 /usr/lib/gcc/x86_64-linux-gnu/7/../../../x86_64-linux-gnu/crti.o
 .rela.text._ZN5Pdraw7Session5closeEv
                0x0000000000004ad0        0x0 /usr/lib/gcc/x86_64-linux-gnu/7/../../../x86_64-linux-gnu/crti.o
 .rela.text._ZN5Pdraw7Session9pauseRespEPNS_7DemuxerEim
                0x0000000000004ad0        0x0 /usr/lib/gcc/x86_64-linux-gnu/7/../../../x86_64-linux-gnu/crti.o
 .rela.text._ZN5Pdraw7Session8seekRespEPNS_7DemuxerEimf
                0x0000000000004ad0        0x0 /usr/lib/gcc/x86_64-linux-gnu/7/../../../x86_64-linux-gnu/crti.o
 .rela.text._ZN5Pdraw7Session8playRespEPNS_7DemuxerEimf
                0x0000000000004ad0        0x0 /usr/lib/gcc/x86_64-linux-gnu/7/../../../x86_64-linux-gnu/crti.o
 .rela.text._ZN5Pdraw7Session21onElementStateChangedEPNS_7ElementENS1_5StateE
                0x0000000000004ad0        0x0 /usr/lib/gcc/x86_64-linux-gnu/7/../../../x86_64-linux-gnu/crti.o
 .rela.text._ZN5Pdraw8SettingsC2Ev
                0x0000000000004ad0        0x0 /usr/lib/gcc/x86_64-linux-gnu/7/../../../x86_64-linux-gnu/crti.o
 .rela.text._ZN5Pdraw4Sink17removeInputMediasEv
                0x0000000000004ad0        0x0 /usr/lib/gcc/x86_64-linux-gnu/7/../../../x86_64-linux-gnu/crti.o
 .rela.text._ZN5Pdraw4SinkD2Ev
                0x0000000000004ad0        0x0 /usr/lib/gcc/x86_64-linux-gnu/7/../../../x86_64-linux-gnu/crti.o
 .rela.text._ZN5Pdraw4SinkD0Ev
                0x0000000000004ad0        0x0 /usr/lib/gcc/x86_64-linux-gnu/7/../../../x86_64-linux-gnu/crti.o
 .rela.text._ZN5Pdraw4Sink16removeInputMediaEPNS_5MediaE
                0x0000000000004ad0        0x0 /usr/lib/gcc/x86_64-linux-gnu/7/../../../x86_64-linux-gnu/crti.o
 .rela.text._ZN5Pdraw4Sink14onChannelQueueEPNS_7ChannelEP11vbuf_buffer
                0x0000000000004ad0        0x0 /usr/lib/gcc/x86_64-linux-gnu/7/../../../x86_64-linux-gnu/crti.o
 .rela.text._ZN5Pdraw4Sink14onChannelFlushEPNS_7ChannelE
                0x0000000000004ad0        0x0 /usr/lib/gcc/x86_64-linux-gnu/7/../../../x86_64-linux-gnu/crti.o
 .rela.text._ZN5Pdraw4Sink24onChannelDownstreamEventEPNS_7ChannelEP8pomp_msg
                0x0000000000004ad0        0x0 /usr/lib/gcc/x86_64-linux-gnu/7/../../../x86_64-linux-gnu/crti.o
 .rela.text._ZN5Pdraw4Sink17onChannelTeardownEPNS_7ChannelE
                0x0000000000004ad0        0x0 /usr/lib/gcc/x86_64-linux-gnu/7/../../../x86_64-linux-gnu/crti.o
 .rela.text._ZN5Pdraw4Sink12onChannelSosEPNS_7ChannelE
                0x0000000000004ad0        0x0 /usr/lib/gcc/x86_64-linux-gnu/7/../../../x86_64-linux-gnu/crti.o
 .rela.text._ZN5Pdraw4Sink12onChannelEosEPNS_7ChannelE
                0x0000000000004ad0        0x0 /usr/lib/gcc/x86_64-linux-gnu/7/../../../x86_64-linux-gnu/crti.o
 .rela.text._ZN5Pdraw4Sink20onChannelReconfigureEPNS_7ChannelE
                0x0000000000004ad0        0x0 /usr/lib/gcc/x86_64-linux-gnu/7/../../../x86_64-linux-gnu/crti.o
 .rela.text._ZN5Pdraw4Sink16onChannelTimeoutEPNS_7ChannelE
                0x0000000000004ad0        0x0 /usr/lib/gcc/x86_64-linux-gnu/7/../../../x86_64-linux-gnu/crti.o
 .rela.text._ZN5Pdraw4Sink21onChannelPhotoTriggerEPNS_7ChannelE
                0x0000000000004ad0        0x0 /usr/lib/gcc/x86_64-linux-gnu/7/../../../x86_64-linux-gnu/crti.o
 .rela.text._ZN5Pdraw4SinkC2Ejjj
                0x0000000000004ad0        0x0 /usr/lib/gcc/x86_64-linux-gnu/7/../../../x86_64-linux-gnu/crti.o
 .rela.text._ZN5Pdraw4Sink12getInputPortEPNS_5MediaE
                0x0000000000004ad0        0x0 /usr/lib/gcc/x86_64-linux-gnu/7/../../../x86_64-linux-gnu/crti.o
 .rela.text._ZN5Pdraw4Sink15getInputChannelEPNS_5MediaE
                0x0000000000004ad0        0x0 /usr/lib/gcc/x86_64-linux-gnu/7/../../../x86_64-linux-gnu/crti.o
 .rela.text._ZN5Pdraw4Sink13addInputMediaEPNS_5MediaE
                0x0000000000004ad0        0x0 /usr/lib/gcc/x86_64-linux-gnu/7/../../../x86_64-linux-gnu/crti.o
 .rela.text._ZN5Pdraw9VideoSinkD2Ev
                0x0000000000004ad0        0x0 /usr/lib/gcc/x86_64-linux-gnu/7/../../../x86_64-linux-gnu/crti.o
 .rela.text._ZN5Pdraw9VideoSinkD0Ev
                0x0000000000004ad0        0x0 /usr/lib/gcc/x86_64-linux-gnu/7/../../../x86_64-linux-gnu/crti.o
 .rela.text._ZN5Pdraw9VideoSink5startEv
                0x0000000000004ad0        0x0 /usr/lib/gcc/x86_64-linux-gnu/7/../../../x86_64-linux-gnu/crti.o
 .rela.text._ZN5Pdraw9VideoSinkC2EPNS_7SessionEjPNS_7Element8ListenerE
                0x0000000000004ad0        0x0 /usr/lib/gcc/x86_64-linux-gnu/7/../../../x86_64-linux-gnu/crti.o
 .rela.text._ZN5Pdraw9VideoSink5setupEPNS_6IPdraw17VideoSinkListenerEPK23pdraw_video_sink_params
                0x0000000000004ad0        0x0 /usr/lib/gcc/x86_64-linux-gnu/7/../../../x86_64-linux-gnu/crti.o
 .rela.text._ZN5Pdraw9VideoSink9flushDoneEv
                0x0000000000004ad0        0x0 /usr/lib/gcc/x86_64-linux-gnu/7/../../../x86_64-linux-gnu/crti.o
 .rela.text._ZN5Pdraw9VideoSink5flushEv
                0x0000000000004ad0        0x0 /usr/lib/gcc/x86_64-linux-gnu/7/../../../x86_64-linux-gnu/crti.o
 .rela.text._ZN5Pdraw9VideoSink6resyncEv
                0x0000000000004ad0        0x0 /usr/lib/gcc/x86_64-linux-gnu/7/../../../x86_64-linux-gnu/crti.o
 .rela.text._ZN5Pdraw9VideoSink14onChannelFlushEPNS_7ChannelE
                0x0000000000004ad0        0x0 /usr/lib/gcc/x86_64-linux-gnu/7/../../../x86_64-linux-gnu/crti.o
 .rela.text._ZN5Pdraw9VideoSink15channelTeardownEPNS_7ChannelE
                0x0000000000004ad0        0x0 /usr/lib/gcc/x86_64-linux-gnu/7/../../../x86_64-linux-gnu/crti.o
 .rela.text._ZN5Pdraw9VideoSink4stopEv
                0x0000000000004ad0        0x0 /usr/lib/gcc/x86_64-linux-gnu/7/../../../x86_64-linux-gnu/crti.o
 .rela.text._ZN5Pdraw9VideoSink17onChannelTeardownEPNS_7ChannelE
                0x0000000000004ad0        0x0 /usr/lib/gcc/x86_64-linux-gnu/7/../../../x86_64-linux-gnu/crti.o
 .rela.text._ZN5Pdraw9VideoSink14onChannelQueueEPNS_7ChannelEP11vbuf_buffer
                0x0000000000004ad0        0x0 /usr/lib/gcc/x86_64-linux-gnu/7/../../../x86_64-linux-gnu/crti.o
 .rela.text._ZN5Pdraw10InetSocketC2EPNS_7SessionERKNSt7__cxx1112basic_stringIcSt11char_traitsIcESaIcEEEtSA_tP9pomp_loopPFvijPvESD_
                0x0000000000004ad0        0x0 /usr/lib/gcc/x86_64-linux-gnu/7/../../../x86_64-linux-gnu/crti.o
 .rela.text._ZN5Pdraw10InetSocketD2Ev
                0x0000000000004ad0        0x0 /usr/lib/gcc/x86_64-linux-gnu/7/../../../x86_64-linux-gnu/crti.o
 .rela.text._ZN5Pdraw10InetSocket8setClassEi
                0x0000000000004ad0        0x0 /usr/lib/gcc/x86_64-linux-gnu/7/../../../x86_64-linux-gnu/crti.o
 .rela.text._ZN5Pdraw10InetSocket4readEv
                0x0000000000004ad0        0x0 /usr/lib/gcc/x86_64-linux-gnu/7/../../../x86_64-linux-gnu/crti.o
 .rela.text._ZN5Pdraw10InetSocket5writeEPKvm
                0x0000000000004ad0        0x0 /usr/lib/gcc/x86_64-linux-gnu/7/../../../x86_64-linux-gnu/crti.o
 .rela.text._ZN5Pdraw6Source22onChannelUpstreamEventEPNS_7ChannelEP8pomp_msg
                0x0000000000004ad0        0x0 /usr/lib/gcc/x86_64-linux-gnu/7/../../../x86_64-linux-gnu/crti.o
 .rela.text._ZN5Pdraw6SourceC2EPNS0_8ListenerE
                0x0000000000004ad0        0x0 /usr/lib/gcc/x86_64-linux-gnu/7/../../../x86_64-linux-gnu/crti.o
 .rela.text._ZN5Pdraw6Source16onChannelFlushedEPNS_7ChannelE
                0x0000000000004ad0        0x0 /usr/lib/gcc/x86_64-linux-gnu/7/../../../x86_64-linux-gnu/crti.o
 .rela.text._ZN5Pdraw6Source15onChannelResyncEPNS_7ChannelE
                0x0000000000004ad0        0x0 /usr/lib/gcc/x86_64-linux-gnu/7/../../../x86_64-linux-gnu/crti.o
 .rela.text._ZN5Pdraw6Source13getOutputPortEPNS_5MediaE
                0x0000000000004ad0        0x0 /usr/lib/gcc/x86_64-linux-gnu/7/../../../x86_64-linux-gnu/crti.o
 .rela.text._ZN5Pdraw6Source27createOutputPortBuffersPoolEPNS_5MediaEjm
                0x0000000000004ad0        0x0 /usr/lib/gcc/x86_64-linux-gnu/7/../../../x86_64-linux-gnu/crti.o
 .rela.text._ZN5Pdraw6Source28destroyOutputPortBuffersPoolEPNS0_10OutputPortE
                0x0000000000004ad0        0x0 /usr/lib/gcc/x86_64-linux-gnu/7/../../../x86_64-linux-gnu/crti.o
 .rela.text._ZN5Pdraw6Source17removeOutputPortsEv
                0x0000000000004ad0        0x0 /usr/lib/gcc/x86_64-linux-gnu/7/../../../x86_64-linux-gnu/crti.o
 .rela.text._ZN5Pdraw6SourceD2Ev
                0x0000000000004ad0        0x0 /usr/lib/gcc/x86_64-linux-gnu/7/../../../x86_64-linux-gnu/crti.o
 .rela.text._ZN5Pdraw6SourceD0Ev
                0x0000000000004ad0        0x0 /usr/lib/gcc/x86_64-linux-gnu/7/../../../x86_64-linux-gnu/crti.o
 .rela.text._ZN5Pdraw6Source16removeOutputPortEPNS_5MediaE
                0x0000000000004ad0        0x0 /usr/lib/gcc/x86_64-linux-gnu/7/../../../x86_64-linux-gnu/crti.o
 .rela.text._ZN5Pdraw6Source21getOutputChannelCountEPNS_5MediaE
                0x0000000000004ad0        0x0 /usr/lib/gcc/x86_64-linux-gnu/7/../../../x86_64-linux-gnu/crti.o
 .rela.text._ZN5Pdraw6Source16getOutputChannelEPNS_5MediaEj
                0x0000000000004ad0        0x0 /usr/lib/gcc/x86_64-linux-gnu/7/../../../x86_64-linux-gnu/crti.o
 .rela.text._ZN5Pdraw6Source19getH264OutputBufferEPNS_10VideoMediaEPP11vbuf_bufferPb
                0x0000000000004ad0        0x0 /usr/lib/gcc/x86_64-linux-gnu/7/../../../x86_64-linux-gnu/crti.o
 .rela.text._ZN5Pdraw6Source16getOutputChannelEPNS_5MediaEPv
                0x0000000000004ad0        0x0 /usr/lib/gcc/x86_64-linux-gnu/7/../../../x86_64-linux-gnu/crti.o
 .rela.text._ZN5Pdraw6Source19removeOutputChannelEPNS_5MediaEPv
                0x0000000000004ad0        0x0 /usr/lib/gcc/x86_64-linux-gnu/7/../../../x86_64-linux-gnu/crti.o
 .rela.text._ZN5Pdraw6Source15onChannelUnlinkEPNS_7ChannelE
                0x0000000000004ad0        0x0 /usr/lib/gcc/x86_64-linux-gnu/7/../../../x86_64-linux-gnu/crti.o
 .rela.text._ZN5Pdraw6Source19sendDownstreamEventEPNS_5MediaENS_7Channel15DownstreamEventE
                0x0000000000004ad0        0x0 /usr/lib/gcc/x86_64-linux-gnu/7/../../../x86_64-linux-gnu/crti.o
 .rela.text._ZN5Pdraw6Source13addOutputPortEPNS_5MediaE
                0x0000000000004ad0        0x0 /usr/lib/gcc/x86_64-linux-gnu/7/../../../x86_64-linux-gnu/crti.o
 .rela.text._ZN5Pdraw6Source16addOutputChannelEPNS_5MediaEPNS_7ChannelE
                0x0000000000004ad0        0x0 /usr/lib/gcc/x86_64-linux-gnu/7/../../../x86_64-linux-gnu/crti.o
 .rela.text._Z25pdraw_frameMetadataToJsonPK17pdraw_video_frameP11json_object
                0x0000000000004ad0        0x0 /usr/lib/gcc/x86_64-linux-gnu/7/../../../x86_64-linux-gnu/crti.o
 .rela.text._Z28pdraw_frameMetadataToJsonStrPK17pdraw_video_framePcj
                0x0000000000004ad0        0x0 /usr/lib/gcc/x86_64-linux-gnu/7/../../../x86_64-linux-gnu/crti.o
 .rela.text._Z18pdraw_packYUVFramePK17pdraw_video_framePS_P11vbuf_buffer
                0x0000000000004ad0        0x0 /usr/lib/gcc/x86_64-linux-gnu/7/../../../x86_64-linux-gnu/crti.o
 .rela.text.pdraw_new
                0x0000000000004ad0        0x0 /usr/lib/gcc/x86_64-linux-gnu/7/../../../x86_64-linux-gnu/crti.o
 .rela.text.pdraw_destroy
                0x0000000000004ad0        0x0 /usr/lib/gcc/x86_64-linux-gnu/7/../../../x86_64-linux-gnu/crti.o
 .rela.text.pdraw_get_single_stream_local_stream_port
                0x0000000000004ad0        0x0 /usr/lib/gcc/x86_64-linux-gnu/7/../../../x86_64-linux-gnu/crti.o
 .rela.text.pdraw_get_single_stream_local_control_port
                0x0000000000004ad0        0x0 /usr/lib/gcc/x86_64-linux-gnu/7/../../../x86_64-linux-gnu/crti.o
 .rela.text.pdraw_stop_video_renderer
                0x0000000000004ad0        0x0 /usr/lib/gcc/x86_64-linux-gnu/7/../../../x86_64-linux-gnu/crti.o
 .rela.text.pdraw_stop_video_sink
                0x0000000000004ad0        0x0 /usr/lib/gcc/x86_64-linux-gnu/7/../../../x86_64-linux-gnu/crti.o
 .rela.text.pdraw_resync_video_sink
                0x0000000000004ad0        0x0 /usr/lib/gcc/x86_64-linux-gnu/7/../../../x86_64-linux-gnu/crti.o
 .rela.text.pdraw_get_video_sink_queue
                0x0000000000004ad0        0x0 /usr/lib/gcc/x86_64-linux-gnu/7/../../../x86_64-linux-gnu/crti.o
 .rela.text.pdraw_video_sink_queue_flushed
                0x0000000000004ad0        0x0 /usr/lib/gcc/x86_64-linux-gnu/7/../../../x86_64-linux-gnu/crti.o
 .rela.text.pdraw_set_android_jvm
                0x0000000000004ad0        0x0 /usr/lib/gcc/x86_64-linux-gnu/7/../../../x86_64-linux-gnu/crti.o
 .rela.text.pdraw_start_video_renderer_egl
                0x0000000000004ad0        0x0 /usr/lib/gcc/x86_64-linux-gnu/7/../../../x86_64-linux-gnu/crti.o
 .rela.text.pdraw_start_video_sink
                0x0000000000004ad0        0x0 /usr/lib/gcc/x86_64-linux-gnu/7/../../../x86_64-linux-gnu/crti.o
 *(.rela.fini)
 *(.rela.rodata .rela.rodata.* .rela.gnu.linkonce.r.*)
 *(.rela.data .rela.data.* .rela.gnu.linkonce.d.*)
 .rela.data.rel.local
                0x0000000000004ad0      0x2d0 /usr/lib/gcc/x86_64-linux-gnu/7/../../../x86_64-linux-gnu/crti.o
 .rela.data.rel.ro._ZTIN5Pdraw5MediaE
                0x0000000000004da0       0x30 /usr/lib/gcc/x86_64-linux-gnu/7/../../../x86_64-linux-gnu/crti.o
 .rela.data.rel.ro._ZTIN5Pdraw10AvcDecoderE
                0x0000000000004dd0       0x78 /usr/lib/gcc/x86_64-linux-gnu/7/../../../x86_64-linux-gnu/crti.o
 .rela.data.rel.ro._ZTVN5Pdraw10AvcDecoderE
                0x0000000000004e48      0x378 /usr/lib/gcc/x86_64-linux-gnu/7/../../../x86_64-linux-gnu/crti.o
 .rela.data.rel.ro.local
                0x00000000000051c0      0x228 /usr/lib/gcc/x86_64-linux-gnu/7/../../../x86_64-linux-gnu/crti.o
 .rela.data.rel.local.DW.ref.__gxx_personality_v0
                0x00000000000053e8       0x18 /usr/lib/gcc/x86_64-linux-gnu/7/../../../x86_64-linux-gnu/crti.o
 .rela.data.rel.ro._ZTIN5Pdraw7DemuxerE
                0x0000000000005400       0x60 /usr/lib/gcc/x86_64-linux-gnu/7/../../../x86_64-linux-gnu/crti.o
 .rela.data.rel.ro._ZTIN5Pdraw13RecordDemuxerE
                0x0000000000005460       0x48 /usr/lib/gcc/x86_64-linux-gnu/7/../../../x86_64-linux-gnu/crti.o
 .rela.data.rel.ro._ZTVN5Pdraw7DemuxerE
                0x00000000000054a8      0x198 /usr/lib/gcc/x86_64-linux-gnu/7/../../../x86_64-linux-gnu/crti.o
 .rela.data.rel.ro._ZTVN5Pdraw13RecordDemuxerE
                0x0000000000005640      0x228 /usr/lib/gcc/x86_64-linux-gnu/7/../../../x86_64-linux-gnu/crti.o
 .rela.data.rel.ro._ZTIN5Pdraw13StreamDemuxerE
                0x0000000000005868       0x48 /usr/lib/gcc/x86_64-linux-gnu/7/../../../x86_64-linux-gnu/crti.o
 .rela.data.rel.ro._ZTVN5Pdraw13StreamDemuxerE
                0x00000000000058b0      0x240 /usr/lib/gcc/x86_64-linux-gnu/7/../../../x86_64-linux-gnu/crti.o
 .rela.data.rel.ro._ZTIN5Pdraw16StreamDemuxerMuxE
                0x0000000000005af0       0x48 /usr/lib/gcc/x86_64-linux-gnu/7/../../../x86_64-linux-gnu/crti.o
 .rela.data.rel.ro._ZTVN5Pdraw16StreamDemuxerMuxE
                0x0000000000005b38      0x2a0 /usr/lib/gcc/x86_64-linux-gnu/7/../../../x86_64-linux-gnu/crti.o
 .rela.data.rel.ro._ZTIN5Pdraw16StreamDemuxerNetE
                0x0000000000005dd8       0x48 /usr/lib/gcc/x86_64-linux-gnu/7/../../../x86_64-linux-gnu/crti.o
 .rela.data.rel.ro._ZTVN5Pdraw16StreamDemuxerNetE
                0x0000000000005e20      0x2a0 /usr/lib/gcc/x86_64-linux-gnu/7/../../../x86_64-linux-gnu/crti.o
 .rela.data.rel.ro._ZTIN5Pdraw7ElementE
                0x00000000000060c0       0x30 /usr/lib/gcc/x86_64-linux-gnu/7/../../../x86_64-linux-gnu/crti.o
 .rela.data.rel.ro._ZTVN5Pdraw7ElementE
                0x00000000000060f0       0x48 /usr/lib/gcc/x86_64-linux-gnu/7/../../../x86_64-linux-gnu/crti.o
 .rela.data.rel.ro._ZTIN5Pdraw10VideoMediaE
                0x0000000000006138       0x48 /usr/lib/gcc/x86_64-linux-gnu/7/../../../x86_64-linux-gnu/crti.o
 .rela.data.rel.ro.local._ZTVN5Pdraw5MediaE
                0x0000000000006180       0x48 /usr/lib/gcc/x86_64-linux-gnu/7/../../../x86_64-linux-gnu/crti.o
 .rela.data.rel.ro.local._ZTVN5Pdraw10VideoMediaE
                0x00000000000061c8       0x48 /usr/lib/gcc/x86_64-linux-gnu/7/../../../x86_64-linux-gnu/crti.o
 .rela.data.rel.ro._ZTIN5Pdraw8RendererE
                0x0000000000006210       0x60 /usr/lib/gcc/x86_64-linux-gnu/7/../../../x86_64-linux-gnu/crti.o
 .rela.data.rel.ro._ZTVN5Pdraw8RendererE
                0x0000000000006270      0x210 /usr/lib/gcc/x86_64-linux-gnu/7/../../../x86_64-linux-gnu/crti.o
 .rela.data.rel.ro._ZTIN5Pdraw13Gles2RendererE
                0x0000000000006480       0x48 /usr/lib/gcc/x86_64-linux-gnu/7/../../../x86_64-linux-gnu/crti.o
 .rela.data.rel.ro._ZTVN5Pdraw13Gles2RendererE
                0x00000000000064c8      0x3a8 /usr/lib/gcc/x86_64-linux-gnu/7/../../../x86_64-linux-gnu/crti.o
 .rela.data.rel.ro._ZTIN5Pdraw7Element8ListenerE
                0x0000000000006870       0x30 /usr/lib/gcc/x86_64-linux-gnu/7/../../../x86_64-linux-gnu/crti.o
 .rela.data.rel.ro._ZTIN5Pdraw6Source8ListenerE
                0x00000000000068a0       0x30 /usr/lib/gcc/x86_64-linux-gnu/7/../../../x86_64-linux-gnu/crti.o
 .rela.data.rel.ro._ZTIN5Pdraw7Demuxer8ListenerE
                0x00000000000068d0       0x30 /usr/lib/gcc/x86_64-linux-gnu/7/../../../x86_64-linux-gnu/crti.o
 .rela.data.rel.ro._ZTIN5Pdraw6IPdrawE
                0x0000000000006900       0x30 /usr/lib/gcc/x86_64-linux-gnu/7/../../../x86_64-linux-gnu/crti.o
 .rela.data.rel.ro._ZTIN5Pdraw7SessionE
                0x0000000000006930       0x90 /usr/lib/gcc/x86_64-linux-gnu/7/../../../x86_64-linux-gnu/crti.o
 .rela.data.rel.ro.local._ZTVN5Pdraw7SessionE
                0x00000000000069c0      0x768 /usr/lib/gcc/x86_64-linux-gnu/7/../../../x86_64-linux-gnu/crti.o
 .rela.data.rel.ro._ZTIN5Pdraw7Channel12SinkListenerE
                0x0000000000007128       0x30 /usr/lib/gcc/x86_64-linux-gnu/7/../../../x86_64-linux-gnu/crti.o
 .rela.data.rel.ro._ZTIN5Pdraw4SinkE
                0x0000000000007158       0x48 /usr/lib/gcc/x86_64-linux-gnu/7/../../../x86_64-linux-gnu/crti.o
 .rela.data.rel.ro.local._ZTVN5Pdraw4SinkE
                0x00000000000071a0      0x168 /usr/lib/gcc/x86_64-linux-gnu/7/../../../x86_64-linux-gnu/crti.o
 .rela.data.rel.ro._ZTIN5Pdraw9VideoSinkE
                0x0000000000007308       0x60 /usr/lib/gcc/x86_64-linux-gnu/7/../../../x86_64-linux-gnu/crti.o
 .rela.data.rel.ro._ZTVN5Pdraw9VideoSinkE
                0x0000000000007368      0x228 /usr/lib/gcc/x86_64-linux-gnu/7/../../../x86_64-linux-gnu/crti.o
 .rela.data.rel.ro._ZTIN5Pdraw7Channel14SourceListenerE
                0x0000000000007590       0x30 /usr/lib/gcc/x86_64-linux-gnu/7/../../../x86_64-linux-gnu/crti.o
 .rela.data.rel.ro._ZTIN5Pdraw6SourceE
                0x00000000000075c0       0x48 /usr/lib/gcc/x86_64-linux-gnu/7/../../../x86_64-linux-gnu/crti.o
 .rela.data.rel.ro.local._ZTVN5Pdraw6SourceE
                0x0000000000007608       0xa8 /usr/lib/gcc/x86_64-linux-gnu/7/../../../x86_64-linux-gnu/crti.o
 .rela.data.rel.ro._ZTIN5Pdraw6IPdraw8ListenerE
                0x00000000000076b0       0x30 /usr/lib/gcc/x86_64-linux-gnu/7/../../../x86_64-linux-gnu/crti.o
 .rela.data.rel.ro._ZTIN5Pdraw6IPdraw21VideoRendererListenerE
                0x00000000000076e0       0x30 /usr/lib/gcc/x86_64-linux-gnu/7/../../../x86_64-linux-gnu/crti.o
 .rela.data.rel.ro._ZTIN5Pdraw6IPdraw17VideoSinkListenerE
                0x0000000000007710       0x30 /usr/lib/gcc/x86_64-linux-gnu/7/../../../x86_64-linux-gnu/crti.o
 .rela.data.rel.ro._ZTI13PdrawListener
                0x0000000000007740       0x48 /usr/lib/gcc/x86_64-linux-gnu/7/../../../x86_64-linux-gnu/crti.o
 .rela.data.rel.ro._ZTI26PdrawVideoRendererListener
                0x0000000000007788       0x48 /usr/lib/gcc/x86_64-linux-gnu/7/../../../x86_64-linux-gnu/crti.o
 .rela.data.rel.ro._ZTI22PdrawVideoSinkListener
                0x00000000000077d0       0x48 /usr/lib/gcc/x86_64-linux-gnu/7/../../../x86_64-linux-gnu/crti.o
 .rela.data.rel.ro.local._ZTV13PdrawListener
                0x0000000000007818      0x168 /usr/lib/gcc/x86_64-linux-gnu/7/../../../x86_64-linux-gnu/crti.o
 .rela.data.rel.ro.local._ZTV26PdrawVideoRendererListener
                0x0000000000007980       0x90 /usr/lib/gcc/x86_64-linux-gnu/7/../../../x86_64-linux-gnu/crti.o
 .rela.data.rel.ro.local._ZTV22PdrawVideoSinkListener
                0x0000000000007a10       0x60 /usr/lib/gcc/x86_64-linux-gnu/7/../../../x86_64-linux-gnu/crti.o
 *(.rela.tdata .rela.tdata.* .rela.gnu.linkonce.td.*)
 *(.rela.tbss .rela.tbss.* .rela.gnu.linkonce.tb.*)
 *(.rela.ctors)
 *(.rela.dtors)
 *(.rela.got)
 .rela.got      0x0000000000007a70       0x60 /usr/lib/gcc/x86_64-linux-gnu/7/../../../x86_64-linux-gnu/crti.o
 *(.rela.bss .rela.bss.* .rela.gnu.linkonce.b.*)
 *(.rela.ldata .rela.ldata.* .rela.gnu.linkonce.l.*)
 *(.rela.lbss .rela.lbss.* .rela.gnu.linkonce.lb.*)
 *(.rela.lrodata .rela.lrodata.* .rela.gnu.linkonce.lr.*)
 *(.rela.ifunc)
 .rela.ifunc    0x0000000000007ad0        0x0 /usr/lib/gcc/x86_64-linux-gnu/7/../../../x86_64-linux-gnu/crti.o
 .rela.fini_array
                0x0000000000007ad0       0x18 /usr/lib/gcc/x86_64-linux-gnu/7/../../../x86_64-linux-gnu/crti.o
 .rela.init_array
                0x0000000000007ae8       0x30 /usr/lib/gcc/x86_64-linux-gnu/7/../../../x86_64-linux-gnu/crti.o
 .rela.eh_frame
                0x0000000000007b18        0x0 /usr/lib/gcc/x86_64-linux-gnu/7/../../../x86_64-linux-gnu/crti.o

.rela.plt       0x0000000000007b18     0x1740
 *(.rela.plt)
 .rela.plt      0x0000000000007b18     0x1740 /usr/lib/gcc/x86_64-linux-gnu/7/../../../x86_64-linux-gnu/crti.o
 *(.rela.iplt)

.init           0x0000000000009258       0x17
 *(SORT_NONE(.init))
 .init          0x0000000000009258       0x12 /usr/lib/gcc/x86_64-linux-gnu/7/../../../x86_64-linux-gnu/crti.o
                0x0000000000009258                _init
 .init          0x000000000000926a        0x5 /usr/lib/gcc/x86_64-linux-gnu/7/../../../x86_64-linux-gnu/crtn.o

.plt            0x0000000000009270      0xf90
 *(.plt)
 .plt           0x0000000000009270      0xf90 /usr/lib/gcc/x86_64-linux-gnu/7/../../../x86_64-linux-gnu/crti.o
 *(.iplt)

.plt.got        0x000000000000a200        0x8
 *(.plt.got)
 .plt.got       0x000000000000a200        0x8 /usr/lib/gcc/x86_64-linux-gnu/7/../../../x86_64-linux-gnu/crti.o

.plt.sec
 *(.plt.sec)

.text           0x000000000000a210    0x34bff
 *(.text.unlikely .text.*_unlikely .text.unlikely.*)
 *(.text.exit .text.exit.*)
 *(.text.startup .text.startup.*)
 .text.startup._GLOBAL__sub_I_pdraw_gles2_video.cpp
                0x000000000000a210       0x94 /home/zxli/code/parrot-groundsdk/out/olympe-linux/build/libpdraw/obj/src/pdraw_gles2_video.cpp.o
 *(.text.hot .text.hot.*)
 *(.text .stub .text.* .gnu.linkonce.t.*)
 *fill*         0x000000000000a2a4        0xc 
 .text          0x000000000000a2b0       0xda /usr/lib/gcc/x86_64-linux-gnu/7/crtbeginS.o
 *fill*         0x000000000000a38a        0x6 
 .text._ZN5Pdraw10AvcDecoder17onChannelTeardownEPNS_7ChannelE
                0x000000000000a390      0x15f /home/zxli/code/parrot-groundsdk/out/olympe-linux/build/libpdraw/obj/src/pdraw_avcdecoder.cpp.o
                0x000000000000a390                Pdraw::AvcDecoder::onChannelTeardown(Pdraw::Channel*)
 *fill*         0x000000000000a4ef        0x1 
 .text._ZThn104_N5Pdraw10AvcDecoder17onChannelTeardownEPNS_7ChannelE
                0x000000000000a4f0        0x9 /home/zxli/code/parrot-groundsdk/out/olympe-linux/build/libpdraw/obj/src/pdraw_avcdecoder.cpp.o
                0x000000000000a4f0                non-virtual thunk to Pdraw::AvcDecoder::onChannelTeardown(Pdraw::Channel*)
 *fill*         0x000000000000a4f9        0x7 
 .text._ZN5Pdraw10AvcDecoderD2Ev
                0x000000000000a500      0x1bf /home/zxli/code/parrot-groundsdk/out/olympe-linux/build/libpdraw/obj/src/pdraw_avcdecoder.cpp.o
                0x000000000000a500                Pdraw::AvcDecoder::~AvcDecoder()
                0x000000000000a500                Pdraw::AvcDecoder::~AvcDecoder()
 *fill*         0x000000000000a6bf        0x1 
 .text._ZThn104_N5Pdraw10AvcDecoderD1Ev
                0x000000000000a6c0        0x9 /home/zxli/code/parrot-groundsdk/out/olympe-linux/build/libpdraw/obj/src/pdraw_avcdecoder.cpp.o
                0x000000000000a6c0                non-virtual thunk to Pdraw::AvcDecoder::~AvcDecoder()
 *fill*         0x000000000000a6c9        0x7 
 .text._ZThn224_N5Pdraw10AvcDecoderD1Ev
                0x000000000000a6d0        0xc /home/zxli/code/parrot-groundsdk/out/olympe-linux/build/libpdraw/obj/src/pdraw_avcdecoder.cpp.o
                0x000000000000a6d0                non-virtual thunk to Pdraw::AvcDecoder::~AvcDecoder()
 *fill*         0x000000000000a6dc        0x4 
 .text._ZN5Pdraw10AvcDecoderD0Ev
                0x000000000000a6e0       0x12 /home/zxli/code/parrot-groundsdk/out/olympe-linux/build/libpdraw/obj/src/pdraw_avcdecoder.cpp.o
                0x000000000000a6e0                Pdraw::AvcDecoder::~AvcDecoder()
 *fill*         0x000000000000a6f2        0xe 
 .text._ZThn224_N5Pdraw10AvcDecoderD0Ev
                0x000000000000a700        0xc /home/zxli/code/parrot-groundsdk/out/olympe-linux/build/libpdraw/obj/src/pdraw_avcdecoder.cpp.o
                0x000000000000a700                non-virtual thunk to Pdraw::AvcDecoder::~AvcDecoder()
 *fill*         0x000000000000a70c        0x4 
 .text._ZThn104_N5Pdraw10AvcDecoderD0Ev
                0x000000000000a710        0x9 /home/zxli/code/parrot-groundsdk/out/olympe-linux/build/libpdraw/obj/src/pdraw_avcdecoder.cpp.o
                0x000000000000a710                non-virtual thunk to Pdraw::AvcDecoder::~AvcDecoder()
 *fill*         0x000000000000a719        0x7 
 .text._ZN5Pdraw10AvcDecoder5startEv
                0x000000000000a720      0x759 /home/zxli/code/parrot-groundsdk/out/olympe-linux/build/libpdraw/obj/src/pdraw_avcdecoder.cpp.o
                0x000000000000a720                Pdraw::AvcDecoder::start()
 *fill*         0x000000000000ae79        0x7 
 .text._ZN5Pdraw10AvcDecoder7flushCbEP12vdec_decoderPv
                0x000000000000ae80       0xe1 /home/zxli/code/parrot-groundsdk/out/olympe-linux/build/libpdraw/obj/src/pdraw_avcdecoder.cpp.o
                0x000000000000ae80                Pdraw::AvcDecoder::flushCb(vdec_decoder*, void*)
 *fill*         0x000000000000af61        0xf 
 .text._ZN5Pdraw10AvcDecoder6stopCbEP12vdec_decoderPv
                0x000000000000af70       0xde /home/zxli/code/parrot-groundsdk/out/olympe-linux/build/libpdraw/obj/src/pdraw_avcdecoder.cpp.o
                0x000000000000af70                Pdraw::AvcDecoder::stopCb(vdec_decoder*, void*)
 *fill*         0x000000000000b04e        0x2 
 .text._ZN5Pdraw10AvcDecoder13frameOutputCbEP12vdec_decoderiP11vbuf_bufferPv
                0x000000000000b050      0x9d9 /home/zxli/code/parrot-groundsdk/out/olympe-linux/build/libpdraw/obj/src/pdraw_avcdecoder.cpp.o
                0x000000000000b050                Pdraw::AvcDecoder::frameOutputCb(vdec_decoder*, int, vbuf_buffer*, void*)
 *fill*         0x000000000000ba29        0x7 
 .text._ZN5Pdraw10AvcDecoder16onChannelFlushedEPNS_7ChannelE
                0x000000000000ba30      0x191 /home/zxli/code/parrot-groundsdk/out/olympe-linux/build/libpdraw/obj/src/pdraw_avcdecoder.cpp.o
                0x000000000000ba30                Pdraw::AvcDecoder::onChannelFlushed(Pdraw::Channel*)
 *fill*         0x000000000000bbc1        0xf 
 .text._ZThn224_N5Pdraw10AvcDecoder16onChannelFlushedEPNS_7ChannelE
                0x000000000000bbd0        0xc /home/zxli/code/parrot-groundsdk/out/olympe-linux/build/libpdraw/obj/src/pdraw_avcdecoder.cpp.o
                0x000000000000bbd0                non-virtual thunk to Pdraw::AvcDecoder::onChannelFlushed(Pdraw::Channel*)
 *fill*         0x000000000000bbdc        0x4 
 .text._ZN5Pdraw10AvcDecoder7tryStopEv.part.13
                0x000000000000bbe0      0x32d /home/zxli/code/parrot-groundsdk/out/olympe-linux/build/libpdraw/obj/src/pdraw_avcdecoder.cpp.o
 *fill*         0x000000000000bf0d        0x3 
 .text._ZN5Pdraw10AvcDecoderC2EPNS_7SessionEPNS_7Element8ListenerEPNS_6Source8ListenerE
                0x000000000000bf10      0x409 /home/zxli/code/parrot-groundsdk/out/olympe-linux/build/libpdraw/obj/src/pdraw_avcdecoder.cpp.o
                0x000000000000bf10                Pdraw::AvcDecoder::AvcDecoder(Pdraw::Session*, Pdraw::Element::Listener*, Pdraw::Source::Listener*)
                0x000000000000bf10                Pdraw::AvcDecoder::AvcDecoder(Pdraw::Session*, Pdraw::Element::Listener*, Pdraw::Source::Listener*)
 *fill*         0x000000000000c319        0x7 
 .text._ZN5Pdraw10AvcDecoder12completeStopEv
                0x000000000000c320      0x14c /home/zxli/code/parrot-groundsdk/out/olympe-linux/build/libpdraw/obj/src/pdraw_avcdecoder.cpp.o
                0x000000000000c320                Pdraw::AvcDecoder::completeStop()
 *fill*         0x000000000000c46c        0x4 
 .text._ZN5Pdraw10AvcDecoder6resyncEv
                0x000000000000c470      0x12f /home/zxli/code/parrot-groundsdk/out/olympe-linux/build/libpdraw/obj/src/pdraw_avcdecoder.cpp.o
                0x000000000000c470                Pdraw::AvcDecoder::resync()
 *fill*         0x000000000000c59f        0x1 
 .text._ZN5Pdraw10AvcDecoder14completeResyncEv
                0x000000000000c5a0      0x11f /home/zxli/code/parrot-groundsdk/out/olympe-linux/build/libpdraw/obj/src/pdraw_avcdecoder.cpp.o
                0x000000000000c5a0                Pdraw::AvcDecoder::completeResync()
 *fill*         0x000000000000c6bf        0x1 
 .text._ZN5Pdraw10AvcDecoder13completeFlushEv.part.14
                0x000000000000c6c0      0x255 /home/zxli/code/parrot-groundsdk/out/olympe-linux/build/libpdraw/obj/src/pdraw_avcdecoder.cpp.o
 *fill*         0x000000000000c915        0xb 
 .text._ZN5Pdraw10AvcDecoder13completeFlushEv
                0x000000000000c920       0x15 /home/zxli/code/parrot-groundsdk/out/olympe-linux/build/libpdraw/obj/src/pdraw_avcdecoder.cpp.o
                0x000000000000c920                Pdraw::AvcDecoder::completeFlush()
 *fill*         0x000000000000c935        0xb 
 .text._ZN5Pdraw10AvcDecoder5flushEv
                0x000000000000c940      0x277 /home/zxli/code/parrot-groundsdk/out/olympe-linux/build/libpdraw/obj/src/pdraw_avcdecoder.cpp.o
                0x000000000000c940                Pdraw::AvcDecoder::flush()
 *fill*         0x000000000000cbb7        0x9 
 .text._ZN5Pdraw10AvcDecoder4stopEv
                0x000000000000cbc0      0x17f /home/zxli/code/parrot-groundsdk/out/olympe-linux/build/libpdraw/obj/src/pdraw_avcdecoder.cpp.o
                0x000000000000cbc0                Pdraw::AvcDecoder::stop()
 *fill*         0x000000000000cd3f        0x1 
 .text._ZN5Pdraw10AvcDecoder14onChannelFlushEPNS_7ChannelE
                0x000000000000cd40      0x14f /home/zxli/code/parrot-groundsdk/out/olympe-linux/build/libpdraw/obj/src/pdraw_avcdecoder.cpp.o
                0x000000000000cd40                Pdraw::AvcDecoder::onChannelFlush(Pdraw::Channel*)
 *fill*         0x000000000000ce8f        0x1 
 .text._ZThn104_N5Pdraw10AvcDecoder14onChannelFlushEPNS_7ChannelE
                0x000000000000ce90        0x9 /home/zxli/code/parrot-groundsdk/out/olympe-linux/build/libpdraw/obj/src/pdraw_avcdecoder.cpp.o
                0x000000000000ce90                non-virtual thunk to Pdraw::AvcDecoder::onChannelFlush(Pdraw::Channel*)
 *fill*         0x000000000000ce99        0x7 
 .text._ZN5Pdraw10AvcDecoder14onChannelQueueEPNS_7ChannelEP11vbuf_buffer
                0x000000000000cea0      0x676 /home/zxli/code/parrot-groundsdk/out/olympe-linux/build/libpdraw/obj/src/pdraw_avcdecoder.cpp.o
                0x000000000000cea0                Pdraw::AvcDecoder::onChannelQueue(Pdraw::Channel*, vbuf_buffer*)
 *fill*         0x000000000000d516        0xa 
 .text._ZThn104_N5Pdraw10AvcDecoder14onChannelQueueEPNS_7ChannelEP11vbuf_buffer
                0x000000000000d520        0x9 /home/zxli/code/parrot-groundsdk/out/olympe-linux/build/libpdraw/obj/src/pdraw_avcdecoder.cpp.o
                0x000000000000d520                non-virtual thunk to Pdraw::AvcDecoder::onChannelQueue(Pdraw::Channel*, vbuf_buffer*)
 *fill*         0x000000000000d529        0x7 
 .text._ZN5Pdraw10AvcDecoder15onChannelUnlinkEPNS_7ChannelE
                0x000000000000d530       0x9c /home/zxli/code/parrot-groundsdk/out/olympe-linux/build/libpdraw/obj/src/pdraw_avcdecoder.cpp.o
                0x000000000000d530                Pdraw::AvcDecoder::onChannelUnlink(Pdraw::Channel*)
 *fill*         0x000000000000d5cc        0x4 
 .text._ZThn224_N5Pdraw10AvcDecoder15onChannelUnlinkEPNS_7ChannelE
                0x000000000000d5d0        0xc /home/zxli/code/parrot-groundsdk/out/olympe-linux/build/libpdraw/obj/src/pdraw_avcdecoder.cpp.o
                0x000000000000d5d0                non-virtual thunk to Pdraw::AvcDecoder::onChannelUnlink(Pdraw::Channel*)
 *fill*         0x000000000000d5dc        0x4 
 .text._ZN5Pdraw10AvcDecoder12onChannelSosEPNS_7ChannelE
                0x000000000000d5e0      0x14f /home/zxli/code/parrot-groundsdk/out/olympe-linux/build/libpdraw/obj/src/pdraw_avcdecoder.cpp.o
                0x000000000000d5e0                Pdraw::AvcDecoder::onChannelSos(Pdraw::Channel*)
 *fill*         0x000000000000d72f        0x1 
 .text._ZThn104_N5Pdraw10AvcDecoder12onChannelSosEPNS_7ChannelE
                0x000000000000d730        0x9 /home/zxli/code/parrot-groundsdk/out/olympe-linux/build/libpdraw/obj/src/pdraw_avcdecoder.cpp.o
                0x000000000000d730                non-virtual thunk to Pdraw::AvcDecoder::onChannelSos(Pdraw::Channel*)
 *fill*         0x000000000000d739        0x7 
 .text._ZN5Pdraw10AvcDecoder12onChannelEosEPNS_7ChannelE
                0x000000000000d740      0x14f /home/zxli/code/parrot-groundsdk/out/olympe-linux/build/libpdraw/obj/src/pdraw_avcdecoder.cpp.o
                0x000000000000d740                Pdraw::AvcDecoder::onChannelEos(Pdraw::Channel*)
 *fill*         0x000000000000d88f        0x1 
 .text._ZThn104_N5Pdraw10AvcDecoder12onChannelEosEPNS_7ChannelE
                0x000000000000d890        0x9 /home/zxli/code/parrot-groundsdk/out/olympe-linux/build/libpdraw/obj/src/pdraw_avcdecoder.cpp.o
                0x000000000000d890                non-virtual thunk to Pdraw::AvcDecoder::onChannelEos(Pdraw::Channel*)
 *fill*         0x000000000000d899        0x7 
 .text._ZN5Pdraw10AvcDecoder20onChannelReconfigureEPNS_7ChannelE
                0x000000000000d8a0      0x14f /home/zxli/code/parrot-groundsdk/out/olympe-linux/build/libpdraw/obj/src/pdraw_avcdecoder.cpp.o
                0x000000000000d8a0                Pdraw::AvcDecoder::onChannelReconfigure(Pdraw::Channel*)
 *fill*         0x000000000000d9ef        0x1 
 .text._ZThn104_N5Pdraw10AvcDecoder20onChannelReconfigureEPNS_7ChannelE
                0x000000000000d9f0        0x9 /home/zxli/code/parrot-groundsdk/out/olympe-linux/build/libpdraw/obj/src/pdraw_avcdecoder.cpp.o
                0x000000000000d9f0                non-virtual thunk to Pdraw::AvcDecoder::onChannelReconfigure(Pdraw::Channel*)
 *fill*         0x000000000000d9f9        0x7 
 .text._ZN5Pdraw10AvcDecoder16onChannelTimeoutEPNS_7ChannelE
                0x000000000000da00      0x14f /home/zxli/code/parrot-groundsdk/out/olympe-linux/build/libpdraw/obj/src/pdraw_avcdecoder.cpp.o
                0x000000000000da00                Pdraw::AvcDecoder::onChannelTimeout(Pdraw::Channel*)
 *fill*         0x000000000000db4f        0x1 
 .text._ZThn104_N5Pdraw10AvcDecoder16onChannelTimeoutEPNS_7ChannelE
                0x000000000000db50        0x9 /home/zxli/code/parrot-groundsdk/out/olympe-linux/build/libpdraw/obj/src/pdraw_avcdecoder.cpp.o
                0x000000000000db50                non-virtual thunk to Pdraw::AvcDecoder::onChannelTimeout(Pdraw::Channel*)
 *fill*         0x000000000000db59        0x7 
 .text._ZN5Pdraw10AvcDecoder21onChannelPhotoTriggerEPNS_7ChannelE
                0x000000000000db60      0x14f /home/zxli/code/parrot-groundsdk/out/olympe-linux/build/libpdraw/obj/src/pdraw_avcdecoder.cpp.o
                0x000000000000db60                Pdraw::AvcDecoder::onChannelPhotoTrigger(Pdraw::Channel*)
 *fill*         0x000000000000dcaf        0x1 
 .text._ZThn104_N5Pdraw10AvcDecoder21onChannelPhotoTriggerEPNS_7ChannelE
                0x000000000000dcb0        0x9 /home/zxli/code/parrot-groundsdk/out/olympe-linux/build/libpdraw/obj/src/pdraw_avcdecoder.cpp.o
                0x000000000000dcb0                non-virtual thunk to Pdraw::AvcDecoder::onChannelPhotoTrigger(Pdraw::Channel*)
 *fill*         0x000000000000dcb9        0x7 
 .text._ZN5Pdraw7ChannelC2EPNS0_12SinkListenerE
                0x000000000000dcc0       0x37 /home/zxli/code/parrot-groundsdk/out/olympe-linux/build/libpdraw/obj/src/pdraw_channel.cpp.o
                0x000000000000dcc0                Pdraw::Channel::Channel(Pdraw::Channel::SinkListener*)
                0x000000000000dcc0                Pdraw::Channel::Channel(Pdraw::Channel::SinkListener*)
 *fill*         0x000000000000dcf7        0x9 
 .text._ZN5Pdraw7Channel5queueEP11vbuf_buffer
                0x000000000000dd00       0x73 /home/zxli/code/parrot-groundsdk/out/olympe-linux/build/libpdraw/obj/src/pdraw_channel.cpp.o
                0x000000000000dd00                Pdraw::Channel::queue(vbuf_buffer*)
 *fill*         0x000000000000dd73        0xd 
 .text._ZN5Pdraw7Channel5flushEv
                0x000000000000dd80      0x236 /home/zxli/code/parrot-groundsdk/out/olympe-linux/build/libpdraw/obj/src/pdraw_channel.cpp.o
                0x000000000000dd80                Pdraw::Channel::flush()
 *fill*         0x000000000000dfb6        0xa 
 .text._ZN5Pdraw7Channel9flushDoneEv
                0x000000000000dfc0      0x1b5 /home/zxli/code/parrot-groundsdk/out/olympe-linux/build/libpdraw/obj/src/pdraw_channel.cpp.o
                0x000000000000dfc0                Pdraw::Channel::flushDone()
 *fill*         0x000000000000e175        0xb 
 .text._ZN5Pdraw7Channel6resyncEv
                0x000000000000e180      0x1c6 /home/zxli/code/parrot-groundsdk/out/olympe-linux/build/libpdraw/obj/src/pdraw_channel.cpp.o
                0x000000000000e180                Pdraw::Channel::resync()
 *fill*         0x000000000000e346        0xa 
 .text._ZN5Pdraw7Channel8teardownEv
                0x000000000000e350      0x236 /home/zxli/code/parrot-groundsdk/out/olympe-linux/build/libpdraw/obj/src/pdraw_channel.cpp.o
                0x000000000000e350                Pdraw::Channel::teardown()
 *fill*         0x000000000000e586        0xa 
 .text._ZN5Pdraw7Channel6unlinkEv
                0x000000000000e590      0x1c6 /home/zxli/code/parrot-groundsdk/out/olympe-linux/build/libpdraw/obj/src/pdraw_channel.cpp.o
                0x000000000000e590                Pdraw::Channel::unlink()
 *fill*         0x000000000000e756        0xa 
 .text._ZN5Pdraw7Channel19sendDownstreamEventENS0_15DownstreamEventE
                0x000000000000e760      0x26d /home/zxli/code/parrot-groundsdk/out/olympe-linux/build/libpdraw/obj/src/pdraw_channel.cpp.o
                0x000000000000e760                Pdraw::Channel::sendDownstreamEvent(Pdraw::Channel::DownstreamEvent)
 *fill*         0x000000000000e9cd        0x3 
 .text._ZN5Pdraw7Channel21getDownstreamEventStrENS0_15DownstreamEventE
                0x000000000000e9d0       0x93 /home/zxli/code/parrot-groundsdk/out/olympe-linux/build/libpdraw/obj/src/pdraw_channel.cpp.o
                0x000000000000e9d0                Pdraw::Channel::getDownstreamEventStr(Pdraw::Channel::DownstreamEvent)
 *fill*         0x000000000000ea63        0xd 
 .text._ZN5Pdraw7Channel19getUpstreamEventStrENS0_13UpstreamEventE
                0x000000000000ea70       0x2a /home/zxli/code/parrot-groundsdk/out/olympe-linux/build/libpdraw/obj/src/pdraw_channel.cpp.o
                0x000000000000ea70                Pdraw::Channel::getUpstreamEventStr(Pdraw::Channel::UpstreamEvent)
 *fill*         0x000000000000ea9a        0x6 
 .text._ZN5Pdraw13RecordDemuxer11getDurationEv
                0x000000000000eaa0        0x8 /home/zxli/code/parrot-groundsdk/out/olympe-linux/build/libpdraw/obj/src/pdraw_demuxer_record.cpp.o
                0x000000000000eaa0                Pdraw::RecordDemuxer::getDuration()
 *fill*         0x000000000000eaa8        0x8 
 .text._ZN5Pdraw13RecordDemuxer14getCurrentTimeEv
                0x000000000000eab0        0x8 /home/zxli/code/parrot-groundsdk/out/olympe-linux/build/libpdraw/obj/src/pdraw_demuxer_record.cpp.o
                0x000000000000eab0                Pdraw::RecordDemuxer::getCurrentTime()
 *fill*         0x000000000000eab8        0x8 
 .text._ZN5Pdraw13RecordDemuxerD2Ev
                0x000000000000eac0      0x47f /home/zxli/code/parrot-groundsdk/out/olympe-linux/build/libpdraw/obj/src/pdraw_demuxer_record.cpp.o
                0x000000000000eac0                Pdraw::RecordDemuxer::~RecordDemuxer()
                0x000000000000eac0                Pdraw::RecordDemuxer::~RecordDemuxer()
 *fill*         0x000000000000ef3f        0x1 
 .text._ZThn104_N5Pdraw13RecordDemuxerD1Ev
                0x000000000000ef40        0x9 /home/zxli/code/parrot-groundsdk/out/olympe-linux/build/libpdraw/obj/src/pdraw_demuxer_record.cpp.o
                0x000000000000ef40                non-virtual thunk to Pdraw::RecordDemuxer::~RecordDemuxer()
 *fill*         0x000000000000ef49        0x7 
 .text._ZN5Pdraw13RecordDemuxerD0Ev
                0x000000000000ef50       0x12 /home/zxli/code/parrot-groundsdk/out/olympe-linux/build/libpdraw/obj/src/pdraw_demuxer_record.cpp.o
                0x000000000000ef50                Pdraw::RecordDemuxer::~RecordDemuxer()
 *fill*         0x000000000000ef62        0xe 
 .text._ZThn104_N5Pdraw13RecordDemuxerD0Ev
                0x000000000000ef70        0x9 /home/zxli/code/parrot-groundsdk/out/olympe-linux/build/libpdraw/obj/src/pdraw_demuxer_record.cpp.o
                0x000000000000ef70                non-virtual thunk to Pdraw::RecordDemuxer::~RecordDemuxer()
 *fill*         0x000000000000ef79        0x7 
 .text._ZN5Pdraw13RecordDemuxer8isPausedEv
                0x000000000000ef80       0x9f /home/zxli/code/parrot-groundsdk/out/olympe-linux/build/libpdraw/obj/src/pdraw_demuxer_record.cpp.o
                0x000000000000ef80                Pdraw::RecordDemuxer::isPaused()
 *fill*         0x000000000000f01f        0x1 
 .text._ZN5Pdraw13RecordDemuxer4seekElb
                0x000000000000f020       0x94 /home/zxli/code/parrot-groundsdk/out/olympe-linux/build/libpdraw/obj/src/pdraw_demuxer_record.cpp.o
                0x000000000000f020                Pdraw::RecordDemuxer::seek(long, bool)
 *fill*         0x000000000000f0b4        0xc 
 .text._ZN5Pdraw13RecordDemuxer4stopEv
                0x000000000000f0c0      0x1e9 /home/zxli/code/parrot-groundsdk/out/olympe-linux/build/libpdraw/obj/src/pdraw_demuxer_record.cpp.o
                0x000000000000f0c0                Pdraw::RecordDemuxer::stop()
 *fill*         0x000000000000f2a9        0x7 
 .text._ZN5Pdraw13RecordDemuxer8previousEv
                0x000000000000f2b0       0xe7 /home/zxli/code/parrot-groundsdk/out/olympe-linux/build/libpdraw/obj/src/pdraw_demuxer_record.cpp.o
                0x000000000000f2b0                Pdraw::RecordDemuxer::previous()
 *fill*         0x000000000000f397        0x9 
 .text._ZN5Pdraw13RecordDemuxer4nextEv
                0x000000000000f3a0       0xd4 /home/zxli/code/parrot-groundsdk/out/olympe-linux/build/libpdraw/obj/src/pdraw_demuxer_record.cpp.o
                0x000000000000f3a0                Pdraw::RecordDemuxer::next()
 *fill*         0x000000000000f474        0xc 
 .text._ZN5Pdraw13RecordDemuxer17h264UserDataSeiCbEP8h264_ctxPKhmPK31h264_sei_user_data_unregisteredPv
                0x000000000000f480      0x124 /home/zxli/code/parrot-groundsdk/out/olympe-linux/build/libpdraw/obj/src/pdraw_demuxer_record.cpp.o
                0x000000000000f480                Pdraw::RecordDemuxer::h264UserDataSeiCb(h264_ctx*, unsigned char const*, unsigned long, h264_sei_user_data_unregistered const*, void*)
 *fill*         0x000000000000f5a4        0xc 
 .text._ZN5Pdraw13RecordDemuxer18h264PicTimingSeiCbEP8h264_ctxPKhmPK19h264_sei_pic_timingPv
                0x000000000000f5b0       0x3a /home/zxli/code/parrot-groundsdk/out/olympe-linux/build/libpdraw/obj/src/pdraw_demuxer_record.cpp.o
                0x000000000000f5b0                Pdraw::RecordDemuxer::h264PicTimingSeiCb(h264_ctx*, unsigned char const*, unsigned long, h264_sei_pic_timing const*, void*)
 *fill*         0x000000000000f5ea        0x6 
 .text._ZN5Pdraw13RecordDemuxer7timerCbEP10pomp_timerPv
                0x000000000000f5f0     0x18ab /home/zxli/code/parrot-groundsdk/out/olympe-linux/build/libpdraw/obj/src/pdraw_demuxer_record.cpp.o
                0x000000000000f5f0                Pdraw::RecordDemuxer::timerCb(pomp_timer*, void*)
 *fill*         0x0000000000010e9b        0x5 
 .text._ZN5Pdraw13RecordDemuxer16onChannelFlushedEPNS_7ChannelE
                0x0000000000010ea0      0x201 /home/zxli/code/parrot-groundsdk/out/olympe-linux/build/libpdraw/obj/src/pdraw_demuxer_record.cpp.o
                0x0000000000010ea0                Pdraw::RecordDemuxer::onChannelFlushed(Pdraw::Channel*)
 *fill*         0x00000000000110a1        0xf 
 .text._ZThn104_N5Pdraw13RecordDemuxer16onChannelFlushedEPNS_7ChannelE
                0x00000000000110b0        0x9 /home/zxli/code/parrot-groundsdk/out/olympe-linux/build/libpdraw/obj/src/pdraw_demuxer_record.cpp.o
                0x00000000000110b0                non-virtual thunk to Pdraw::RecordDemuxer::onChannelFlushed(Pdraw::Channel*)
 *fill*         0x00000000000110b9        0x7 
 .text._ZN5Pdraw13RecordDemuxer4playEf
                0x00000000000110c0      0x196 /home/zxli/code/parrot-groundsdk/out/olympe-linux/build/libpdraw/obj/src/pdraw_demuxer_record.cpp.o
                0x00000000000110c0                Pdraw::RecordDemuxer::play(float)
 *fill*         0x0000000000011256        0xa 
 .text._ZN5Pdraw13RecordDemuxer6seekToEmb
                0x0000000000011260       0xa7 /home/zxli/code/parrot-groundsdk/out/olympe-linux/build/libpdraw/obj/src/pdraw_demuxer_record.cpp.o
                0x0000000000011260                Pdraw::RecordDemuxer::seekTo(unsigned long, bool)
 *fill*         0x0000000000011307        0x9 
 .text._ZN5Pdraw13RecordDemuxer5flushEv
                0x0000000000011310      0x2ae /home/zxli/code/parrot-groundsdk/out/olympe-linux/build/libpdraw/obj/src/pdraw_demuxer_record.cpp.o
                0x0000000000011310                Pdraw::RecordDemuxer::flush()
 *fill*         0x00000000000115be        0x2 
 .text._ZN5Pdraw13RecordDemuxerC2EPNS_7SessionEPNS_7Element8ListenerEPNS_6Source8ListenerEPNS_7Demuxer8ListenerE
                0x00000000000115c0      0x5e8 /home/zxli/code/parrot-groundsdk/out/olympe-linux/build/libpdraw/obj/src/pdraw_demuxer_record.cpp.o
                0x00000000000115c0                Pdraw::RecordDemuxer::RecordDemuxer(Pdraw::Session*, Pdraw::Element::Listener*, Pdraw::Source::Listener*, Pdraw::Demuxer::Listener*)
                0x00000000000115c0                Pdraw::RecordDemuxer::RecordDemuxer(Pdraw::Session*, Pdraw::Element::Listener*, Pdraw::Source::Listener*, Pdraw::Demuxer::Listener*)
 *fill*         0x0000000000011ba8        0x8 
 .text._ZN5Pdraw13RecordDemuxer20fetchSessionMetadataEv
                0x0000000000011bb0      0x3a6 /home/zxli/code/parrot-groundsdk/out/olympe-linux/build/libpdraw/obj/src/pdraw_demuxer_record.cpp.o