Archive member included to satisfy reference by file (symbol)

/home/zxli/code/parrot-groundsdk/out/olympe-linux/staging/usr/lib/libarsdkgen.a(arsdk_cmd_desc.c.o)
                              (--whole-archive)
/home/zxli/code/parrot-groundsdk/out/olympe-linux/staging/usr/lib/libarsdkgen.a(arsdk_cmd_dec.c.o)
                              (--whole-archive)
/home/zxli/code/parrot-groundsdk/out/olympe-linux/staging/usr/lib/libarsdkgen.a(arsdk_cmd_enc.c.o)
                              (--whole-archive)

As-needed library included to satisfy reference by file (symbol)

libfutils.so                  /home/zxli/code/parrot-groundsdk/out/olympe-linux/build/libarsdk/obj/libarsdk/src/cmd_itf/arsdk_cmd_itf1.c.o (time_get_monotonic)
libulog.so                    /home/zxli/code/parrot-groundsdk/out/olympe-linux/build/libarsdk/obj/libarsdk/src/arsdk_backend.c.o (ulog_log_write)
libmux.so                     /home/zxli/code/parrot-groundsdk/out/olympe-linux/build/libarsdk/obj/libarsdk/src/mux/arsdk_backend_mux.c.o (mux_ref)
libpomp.so                    /home/zxli/code/parrot-groundsdk/out/olympe-linux/build/libarsdk/obj/libarsdk/src/net/arsdk_backend_net.c.o (pomp_conn_get_peer_addr)
libjson-c.so.5                /home/zxli/code/parrot-groundsdk/out/olympe-linux/build/libarsdk/obj/libarsdk/src/net/arsdk_backend_net.c.o (json_object_new_object@@JSONC_0.14)
libpthread.so.0               /home/zxli/code/parrot-groundsdk/out/olympe-linux/build/libarsdk/obj/libarsdk/src/net/arsdk_transport_net.c.o (recvfrom@@GLIBC_2.2.5)
libc.so.6                     /home/zxli/code/parrot-groundsdk/out/olympe-linux/build/libarsdk/obj/libarsdk/src/net/arsdk_transport_net.c.o (socket@@GLIBC_2.2.5)

Discarded input sections

 .text          0x0000000000000000        0x0 /usr/lib/gcc/x86_64-linux-gnu/7/../../../x86_64-linux-gnu/crti.o
 .data          0x0000000000000000        0x0 /usr/lib/gcc/x86_64-linux-gnu/7/../../../x86_64-linux-gnu/crti.o
 .bss           0x0000000000000000        0x0 /usr/lib/gcc/x86_64-linux-gnu/7/../../../x86_64-linux-gnu/crti.o
 .note.GNU-stack
                0x0000000000000000        0x0 /usr/lib/gcc/x86_64-linux-gnu/7/../../../x86_64-linux-gnu/crti.o
 .data          0x0000000000000000        0x0 /usr/lib/gcc/x86_64-linux-gnu/7/crtbeginS.o
 .note.GNU-stack
                0x0000000000000000        0x0 /usr/lib/gcc/x86_64-linux-gnu/7/crtbeginS.o
 .text          0x0000000000000000        0x0 /home/zxli/code/parrot-groundsdk/out/olympe-linux/build/libarsdk/obj/libarsdk/src/arsdk_backend.c.o
 .data          0x0000000000000000        0x0 /home/zxli/code/parrot-groundsdk/out/olympe-linux/build/libarsdk/obj/libarsdk/src/arsdk_backend.c.o
 .bss           0x0000000000000000        0x0 /home/zxli/code/parrot-groundsdk/out/olympe-linux/build/libarsdk/obj/libarsdk/src/arsdk_backend.c.o
 .note.GNU-stack
                0x0000000000000000        0x0 /home/zxli/code/parrot-groundsdk/out/olympe-linux/build/libarsdk/obj/libarsdk/src/arsdk_backend.c.o
 .text          0x0000000000000000        0x0 /home/zxli/code/parrot-groundsdk/out/olympe-linux/build/libarsdk/obj/libarsdk/src/cmd_itf/arsdk_cmd_itf.c.o
 .data          0x0000000000000000        0x0 /home/zxli/code/parrot-groundsdk/out/olympe-linux/build/libarsdk/obj/libarsdk/src/cmd_itf/arsdk_cmd_itf.c.o
 .bss           0x0000000000000000        0x0 /home/zxli/code/parrot-groundsdk/out/olympe-linux/build/libarsdk/obj/libarsdk/src/cmd_itf/arsdk_cmd_itf.c.o
 .note.GNU-stack
                0x0000000000000000        0x0 /home/zxli/code/parrot-groundsdk/out/olympe-linux/build/libarsdk/obj/libarsdk/src/cmd_itf/arsdk_cmd_itf.c.o
 .text          0x0000000000000000        0x0 /home/zxli/code/parrot-groundsdk/out/olympe-linux/build/libarsdk/obj/libarsdk/src/cmd_itf/arsdk_cmd_itf1.c.o
 .data          0x0000000000000000        0x0 /home/zxli/code/parrot-groundsdk/out/olympe-linux/build/libarsdk/obj/libarsdk/src/cmd_itf/arsdk_cmd_itf1.c.o
 .bss           0x0000000000000000        0x0 /home/zxli/code/parrot-groundsdk/out/olympe-linux/build/libarsdk/obj/libarsdk/src/cmd_itf/arsdk_cmd_itf1.c.o
 .note.GNU-stack
                0x0000000000000000        0x0 /home/zxli/code/parrot-groundsdk/out/olympe-linux/build/libarsdk/obj/libarsdk/src/cmd_itf/arsdk_cmd_itf1.c.o
 .text          0x0000000000000000        0x0 /home/zxli/code/parrot-groundsdk/out/olympe-linux/build/libarsdk/obj/libarsdk/src/cmd_itf/arsdk_cmd_itf2.c.o
 .data          0x0000000000000000        0x0 /home/zxli/code/parrot-groundsdk/out/olympe-linux/build/libarsdk/obj/libarsdk/src/cmd_itf/arsdk_cmd_itf2.c.o
 .bss           0x0000000000000000        0x0 /home/zxli/code/parrot-groundsdk/out/olympe-linux/build/libarsdk/obj/libarsdk/src/cmd_itf/arsdk_cmd_itf2.c.o
 .note.GNU-stack
                0x0000000000000000        0x0 /home/zxli/code/parrot-groundsdk/out/olympe-linux/build/libarsdk/obj/libarsdk/src/cmd_itf/arsdk_cmd_itf2.c.o
[...]
Memory Configuration

Name             Origin             Length             Attributes
*default*        0x0000000000000000 0xffffffffffffffff

Linker script and memory map

LOAD /usr/lib/gcc/x86_64-linux-gnu/7/../../../x86_64-linux-gnu/crti.o
LOAD /usr/lib/gcc/x86_64-linux-gnu/7/crtbeginS.o
LOAD /home/zxli/code/parrot-groundsdk/out/olympe-linux/build/libarsdk/obj/libarsdk/src/arsdk_backend.c.o
LOAD /home/zxli/code/parrot-groundsdk/out/olympe-linux/build/libarsdk/obj/libarsdk/src/cmd_itf/arsdk_cmd_itf.c.o
LOAD /home/zxli/code/parrot-groundsdk/out/olympe-linux/build/libarsdk/obj/libarsdk/src/cmd_itf/arsdk_cmd_itf1.c.o
LOAD /home/zxli/code/parrot-groundsdk/out/olympe-linux/build/libarsdk/obj/libarsdk/src/cmd_itf/arsdk_cmd_itf2.c.o
LOAD /home/zxli/code/parrot-groundsdk/out/olympe-linux/build/libarsdk/obj/libarsdk/src/cmd_itf/arsdk_cmd_itf3.c.o
LOAD /home/zxli/code/parrot-groundsdk/out/olympe-linux/build/libarsdk/obj/libarsdk/src/arsdk_decoder.c.o
LOAD /home/zxli/code/parrot-groundsdk/out/olympe-linux/build/libarsdk/obj/libarsdk/src/arsdk_mngr.c.o
LOAD /home/zxli/code/parrot-groundsdk/out/olympe-linux/build/libarsdk/obj/libarsdk/src/arsdk_encoder.c.o
LOAD /home/zxli/code/parrot-groundsdk/out/olympe-linux/build/libarsdk/obj/libarsdk/src/arsdk_log.c.o
LOAD /home/zxli/code/parrot-groundsdk/out/olympe-linux/build/libarsdk/obj/libarsdk/src/arsdk_peer.c.o
LOAD /home/zxli/code/parrot-groundsdk/out/olympe-linux/build/libarsdk/obj/libarsdk/src/arsdk_transport.c.o
LOAD /home/zxli/code/parrot-groundsdk/out/olympe-linux/build/libarsdk/obj/libarsdk/src/net/arsdk_backend_net.c.o
LOAD /home/zxli/code/parrot-groundsdk/out/olympe-linux/build/libarsdk/obj/libarsdk/src/net/arsdk_publisher_avahi.c.o
LOAD /home/zxli/code/parrot-groundsdk/out/olympe-linux/build/libarsdk/obj/libarsdk/src/net/arsdk_publisher_net.c.o
LOAD /home/zxli/code/parrot-groundsdk/out/olympe-linux/build/libarsdk/obj/libarsdk/src/net/arsdk_transport_net.c.o
LOAD /home/zxli/code/parrot-groundsdk/out/olympe-linux/build/libarsdk/obj/libarsdk/src/mux/arsdk_backend_mux.c.o
LOAD /home/zxli/code/parrot-groundsdk/out/olympe-linux/build/libarsdk/obj/libarsdk/src/mux/arsdk_publisher_mux.c.o
LOAD /home/zxli/code/parrot-groundsdk/out/olympe-linux/build/libarsdk/obj/libarsdk/src/mux/arsdk_transport_mux.c.o
LOAD /home/zxli/code/parrot-groundsdk/out/olympe-linux/staging/usr/lib/libarsdkgen.a
LOAD /home/zxli/code/parrot-groundsdk/out/olympe-linux/staging/usr/lib/libfutils.so
LOAD /home/zxli/code/parrot-groundsdk/out/olympe-linux/staging/usr/lib/libulog.so
LOAD /home/zxli/code/parrot-groundsdk/out/olympe-linux/staging/usr/lib/libmux.so
LOAD /home/zxli/code/parrot-groundsdk/out/olympe-linux/staging/usr/lib/libpomp.so
LOAD /home/zxli/code/parrot-groundsdk/out/olympe-linux/staging/usr/lib/libjson-c.so
LOAD /usr/lib/gcc/x86_64-linux-gnu/7/../../../x86_64-linux-gnu/librt.so
LOAD /usr/lib/gcc/x86_64-linux-gnu/7/libstdc++.so
LOAD /usr/lib/gcc/x86_64-linux-gnu/7/../../../x86_64-linux-gnu/libm.so
START GROUP
LOAD /lib/x86_64-linux-gnu/libm.so.6
LOAD /usr/lib/x86_64-linux-gnu/libmvec_nonshared.a
LOAD /lib/x86_64-linux-gnu/libmvec.so.1
END GROUP
LOAD /usr/lib/gcc/x86_64-linux-gnu/7/libgcc_s.so
START GROUP
LOAD /usr/lib/gcc/x86_64-linux-gnu/7/libgcc_s.so.1
LOAD /usr/lib/gcc/x86_64-linux-gnu/7/libgcc.a
END GROUP
LOAD /usr/lib/gcc/x86_64-linux-gnu/7/../../../x86_64-linux-gnu/libpthread.so
START GROUP
LOAD /lib/x86_64-linux-gnu/libpthread.so.0
LOAD /usr/lib/x86_64-linux-gnu/libpthread_nonshared.a
END GROUP
LOAD /usr/lib/gcc/x86_64-linux-gnu/7/../../../x86_64-linux-gnu/libc.so
START GROUP
LOAD /lib/x86_64-linux-gnu/libc.so.6
LOAD /usr/lib/x86_64-linux-gnu/libc_nonshared.a
LOAD /lib/x86_64-linux-gnu/ld-linux-x86-64.so.2
END GROUP
LOAD /usr/lib/gcc/x86_64-linux-gnu/7/libgcc_s.so
START GROUP
LOAD /usr/lib/gcc/x86_64-linux-gnu/7/libgcc_s.so.1
LOAD /usr/lib/gcc/x86_64-linux-gnu/7/libgcc.a
END GROUP
LOAD /usr/lib/gcc/x86_64-linux-gnu/7/crtendS.o
LOAD /usr/lib/gcc/x86_64-linux-gnu/7/../../../x86_64-linux-gnu/crtn.o
                0x00000000000001c8                . = (SEGMENT_START ("text-segment", 0x0) + SIZEOF_HEADERS)

.note.gnu.build-id
                0x00000000000001c8       0x24
 *(.note.gnu.build-id)
 .note.gnu.build-id
                0x00000000000001c8       0x24 /usr/lib/gcc/x86_64-linux-gnu/7/../../../x86_64-linux-gnu/crti.o

.hash
 *(.hash)

.gnu.hash       0x00000000000001f0     0x1ab0
 *(.gnu.hash)
 .gnu.hash      0x00000000000001f0     0x1ab0 /usr/lib/gcc/x86_64-linux-gnu/7/../../../x86_64-linux-gnu/crti.o

.dynsym         0x0000000000001ca0     0x6030
 *(.dynsym)
 .dynsym        0x0000000000001ca0     0x6030 /usr/lib/gcc/x86_64-linux-gnu/7/../../../x86_64-linux-gnu/crti.o

.dynstr         0x0000000000007cd0     0xb4ef
 *(.dynstr)
 .dynstr        0x0000000000007cd0     0xb4ef /usr/lib/gcc/x86_64-linux-gnu/7/../../../x86_64-linux-gnu/crti.o

.gnu.version    0x00000000000131c0      0x804
 *(.gnu.version)
 .gnu.version   0x00000000000131c0      0x804 /usr/lib/gcc/x86_64-linux-gnu/7/../../../x86_64-linux-gnu/crti.o

.gnu.version_d  0x00000000000139c8        0x0
 *(.gnu.version_d)
 .gnu.version_d
                0x00000000000139c8        0x0 /usr/lib/gcc/x86_64-linux-gnu/7/../../../x86_64-linux-gnu/crti.o

.gnu.version_r  0x00000000000139c8       0xa0
 *(.gnu.version_r)
 .gnu.version_r
                0x00000000000139c8       0xa0 /usr/lib/gcc/x86_64-linux-gnu/7/../../../x86_64-linux-gnu/crti.o

.rela.dyn       0x0000000000013a68    0x250b0
 *(.rela.init)
 *(.rela.text .rela.text.* .rela.gnu.linkonce.t.*)
 .rela.text     0x0000000000013a68        0x0 /usr/lib/gcc/x86_64-linux-gnu/7/../../../x86_64-linux-gnu/crti.o
 .rela.text.arsdk_backend_new
                0x0000000000013a68        0x0 /usr/lib/gcc/x86_64-linux-gnu/7/../../../x86_64-linux-gnu/crti.o
 .rela.text.arsdk_backend_destroy
                0x0000000000013a68        0x0 /usr/lib/gcc/x86_64-linux-gnu/7/../../../x86_64-linux-gnu/crti.o
 .rela.text.arsdk_backend_set_osdata
                0x0000000000013a68        0x0 /usr/lib/gcc/x86_64-linux-gnu/7/../../../x86_64-linux-gnu/crti.o
 .rela.text.arsdk_backend_create_peer
                0x0000000000013a68        0x0 /usr/lib/gcc/x86_64-linux-gnu/7/../../../x86_64-linux-gnu/crti.o
 .rela.text.arsdk_backend_destroy_peer
                0x0000000000013a68        0x0 /usr/lib/gcc/x86_64-linux-gnu/7/../../../x86_64-linux-gnu/crti.o
 .rela.text.arsdk_backend_accept_peer_conn
                0x0000000000013a68        0x0 /usr/lib/gcc/x86_64-linux-gnu/7/../../../x86_64-linux-gnu/crti.o
 .rela.text.arsdk_backend_reject_peer_conn
                0x0000000000013a68        0x0 /usr/lib/gcc/x86_64-linux-gnu/7/../../../x86_64-linux-gnu/crti.o
 .rela.text.arsdk_backend_stop_peer_conn
                0x0000000000013a68        0x0 /usr/lib/gcc/x86_64-linux-gnu/7/../../../x86_64-linux-gnu/crti.o
 .rela.text.arsdk_backend_socket_cb
                0x0000000000013a68        0x0 /usr/lib/gcc/x86_64-linux-gnu/7/../../../x86_64-linux-gnu/crti.o
 .rela.text.itf3_dispose
                0x0000000000013a68        0x0 /usr/lib/gcc/x86_64-linux-gnu/7/../../../x86_64-linux-gnu/crti.o
 .rela.text.itf2_dispose
                0x0000000000013a68        0x0 /usr/lib/gcc/x86_64-linux-gnu/7/../../../x86_64-linux-gnu/crti.o
 .rela.text.itf1_dispose
                0x0000000000013a68        0x0 /usr/lib/gcc/x86_64-linux-gnu/7/../../../x86_64-linux-gnu/crti.o
 .rela.text.arsdk_cmd_itf_destroy
                0x0000000000013a68        0x0 /usr/lib/gcc/x86_64-linux-gnu/7/../../../x86_64-linux-gnu/crti.o
 .rela.text.arsdk_cmd_itf_new
                0x0000000000013a68        0x0 /usr/lib/gcc/x86_64-linux-gnu/7/../../../x86_64-linux-gnu/crti.o
 .rela.text.arsdk_cmd_itf_set_osdata
                0x0000000000013a68        0x0 /usr/lib/gcc/x86_64-linux-gnu/7/../../../x86_64-linux-gnu/crti.o
 .rela.text.arsdk_cmd_itf_stop
                0x0000000000013a68        0x0 /usr/lib/gcc/x86_64-linux-gnu/7/../../../x86_64-linux-gnu/crti.o
 .rela.text.arsdk_cmd_itf_send
                0x0000000000013a68        0x0 /usr/lib/gcc/x86_64-linux-gnu/7/../../../x86_64-linux-gnu/crti.o
 .rela.text.arsdk_cmd_itf_recv_data
                0x0000000000013a68        0x0 /usr/lib/gcc/x86_64-linux-gnu/7/../../../x86_64-linux-gnu/crti.o
 .rela.text.link_quality_timer_cb
                0x0000000000013a68        0x0 /usr/lib/gcc/x86_64-linux-gnu/7/../../../x86_64-linux-gnu/crti.o
 .rela.text.recv_ack.isra.6
                0x0000000000013a68        0x0 /usr/lib/gcc/x86_64-linux-gnu/7/../../../x86_64-linux-gnu/crti.o
 .rela.text.check_tx_queues
                0x0000000000013a68        0x0 /usr/lib/gcc/x86_64-linux-gnu/7/../../../x86_64-linux-gnu/crti.o
 .rela.text.arsdk_cmd_itf1_stop
                0x0000000000013a68        0x0 /usr/lib/gcc/x86_64-linux-gnu/7/../../../x86_64-linux-gnu/crti.o
 .rela.text.arsdk_cmd_itf1_send
                0x0000000000013a68        0x0 /usr/lib/gcc/x86_64-linux-gnu/7/../../../x86_64-linux-gnu/crti.o
 .rela.text.arsdk_cmd_itf1_recv_data
                0x0000000000013a68        0x0 /usr/lib/gcc/x86_64-linux-gnu/7/../../../x86_64-linux-gnu/crti.o
 .rela.text.arsdk_cmd_itf1_destroy
                0x0000000000013a68        0x0 /usr/lib/gcc/x86_64-linux-gnu/7/../../../x86_64-linux-gnu/crti.o
 .rela.text.arsdk_cmd_itf1_new
                0x0000000000013a68        0x0 /usr/lib/gcc/x86_64-linux-gnu/7/../../../x86_64-linux-gnu/crti.o
 .rela.text.unpack_cmds
                0x0000000000013a68        0x0 /usr/lib/gcc/x86_64-linux-gnu/7/../../../x86_64-linux-gnu/crti.o
 .rela.text.arsdk_cmd_itf2_stop
                0x0000000000013a68        0x0 /usr/lib/gcc/x86_64-linux-gnu/7/../../../x86_64-linux-gnu/crti.o
 .rela.text.arsdk_cmd_itf2_send
                0x0000000000013a68        0x0 /usr/lib/gcc/x86_64-linux-gnu/7/../../../x86_64-linux-gnu/crti.o
 .rela.text.arsdk_cmd_itf2_recv_data
                0x0000000000013a68        0x0 /usr/lib/gcc/x86_64-linux-gnu/7/../../../x86_64-linux-gnu/crti.o
 .rela.text.arsdk_cmd_itf2_destroy
                0x0000000000013a68        0x0 /usr/lib/gcc/x86_64-linux-gnu/7/../../../x86_64-linux-gnu/crti.o
 .rela.text.arsdk_cmd_itf2_new
                0x0000000000013a68        0x0 /usr/lib/gcc/x86_64-linux-gnu/7/../../../x86_64-linux-gnu/crti.o
 .rela.text.arsdk_cmd_itf3_stop
                0x0000000000013a68        0x0 /usr/lib/gcc/x86_64-linux-gnu/7/../../../x86_64-linux-gnu/crti.o
 .rela.text.arsdk_cmd_itf3_send
                0x0000000000013a68        0x0 /usr/lib/gcc/x86_64-linux-gnu/7/../../../x86_64-linux-gnu/crti.o
 .rela.text.arsdk_cmd_itf3_recv_data
                0x0000000000013a68        0x0 /usr/lib/gcc/x86_64-linux-gnu/7/../../../x86_64-linux-gnu/crti.o
 .rela.text.arsdk_cmd_itf3_destroy
                0x0000000000013a68        0x0 /usr/lib/gcc/x86_64-linux-gnu/7/../../../x86_64-linux-gnu/crti.o
 .rela.text.arsdk_cmd_itf3_new
                0x0000000000013a68        0x0 /usr/lib/gcc/x86_64-linux-gnu/7/../../../x86_64-linux-gnu/crti.o
 .rela.text.decoder_read_cstr
                0x0000000000013a68        0x0 /usr/lib/gcc/x86_64-linux-gnu/7/../../../x86_64-linux-gnu/crti.o
 .rela.text.arsdk_cmd_dec
                0x0000000000013a68        0x0 /usr/lib/gcc/x86_64-linux-gnu/7/../../../x86_64-linux-gnu/crti.o
 .rela.text.arsdk_cmd_dec_header
                0x0000000000013a68        0x0 /usr/lib/gcc/x86_64-linux-gnu/7/../../../x86_64-linux-gnu/crti.o
 .rela.text.arsdk_cmd_get_values
                0x0000000000013a68        0x0 /usr/lib/gcc/x86_64-linux-gnu/7/../../../x86_64-linux-gnu/crti.o
 .rela.text.arsdk_cmd_fmt
                0x0000000000013a68        0x0 /usr/lib/gcc/x86_64-linux-gnu/7/../../../x86_64-linux-gnu/crti.o
 .rela.text.arsdk_mngr_new
                0x0000000000013a68        0x0 /usr/lib/gcc/x86_64-linux-gnu/7/../../../x86_64-linux-gnu/crti.o
 .rela.text.arsdk_mngr_set_peer_cbs
                0x0000000000013a68        0x0 /usr/lib/gcc/x86_64-linux-gnu/7/../../../x86_64-linux-gnu/crti.o
 .rela.text.arsdk_mngr_create_peer
                0x0000000000013a68        0x0 /usr/lib/gcc/x86_64-linux-gnu/7/../../../x86_64-linux-gnu/crti.o
 .rela.text.arsdk_mngr_destroy_peer
                0x0000000000013a68        0x0 /usr/lib/gcc/x86_64-linux-gnu/7/../../../x86_64-linux-gnu/crti.o
 .rela.text.arsdk_mngr_register_backend
                0x0000000000013a68        0x0 /usr/lib/gcc/x86_64-linux-gnu/7/../../../x86_64-linux-gnu/crti.o
 .rela.text.arsdk_mngr_unregister_backend
                0x0000000000013a68        0x0 /usr/lib/gcc/x86_64-linux-gnu/7/../../../x86_64-linux-gnu/crti.o
 .rela.text.arsdk_mngr_destroy
                0x0000000000013a68        0x0 /usr/lib/gcc/x86_64-linux-gnu/7/../../../x86_64-linux-gnu/crti.o
 .rela.text.cmd_encv_internal
                0x0000000000013a68        0x0 /usr/lib/gcc/x86_64-linux-gnu/7/../../../x86_64-linux-gnu/crti.o
 .rela.text.connected
                0x0000000000013a68        0x0 /usr/lib/gcc/x86_64-linux-gnu/7/../../../x86_64-linux-gnu/crti.o
 .rela.text.cmd_itf_dispose
                0x0000000000013a68        0x0 /usr/lib/gcc/x86_64-linux-gnu/7/../../../x86_64-linux-gnu/crti.o
 .rela.text.recv_data
                0x0000000000013a68        0x0 /usr/lib/gcc/x86_64-linux-gnu/7/../../../x86_64-linux-gnu/crti.o
 .rela.text.arsdk_peer_destroy
                0x0000000000013a68        0x0 /usr/lib/gcc/x86_64-linux-gnu/7/../../../x86_64-linux-gnu/crti.o
 .rela.text.arsdk_peer_new
                0x0000000000013a68        0x0 /usr/lib/gcc/x86_64-linux-gnu/7/../../../x86_64-linux-gnu/crti.o
 .rela.text.arsdk_peer_set_osdata
                0x0000000000013a68        0x0 /usr/lib/gcc/x86_64-linux-gnu/7/../../../x86_64-linux-gnu/crti.o
 .rela.text.arsdk_peer_get_info
                0x0000000000013a68        0x0 /usr/lib/gcc/x86_64-linux-gnu/7/../../../x86_64-linux-gnu/crti.o
 .rela.text.arsdk_peer_cancel
                0x0000000000013a68        0x0 /usr/lib/gcc/x86_64-linux-gnu/7/../../../x86_64-linux-gnu/crti.o
 .rela.text.arsdk_peer_accept
                0x0000000000013a68        0x0 /usr/lib/gcc/x86_64-linux-gnu/7/../../../x86_64-linux-gnu/crti.o
 .rela.text.arsdk_peer_reject
                0x0000000000013a68        0x0 /usr/lib/gcc/x86_64-linux-gnu/7/../../../x86_64-linux-gnu/crti.o
 .rela.text.arsdk_peer_disconnect
                0x0000000000013a68        0x0 /usr/lib/gcc/x86_64-linux-gnu/7/../../../x86_64-linux-gnu/crti.o
 .rela.text.arsdk_peer_create_cmd_itf
                0x0000000000013a68        0x0 /usr/lib/gcc/x86_64-linux-gnu/7/../../../x86_64-linux-gnu/crti.o
 .rela.text.restart_ping
                0x0000000000013a68        0x0 /usr/lib/gcc/x86_64-linux-gnu/7/../../../x86_64-linux-gnu/crti.o
 .rela.text.arsdk_transport_new
                0x0000000000013a68        0x0 /usr/lib/gcc/x86_64-linux-gnu/7/../../../x86_64-linux-gnu/crti.o
 .rela.text.arsdk_transport_destroy
                0x0000000000013a68        0x0 /usr/lib/gcc/x86_64-linux-gnu/7/../../../x86_64-linux-gnu/crti.o
 .rela.text.arsdk_transport_start
                0x0000000000013a68        0x0 /usr/lib/gcc/x86_64-linux-gnu/7/../../../x86_64-linux-gnu/crti.o
 .rela.text.arsdk_transport_stop
                0x0000000000013a68        0x0 /usr/lib/gcc/x86_64-linux-gnu/7/../../../x86_64-linux-gnu/crti.o
 .rela.text.arsdk_transport_send_data
                0x0000000000013a68        0x0 /usr/lib/gcc/x86_64-linux-gnu/7/../../../x86_64-linux-gnu/crti.o
 .rela.text.arsdk_transport_set_link_status
                0x0000000000013a68        0x0 /usr/lib/gcc/x86_64-linux-gnu/7/../../../x86_64-linux-gnu/crti.o
 .rela.text.timer_cb
                0x0000000000013a68        0x0 /usr/lib/gcc/x86_64-linux-gnu/7/../../../x86_64-linux-gnu/crti.o
 .rela.text.arsdk_transport_recv_data
                0x0000000000013a68        0x0 /usr/lib/gcc/x86_64-linux-gnu/7/../../../x86_64-linux-gnu/crti.o
 .rela.text.arsdk_transport_get_proto_v
                0x0000000000013a68        0x0 /usr/lib/gcc/x86_64-linux-gnu/7/../../../x86_64-linux-gnu/crti.o
 .rela.text.peer_conn_destroy
                0x0000000000013a68        0x0 /usr/lib/gcc/x86_64-linux-gnu/7/../../../x86_64-linux-gnu/crti.o
 .rela.text.backend_net_event_cb
                0x0000000000013a68        0x0 /usr/lib/gcc/x86_64-linux-gnu/7/../../../x86_64-linux-gnu/crti.o
 .rela.text.peer_conn_send_json
                0x0000000000013a68        0x0 /usr/lib/gcc/x86_64-linux-gnu/7/../../../x86_64-linux-gnu/crti.o
 .rela.text.arsdk_backend_net_reject_peer_conn
                0x0000000000013a68        0x0 /usr/lib/gcc/x86_64-linux-gnu/7/../../../x86_64-linux-gnu/crti.o
 .rela.text.arsdk_backend_net_stop_peer_conn
                0x0000000000013a68        0x0 /usr/lib/gcc/x86_64-linux-gnu/7/../../../x86_64-linux-gnu/crti.o
 .rela.text.arsdk_backend_net_socket_cb
                0x0000000000013a68        0x0 /usr/lib/gcc/x86_64-linux-gnu/7/../../../x86_64-linux-gnu/crti.o
 .rela.text.backend_net_pomp_socket_cb
                0x0000000000013a68        0x0 /usr/lib/gcc/x86_64-linux-gnu/7/../../../x86_64-linux-gnu/crti.o
 .rela.text.backend_net_socket_cb
                0x0000000000013a68        0x0 /usr/lib/gcc/x86_64-linux-gnu/7/../../../x86_64-linux-gnu/crti.o
 .rela.text.arsdk_backend_net_accept_peer_conn
                0x0000000000013a68        0x0 /usr/lib/gcc/x86_64-linux-gnu/7/../../../x86_64-linux-gnu/crti.o
 .rela.text.backend_net_raw_cb
                0x0000000000013a68        0x0 /usr/lib/gcc/x86_64-linux-gnu/7/../../../x86_64-linux-gnu/crti.o
 .rela.text.arsdk_backend_net_start_listen
                0x0000000000013a68        0x0 /usr/lib/gcc/x86_64-linux-gnu/7/../../../x86_64-linux-gnu/crti.o
 .rela.text.arsdk_backend_net_stop_listen
                0x0000000000013a68        0x0 /usr/lib/gcc/x86_64-linux-gnu/7/../../../x86_64-linux-gnu/crti.o
 .rela.text.arsdk_backend_net_new
                0x0000000000013a68        0x0 /usr/lib/gcc/x86_64-linux-gnu/7/../../../x86_64-linux-gnu/crti.o
 .rela.text.arsdk_backend_net_destroy
                0x0000000000013a68        0x0 /usr/lib/gcc/x86_64-linux-gnu/7/../../../x86_64-linux-gnu/crti.o
 .rela.text.arsdk_backend_net_set_socket_cb
                0x0000000000013a68        0x0 /usr/lib/gcc/x86_64-linux-gnu/7/../../../x86_64-linux-gnu/crti.o
 .rela.text.arsdk_publisher_avahi_new
                0x0000000000013a68        0x0 /usr/lib/gcc/x86_64-linux-gnu/7/../../../x86_64-linux-gnu/crti.o
 .rela.text.arsdk_publisher_avahi_destroy
                0x0000000000013a68        0x0 /usr/lib/gcc/x86_64-linux-gnu/7/../../../x86_64-linux-gnu/crti.o
 .rela.text.arsdk_publisher_avahi_start
                0x0000000000013a68        0x0 /usr/lib/gcc/x86_64-linux-gnu/7/../../../x86_64-linux-gnu/crti.o
 .rela.text.arsdk_publisher_avahi_stop
                0x0000000000013a68        0x0 /usr/lib/gcc/x86_64-linux-gnu/7/../../../x86_64-linux-gnu/crti.o
 .rela.text.socket_cb
                0x0000000000013a68        0x0 /usr/lib/gcc/x86_64-linux-gnu/7/../../../x86_64-linux-gnu/crti.o
 .rela.text.event_cb
                0x0000000000013a68        0x0 /usr/lib/gcc/x86_64-linux-gnu/7/../../../x86_64-linux-gnu/crti.o
 .rela.text.get_ip_addr
                0x0000000000013a68        0x0 /usr/lib/gcc/x86_64-linux-gnu/7/../../../x86_64-linux-gnu/crti.o
 .rela.text.arsdk_publisher_net_destroy
                0x0000000000013a68        0x0 /usr/lib/gcc/x86_64-linux-gnu/7/../../../x86_64-linux-gnu/crti.o
 .rela.text.arsdk_publisher_net_new
                0x0000000000013a68        0x0 /usr/lib/gcc/x86_64-linux-gnu/7/../../../x86_64-linux-gnu/crti.o
 .rela.text.arsdk_publisher_net_start
                0x0000000000013a68        0x0 /usr/lib/gcc/x86_64-linux-gnu/7/../../../x86_64-linux-gnu/crti.o
 .rela.text.arsdk_publisher_net_stop
                0x0000000000013a68        0x0 /usr/lib/gcc/x86_64-linux-gnu/7/../../../x86_64-linux-gnu/crti.o
 .rela.text.arsdk_transport_net_get_proto_v
                0x0000000000013a68        0x0 /usr/lib/gcc/x86_64-linux-gnu/7/../../../x86_64-linux-gnu/crti.o
 .rela.text.arsdk_transport_net_stop
                0x0000000000013a68        0x0 /usr/lib/gcc/x86_64-linux-gnu/7/../../../x86_64-linux-gnu/crti.o
 .rela.text.arsdk_transport_net_dispose
                0x0000000000013a68        0x0 /usr/lib/gcc/x86_64-linux-gnu/7/../../../x86_64-linux-gnu/crti.o
 .rela.text.arsdk_transport_net_send_data
                0x0000000000013a68        0x0 /usr/lib/gcc/x86_64-linux-gnu/7/../../../x86_64-linux-gnu/crti.o
 .rela.text.data_fd_cb
                0x0000000000013a68        0x0 /usr/lib/gcc/x86_64-linux-gnu/7/../../../x86_64-linux-gnu/crti.o
 .rela.text.arsdk_transport_net_start
                0x0000000000013a68        0x0 /usr/lib/gcc/x86_64-linux-gnu/7/../../../x86_64-linux-gnu/crti.o
 .rela.text.arsdk_transport_net_new
                0x0000000000013a68        0x0 /usr/lib/gcc/x86_64-linux-gnu/7/../../../x86_64-linux-gnu/crti.o
 .rela.text.arsdk_transport_net_get_cfg
                0x0000000000013a68        0x0 /usr/lib/gcc/x86_64-linux-gnu/7/../../../x86_64-linux-gnu/crti.o
 .rela.text.arsdk_transport_net_update_cfg
                0x0000000000013a68        0x0 /usr/lib/gcc/x86_64-linux-gnu/7/../../../x86_64-linux-gnu/crti.o
 .rela.text.arsdk_transport_net_socket_cb
                0x0000000000013a68        0x0 /usr/lib/gcc/x86_64-linux-gnu/7/../../../x86_64-linux-gnu/crti.o
 .rela.text.backend_mux_channel_cb
                0x0000000000013a68        0x0 /usr/lib/gcc/x86_64-linux-gnu/7/../../../x86_64-linux-gnu/crti.o
 .rela.text.backend_mux_write_msg.constprop.3
                0x0000000000013a68        0x0 /usr/lib/gcc/x86_64-linux-gnu/7/../../../x86_64-linux-gnu/crti.o
 .rela.text.arsdk_backend_mux_accept_peer_conn
                0x0000000000013a68        0x0 /usr/lib/gcc/x86_64-linux-gnu/7/../../../x86_64-linux-gnu/crti.o
 .rela.text.arsdk_backend_mux_reject_peer_conn
                0x0000000000013a68        0x0 /usr/lib/gcc/x86_64-linux-gnu/7/../../../x86_64-linux-gnu/crti.o
 .rela.text.arsdk_backend_mux_stop_peer_conn
                0x0000000000013a68        0x0 /usr/lib/gcc/x86_64-linux-gnu/7/../../../x86_64-linux-gnu/crti.o
 .rela.text.arsdk_backend_mux_start_listen
                0x0000000000013a68        0x0 /usr/lib/gcc/x86_64-linux-gnu/7/../../../x86_64-linux-gnu/crti.o
 .rela.text.arsdk_backend_mux_new
                0x0000000000013a68        0x0 /usr/lib/gcc/x86_64-linux-gnu/7/../../../x86_64-linux-gnu/crti.o
 .rela.text.arsdk_backend_mux_destroy
                0x0000000000013a68        0x0 /usr/lib/gcc/x86_64-linux-gnu/7/../../../x86_64-linux-gnu/crti.o
 .rela.text.publisher_mux_write_msg.constprop.4
                0x0000000000013a68        0x0 /usr/lib/gcc/x86_64-linux-gnu/7/../../../x86_64-linux-gnu/crti.o
 .rela.text.publisher_mux_channel_cb
                0x0000000000013a68        0x0 /usr/lib/gcc/x86_64-linux-gnu/7/../../../x86_64-linux-gnu/crti.o
 .rela.text.arsdk_publisher_mux_destroy
                0x0000000000013a68        0x0 /usr/lib/gcc/x86_64-linux-gnu/7/../../../x86_64-linux-gnu/crti.o
 .rela.text.arsdk_publisher_mux_new
                0x0000000000013a68        0x0 /usr/lib/gcc/x86_64-linux-gnu/7/../../../x86_64-linux-gnu/crti.o
 .rela.text.arsdk_publisher_mux_start
                0x0000000000013a68        0x0 /usr/lib/gcc/x86_64-linux-gnu/7/../../../x86_64-linux-gnu/crti.o
 .rela.text.arsdk_publisher_mux_stop
                0x0000000000013a68        0x0 /usr/lib/gcc/x86_64-linux-gnu/7/../../../x86_64-linux-gnu/crti.o
 .rela.text.arsdk_transport_mux_send_data
                0x0000000000013a68        0x0 /usr/lib/gcc/x86_64-linux-gnu/7/../../../x86_64-linux-gnu/crti.o
 .rela.text.arsdk_transport_mux_stop
                0x0000000000013a68        0x0 /usr/lib/gcc/x86_64-linux-gnu/7/../../../x86_64-linux-gnu/crti.o
 .rela.text.arsdk_transport_mux_start
                0x0000000000013a68        0x0 /usr/lib/gcc/x86_64-linux-gnu/7/../../../x86_64-linux-gnu/crti.o
 .rela.text.arsdk_transport_mux_get_proto_v
                0x0000000000013a68        0x0 /usr/lib/gcc/x86_64-linux-gnu/7/../../../x86_64-linux-gnu/crti.o
 .rela.text.transport_mux_channel_cb
                0x0000000000013a68        0x0 /usr/lib/gcc/x86_64-linux-gnu/7/../../../x86_64-linux-gnu/crti.o
 .rela.text.arsdk_transport_mux_dispose
                0x0000000000013a68        0x0 /usr/lib/gcc/x86_64-linux-gnu/7/../../../x86_64-linux-gnu/crti.o
 .rela.text.arsdk_transport_mux_new
                0x0000000000013a68        0x0 /usr/lib/gcc/x86_64-linux-gnu/7/../../../x86_64-linux-gnu/crti.o
 .rela.text.arsdk_transport_mux_get_cfg
                0x0000000000013a68        0x0 /usr/lib/gcc/x86_64-linux-gnu/7/../../../x86_64-linux-gnu/crti.o
 .rela.text.arsdk_transport_mux_update_cfg
                0x0000000000013a68        0x0 /usr/lib/gcc/x86_64-linux-gnu/7/../../../x86_64-linux-gnu/crti.o
 *(.rela.fini)
 *(.rela.rodata .rela.rodata.* .rela.gnu.linkonce.r.*)
 *(.rela.data .rela.data.* .rela.gnu.linkonce.d.*)
 .rela.data.rel.local
                0x0000000000013a68     0x1470 /usr/lib/gcc/x86_64-linux-gnu/7/../../../x86_64-linux-gnu/crti.o
 .rela.data.rel.ro.local
                0x0000000000014ed8    0x1ee58 /usr/lib/gcc/x86_64-linux-gnu/7/../../../x86_64-linux-gnu/crti.o
 .rela.data.rel.ro
                0x0000000000033d30     0x4d40 /usr/lib/gcc/x86_64-linux-gnu/7/../../../x86_64-linux-gnu/crti.o
 *(.rela.tdata .rela.tdata.* .rela.gnu.linkonce.td.*)
 *(.rela.tbss .rela.tbss.* .rela.gnu.linkonce.tb.*)
 *(.rela.ctors)
 *(.rela.dtors)
 *(.rela.got)
 .rela.got      0x0000000000038a70       0x78 /usr/lib/gcc/x86_64-linux-gnu/7/../../../x86_64-linux-gnu/crti.o
 *(.rela.bss .rela.bss.* .rela.gnu.linkonce.b.*)
 *(.rela.ldata .rela.ldata.* .rela.gnu.linkonce.l.*)
 *(.rela.lbss .rela.lbss.* .rela.gnu.linkonce.lb.*)
 *(.rela.lrodata .rela.lrodata.* .rela.gnu.linkonce.lr.*)
 *(.rela.ifunc)
 .rela.ifunc    0x0000000000038ae8        0x0 /usr/lib/gcc/x86_64-linux-gnu/7/../../../x86_64-linux-gnu/crti.o
 .rela.fini_array
                0x0000000000038ae8       0x18 /usr/lib/gcc/x86_64-linux-gnu/7/../../../x86_64-linux-gnu/crti.o
 .rela.init_array
                0x0000000000038b00       0x18 /usr/lib/gcc/x86_64-linux-gnu/7/../../../x86_64-linux-gnu/crti.o

.rela.plt       0x0000000000038b18      0xcd8
 *(.rela.plt)
 .rela.plt      0x0000000000038b18      0xcd8 /usr/lib/gcc/x86_64-linux-gnu/7/../../../x86_64-linux-gnu/crti.o
 *(.rela.iplt)

.init           0x00000000000397f0       0x17
 *(SORT_NONE(.init))
 .init          0x00000000000397f0       0x12 /usr/lib/gcc/x86_64-linux-gnu/7/../../../x86_64-linux-gnu/crti.o
                0x00000000000397f0                _init
 .init          0x0000000000039802        0x5 /usr/lib/gcc/x86_64-linux-gnu/7/../../../x86_64-linux-gnu/crtn.o

.plt            0x0000000000039810      0x8a0
 *(.plt)
 .plt           0x0000000000039810      0x8a0 /usr/lib/gcc/x86_64-linux-gnu/7/../../../x86_64-linux-gnu/crti.o
 *(.iplt)

.plt.got        0x000000000003a0b0        0x8
 *(.plt.got)
 .plt.got       0x000000000003a0b0        0x8 /usr/lib/gcc/x86_64-linux-gnu/7/../../../x86_64-linux-gnu/crti.o

.plt.sec
 *(.plt.sec)

.text           0x000000000003a0c0    0x14598
 *(.text.unlikely .text.*_unlikely .text.unlikely.*)
 *(.text.exit .text.exit.*)
 *(.text.startup .text.startup.*)
 *(.text.hot .text.hot.*)
 *(.text .stub .text.* .gnu.linkonce.t.*)
 .text          0x000000000003a0c0       0xda /usr/lib/gcc/x86_64-linux-gnu/7/crtbeginS.o
 *fill*         0x000000000003a19a        0x6 
 .text.arsdk_socket_kind_str
                0x000000000003a1a0       0x68 /home/zxli/code/parrot-groundsdk/out/olympe-linux/build/libarsdk/obj/libarsdk/src/arsdk_backend.c.o
                0x000000000003a1a0                arsdk_socket_kind_str
 *fill*         0x000000000003a208        0x8 
 .text.arsdk_device_type_str
                0x000000000003a210      0x1d8 /home/zxli/code/parrot-groundsdk/out/olympe-linux/build/libarsdk/obj/libarsdk/src/arsdk_backend.c.o
                0x000000000003a210                arsdk_device_type_str
 *fill*         0x000000000003a3e8        0x8 
 .text.arsdk_conn_cancel_reason_str
                0x000000000003a3f0       0x2c /home/zxli/code/parrot-groundsdk/out/olympe-linux/build/libarsdk/obj/libarsdk/src/arsdk_backend.c.o
                0x000000000003a3f0                arsdk_conn_cancel_reason_str
 *fill*         0x000000000003a41c        0x4 
 .text.arsdk_link_status_str
                0x000000000003a420       0x22 /home/zxli/code/parrot-groundsdk/out/olympe-linux/build/libarsdk/obj/libarsdk/src/arsdk_backend.c.o
                0x000000000003a420                arsdk_link_status_str
 *fill*         0x000000000003a442        0xe 
 .text.arsdk_backend_type_str
                0x000000000003a450       0x2e /home/zxli/code/parrot-groundsdk/out/olympe-linux/build/libarsdk/obj/libarsdk/src/arsdk_backend.c.o
                0x000000000003a450                arsdk_backend_type_str
 *fill*         0x000000000003a47e        0x2 
 .text.arsdk_backend_new
                0x000000000003a480      0x247 /home/zxli/code/parrot-groundsdk/out/olympe-linux/build/libarsdk/obj/libarsdk/src/arsdk_backend.c.o
                0x000000000003a480                arsdk_backend_new
 *fill*         0x000000000003a6c7        0x9 
 .text.arsdk_backend_destroy
                0x000000000003a6d0       0xad /home/zxli/code/parrot-groundsdk/out/olympe-linux/build/libarsdk/obj/libarsdk/src/arsdk_backend.c.o
                0x000000000003a6d0                arsdk_backend_destroy
 *fill*         0x000000000003a77d        0x3 
 .text.arsdk_backend_get_child
                0x000000000003a780       0x13 /home/zxli/code/parrot-groundsdk/out/olympe-linux/build/libarsdk/obj/libarsdk/src/arsdk_backend.c.o
                0x000000000003a780                arsdk_backend_get_child
 *fill*         0x000000000003a793        0xd 
 .text.arsdk_backend_set_osdata
                0x000000000003a7a0       0x85 /home/zxli/code/parrot-groundsdk/out/olympe-linux/build/libarsdk/obj/libarsdk/src/arsdk_backend.c.o
                0x000000000003a7a0                arsdk_backend_set_osdata
 *fill*         0x000000000003a825        0xb 
 .text.arsdk_backend_get_osdata
                0x000000000003a830       0x13 /home/zxli/code/parrot-groundsdk/out/olympe-linux/build/libarsdk/obj/libarsdk/src/arsdk_backend.c.o
                0x000000000003a830                arsdk_backend_get_osdata
 *fill*         0x000000000003a843        0xd 
 .text.arsdk_backend_get_name
                0x000000000003a850       0x13 /home/zxli/code/parrot-groundsdk/out/olympe-linux/build/libarsdk/obj/libarsdk/src/arsdk_backend.c.o
                0x000000000003a850                arsdk_backend_get_name
 *fill*         0x000000000003a863        0xd 
 .text.arsdk_backend_get_type
                0x000000000003a870        0xf /home/zxli/code/parrot-groundsdk/out/olympe-linux/build/libarsdk/obj/libarsdk/src/arsdk_backend.c.o
                0x000000000003a870                arsdk_backend_get_type
 *fill*         0x000000000003a87f        0x1 
 .text.arsdk_backend_create_peer
                0x000000000003a880       0x9d /home/zxli/code/parrot-groundsdk/out/olympe-linux/build/libarsdk/obj/libarsdk/src/arsdk_backend.c.o
                0x000000000003a880                arsdk_backend_create_peer
 *fill*         0x000000000003a91d        0x3 
 .text.arsdk_backend_destroy_peer
                0x000000000003a920       0x8d /home/zxli/code/parrot-groundsdk/out/olympe-linux/build/libarsdk/obj/libarsdk/src/arsdk_backend.c.o
                0x000000000003a920                arsdk_backend_destroy_peer
 *fill*         0x000000000003a9ad        0x3 
 .text.arsdk_backend_accept_peer_conn
                0x000000000003a9b0       0x9c /home/zxli/code/parrot-groundsdk/out/olympe-linux/build/libarsdk/obj/libarsdk/src/arsdk_backend.c.o
                0x000000000003a9b0                arsdk_backend_accept_peer_conn
 *fill*         0x000000000003aa4c        0x4 
 .text.arsdk_backend_reject_peer_conn
                0x000000000003aa50       0x9c /home/zxli/code/parrot-groundsdk/out/olympe-linux/build/libarsdk/obj/libarsdk/src/arsdk_backend.c.o
                0x000000000003aa50                arsdk_backend_reject_peer_conn
 *fill*         0x000000000003aaec        0x4 
 .text.arsdk_backend_stop_peer_conn
                0x000000000003aaf0       0x9c /home/zxli/code/parrot-groundsdk/out/olympe-linux/build/libarsdk/obj/libarsdk/src/arsdk_backend.c.o
                0x000000000003aaf0                arsdk_backend_stop_peer_conn
 *fill*         0x000000000003ab8c        0x4 
 .text.arsdk_backend_socket_cb
                0x000000000003ab90       0x95 /home/zxli/code/parrot-groundsdk/out/olympe-linux/build/libarsdk/obj/libarsdk/src/arsdk_backend.c.o
                0x000000000003ab90                arsdk_backend_socket_cb
 *fill*         0x000000000003ac25        0xb 
 .text.itf3_dispose
                0x000000000003ac30       0x8c /home/zxli/code/parrot-groundsdk/out/olympe-linux/build/libarsdk/obj/libarsdk/src/cmd_itf/arsdk_cmd_itf.c.o
 *fill*         0x000000000003acbc        0x4 
 .text.itf2_dispose
                0x000000000003acc0       0x8c /home/zxli/code/parrot-groundsdk/out/olympe-linux/build/libarsdk/obj/libarsdk/src/cmd_itf/arsdk_cmd_itf.c.o
 *fill*         0x000000000003ad4c        0x4 
 .text.itf1_dispose
                0x000000000003ad50       0x8c /home/zxli/code/parrot-groundsdk/out/olympe-linux/build/libarsdk/obj/libarsdk/src/cmd_itf/arsdk_cmd_itf.c.o
 *fill*         0x000000000003addc        0x4 
 .text.arsdk_cmd_itf_send_status_str
                0x000000000003ade0       0x38 /home/zxli/code/parrot-groundsdk/out/olympe-linux/build/libarsdk/obj/libarsdk/src/cmd_itf/arsdk_cmd_itf.c.o
                0x000000000003ade0                arsdk_cmd_itf_send_status_str
 *fill*         0x000000000003ae18        0x8 
 .text.arsdk_cmd_itf_destroy
                0x000000000003ae20       0xad /home/zxli/code/parrot-groundsdk/out/olympe-linux/build/libarsdk/obj/libarsdk/src/cmd_itf/arsdk_cmd_itf.c.o
                0x000000000003ae20                arsdk_cmd_itf_destroy
 *fill*         0x000000000003aecd        0x3 
 .text.arsdk_cmd_itf_new
                0x000000000003aed0      0x419 /home/zxli/code/parrot-groundsdk/out/olympe-linux/build/libarsdk/obj/libarsdk/src/cmd_itf/arsdk_cmd_itf.c.o
                0x000000000003aed0                arsdk_cmd_itf_new
 *fill*         0x000000000003b2e9        0x7 
 .text.arsdk_cmd_itf_set_osdata
                0x000000000003b2f0       0x85 /home/zxli/code/parrot-groundsdk/out/olympe-linux/build/libarsdk/obj/libarsdk/src/cmd_itf/arsdk_cmd_itf.c.o
                0x000000000003b2f0                arsdk_cmd_itf_set_osdata
 *fill*         0x000000000003b375        0xb 
 .text.arsdk_cmd_itf_get_osdata
                0x000000000003b380       0x13 /home/zxli/code/parrot-groundsdk/out/olympe-linux/build/libarsdk/obj/libarsdk/src/cmd_itf/arsdk_cmd_itf.c.o
                0x000000000003b380                arsdk_cmd_itf_get_osdata
 *fill*         0x000000000003b393        0xd 
 .text.arsdk_cmd_itf_stop
                0x000000000003b3a0       0xa5 /home/zxli/code/parrot-groundsdk/out/olympe-linux/build/libarsdk/obj/libarsdk/src/cmd_itf/arsdk_cmd_itf.c.o
                0x000000000003b3a0                arsdk_cmd_itf_stop
 *fill*         0x000000000003b445        0xb 
 .text.arsdk_cmd_itf_send
                0x000000000003b450       0xa5 /home/zxli/code/parrot-groundsdk/out/olympe-linux/build/libarsdk/obj/libarsdk/src/cmd_itf/arsdk_cmd_itf.c.o
                0x000000000003b450                arsdk_cmd_itf_send
 *fill*         0x000000000003b4f5        0xb 
 .text.arsdk_cmd_itf_recv_data
                0x000000000003b500       0xa5 /home/zxli/code/parrot-groundsdk/out/olympe-linux/build/libarsdk/obj/libarsdk/src/cmd_itf/arsdk_cmd_itf.c.o
                0x000000000003b500                arsdk_cmd_itf_recv_data
 *fill*         0x000000000003b5a5        0xb 
 .text.arsdk_arg_type_str
                0x000000000003b5b0       0xe8 /home/zxli/code/parrot-groundsdk/out/olympe-linux/build/libarsdk/obj/libarsdk/src/cmd_itf/arsdk_cmd_itf.c.o
                0x000000000003b5b0                arsdk_arg_type_str
 *fill*         0x000000000003b698        0x8 
 .text.link_quality_timer_cb
                0x000000000003b6a0       0xfd /home/zxli/code/parrot-groundsdk/out/olympe-linux/build/libarsdk/obj/libarsdk/src/cmd_itf/arsdk_cmd_itf1.c.o
 *fill*         0x000000000003b79d        0x3 
 .text.entry_init
                0x000000000003b7a0       0x9e /home/zxli/code/parrot-groundsdk/out/olympe-linux/build/libarsdk/obj/libarsdk/src/cmd_itf/arsdk_cmd_itf1.c.o
 *fill*         0x000000000003b83e        0x2 
 .text.entry_clear
                0x000000000003b840       0x30 /home/zxli/code/parrot-groundsdk/out/olympe-linux/build/libarsdk/obj/libarsdk/src/cmd_itf/arsdk_cmd_itf1.c.o
 .text.queue_pop
                0x000000000003b870       0x33 /home/zxli/code/parrot-groundsdk/out/olympe-linux/build/libarsdk/obj/libarsdk/src/cmd_itf/arsdk_cmd_itf1.c.o
 *fill*         0x000000000003b8a3        0xd 
 .text.recv_ack.isra.6
                0x000000000003b8b0      0x2ec /home/zxli/code/parrot-groundsdk/out/olympe-linux/build/libarsdk/obj/libarsdk/src/cmd_itf/arsdk_cmd_itf1.c.o
 *fill*         0x000000000003bb9c        0x4 
 .text.check_tx_queues
                0x000000000003bba0      0x489 /home/zxli/code/parrot-groundsdk/out/olympe-linux/build/libarsdk/obj/libarsdk/src/cmd_itf/arsdk_cmd_itf1.c.o
 *fill*         0x000000000003c029        0x7 
 .text.timer_cb
                0x000000000003c030        0x8 /home/zxli/code/parrot-groundsdk/out/olympe-linux/build/libarsdk/obj/libarsdk/src/cmd_itf/arsdk_cmd_itf1.c.o
 *fill*         0x000000000003c038        0x8 
 .text.arsdk_cmd_itf1_stop
                0x000000000003c040      0x14e /home/zxli/code/parrot-groundsdk/out/olympe-linux/build/libarsdk/obj/libarsdk/src/cmd_itf/arsdk_cmd_itf1.c.o
                0x000000000003c040                arsdk_cmd_itf1_stop
 *fill*         0x000000000003c18e        0x2 
 .text.arsdk_cmd_itf1_send
                0x000000000003c190      0x4ff /home/zxli/code/parrot-groundsdk/out/olympe-linux/build/libarsdk/obj/libarsdk/src/cmd_itf/arsdk_cmd_itf1.c.o
                0x000000000003c190                arsdk_cmd_itf1_send
 *fill*         0x000000000003c68f        0x1 
 .text.arsdk_cmd_itf1_recv_data
                0x000000000003c690      0x3f8 /home/zxli/code/parrot-groundsdk/out/olympe-linux/build/libarsdk/obj/libarsdk/src/cmd_itf/arsdk_cmd_itf1.c.o
                0x000000000003c690                arsdk_cmd_itf1_recv_data
 *fill*         0x000000000003ca88        0x8 
 .text.arsdk_cmd_itf1_destroy
                0x000000000003ca90      0x1dd /home/zxli/code/parrot-groundsdk/out/olympe-linux/build/libarsdk/obj/libarsdk/src/cmd_itf/arsdk_cmd_itf1.c.o
                0x000000000003ca90                arsdk_cmd_itf1_destroy
 *fill*         0x000000000003cc6d        0x3 
 .text.arsdk_cmd_itf1_new
                0x000000000003cc70      0x471 /home/zxli/code/parrot-groundsdk/out/olympe-linux/build/libarsdk/obj/libarsdk/src/cmd_itf/arsdk_cmd_itf1.c.o
                0x000000000003cc70                arsdk_cmd_itf1_new
 *fill*         0x000000000003d0e1        0xf 
 .text.link_quality_timer_cb
                0x000000000003d0f0       0xfd /home/zxli/code/parrot-groundsdk/out/olympe-linux/build/libarsdk/obj/libarsdk/src/cmd_itf/arsdk_cmd_itf2.c.o
 *fill*         0x000000000003d1ed        0x3 
 .text.unpack_cmds
                0x000000000003d1f0      0x387 /home/zxli/code/parrot-groundsdk/out/olympe-linux/build/libarsdk/obj/libarsdk/src/cmd_itf/arsdk_cmd_itf2.c.o
 *fill*         0x000000000003d577        0x9 
 .text.entry_clear
                0x000000000003d580       0x28 /home/zxli/code/parrot-groundsdk/out/olympe-linux/build/libarsdk/obj/libarsdk/src/cmd_itf/arsdk_cmd_itf2.c.o
 *fill*         0x000000000003d5a8        0x8 
 .text.queue_pop
                0x000000000003d5b0       0x33 /home/zxli/code/parrot-groundsdk/out/olympe-linux/build/libarsdk/obj/libarsdk/src/cmd_itf/arsdk_cmd_itf2.c.o
 *fill*         0x000000000003d5e3        0xd 
 .text.check_tx_queues
                0x000000000003d5f0      0x55b /home/zxli/code/parrot-groundsdk/out/olympe-linux/build/libarsdk/obj/libarsdk/src/cmd_itf/arsdk_cmd_itf2.c.o
 *fill*         0x000000000003db4b        0x5 
 .text.timer_cb
                0x000000000003db50        0x8 /home/zxli/code/parrot-groundsdk/out/olympe-linux/build/libarsdk/obj/libarsdk/src/cmd_itf/arsdk_cmd_itf2.c.o
 *fill*         0x000000000003db58        0x8 
 .text.arsdk_cmd_itf2_stop
                0x000000000003db60      0x14e /home/zxli/code/parrot-groundsdk/out/olympe-linux/build/libarsdk/obj/libarsdk/src/cmd_itf/arsdk_cmd_itf2.c.o
                0x000000000003db60                arsdk_cmd_itf2_stop
 *fill*         0x000000000003dcae        0x2 
 .text.arsdk_cmd_itf2_send
                0x000000000003dcb0      0x42b /home/zxli/code/parrot-groundsdk/out/olympe-linux/build/libarsdk/obj/libarsdk/src/cmd_itf/arsdk_cmd_itf2.c.o
                0x000000000003dcb0                arsdk_cmd_itf2_send
 *fill*         0x000000000003e0db        0x5 
 .text.arsdk_cmd_itf2_recv_data
                0x000000000003e0e0      0x6aa /home/zxli/code/parrot-groundsdk/out/olympe-linux/build/libarsdk/obj/libarsdk/src/cmd_itf/arsdk_cmd_itf2.c.o
                0x000000000003e0e0                arsdk_cmd_itf2_recv_data
 *fill*         0x000000000003e78a        0x6 
 .text.arsdk_cmd_itf2_destroy
                0x000000000003e790      0x1d5 /home/zxli/code/parrot-groundsdk/out/olympe-linux/build/libarsdk/obj/libarsdk/src/cmd_itf/arsdk_cmd_itf2.c.o
                0x000000000003e790                arsdk_cmd_itf2_destroy
 *fill*         0x000000000003e965        0xb 
 .text.arsdk_cmd_itf2_new
                0x000000000003e970      0x473 /home/zxli/code/parrot-groundsdk/out/olympe-linux/build/libarsdk/obj/libarsdk/src/cmd_itf/arsdk_cmd_itf2.c.o
                0x000000000003e970                arsdk_cmd_itf2_new
 *fill*         0x000000000003ede3        0xd 
 .text.link_quality_timer_cb
                0x000000000003edf0       0xfd /home/zxli/code/parrot-groundsdk/out/olympe-linux/build/libarsdk/obj/libarsdk/src/cmd_itf/arsdk_cmd_itf3.c.o
 *fill*         0x000000000003eeed        0x3 
 .text.unpack_cmds
                0x000000000003eef0      0x4f8 /home/zxli/code/parrot-groundsdk/out/olympe-linux/build/libarsdk/obj/libarsdk/src/cmd_itf/arsdk_cmd_itf3.c.o
 *fill*         0x000000000003f3e8        0x8 
 .text.entry_clear
                0x000000000003f3f0       0x28 /home/zxli/code/parrot-groundsdk/out/olympe-linux/build/libarsdk/obj/libarsdk/src/cmd_itf/arsdk_cmd_itf3.c.o
 *fill*         0x000000000003f418        0x8 
 .text.queue_pop
                0x000000000003f420       0x33 /home/zxli/code/parrot-groundsdk/out/olympe-linux/build/libarsdk/obj/libarsdk/src/cmd_itf/arsdk_cmd_itf3.c.o
 *fill*         0x000000000003f453        0xd 
 .text.check_tx_queues
                0x000000000003f460      0x5fd /home/zxli/code/parrot-groundsdk/out/olympe-linux/build/libarsdk/obj/libarsdk/src/cmd_itf/arsdk_cmd_itf3.c.o
 *fill*         0x000000000003fa5d        0x3 
 .text.timer_cb
                0x000000000003fa60        0x8 /home/zxli/code/parrot-groundsdk/out/olympe-linux/build/libarsdk/obj/libarsdk/src/cmd_itf/arsdk_cmd_itf3.c.o
 *fill*         0x000000000003fa68        0x8 
 .text.arsdk_cmd_itf3_stop
                0x000000000003fa70      0x14e /home/zxli/code/parrot-groundsdk/out/olympe-linux/build/libarsdk/obj/libarsdk/src/cmd_itf/arsdk_cmd_itf3.c.o
                0x000000000003fa70                arsdk_cmd_itf3_stop
 *fill*         0x000000000003fbbe        0x2 
 .text.arsdk_cmd_itf3_send
                0x000000000003fbc0      0x42b /home/zxli/code/parrot-groundsdk/out/olympe-linux/build/libarsdk/obj/libarsdk/src/cmd_itf/arsdk_cmd_itf3.c.o
                0x000000000003fbc0                arsdk_cmd_itf3_send
 *fill*         0x000000000003ffeb        0x5 
 .text.arsdk_cmd_itf3_recv_data
                0x000000000003fff0      0x6c5 /home/zxli/code/parrot-groundsdk/out/olympe-linux/build/libarsdk/obj/libarsdk/src/cmd_itf/arsdk_cmd_itf3.c.o
                0x000000000003fff0                arsdk_cmd_itf3_recv_data
 *fill*         0x00000000000406b5        0xb 
 .text.arsdk_cmd_itf3_destroy
                0x00000000000406c0      0x1d5 /home/zxli/code/parrot-groundsdk/out/olympe-linux/build/libarsdk/obj/libarsdk/src/cmd_itf/arsdk_cmd_itf3.c.o
                0x00000000000406c0                arsdk_cmd_itf3_destroy
 *fill*         0x0000000000040895        0xb 
 .text.arsdk_cmd_itf3_new
                0x00000000000408a0      0x473 /home/zxli/code/parrot-groundsdk/out/olympe-linux/build/libarsdk/obj/libarsdk/src/cmd_itf/arsdk_cmd_itf3.c.o
                0x00000000000408a0                arsdk_cmd_itf3_new
 *fill*         0x0000000000040d13        0xd 
 .text.decoder_read
                0x0000000000040d20       0xb6 /home/zxli/code/parrot-groundsdk/out/olympe-linux/build/libarsdk/obj/libarsdk/src/arsdk_decoder.c.o
 *fill*         0x0000000000040dd6        0xa 
 .text.decoder_read_binary
                0x0000000000040de0       0x7c /home/zxli/code/parrot-groundsdk/out/olympe-linux/build/libarsdk/obj/libarsdk/src/arsdk_decoder.c.o
 *fill*         0x0000000000040e5c        0x4 
 .text.fmt_append
                0x0000000000040e60       0xe6 /home/zxli/code/parrot-groundsdk/out/olympe-linux/build/libarsdk/obj/libarsdk/src/arsdk_decoder.c.o
 *fill*         0x0000000000040f46        0xa 
 .text.fmt_append_bitfield
                0x0000000000040f50      0x11d /home/zxli/code/parrot-groundsdk/out/olympe-linux/build/libarsdk/obj/libarsdk/src/arsdk_decoder.c.o
 *fill*         0x000000000004106d        0x3 
 .text.decoder_read_cstr
                0x0000000000041070       0xa4 /home/zxli/code/parrot-groundsdk/out/olympe-linux/build/libarsdk/obj/libarsdk/src/arsdk_decoder.c.o
 *fill*         0x0000000000041114        0xc 
 .text.arsdk_cmd_dec
                0x0000000000041120      0x7ab /home/zxli/code/parrot-groundsdk/out/olympe-linux/build/libarsdk/obj/libarsdk/src/arsdk_decoder.c.o
                0x0000000000041120                arsdk_cmd_dec
 *fill*         0x00000000000418cb        0x5 
 .text.arsdk_cmd_dec_header
                0x00000000000418d0      0x1b2 /home/zxli/code/parrot-groundsdk/out/olympe-linux/build/libarsdk/obj/libarsdk/src/arsdk_decoder.c.o
                0x00000000000418d0                arsdk_cmd_dec_header
 *fill*         0x0000000000041a82        0xe 
 .text.arsdk_cmd_find_desc
                0x0000000000041a90       0x86 /home/zxli/code/parrot-groundsdk/out/olympe-linux/build/libarsdk/obj/libarsdk/src/arsdk_decoder.c.o
                0x0000000000041a90                arsdk_cmd_find_desc
 *fill*         0x0000000000041b16        0xa 
 .text.arsdk_cmd_get_values
                0x0000000000041b20      0x466 /home/zxli/code/parrot-groundsdk/out/olympe-linux/build/libarsdk/obj/libarsdk/src/arsdk_decoder.c.o
                0x0000000000041b20                arsdk_cmd_get_values
 *fill*         0x0000000000041f86        0xa 
 .text.arsdk_cmd_fmt
                0x0000000000041f90      0x82a /home/zxli/code/parrot-groundsdk/out/olympe-linux/build/libarsdk/obj/libarsdk/src/arsdk_decoder.c.o
                0x0000000000041f90                arsdk_cmd_fmt
 *fill*         0x00000000000427ba        0x6 
 .text.arsdk_mngr_new
                0x00000000000427c0      0x137 /home/zxli/code/parrot-groundsdk/out/olympe-linux/build/libarsdk/obj/libarsdk/src/arsdk_mngr.c.o
                0x00000000000427c0                arsdk_mngr_new
 *fill*         0x00000000000428f7        0x9 
 .text.arsdk_mngr_set_peer_cbs
                0x0000000000042900      0x19d /home/zxli/code/parrot-groundsdk/out/olympe-linux/build/libarsdk/obj/libarsdk/src/arsdk_mngr.c.o
                0x0000000000042900                arsdk_mngr_set_peer_cbs
 *fill*         0x0000000000042a9d        0x3 
 .text.arsdk_mngr_get_loop
                0x0000000000042aa0       0x13 /home/zxli/code/parrot-groundsdk/out/olympe-linux/build/libarsdk/obj/libarsdk/src/arsdk_mngr.c.o
                0x0000000000042aa0                arsdk_mngr_get_loop
 *fill*         0x0000000000042ab3        0xd 
 .text.arsdk_mngr_next_peer
                0x0000000000042ac0       0x33 /home/zxli/code/parrot-groundsdk/out/olympe-linux/build/libarsdk/obj/libarsdk/src/arsdk_mngr.c.o
                0x0000000000042ac0                arsdk_mngr_next_peer
 *fill*         0x0000000000042af3        0xd 
 .text.arsdk_mngr_create_peer
                0x0000000000042b00      0x2fb /home/zxli/code/parrot-groundsdk/out/olympe-linux/build/libarsdk/obj/libarsdk/src/arsdk_mngr.c.o
                0x0000000000042b00                arsdk_mngr_create_peer
 *fill*         0x0000000000042dfb        0x5 
 .text.arsdk_mngr_destroy_peer
                0x0000000000042e00      0x1b4 /home/zxli/code/parrot-groundsdk/out/olympe-linux/build/libarsdk/obj/libarsdk/src/arsdk_mngr.c.o
                0x0000000000042e00                arsdk_mngr_destroy_peer
 *fill*         0x0000000000042fb4        0xc 
 .text.arsdk_mngr_register_backend
                0x0000000000042fc0      0x194 /home/zxli/code/parrot-groundsdk/out/olympe-linux/build/libarsdk/obj/libarsdk/src/arsdk_mngr.c.o
                0x0000000000042fc0                arsdk_mngr_register_backend
 *fill*         0x0000000000043154        0xc 
 .text.arsdk_mngr_unregister_backend
                0x0000000000043160      0x1c4 /home/zxli/code/parrot-groundsdk/out/olympe-linux/build/libarsdk/obj/libarsdk/src/arsdk_mngr.c.o
                0x0000000000043160                arsdk_mngr_unregister_backend
 *fill*         0x0000000000043324        0xc 
 .text.arsdk_mngr_destroy
                0x0000000000043330       0xae /home/zxli/code/parrot-groundsdk/out/olympe-linux/build/libarsdk/obj/libarsdk/src/arsdk_mngr.c.o
                0x0000000000043330                arsdk_mngr_destroy
 *fill*         0x00000000000433de        0x2 
 .text.arsdk_mngr_get_peer
                0x00000000000433e0       0x4a /home/zxli/code/parrot-groundsdk/out/olympe-linux/build/libarsdk/obj/libarsdk/src/arsdk_mngr.c.o
                0x00000000000433e0                arsdk_mngr_get_peer
 *fill*         0x000000000004342a        0x6 
 .text.encoder_write
                0x0000000000043430       0x6f /home/zxli/code/parrot-groundsdk/out/olympe-linux/build/libarsdk/obj/libarsdk/src/arsdk_encoder.c.o
 *fill*         0x000000000004349f        0x1 
 .text.cmd_encv_internal
                0x00000000000434a0      0x830 /home/zxli/code/parrot-groundsdk/out/olympe-linux/build/libarsdk/obj/libarsdk/src/arsdk_encoder.c.o
 .text.cmd_enc_internal
                0x0000000000043cd0       0xa7 /home/zxli/code/parrot-groundsdk/out/olympe-linux/build/libarsdk/obj/libarsdk/src/arsdk_encoder.c.o
 *fill*         0x0000000000043d77        0x9 
 .text.arsdk_cmd_enc_argv
                0x0000000000043d80        0x7 /home/zxli/code/parrot-groundsdk/out/olympe-linux/build/libarsdk/obj/libarsdk/src/arsdk_encoder.c.o
                0x0000000000043d80                arsdk_cmd_enc_argv
 *fill*         0x0000000000043d87        0x9 
 .text.arsdk_cmd_enc
                0x0000000000043d90       0xb5 /home/zxli/code/parrot-groundsdk/out/olympe-linux/build/libarsdk/obj/libarsdk/src/arsdk_encoder.c.o
                0x0000000000043d90                arsdk_cmd_enc
 *fill*         0x0000000000043e45        0xb 
 .text.link_status
                0x0000000000043e50       0x1d /home/zxli/code/parrot-groundsdk/out/olympe-linux/build/libarsdk/obj/libarsdk/src/arsdk_peer.c.o
 *fill*         0x0000000000043e6d        0x3 
 .text.log_cb   0x0000000000043e70       0x2a /home/zxli/code/parrot-groundsdk/out/olympe-linux/build/libarsdk/obj/libarsdk/src/arsdk_peer.c.o
 *fill*         0x0000000000043e9a        0x6 
 .text.cleanup_connection
                0x0000000000043ea0       0x55 /home/zxli/code/parrot-groundsdk/out/olympe-linux/build/libarsdk/obj/libarsdk/src/arsdk_peer.c.o
 *fill*         0x0000000000043ef5        0xb 
 .text.canceled
                0x0000000000043f00       0x42 /home/zxli/code/parrot-groundsdk/out/olympe-linux/build/libarsdk/obj/libarsdk/src/arsdk_peer.c.o
 *fill*         0x0000000000043f42        0xe 
 .text.disconnected
                0x0000000000043f50       0x32 /home/zxli/code/parrot-groundsdk/out/olympe-linux/build/libarsdk/obj/libarsdk/src/arsdk_peer.c.o
 *fill*         0x0000000000043f82        0xe 
 .text.connected
                0x0000000000043f90      0x104 /home/zxli/code/parrot-groundsdk/out/olympe-linux/build/libarsdk/obj/libarsdk/src/arsdk_peer.c.o
 *fill*         0x0000000000044094        0xc 
 .text.cmd_itf_dispose
                0x00000000000440a0       0xca /home/zxli/code/parrot-groundsdk/out/olympe-linux/build/libarsdk/obj/libarsdk/src/arsdk_peer.c.o
 *fill*         0x000000000004416a        0x6 
 .text.recv_data
                0x0000000000044170       0x87 /home/zxli/code/parrot-groundsdk/out/olympe-linux/build/libarsdk/obj/libarsdk/src/arsdk_peer.c.o
 *fill*         0x00000000000441f7        0x9 
 .text.arsdk_peer_destroy
                0x0000000000044200       0x97 /home/zxli/code/parrot-groundsdk/out/olympe-linux/build/libarsdk/obj/libarsdk/src/arsdk_peer.c.o
                0x0000000000044200                arsdk_peer_destroy
 *fill*         0x0000000000044297        0x9 
 .text.arsdk_peer_new
                0x00000000000442a0      0x294 /home/zxli/code/parrot-groundsdk/out/olympe-linux/build/libarsdk/obj/libarsdk/src/arsdk_peer.c.o
                0x00000000000442a0                arsdk_peer_new
 *fill*         0x0000000000044534        0xc 
 .text.arsdk_peer_get_handle
                0x0000000000044540        0xd /home/zxli/code/parrot-groundsdk/out/olympe-linux/build/libarsdk/obj/libarsdk/src/arsdk_peer.c.o
                0x0000000000044540                arsdk_peer_get_handle
 *fill*         0x000000000004454d        0x3 
 .text.arsdk_peer_set_osdata
                0x0000000000044550       0x85 /home/zxli/code/parrot-groundsdk/out/olympe-linux/build/libarsdk/obj/libarsdk/src/arsdk_peer.c.o
                0x0000000000044550                arsdk_peer_set_osdata
 *fill*         0x00000000000445d5        0xb 
 .text.arsdk_peer_get_osdata
                0x00000000000445e0       0x13 /home/zxli/code/parrot-groundsdk/out/olympe-linux/build/libarsdk/obj/libarsdk/src/arsdk_peer.c.o
                0x00000000000445e0                arsdk_peer_get_osdata
 *fill*         0x00000000000445f3        0xd 
 .text.arsdk_peer_get_info
                0x0000000000044600       0xdd /home/zxli/code/parrot-groundsdk/out/olympe-linux/build/libarsdk/obj/libarsdk/src/arsdk_peer.c.o
                0x0000000000044600                arsdk_peer_get_info
 *fill*         0x00000000000446dd        0x3 
 .text.arsdk_peer_get_backend
                0x00000000000446e0       0x13 /home/zxli/code/parrot-groundsdk/out/olympe-linux/build/libarsdk/obj/libarsdk/src/arsdk_peer.c.o
                0x00000000000446e0                arsdk_peer_get_backend
 *fill*         0x00000000000446f3        0xd 
 .text.arsdk_peer_cancel
                0x0000000000044700      0x158 /home/zxli/code/parrot-groundsdk/out/olympe-linux/build/libarsdk/obj/libarsdk/src/arsdk_peer.c.o
                0x0000000000044700                arsdk_peer_cancel
 *fill*         0x0000000000044858        0x8 
 .text.arsdk_peer_accept
                0x0000000000044860      0x356 /home/zxli/code/parrot-groundsdk/out/olympe-linux/build/libarsdk/obj/libarsdk/src/arsdk_peer.c.o
                0x0000000000044860                arsdk_peer_accept
 *fill*         0x0000000000044bb6        0xa 
 .text.arsdk_peer_reject
                0x0000000000044bc0       0xb4 /home/zxli/code/parrot-groundsdk/out/olympe-linux/build/libarsdk/obj/libarsdk/src/arsdk_peer.c.o
                0x0000000000044bc0                arsdk_peer_reject
 *fill*         0x0000000000044c74        0xc 
 .text.arsdk_peer_disconnect
                0x0000000000044c80       0xb4 /home/zxli/code/parrot-groundsdk/out/olympe-linux/build/libarsdk/obj/libarsdk/src/arsdk_peer.c.o
                0x0000000000044c80                arsdk_peer_disconnect
 *fill*         0x0000000000044d34        0xc 
 .text.arsdk_peer_create_cmd_itf
                0x0000000000044d40      0x21c /home/zxli/code/parrot-groundsdk/out/olympe-linux/build/libarsdk/obj/libarsdk/src/arsdk_peer.c.o
                0x0000000000044d40                arsdk_peer_create_cmd_itf
 *fill*         0x0000000000044f5c        0x4 
 .text.arsdk_peer_get_cmd_itf
                0x0000000000044f60       0x13 /home/zxli/code/parrot-groundsdk/out/olympe-linux/build/libarsdk/obj/libarsdk/src/arsdk_peer.c.o
                0x0000000000044f60                arsdk_peer_get_cmd_itf
 *fill*         0x0000000000044f73        0xd 
 .text.notify_link_status_idle
                0x0000000000044f80       0x1a /home/zxli/code/parrot-groundsdk/out/olympe-linux/build/libarsdk/obj/libarsdk/src/arsdk_transport.c.o
 *fill*         0x0000000000044f9a        0x6 
 .text.restart_ping
                0x0000000000044fa0       0xa7 /home/zxli/code/parrot-groundsdk/out/olympe-linux/build/libarsdk/obj/libarsdk/src/arsdk_transport.c.o
 *fill*         0x0000000000045047        0x9 
 .text.arsdk_transport_new
                0x0000000000045050      0x393 /home/zxli/code/parrot-groundsdk/out/olympe-linux/build/libarsdk/obj/libarsdk/src/arsdk_transport.c.o
                0x0000000000045050                arsdk_transport_new
 *fill*         0x00000000000453e3        0xd 
 .text.arsdk_transport_destroy
                0x00000000000453f0       0xad /home/zxli/code/parrot-groundsdk/out/olympe-linux/build/libarsdk/obj/libarsdk/src/arsdk_transport.c.o
                0x00000000000453f0                arsdk_transport_destroy
 *fill*         0x000000000004549d        0x3 
 .text.arsdk_transport_get_child
                0x00000000000454a0       0x13 /home/zxli/code/parrot-groundsdk/out/olympe-linux/build/libarsdk/obj/libarsdk/src/arsdk_transport.c.o
                0x00000000000454a0                arsdk_transport_get_child
 *fill*         0x00000000000454b3        0xd 
 .text.arsdk_transport_get_loop
                0x00000000000454c0       0x13 /home/zxli/code/parrot-groundsdk/out/olympe-linux/build/libarsdk/obj/libarsdk/src/arsdk_transport.c.o
                0x00000000000454c0                arsdk_transport_get_loop
 *fill*         0x00000000000454d3        0xd 
 .text.arsdk_transport_start
                0x00000000000454e0      0x227 /home/zxli/code/parrot-groundsdk/out/olympe-linux/build/libarsdk/obj/libarsdk/src/arsdk_transport.c.o
                0x00000000000454e0                arsdk_transport_start
 *fill*         0x0000000000045707        0x9 
 .text.arsdk_transport_stop
                0x0000000000045710       0xdf /home/zxli/code/parrot-groundsdk/out/olympe-linux/build/libarsdk/obj/libarsdk/src/arsdk_transport.c.o
                0x0000000000045710                arsdk_transport_stop
 *fill*         0x00000000000457ef        0x1 
 .text.arsdk_transport_send_data
                0x00000000000457f0       0x9c /home/zxli/code/parrot-groundsdk/out/olympe-linux/build/libarsdk/obj/libarsdk/src/arsdk_transport.c.o
                0x00000000000457f0                arsdk_transport_send_data
 *fill*         0x000000000004588c        0x4 
 .text.arsdk_transport_set_link_status
                0x0000000000045890      0x10d /home/zxli/code/parrot-groundsdk/out/olympe-linux/build/libarsdk/obj/libarsdk/src/arsdk_transport.c.o
                0x0000000000045890                arsdk_transport_set_link_status
 *fill*         0x000000000004599d        0x3 
 .text.timer_cb
                0x00000000000459a0      0x2ad /home/zxli/code/parrot-groundsdk/out/olympe-linux/build/libarsdk/obj/libarsdk/src/arsdk_transport.c.o
 *fill*         0x0000000000045c4d        0x3 
 .text.arsdk_transport_recv_data
                0x0000000000045c50      0x456 /home/zxli/code/parrot-groundsdk/out/olympe-linux/build/libarsdk/obj/libarsdk/src/arsdk_transport.c.o
                0x0000000000045c50                arsdk_transport_recv_data
 *fill*         0x00000000000460a6        0xa 
 .text.arsdk_transport_get_link_status
                0x00000000000460b0        0xc /home/zxli/code/parrot-groundsdk/out/olympe-linux/build/libarsdk/obj/libarsdk/src/arsdk_transport.c.o
                0x00000000000460b0                arsdk_transport_get_link_status
 *fill*         0x00000000000460bc        0x4 
 .text.arsdk_transport_log_cmd
                0x00000000000460c0       0x32 /home/zxli/code/parrot-groundsdk/out/olympe-linux/build/libarsdk/obj/libarsdk/src/arsdk_transport.c.o
                0x00000000000460c0                arsdk_transport_log_cmd
 *fill*         0x00000000000460f2        0xe 
 .text.arsdk_transport_get_proto_v
                0x0000000000046100       0x9d /home/zxli/code/parrot-groundsdk/out/olympe-linux/build/libarsdk/obj/libarsdk/src/arsdk_transport.c.o
                0x0000000000046100                arsdk_transport_get_proto_v
 *fill*         0x000000000004619d        0x3 
 .text.peer_conn_destroy
                0x00000000000461a0      0x15f /home/zxli/code/parrot-groundsdk/out/olympe-linux/build/libarsdk/obj/libarsdk/src/net/arsdk_backend_net.c.o
 *fill*         0x00000000000462ff        0x1 
 .text.backend_net_event_cb
                0x0000000000046300      0x20c /home/zxli/code/parrot-groundsdk/out/olympe-linux/build/libarsdk/obj/libarsdk/src/net/arsdk_backend_net.c.o
 *fill*         0x000000000004650c        0x4 
 .text.peer_conn_send_json
                0x0000000000046510      0x177 /home/zxli/code/parrot-groundsdk/out/olympe-linux/build/libarsdk/obj/libarsdk/src/net/arsdk_backend_net.c.o
 *fill*         0x0000000000046687        0x9 
 .text.arsdk_backend_net_reject_peer_conn
                0x0000000000046690      0x248 /home/zxli/code/parrot-groundsdk/out/olympe-linux/build/libarsdk/obj/libarsdk/src/net/arsdk_backend_net.c.o
 *fill*         0x00000000000468d8        0x8 
 .text.arsdk_backend_net_stop_peer_conn
                0x00000000000468e0      0x258 /home/zxli/code/parrot-groundsdk/out/olympe-linux/build/libarsdk/obj/libarsdk/src/net/arsdk_backend_net.c.o
 *fill*         0x0000000000046b38        0x8 
 .text.arsdk_backend_net_socket_cb
                0x0000000000046b40       0xa4 /home/zxli/code/parrot-groundsdk/out/olympe-linux/build/libarsdk/obj/libarsdk/src/net/arsdk_backend_net.c.o
 *fill*         0x0000000000046be4        0xc 
 .text.backend_net_pomp_socket_cb
                0x0000000000046bf0       0x8c /home/zxli/code/parrot-groundsdk/out/olympe-linux/build/libarsdk/obj/libarsdk/src/net/arsdk_backend_net.c.o
 *fill*         0x0000000000046c7c        0x4 
 .text.backend_net_socket_cb
                0x0000000000046c80       0x8c /home/zxli/code/parrot-groundsdk/out/olympe-linux/build/libarsdk/obj/libarsdk/src/net/arsdk_backend_net.c.o
 *fill*         0x0000000000046d0c        0x4 
 .text.arsdk_backend_net_accept_peer_conn
                0x0000000000046d10      0x5cc /home/zxli/code/parrot-groundsdk/out/olympe-linux/build/libarsdk/obj/libarsdk/src/net/arsdk_backend_net.c.o
 *fill*         0x00000000000472dc        0x4 
 .text.backend_net_raw_cb
                0x00000000000472e0      0x6c9 /home/zxli/code/parrot-groundsdk/out/olympe-linux/build/libarsdk/obj/libarsdk/src/net/arsdk_backend_net.c.o
 *fill*         0x00000000000479a9        0x7 
 .text.arsdk_backend_net_start_listen
                0x00000000000479b0      0x362 /home/zxli/code/parrot-groundsdk/out/olympe-linux/build/libarsdk/obj/libarsdk/src/net/arsdk_backend_net.c.o
                0x00000000000479b0                arsdk_backend_net_start_listen
 *fill*         0x0000000000047d12        0xe 
 .text.arsdk_backend_net_stop_listen
                0x0000000000047d20       0xcc /home/zxli/code/parrot-groundsdk/out/olympe-linux/build/libarsdk/obj/libarsdk/src/net/arsdk_backend_net.c.o
                0x0000000000047d20                arsdk_backend_net_stop_listen
 *fill*         0x0000000000047dec        0x4 
 .text.arsdk_backend_net_new
                0x0000000000047df0      0x279 /home/zxli/code/parrot-groundsdk/out/olympe-linux/build/libarsdk/obj/libarsdk/src/net/arsdk_backend_net.c.o
                0x0000000000047df0                arsdk_backend_net_new
 *fill*         0x0000000000048069        0x7 
 .text.arsdk_backend_net_destroy
                0x0000000000048070       0x9c /home/zxli/code/parrot-groundsdk/out/olympe-linux/build/libarsdk/obj/libarsdk/src/net/arsdk_backend_net.c.o
                0x0000000000048070                arsdk_backend_net_destroy
 *fill*         0x000000000004810c        0x4 
 .text.arsdk_backend_net_set_socket_cb
                0x0000000000048110       0x84 /home/zxli/code/parrot-groundsdk/out/olympe-linux/build/libarsdk/obj/libarsdk/src/net/arsdk_backend_net.c.o
                0x0000000000048110                arsdk_backend_net_set_socket_cb
 *fill*         0x0000000000048194        0xc 
 .text.arsdk_backend_net_get_parent
                0x00000000000481a0       0x13 /home/zxli/code/parrot-groundsdk/out/olympe-linux/build/libarsdk/obj/libarsdk/src/net/arsdk_backend_net.c.o
                0x00000000000481a0                arsdk_backend_net_get_parent
 *fill*         0x00000000000481b3        0xd 
 .text.arsdk_publisher_avahi_new
                0x00000000000481c0      0x167 /home/zxli/code/parrot-groundsdk/out/olympe-linux/build/libarsdk/obj/libarsdk/src/net/arsdk_publisher_avahi.c.o
                0x00000000000481c0                arsdk_publisher_avahi_new
 *fill*         0x0000000000048327        0x9 
 .text.arsdk_publisher_avahi_destroy
                0x0000000000048330       0x8d /home/zxli/code/parrot-groundsdk/out/olympe-linux/build/libarsdk/obj/libarsdk/src/net/arsdk_publisher_avahi.c.o
                0x0000000000048330                arsdk_publisher_avahi_destroy
 *fill*         0x00000000000483bd        0x3 
 .text.arsdk_publisher_avahi_start
                0x00000000000483c0      0x25a /home/zxli/code/parrot-groundsdk/out/olympe-linux/build/libarsdk/obj/libarsdk/src/net/arsdk_publisher_avahi.c.o
                0x00000000000483c0                arsdk_publisher_avahi_start
 *fill*         0x000000000004861a        0x6 
 .text.arsdk_publisher_avahi_stop
                0x0000000000048620      0x100 /home/zxli/code/parrot-groundsdk/out/olympe-linux/build/libarsdk/obj/libarsdk/src/net/arsdk_publisher_avahi.c.o
                0x0000000000048620                arsdk_publisher_avahi_stop
 .text.raw_cb   0x0000000000048720        0x2 /home/zxli/code/parrot-groundsdk/out/olympe-linux/build/libarsdk/obj/libarsdk/src/net/arsdk_publisher_net.c.o
 *fill*         0x0000000000048722        0xe 
 .text.socket_cb
                0x0000000000048730       0xed /home/zxli/code/parrot-groundsdk/out/olympe-linux/build/libarsdk/obj/libarsdk/src/net/arsdk_publisher_net.c.o
 *fill*         0x000000000004881d        0x3 
 .text.event_cb
                0x0000000000048820       0x85 /home/zxli/code/parrot-groundsdk/out/olympe-linux/build/libarsdk/obj/libarsdk/src/net/arsdk_publisher_net.c.o
 *fill*         0x00000000000488a5        0xb 
 .text.get_ip_addr
                0x00000000000488b0      0x1c3 /home/zxli/code/parrot-groundsdk/out/olympe-linux/build/libarsdk/obj/libarsdk/src/net/arsdk_publisher_net.c.o
                0x00000000000488b0                get_ip_addr
 *fill*         0x0000000000048a73        0xd 
 .text.arsdk_publisher_net_destroy
                0x0000000000048a80       0x9d /home/zxli/code/parrot-groundsdk/out/olympe-linux/build/libarsdk/obj/libarsdk/src/net/arsdk_publisher_net.c.o
                0x0000000000048a80                arsdk_publisher_net_destroy
 *fill*         0x0000000000048b1d        0x3 
 .text.arsdk_publisher_net_new
                0x0000000000048b20      0x364 /home/zxli/code/parrot-groundsdk/out/olympe-linux/build/libarsdk/obj/libarsdk/src/net/arsdk_publisher_net.c.o
                0x0000000000048b20                arsdk_publisher_net_new
 *fill*         0x0000000000048e84        0xc 
 .text.arsdk_publisher_net_start
                0x0000000000048e90      0x2f6 /home/zxli/code/parrot-groundsdk/out/olympe-linux/build/libarsdk/obj/libarsdk/src/net/arsdk_publisher_net.c.o
                0x0000000000048e90                arsdk_publisher_net_start
 *fill*         0x0000000000049186        0xa 
 .text.arsdk_publisher_net_stop
                0x0000000000049190       0x9d /home/zxli/code/parrot-groundsdk/out/olympe-linux/build/libarsdk/obj/libarsdk/src/net/arsdk_publisher_net.c.o
                0x0000000000049190                arsdk_publisher_net_stop
 *fill*         0x000000000004922d        0x3 
 .text.arsdk_transport_net_get_proto_v
                0x0000000000049230       0x85 /home/zxli/code/parrot-groundsdk/out/olympe-linux/build/libarsdk/obj/libarsdk/src/net/arsdk_transport_net.c.o
 *fill*         0x00000000000492b5        0xb 
 .text.arsdk_transport_net_stop
                0x00000000000492c0       0xad /home/zxli/code/parrot-groundsdk/out/olympe-linux/build/libarsdk/obj/libarsdk/src/net/arsdk_transport_net.c.o
 *fill*         0x000000000004936d        0x3 
 .text.arsdk_transport_net_dispose
                0x0000000000049370       0xed /home/zxli/code/parrot-groundsdk/out/olympe-linux/build/libarsdk/obj/libarsdk/src/net/arsdk_transport_net.c.o
 *fill*         0x000000000004945d        0x3 
 .text.arsdk_transport_net_send_data
                0x0000000000049460      0x77c /home/zxli/code/parrot-groundsdk/out/olympe-linux/build/libarsdk/obj/libarsdk/src/net/arsdk_transport_net.c.o
 *fill*         0x0000000000049bdc        0x4 
 .text.data_fd_cb
                0x0000000000049be0      0x510 /home/zxli/code/parrot-groundsdk/out/olympe-linux/build/libarsdk/obj/libarsdk/src/net/arsdk_transport_net.c.o
 .text.arsdk_transport_net_start
                0x000000000004a0f0      0x29e /home/zxli/code/parrot-groundsdk/out/olympe-linux/build/libarsdk/obj/libarsdk/src/net/arsdk_transport_net.c.o
 *fill*         0x000000000004a38e        0x2 
 .text.arsdk_transport_net_new
                0x000000000004a390      0x988 /home/zxli/code/parrot-groundsdk/out/olympe-linux/build/libarsdk/obj/libarsdk/src/net/arsdk_transport_net.c.o
                0x000000000004a390                arsdk_transport_net_new
 *fill*         0x000000000004ad18        0x8 
 .text.arsdk_transport_net_get_parent
                0x000000000004ad20       0x13 /home/zxli/code/parrot-groundsdk/out/olympe-linux/build/libarsdk/obj/libarsdk/src/net/arsdk_transport_net.c.o
                0x000000000004ad20                arsdk_transport_net_get_parent
 *fill*         0x000000000004ad33        0xd 
 .text.arsdk_transport_net_get_cfg
                0x000000000004ad40       0xdd /home/zxli/code/parrot-groundsdk/out/olympe-linux/build/libarsdk/obj/libarsdk/src/net/arsdk_transport_net.c.o
                0x000000000004ad40                arsdk_transport_net_get_cfg
 *fill*         0x000000000004ae1d        0x3 
 .text.arsdk_transport_net_update_cfg
                0x000000000004ae20       0xdd /home/zxli/code/parrot-groundsdk/out/olympe-linux/build/libarsdk/obj/libarsdk/src/net/arsdk_transport_net.c.o
                0x000000000004ae20                arsdk_transport_net_update_cfg
 *fill*         0x000000000004aefd        0x3 
 .text.arsdk_transport_net_socket_cb
                0x000000000004af00       0x7e /home/zxli/code/parrot-groundsdk/out/olympe-linux/build/libarsdk/obj/libarsdk/src/net/arsdk_transport_net.c.o
                0x000000000004af00                arsdk_transport_net_socket_cb
 *fill*         0x000000000004af7e        0x2 
 .text.peer_conn_destroy
                0x000000000004af80      0x15f /home/zxli/code/parrot-groundsdk/out/olympe-linux/build/libarsdk/obj/libarsdk/src/mux/arsdk_backend_mux.c.o
 *fill*         0x000000000004b0df        0x1 
 .text.backend_mux_channel_cb
                0x000000000004b0e0      0x676 /home/zxli/code/parrot-groundsdk/out/olympe-linux/build/libarsdk/obj/libarsdk/src/mux/arsdk_backend_mux.c.o
 *fill*         0x000000000004b756        0xa 
 .text.backend_mux_write_msg.constprop.3
                0x000000000004b760      0x1ff /home/zxli/code/parrot-groundsdk/out/olympe-linux/build/libarsdk/obj/libarsdk/src/mux/arsdk_backend_mux.c.o
 *fill*         0x000000000004b95f        0x1 
 .text.arsdk_backend_mux_accept_peer_conn
                0x000000000004b960      0x5f6 /home/zxli/code/parrot-groundsdk/out/olympe-linux/build/libarsdk/obj/libarsdk/src/mux/arsdk_backend_mux.c.o
 *fill*         0x000000000004bf56        0xa 
 .text.arsdk_backend_mux_reject_peer_conn
                0x000000000004bf60      0x250 /home/zxli/code/parrot-groundsdk/out/olympe-linux/build/libarsdk/obj/libarsdk/src/mux/arsdk_backend_mux.c.o
 .text.arsdk_backend_mux_stop_peer_conn
                0x000000000004c1b0      0x258 /home/zxli/code/parrot-groundsdk/out/olympe-linux/build/libarsdk/obj/libarsdk/src/mux/arsdk_backend_mux.c.o
 *fill*         0x000000000004c408        0x8 
 .text.arsdk_backend_mux_start_listen
                0x000000000004c410      0x16c /home/zxli/code/parrot-groundsdk/out/olympe-linux/build/libarsdk/obj/libarsdk/src/mux/arsdk_backend_mux.c.o
                0x000000000004c410                arsdk_backend_mux_start_listen
 *fill*         0x000000000004c57c        0x4 
 .text.arsdk_backend_mux_stop_listen
                0x000000000004c580       0x26 /home/zxli/code/parrot-groundsdk/out/olympe-linux/build/libarsdk/obj/libarsdk/src/mux/arsdk_backend_mux.c.o
                0x000000000004c580                arsdk_backend_mux_stop_listen
 *fill*         0x000000000004c5a6        0xa 
 .text.arsdk_backend_mux_new
                0x000000000004c5b0      0x311 /home/zxli/code/parrot-groundsdk/out/olympe-linux/build/libarsdk/obj/libarsdk/src/mux/arsdk_backend_mux.c.o
                0x000000000004c5b0                arsdk_backend_mux_new
 *fill*         0x000000000004c8c1        0xf 
 .text.arsdk_backend_mux_destroy
                0x000000000004c8d0      0x13f /home/zxli/code/parrot-groundsdk/out/olympe-linux/build/libarsdk/obj/libarsdk/src/mux/arsdk_backend_mux.c.o
                0x000000000004c8d0                arsdk_backend_mux_destroy
 *fill*         0x000000000004ca0f        0x1 
 .text.arsdk_backend_mux_get_parent
                0x000000000004ca10       0x13 /home/zxli/code/parrot-groundsdk/out/olympe-linux/build/libarsdk/obj/libarsdk/src/mux/arsdk_backend_mux.c.o
                0x000000000004ca10                arsdk_backend_mux_get_parent
 *fill*         0x000000000004ca23        0xd 
 .text.arsdk_backend_mux_get_mux_ctx
                0x000000000004ca30       0x13 /home/zxli/code/parrot-groundsdk/out/olympe-linux/build/libarsdk/obj/libarsdk/src/mux/arsdk_backend_mux.c.o
                0x000000000004ca30                arsdk_backend_mux_get_mux_ctx
 *fill*         0x000000000004ca43        0xd 
 .text.publisher_mux_write_msg.constprop.4
                0x000000000004ca50      0x1f7 /home/zxli/code/parrot-groundsdk/out/olympe-linux/build/libarsdk/obj/libarsdk/src/mux/arsdk_publisher_mux.c.o
 *fill*         0x000000000004cc47        0x9 
 .text.publisher_mux_channel_cb
                0x000000000004cc50      0x178 /home/zxli/code/parrot-groundsdk/out/olympe-linux/build/libarsdk/obj/libarsdk/src/mux/arsdk_publisher_mux.c.o
 *fill*         0x000000000004cdc8        0x8 
 .text.arsdk_publisher_mux_destroy
                0x000000000004cdd0       0xbd /home/zxli/code/parrot-groundsdk/out/olympe-linux/build/libarsdk/obj/libarsdk/src/mux/arsdk_publisher_mux.c.o
                0x000000000004cdd0                arsdk_publisher_mux_destroy
 *fill*         0x000000000004ce8d        0x3 
 .text.arsdk_publisher_mux_new
                0x000000000004ce90      0x24a /home/zxli/code/parrot-groundsdk/out/olympe-linux/build/libarsdk/obj/libarsdk/src/mux/arsdk_publisher_mux.c.o
                0x000000000004ce90                arsdk_publisher_mux_new
 *fill*         0x000000000004d0da        0x6 
 .text.arsdk_publisher_mux_start
                0x000000000004d0e0      0x2ac /home/zxli/code/parrot-groundsdk/out/olympe-linux/build/libarsdk/obj/libarsdk/src/mux/arsdk_publisher_mux.c.o
                0x000000000004d0e0                arsdk_publisher_mux_start
 *fill*         0x000000000004d38c        0x4 
 .text.arsdk_publisher_mux_stop
                0x000000000004d390      0x158 /home/zxli/code/parrot-groundsdk/out/olympe-linux/build/libarsdk/obj/libarsdk/src/mux/arsdk_publisher_mux.c.o
                0x000000000004d390                arsdk_publisher_mux_stop
 *fill*         0x000000000004d4e8        0x8 
 .text.arsdk_transport_mux_send_data
                0x000000000004d4f0      0x69d /home/zxli/code/parrot-groundsdk/out/olympe-linux/build/libarsdk/obj/libarsdk/src/mux/arsdk_transport_mux.c.o
 *fill*         0x000000000004db8d        0x3 
 .text.arsdk_transport_mux_stop
                0x000000000004db90      0x118 /home/zxli/code/parrot-groundsdk/out/olympe-linux/build/libarsdk/obj/libarsdk/src/mux/arsdk_transport_mux.c.o
 *fill*         0x000000000004dca8        0x8 
 .text.arsdk_transport_mux_start
                0x000000000004dcb0      0x148 /home/zxli/code/parrot-groundsdk/out/olympe-linux/build/libarsdk/obj/libarsdk/src/mux/arsdk_transport_mux.c.o
 *fill*         0x000000000004ddf8        0x8 
 .text.arsdk_transport_mux_get_proto_v
                0x000000000004de00       0x85 /home/zxli/code/parrot-groundsdk/out/olympe-linux/build/libarsdk/obj/libarsdk/src/mux/arsdk_transport_mux.c.o
 *fill*         0x000000000004de85        0xb 
 .text.transport_mux_channel_cb
                0x000000000004de90      0x3e9 /home/zxli/code/parrot-groundsdk/out/olympe-linux/build/libarsdk/obj/libarsdk/src/mux/arsdk_transport_mux.c.o
 *fill*         0x000000000004e279        0x7 
 .text.arsdk_transport_mux_dispose
                0x000000000004e280       0x8d /home/zxli/code/parrot-groundsdk/out/olympe-linux/build/libarsdk/obj/libarsdk/src/mux/arsdk_transport_mux.c.o
 *fill*         0x000000000004e30d        0x3 
 .text.arsdk_transport_mux_new
                0x000000000004e310      0x15a /home/zxli/code/parrot-groundsdk/out/olympe-linux/build/libarsdk/obj/libarsdk/src/mux/arsdk_transport_mux.c.o
                0x000000000004e310                arsdk_transport_mux_new
 *fill*         0x000000000004e46a        0x6 
 .text.arsdk_transport_mux_get_parent
                0x000000000004e470       0x13 /home/zxli/code/parrot-groundsdk/out/olympe-linux/build/libarsdk/obj/libarsdk/src/mux/arsdk_transport_mux.c.o
                0x000000000004e470                arsdk_transport_mux_get_parent
 *fill*         0x000000000004e483        0xd 
 .text.arsdk_transport_mux_get_cfg
                0x000000000004e490       0xdd /home/zxli/code/parrot-groundsdk/out/olympe-linux/build/libarsdk/obj/libarsdk/src/mux/arsdk_transport_mux.c.o
                0x000000000004e490                arsdk_transport_mux_get_cfg
 *fill*         0x000000000004e56d        0x3 
 .text.arsdk_transport_mux_update_cfg
                0x000000000004e570       0xdd /home/zxli/code/parrot-groundsdk/out/olympe-linux/build/libarsdk/obj/libarsdk/src/mux/arsdk_transport_mux.c.o
                0x000000000004e570                arsdk_transport_mux_update_cfg
 *fill*         0x000000000004e64d        0x3 
 .text.arsdk_get_cmd_table
                0x000000000004e650        0x8 /home/zxli/code/parrot-groundsdk/out/olympe-linux/staging/usr/lib/libarsdkgen.a(arsdk_cmd_desc.c.o)
                0x000000000004e650                arsdk_get_cmd_table
 *(.gnu.warning)

.fini           0x000000000004e658        0x9
 *(SORT_NONE(.fini))
 .fini          0x000000000004e658        0x4 /usr/lib/gcc/x86_64-linux-gnu/7/../../../x86_64-linux-gnu/crti.o
                0x000000000004e658                _fini
 .fini          0x000000000004e65c        0x5 /usr/lib/gcc/x86_64-linux-gnu/7/../../../x86_64-linux-gnu/crtn.o
                [!provide]                        PROVIDE (__etext = .)
                [!provide]                        PROVIDE (_etext = .)
                [!provide]                        PROVIDE (etext = .)

.rodata         0x000000000004e680     0xcb68
 *(.rodata .rodata.* .gnu.linkonce.r.*)
 .rodata.str1.1
                0x000000000004e680      0x14d /home/zxli/code/parrot-groundsdk/out/olympe-linux/build/libarsdk/obj/libarsdk/src/arsdk_backend.c.o
                                        0x162 (size before relaxing)
 *fill*         0x000000000004e7cd        0x3 
 .rodata        0x000000000004e7d0      0x1a2 /home/zxli/code/parrot-groundsdk/out/olympe-linux/build/libarsdk/obj/libarsdk/src/arsdk_backend.c.o
 .rodata.str1.1
                0x000000000004e972       0x62 /home/zxli/code/parrot-groundsdk/out/olympe-linux/build/libarsdk/obj/libarsdk/src/cmd_itf/arsdk_cmd_itf.c.o
                                         0x7c (size before relaxing)
 *fill*         0x000000000004e9d4        0xc 
 .rodata        0x000000000004e9e0      0x112 /home/zxli/code/parrot-groundsdk/out/olympe-linux/build/libarsdk/obj/libarsdk/src/cmd_itf/arsdk_cmd_itf.c.o
 .rodata.str1.1
                0x000000000004eaf2       0x99 /home/zxli/code/parrot-groundsdk/out/olympe-linux/build/libarsdk/obj/libarsdk/src/cmd_itf/arsdk_cmd_itf1.c.o
                                         0xab (size before relaxing)
 *fill*         0x000000000004eb8b        0x5 
 .rodata.str1.8
                0x000000000004eb90       0xa8 /home/zxli/code/parrot-groundsdk/out/olympe-linux/build/libarsdk/obj/libarsdk/src/cmd_itf/arsdk_cmd_itf1.c.o
 *fill*         0x000000000004ec38        0x8 
 .rodata        0x000000000004ec40       0xc4 /home/zxli/code/parrot-groundsdk/out/olympe-linux/build/libarsdk/obj/libarsdk/src/cmd_itf/arsdk_cmd_itf1.c.o
 .rodata.str1.1
                0x000000000004ed04       0x1d /home/zxli/code/parrot-groundsdk/out/olympe-linux/build/libarsdk/obj/libarsdk/src/cmd_itf/arsdk_cmd_itf2.c.o
                                         0xc8 (size before relaxing)
 *fill*         0x000000000004ed21        0x7 
 .rodata.str1.8
                0x000000000004ed28       0x97 /home/zxli/code/parrot-groundsdk/out/olympe-linux/build/libarsdk/obj/libarsdk/src/cmd_itf/arsdk_cmd_itf2.c.o
                                         0xf7 (size before relaxing)
 *fill*         0x000000000004edbf        0x1 
 .rodata        0x000000000004edc0       0xd4 /home/zxli/code/parrot-groundsdk/out/olympe-linux/build/libarsdk/obj/libarsdk/src/cmd_itf/arsdk_cmd_itf2.c.o
 .rodata.str1.1
                0x000000000004ee94       0xc8 /home/zxli/code/parrot-groundsdk/out/olympe-linux/build/libarsdk/obj/libarsdk/src/cmd_itf/arsdk_cmd_itf3.c.o
 .rodata.str1.8
                0x000000000004ee94       0xf7 /home/zxli/code/parrot-groundsdk/out/olympe-linux/build/libarsdk/obj/libarsdk/src/cmd_itf/arsdk_cmd_itf3.c.o
 *fill*         0x000000000004ee94        0xc 
 .rodata        0x000000000004eea0       0xd4 /home/zxli/code/parrot-groundsdk/out/olympe-linux/build/libarsdk/obj/libarsdk/src/cmd_itf/arsdk_cmd_itf3.c.o
 .rodata.str1.1
                0x000000000004ef74       0x48 /home/zxli/code/parrot-groundsdk/out/olympe-linux/build/libarsdk/obj/libarsdk/src/arsdk_decoder.c.o
                                         0x65 (size before relaxing)
 *fill*         0x000000000004efbc        0x4 
 .rodata.str1.8
                0x000000000004efc0       0xe7 /home/zxli/code/parrot-groundsdk/out/olympe-linux/build/libarsdk/obj/libarsdk/src/arsdk_decoder.c.o
 *fill*         0x000000000004f0a7        0x9 
 .rodata        0x000000000004f0b0       0xf6 /home/zxli/code/parrot-groundsdk/out/olympe-linux/build/libarsdk/obj/libarsdk/src/arsdk_decoder.c.o
 .rodata.str1.1
                0x000000000004f1a6       0x12 /home/zxli/code/parrot-groundsdk/out/olympe-linux/build/libarsdk/obj/libarsdk/src/arsdk_mngr.c.o
 *fill*         0x000000000004f1a6        0x2 
 .rodata.str1.8
                0x000000000004f1a8       0xae /home/zxli/code/parrot-groundsdk/out/olympe-linux/build/libarsdk/obj/libarsdk/src/arsdk_mngr.c.o
 *fill*         0x000000000004f256        0xa 
 .rodata        0x000000000004f260       0xc7 /home/zxli/code/parrot-groundsdk/out/olympe-linux/build/libarsdk/obj/libarsdk/src/arsdk_mngr.c.o
 .rodata.str1.1
                0x000000000004f327       0x48 /home/zxli/code/parrot-groundsdk/out/olympe-linux/build/libarsdk/obj/libarsdk/src/arsdk_encoder.c.o
                                         0x13 (size before relaxing)
 *fill*         0x000000000004f327        0x1 
 .rodata.str1.8
                0x000000000004f328       0x22 /home/zxli/code/parrot-groundsdk/out/olympe-linux/build/libarsdk/obj/libarsdk/src/arsdk_encoder.c.o
 *fill*         0x000000000004f34a        0x6 
 .rodata        0x000000000004f350       0x82 /home/zxli/code/parrot-groundsdk/out/olympe-linux/build/libarsdk/obj/libarsdk/src/arsdk_encoder.c.o
 .rodata.str1.1
                0x000000000004f3d2        0x6 /home/zxli/code/parrot-groundsdk/out/olympe-linux/build/libarsdk/obj/libarsdk/src/arsdk_log.c.o
 .rodata.str1.1
                0x000000000004f3d8       0x27 /home/zxli/code/parrot-groundsdk/out/olympe-linux/build/libarsdk/obj/libarsdk/src/arsdk_peer.c.o
                                         0x4e (size before relaxing)
 *fill*         0x000000000004f3ff        0x1 
 .rodata.str1.8
                0x000000000004f400       0x27 /home/zxli/code/parrot-groundsdk/out/olympe-linux/build/libarsdk/obj/libarsdk/src/arsdk_peer.c.o
 *fill*         0x000000000004f427       0x19 
 .rodata        0x000000000004f440      0x190 /home/zxli/code/parrot-groundsdk/out/olympe-linux/build/libarsdk/obj/libarsdk/src/arsdk_peer.c.o
 .rodata.str1.1
                0x000000000004f5d0       0xa4 /home/zxli/code/parrot-groundsdk/out/olympe-linux/build/libarsdk/obj/libarsdk/src/arsdk_transport.c.o
                                         0xde (size before relaxing)
 *fill*         0x000000000004f674        0x4 
 .rodata.str1.8
                0x000000000004f678       0x50 /home/zxli/code/parrot-groundsdk/out/olympe-linux/build/libarsdk/obj/libarsdk/src/arsdk_transport.c.o
 *fill*         0x000000000004f6c8       0x18 
 .rodata        0x000000000004f6e0      0x124 /home/zxli/code/parrot-groundsdk/out/olympe-linux/build/libarsdk/obj/libarsdk/src/arsdk_transport.c.o
 .rodata.str1.1
                0x000000000004f804       0xe4 /home/zxli/code/parrot-groundsdk/out/olympe-linux/build/libarsdk/obj/libarsdk/src/net/arsdk_backend_net.c.o
                                        0x116 (size before relaxing)
 .rodata.str1.8
                0x000000000004f8e8      0x14f /home/zxli/code/parrot-groundsdk/out/olympe-linux/build/libarsdk/obj/libarsdk/src/net/arsdk_backend_net.c.o
 *fill*         0x000000000004fa37        0x9 
 .rodata        0x000000000004fa40      0x1cf /home/zxli/code/parrot-groundsdk/out/olympe-linux/build/libarsdk/obj/libarsdk/src/net/arsdk_backend_net.c.o
 .rodata.str1.1
                0x000000000004fc0f       0xe4 /home/zxli/code/parrot-groundsdk/out/olympe-linux/build/libarsdk/obj/libarsdk/src/net/arsdk_publisher_avahi.c.o
                                         0x14 (size before relaxing)
 *fill*         0x000000000004fc0f        0x1 
 .rodata.str1.8
                0x000000000004fc10      0x1aa /home/zxli/code/parrot-groundsdk/out/olympe-linux/build/libarsdk/obj/libarsdk/src/net/arsdk_publisher_avahi.c.o
 *fill*         0x000000000004fdba        0x6 
 .rodata        0x000000000004fdc0       0x8a /home/zxli/code/parrot-groundsdk/out/olympe-linux/build/libarsdk/obj/libarsdk/src/net/arsdk_publisher_avahi.c.o
 .rodata.str1.1
                0x000000000004fe4a       0xb8 /home/zxli/code/parrot-groundsdk/out/olympe-linux/build/libarsdk/obj/libarsdk/src/net/arsdk_publisher_net.c.o
                                        0x100 (size before relaxing)
 *fill*         0x000000000004ff02        0x6 
 .rodata.str1.8
                0x000000000004ff08       0x32 /home/zxli/code/parrot-groundsdk/out/olympe-linux/build/libarsdk/obj/libarsdk/src/net/arsdk_publisher_net.c.o
 *fill*         0x000000000004ff3a        0x6 
 .rodata        0x000000000004ff40       0x88 /home/zxli/code/parrot-groundsdk/out/olympe-linux/build/libarsdk/obj/libarsdk/src/net/arsdk_publisher_net.c.o
 .rodata.str1.1
                0x000000000004ffc8       0xd3 /home/zxli/code/parrot-groundsdk/out/olympe-linux/build/libarsdk/obj/libarsdk/src/net/arsdk_transport_net.c.o
                                        0x103 (size before relaxing)
 *fill*         0x000000000005009b        0x5 
 .rodata.str1.8
                0x00000000000500a0      0x1a1 /home/zxli/code/parrot-groundsdk/out/olympe-linux/build/libarsdk/obj/libarsdk/src/net/arsdk_transport_net.c.o
 *fill*         0x0000000000050241       0x1f 
 .rodata        0x0000000000050260      0x158 /home/zxli/code/parrot-groundsdk/out/olympe-linux/build/libarsdk/obj/libarsdk/src/net/arsdk_transport_net.c.o
 .rodata.str1.1
                0x00000000000503b8       0x81 /home/zxli/code/parrot-groundsdk/out/olympe-linux/build/libarsdk/obj/libarsdk/src/mux/arsdk_backend_mux.c.o
                                        0x117 (size before relaxing)
 *fill*         0x0000000000050439        0x7 
 .rodata.str1.8
                0x0000000000050440       0x9d /home/zxli/code/parrot-groundsdk/out/olympe-linux/build/libarsdk/obj/libarsdk/src/mux/arsdk_backend_mux.c.o
                                        0x156 (size before relaxing)
 *fill*         0x00000000000504dd        0x3 
 .rodata        0x00000000000504e0      0x18f /home/zxli/code/parrot-groundsdk/out/olympe-linux/build/libarsdk/obj/libarsdk/src/mux/arsdk_backend_mux.c.o
 .rodata.str1.1
                0x000000000005066f       0x3b /home/zxli/code/parrot-groundsdk/out/olympe-linux/build/libarsdk/obj/libarsdk/src/mux/arsdk_publisher_mux.c.o
                                         0x8d (size before relaxing)
 *fill*         0x00000000000506aa        0x6 
 .rodata.str1.8
                0x00000000000506b0       0x4d /home/zxli/code/parrot-groundsdk/out/olympe-linux/build/libarsdk/obj/libarsdk/src/mux/arsdk_publisher_mux.c.o
 *fill*         0x00000000000506fd        0x3 
 .rodata        0x0000000000050700       0x98 /home/zxli/code/parrot-groundsdk/out/olympe-linux/build/libarsdk/obj/libarsdk/src/mux/arsdk_publisher_mux.c.o
 .rodata.str1.1
                0x0000000000050798       0x74 /home/zxli/code/parrot-groundsdk/out/olympe-linux/build/libarsdk/obj/libarsdk/src/mux/arsdk_transport_mux.c.o
                                         0xde (size before relaxing)
 *fill*         0x000000000005080c        0x4 
 .rodata.str1.8
                0x0000000000050810       0x78 /home/zxli/code/parrot-groundsdk/out/olympe-linux/build/libarsdk/obj/libarsdk/src/mux/arsdk_transport_mux.c.o
 *fill*         0x0000000000050888       0x18 
 .rodata        0x00000000000508a0       0xf8 /home/zxli/code/parrot-groundsdk/out/olympe-linux/build/libarsdk/obj/libarsdk/src/mux/arsdk_transport_mux.c.o
 .rodata.str1.1
                0x0000000000050998     0x5259 /home/zxli/code/parrot-groundsdk/out/olympe-linux/staging/usr/lib/libarsdkgen.a(arsdk_cmd_desc.c.o)
                                       0x5618 (size before relaxing)
 *fill*         0x0000000000055bf1        0x7 
 .rodata.str1.8
                0x0000000000055bf8     0x55f0 /home/zxli/code/parrot-groundsdk/out/olympe-linux/staging/usr/lib/libarsdkgen.a(arsdk_cmd_desc.c.o)
                                       0x55eb (size before relaxing)

.rodata1
 *(.rodata1)

.eh_frame_hdr   0x000000000005b1e8      0x624
 *(.eh_frame_hdr)
 .eh_frame_hdr  0x000000000005b1e8      0x624 /home/zxli/code/parrot-groundsdk/out/olympe-linux/build/libarsdk/obj/libarsdk/src/arsdk_backend.c.o
                0x000000000005b1e8                __GNU_EH_FRAME_HDR
 *(.eh_frame_entry .eh_frame_entry.*)

.eh_frame       0x000000000005b810     0x3558
 *(.eh_frame)
 .eh_frame      0x000000000005b810       0x40 /usr/lib/gcc/x86_64-linux-gnu/7/../../../x86_64-linux-gnu/crti.o
 .eh_frame      0x000000000005b850       0x18 /usr/lib/gcc/x86_64-linux-gnu/7/../../../x86_64-linux-gnu/crti.o
                                         0x30 (size before relaxing)
 .eh_frame      0x000000000005b868      0x328 /home/zxli/code/parrot-groundsdk/out/olympe-linux/build/libarsdk/obj/libarsdk/src/arsdk_backend.c.o
                                        0x340 (size before relaxing)
 .eh_frame      0x000000000005bb90      0x2b8 /home/zxli/code/parrot-groundsdk/out/olympe-linux/build/libarsdk/obj/libarsdk/src/cmd_itf/arsdk_cmd_itf.c.o
                                        0x2d0 (size before relaxing)
 .eh_frame      0x000000000005be48      0x3a8 /home/zxli/code/parrot-groundsdk/out/olympe-linux/build/libarsdk/obj/libarsdk/src/cmd_itf/arsdk_cmd_itf1.c.o
                                        0x3c0 (size before relaxing)
 .eh_frame      0x000000000005c1f0      0x3c8 /home/zxli/code/parrot-groundsdk/out/olympe-linux/build/libarsdk/obj/libarsdk/src/cmd_itf/arsdk_cmd_itf2.c.o
                                        0x3e0 (size before relaxing)
 .eh_frame      0x000000000005c5b8      0x3c8 /home/zxli/code/parrot-groundsdk/out/olympe-linux/build/libarsdk/obj/libarsdk/src/cmd_itf/arsdk_cmd_itf3.c.o
                                        0x3e0 (size before relaxing)
 .eh_frame      0x000000000005c980      0x2b8 /home/zxli/code/parrot-groundsdk/out/olympe-linux/build/libarsdk/obj/libarsdk/src/arsdk_decoder.c.o
                                        0x2d0 (size before relaxing)
 .eh_frame      0x000000000005cc38      0x2c0 /home/zxli/code/parrot-groundsdk/out/olympe-linux/build/libarsdk/obj/libarsdk/src/arsdk_mngr.c.o
                                        0x2d8 (size before relaxing)
 .eh_frame      0x000000000005cef8       0xf0 /home/zxli/code/parrot-groundsdk/out/olympe-linux/build/libarsdk/obj/libarsdk/src/arsdk_encoder.c.o
                                        0x108 (size before relaxing)
 .eh_frame      0x000000000005cfe8      0x410 /home/zxli/code/parrot-groundsdk/out/olympe-linux/build/libarsdk/obj/libarsdk/src/arsdk_peer.c.o
                                        0x428 (size before relaxing)
 .eh_frame      0x000000000005d3f8      0x380 /home/zxli/code/parrot-groundsdk/out/olympe-linux/build/libarsdk/obj/libarsdk/src/arsdk_transport.c.o
                                        0x398 (size before relaxing)
 .eh_frame      0x000000000005d778      0x4e8 /home/zxli/code/parrot-groundsdk/out/olympe-linux/build/libarsdk/obj/libarsdk/src/net/arsdk_backend_net.c.o
                                        0x500 (size before relaxing)
 .eh_frame      0x000000000005dc60      0x138 /home/zxli/code/parrot-groundsdk/out/olympe-linux/build/libarsdk/obj/libarsdk/src/net/arsdk_publisher_avahi.c.o
                                        0x150 (size before relaxing)