
As-needed library included to satisfy reference by file (symbol)

libfutils.so                  /home/zxli/code/parrot-groundsdk/out/olympe-linux/build/libvideo-streaming/obj/src/vstrm_dbg.c.o (time_local_to_tm)
libh264.so                    /home/zxli/code/parrot-groundsdk/out/olympe-linux/build/libvideo-streaming/obj/src/vstrm_rtp_h264_rx.c.o (h264_ctx_set_nalu_header)
libpomp.so                    /home/zxli/code/parrot-groundsdk/out/olympe-linux/build/libvideo-streaming/obj/src/vstrm_receiver.c.o (pomp_timer_set_periodic)
librtp.so                     /home/zxli/code/parrot-groundsdk/out/olympe-linux/build/libvideo-streaming/obj/src/vstrm_receiver.c.o (rtcp_pkt_write_sdes)
libulog.so                    /home/zxli/code/parrot-groundsdk/out/olympe-linux/build/libvideo-streaming/obj/src/vstrm_clock_delta.c.o (ulog_log_write)
libvideo-metadata.so          /home/zxli/code/parrot-groundsdk/out/olympe-linux/build/libvideo-streaming/obj/src/vstrm_rtp_h264_tx.c.o (vmeta_frame_write)
libpthread.so.0               /home/zxli/code/parrot-groundsdk/out/olympe-linux/build/libvideo-streaming/obj/src/vstrm_dbg.c.o (__errno_location@@GLIBC_2.2.5)
libc.so.6                     /home/zxli/code/parrot-groundsdk/out/olympe-linux/build/libvideo-streaming/obj/src/vstrm_dbg.c.o (fopen@@GLIBC_2.2.5)

Discarded input sections

 .text          0x0000000000000000        0x0 /usr/lib/gcc/x86_64-linux-gnu/7/../../../x86_64-linux-gnu/crti.o
 .data          0x0000000000000000        0x0 /usr/lib/gcc/x86_64-linux-gnu/7/../../../x86_64-linux-gnu/crti.o
 .bss           0x0000000000000000        0x0 /usr/lib/gcc/x86_64-linux-gnu/7/../../../x86_64-linux-gnu/crti.o
 .note.GNU-stack
                0x0000000000000000        0x0 /usr/lib/gcc/x86_64-linux-gnu/7/../../../x86_64-linux-gnu/crti.o
 .data          0x0000000000000000        0x0 /usr/lib/gcc/x86_64-linux-gnu/7/crtbeginS.o
 .note.GNU-stack
                0x0000000000000000        0x0 /usr/lib/gcc/x86_64-linux-gnu/7/crtbeginS.o
 .text          0x0000000000000000        0x0 /home/zxli/code/parrot-groundsdk/out/olympe-linux/build/libvideo-streaming/obj/src/vstrm_clock_delta.c.o
 .data          0x0000000000000000        0x0 /home/zxli/code/parrot-groundsdk/out/olympe-linux/build/libvideo-streaming/obj/src/vstrm_clock_delta.c.o
 .bss           0x0000000000000000        0x0 /home/zxli/code/parrot-groundsdk/out/olympe-linux/build/libvideo-streaming/obj/src/vstrm_clock_delta.c.o
 .note.GNU-stack
                0x0000000000000000        0x0 /home/zxli/code/parrot-groundsdk/out/olympe-linux/build/libvideo-streaming/obj/src/vstrm_clock_delta.c.o
 .text          0x0000000000000000        0x0 /home/zxli/code/parrot-groundsdk/out/olympe-linux/build/libvideo-streaming/obj/src/vstrm_dbg.c.o
 .data          0x0000000000000000        0x0 /home/zxli/code/parrot-groundsdk/out/olympe-linux/build/libvideo-streaming/obj/src/vstrm_dbg.c.o
 .bss           0x0000000000000000        0x0 /home/zxli/code/parrot-groundsdk/out/olympe-linux/build/libvideo-streaming/obj/src/vstrm_dbg.c.o
 .note.GNU-stack
                0x0000000000000000        0x0 /home/zxli/code/parrot-groundsdk/out/olympe-linux/build/libvideo-streaming/obj/src/vstrm_dbg.c.o
 .text          0x0000000000000000        0x0 /home/zxli/code/parrot-groundsdk/out/olympe-linux/build/libvideo-streaming/obj/src/vstrm_frame.c.o
 .data          0x0000000000000000        0x0 /home/zxli/code/parrot-groundsdk/out/olympe-linux/build/libvideo-streaming/obj/src/vstrm_frame.c.o
 .bss           0x0000000000000000        0x0 /home/zxli/code/parrot-groundsdk/out/olympe-linux/build/libvideo-streaming/obj/src/vstrm_frame.c.o
 .note.GNU-stack
                0x0000000000000000        0x0 /home/zxli/code/parrot-groundsdk/out/olympe-linux/build/libvideo-streaming/obj/src/vstrm_frame.c.o
 .text          0x0000000000000000        0x0 /home/zxli/code/parrot-groundsdk/out/olympe-linux/build/libvideo-streaming/obj/src/vstrm_h264_sei_streaming.c.o
 .data          0x0000000000000000        0x0 /home/zxli/code/parrot-groundsdk/out/olympe-linux/build/libvideo-streaming/obj/src/vstrm_h264_sei_streaming.c.o
 .bss           0x0000000000000000        0x0 /home/zxli/code/parrot-groundsdk/out/olympe-linux/build/libvideo-streaming/obj/src/vstrm_h264_sei_streaming.c.o
 .note.GNU-stack
                0x0000000000000000        0x0 /home/zxli/code/parrot-groundsdk/out/olympe-linux/build/libvideo-streaming/obj/src/vstrm_h264_sei_streaming.c.o
 .text          0x0000000000000000        0x0 /home/zxli/code/parrot-groundsdk/out/olympe-linux/build/libvideo-streaming/obj/src/vstrm_receiver.c.o
 .data          0x0000000000000000        0x0 /home/zxli/code/parrot-groundsdk/out/olympe-linux/build/libvideo-streaming/obj/src/vstrm_receiver.c.o
 .bss           0x0000000000000000        0x0 /home/zxli/code/parrot-groundsdk/out/olympe-linux/build/libvideo-streaming/obj/src/vstrm_receiver.c.o
 .note.GNU-stack
                0x0000000000000000        0x0 /home/zxli/code/parrot-groundsdk/out/olympe-linux/build/libvideo-streaming/obj/src/vstrm_receiver.c.o
 .text          0x0000000000000000        0x0 /home/zxli/code/parrot-groundsdk/out/olympe-linux/build/libvideo-streaming/obj/src/vstrm_rtp_h264_rx.c.o
 .data          0x0000000000000000        0x0 /home/zxli/code/parrot-groundsdk/out/olympe-linux/build/libvideo-streaming/obj/src/vstrm_rtp_h264_rx.c.o
 .bss           0x0000000000000000        0x0 /home/zxli/code/parrot-groundsdk/out/olympe-linux/build/libvideo-streaming/obj/src/vstrm_rtp_h264_rx.c.o
 .note.GNU-stack
                0x0000000000000000        0x0 /home/zxli/code/parrot-groundsdk/out/olympe-linux/build/libvideo-streaming/obj/src/vstrm_rtp_h264_rx.c.o
 .text          0x0000000000000000        0x0 /home/zxli/code/parrot-groundsdk/out/olympe-linux/build/libvideo-streaming/obj/src/vstrm_rtp_h264_tx.c.o
 .data          0x0000000000000000        0x0 /home/zxli/code/parrot-groundsdk/out/olympe-linux/build/libvideo-streaming/obj/src/vstrm_rtp_h264_tx.c.o
 .bss           0x0000000000000000        0x0 /home/zxli/code/parrot-groundsdk/out/olympe-linux/build/libvideo-streaming/obj/src/vstrm_rtp_h264_tx.c.o
 .note.GNU-stack
                0x0000000000000000        0x0 /home/zxli/code/parrot-groundsdk/out/olympe-linux/build/libvideo-streaming/obj/src/vstrm_rtp_h264_tx.c.o
 .text          0x0000000000000000        0x0 /home/zxli/code/parrot-groundsdk/out/olympe-linux/build/libvideo-streaming/obj/src/vstrm_sender.c.o
 .data          0x0000000000000000        0x0 /home/zxli/code/parrot-groundsdk/out/olympe-linux/build/libvideo-streaming/obj/src/vstrm_sender.c.o
 .bss           0x0000000000000000        0x0 /home/zxli/code/parrot-groundsdk/out/olympe-linux/build/libvideo-streaming/obj/src/vstrm_sender.c.o
 .note.GNU-stack
                0x0000000000000000        0x0 /home/zxli/code/parrot-groundsdk/out/olympe-linux/build/libvideo-streaming/obj/src/vstrm_sender.c.o
 .text          0x0000000000000000        0x0 /home/zxli/code/parrot-groundsdk/out/olympe-linux/build/libvideo-streaming/obj/src/vstrm_session_metadata.c.o
 .data          0x0000000000000000        0x0 /home/zxli/code/parrot-groundsdk/out/olympe-linux/build/libvideo-streaming/obj/src/vstrm_session_metadata.c.o
 .bss           0x0000000000000000        0x0 /home/zxli/code/parrot-groundsdk/out/olympe-linux/build/libvideo-streaming/obj/src/vstrm_session_metadata.c.o
 .note.GNU-stack
                0x0000000000000000        0x0 /home/zxli/code/parrot-groundsdk/out/olympe-linux/build/libvideo-streaming/obj/src/vstrm_session_metadata.c.o
 .text          0x0000000000000000        0x0 /home/zxli/code/parrot-groundsdk/out/olympe-linux/build/libvideo-streaming/obj/src/vstrm_video_stats.c.o
 .data          0x0000000000000000        0x0 /home/zxli/code/parrot-groundsdk/out/olympe-linux/build/libvideo-streaming/obj/src/vstrm_video_stats.c.o
 .bss           0x0000000000000000        0x0 /home/zxli/code/parrot-groundsdk/out/olympe-linux/build/libvideo-streaming/obj/src/vstrm_video_stats.c.o
 .note.GNU-stack
                0x0000000000000000        0x0 /home/zxli/code/parrot-groundsdk/out/olympe-linux/build/libvideo-streaming/obj/src/vstrm_video_stats.c.o
 .text          0x0000000000000000        0x0 /usr/lib/gcc/x86_64-linux-gnu/7/crtendS.o
 .data          0x0000000000000000        0x0 /usr/lib/gcc/x86_64-linux-gnu/7/crtendS.o
 .bss           0x0000000000000000        0x0 /usr/lib/gcc/x86_64-linux-gnu/7/crtendS.o
 .note.GNU-stack
                0x0000000000000000        0x0 /usr/lib/gcc/x86_64-linux-gnu/7/crtendS.o
 .text          0x0000000000000000        0x0 /usr/lib/gcc/x86_64-linux-gnu/7/../../../x86_64-linux-gnu/crtn.o
 .data          0x0000000000000000        0x0 /usr/lib/gcc/x86_64-linux-gnu/7/../../../x86_64-linux-gnu/crtn.o
 .bss           0x0000000000000000        0x0 /usr/lib/gcc/x86_64-linux-gnu/7/../../../x86_64-linux-gnu/crtn.o
 .note.GNU-stack
                0x0000000000000000        0x0 /usr/lib/gcc/x86_64-linux-gnu/7/../../../x86_64-linux-gnu/crtn.o

Memory Configuration

Name             Origin             Length             Attributes
*default*        0x0000000000000000 0xffffffffffffffff

Linker script and memory map

LOAD /usr/lib/gcc/x86_64-linux-gnu/7/../../../x86_64-linux-gnu/crti.o
LOAD /usr/lib/gcc/x86_64-linux-gnu/7/crtbeginS.o
LOAD /home/zxli/code/parrot-groundsdk/out/olympe-linux/build/libvideo-streaming/obj/src/vstrm_clock_delta.c.o
LOAD /home/zxli/code/parrot-groundsdk/out/olympe-linux/build/libvideo-streaming/obj/src/vstrm_dbg.c.o
LOAD /home/zxli/code/parrot-groundsdk/out/olympe-linux/build/libvideo-streaming/obj/src/vstrm_frame.c.o
LOAD /home/zxli/code/parrot-groundsdk/out/olympe-linux/build/libvideo-streaming/obj/src/vstrm_h264_sei_streaming.c.o
LOAD /home/zxli/code/parrot-groundsdk/out/olympe-linux/build/libvideo-streaming/obj/src/vstrm_receiver.c.o
LOAD /home/zxli/code/parrot-groundsdk/out/olympe-linux/build/libvideo-streaming/obj/src/vstrm_rtp_h264_rx.c.o
LOAD /home/zxli/code/parrot-groundsdk/out/olympe-linux/build/libvideo-streaming/obj/src/vstrm_rtp_h264_tx.c.o
LOAD /home/zxli/code/parrot-groundsdk/out/olympe-linux/build/libvideo-streaming/obj/src/vstrm_sender.c.o
LOAD /home/zxli/code/parrot-groundsdk/out/olympe-linux/build/libvideo-streaming/obj/src/vstrm_session_metadata.c.o
LOAD /home/zxli/code/parrot-groundsdk/out/olympe-linux/build/libvideo-streaming/obj/src/vstrm_video_stats.c.o
LOAD /home/zxli/code/parrot-groundsdk/out/olympe-linux/staging/usr/lib/libfutils.so
LOAD /home/zxli/code/parrot-groundsdk/out/olympe-linux/staging/usr/lib/libh264.so
LOAD /home/zxli/code/parrot-groundsdk/out/olympe-linux/staging/usr/lib/libpomp.so
LOAD /home/zxli/code/parrot-groundsdk/out/olympe-linux/staging/usr/lib/librtp.so
LOAD /home/zxli/code/parrot-groundsdk/out/olympe-linux/staging/usr/lib/libulog.so
LOAD /home/zxli/code/parrot-groundsdk/out/olympe-linux/staging/usr/lib/libvideo-metadata.so
LOAD /usr/lib/gcc/x86_64-linux-gnu/7/../../../x86_64-linux-gnu/librt.so
LOAD /usr/lib/gcc/x86_64-linux-gnu/7/libstdc++.so
LOAD /usr/lib/gcc/x86_64-linux-gnu/7/../../../x86_64-linux-gnu/libm.so
START GROUP
LOAD /lib/x86_64-linux-gnu/libm.so.6
LOAD /usr/lib/x86_64-linux-gnu/libmvec_nonshared.a
LOAD /lib/x86_64-linux-gnu/libmvec.so.1
END GROUP
LOAD /usr/lib/gcc/x86_64-linux-gnu/7/libgcc_s.so
START GROUP
LOAD /usr/lib/gcc/x86_64-linux-gnu/7/libgcc_s.so.1
LOAD /usr/lib/gcc/x86_64-linux-gnu/7/libgcc.a
END GROUP
LOAD /usr/lib/gcc/x86_64-linux-gnu/7/../../../x86_64-linux-gnu/libpthread.so
START GROUP
LOAD /lib/x86_64-linux-gnu/libpthread.so.0
LOAD /usr/lib/x86_64-linux-gnu/libpthread_nonshared.a
END GROUP
LOAD /usr/lib/gcc/x86_64-linux-gnu/7/../../../x86_64-linux-gnu/libc.so
START GROUP
LOAD /lib/x86_64-linux-gnu/libc.so.6
LOAD /usr/lib/x86_64-linux-gnu/libc_nonshared.a
LOAD /lib/x86_64-linux-gnu/ld-linux-x86-64.so.2
END GROUP
LOAD /usr/lib/gcc/x86_64-linux-gnu/7/libgcc_s.so
START GROUP
LOAD /usr/lib/gcc/x86_64-linux-gnu/7/libgcc_s.so.1
LOAD /usr/lib/gcc/x86_64-linux-gnu/7/libgcc.a
END GROUP
LOAD /usr/lib/gcc/x86_64-linux-gnu/7/crtendS.o
LOAD /usr/lib/gcc/x86_64-linux-gnu/7/../../../x86_64-linux-gnu/crtn.o
                0x00000000000001c8                . = (SEGMENT_START ("text-segment", 0x0) + SIZEOF_HEADERS)

.note.gnu.build-id
                0x00000000000001c8       0x24
 *(.note.gnu.build-id)
 .note.gnu.build-id
                0x00000000000001c8       0x24 /usr/lib/gcc/x86_64-linux-gnu/7/../../../x86_64-linux-gnu/crti.o

.hash
 *(.hash)

.gnu.hash       0x00000000000001f0      0x1bc
 *(.gnu.hash)
 .gnu.hash      0x00000000000001f0      0x1bc /usr/lib/gcc/x86_64-linux-gnu/7/../../../x86_64-linux-gnu/crti.o

.dynsym         0x00000000000003b0      0xcd8
 *(.dynsym)
 .dynsym        0x00000000000003b0      0xcd8 /usr/lib/gcc/x86_64-linux-gnu/7/../../../x86_64-linux-gnu/crti.o

.dynstr         0x0000000000001088      0xbb2
 *(.dynstr)
 .dynstr        0x0000000000001088      0xbb2 /usr/lib/gcc/x86_64-linux-gnu/7/../../../x86_64-linux-gnu/crti.o

.gnu.version    0x0000000000001c3a      0x112
 *(.gnu.version)
 .gnu.version   0x0000000000001c3a      0x112 /usr/lib/gcc/x86_64-linux-gnu/7/../../../x86_64-linux-gnu/crti.o

.gnu.version_d  0x0000000000001d50        0x0
 *(.gnu.version_d)
 .gnu.version_d
                0x0000000000001d50        0x0 /usr/lib/gcc/x86_64-linux-gnu/7/../../../x86_64-linux-gnu/crti.o

.gnu.version_r  0x0000000000001d50       0x70
 *(.gnu.version_r)
 .gnu.version_r
                0x0000000000001d50       0x70 /usr/lib/gcc/x86_64-linux-gnu/7/../../../x86_64-linux-gnu/crti.o

.rela.dyn       0x0000000000001dc0      0x240
 *(.rela.init)
 *(.rela.text .rela.text.* .rela.gnu.linkonce.t.*)
 .rela.text     0x0000000000001dc0        0x0 /usr/lib/gcc/x86_64-linux-gnu/7/../../../x86_64-linux-gnu/crti.o
 .rela.text.vstrm_clock_delta_write
                0x0000000000001dc0        0x0 /usr/lib/gcc/x86_64-linux-gnu/7/../../../x86_64-linux-gnu/crti.o
 .rela.text.vstrm_clock_delta_read
                0x0000000000001dc0        0x0 /usr/lib/gcc/x86_64-linux-gnu/7/../../../x86_64-linux-gnu/crti.o
 .rela.text.vstrm_clock_delta_process
                0x0000000000001dc0        0x0 /usr/lib/gcc/x86_64-linux-gnu/7/../../../x86_64-linux-gnu/crti.o
 .rela.text.vstrm_dbg_create_file
                0x0000000000001dc0        0x0 /usr/lib/gcc/x86_64-linux-gnu/7/../../../x86_64-linux-gnu/crti.o
 .rela.text.vstrm_dbg_write_pomp_buf
                0x0000000000001dc0        0x0 /usr/lib/gcc/x86_64-linux-gnu/7/../../../x86_64-linux-gnu/crti.o
 .rela.text.vstrm_frame_new
                0x0000000000001dc0        0x0 /usr/lib/gcc/x86_64-linux-gnu/7/../../../x86_64-linux-gnu/crti.o
 .rela.text.vstrm_frame_ref
                0x0000000000001dc0        0x0 /usr/lib/gcc/x86_64-linux-gnu/7/../../../x86_64-linux-gnu/crti.o
 .rela.text.vstrm_frame_unref
                0x0000000000001dc0        0x0 /usr/lib/gcc/x86_64-linux-gnu/7/../../../x86_64-linux-gnu/crti.o
 .rela.text.vstrm_frame_add_nalu
                0x0000000000001dc0        0x0 /usr/lib/gcc/x86_64-linux-gnu/7/../../../x86_64-linux-gnu/crti.o
 .rela.text.vstrm_frame_get_size
                0x0000000000001dc0        0x0 /usr/lib/gcc/x86_64-linux-gnu/7/../../../x86_64-linux-gnu/crti.o
 .rela.text.vstrm_frame_copy
                0x0000000000001dc0        0x0 /usr/lib/gcc/x86_64-linux-gnu/7/../../../x86_64-linux-gnu/crti.o
 .rela.text.vstrm_h264_sei_streaming_is_v1
                0x0000000000001dc0        0x0 /usr/lib/gcc/x86_64-linux-gnu/7/../../../x86_64-linux-gnu/crti.o
 .rela.text.vstrm_h264_sei_streaming_v1_get_size
                0x0000000000001dc0        0x0 /usr/lib/gcc/x86_64-linux-gnu/7/../../../x86_64-linux-gnu/crti.o
 .rela.text.vstrm_h264_sei_streaming_v1_write
                0x0000000000001dc0        0x0 /usr/lib/gcc/x86_64-linux-gnu/7/../../../x86_64-linux-gnu/crti.o
 .rela.text.vstrm_h264_sei_streaming_v1_read
                0x0000000000001dc0        0x0 /usr/lib/gcc/x86_64-linux-gnu/7/../../../x86_64-linux-gnu/crti.o
 .rela.text.vstrm_h264_sei_streaming_is_v2
                0x0000000000001dc0        0x0 /usr/lib/gcc/x86_64-linux-gnu/7/../../../x86_64-linux-gnu/crti.o
 .rela.text.vstrm_h264_sei_streaming_v2_get_size
                0x0000000000001dc0        0x0 /usr/lib/gcc/x86_64-linux-gnu/7/../../../x86_64-linux-gnu/crti.o
 .rela.text.vstrm_h264_sei_streaming_v2_write
                0x0000000000001dc0        0x0 /usr/lib/gcc/x86_64-linux-gnu/7/../../../x86_64-linux-gnu/crti.o
 .rela.text.vstrm_h264_sei_streaming_v2_read
                0x0000000000001dc0        0x0 /usr/lib/gcc/x86_64-linux-gnu/7/../../../x86_64-linux-gnu/crti.o
 .rela.text.vstrm_receiver_write_rtcp_receiver_report
                0x0000000000001dc0        0x0 /usr/lib/gcc/x86_64-linux-gnu/7/../../../x86_64-linux-gnu/crti.o
 .rela.text.vstrm_receiver_write_rtcp
                0x0000000000001dc0        0x0 /usr/lib/gcc/x86_64-linux-gnu/7/../../../x86_64-linux-gnu/crti.o
 .rela.text.vstrm_receiver_init_seq
                0x0000000000001dc0        0x0 /usr/lib/gcc/x86_64-linux-gnu/7/../../../x86_64-linux-gnu/crti.o
 .rela.text.vstrm_receiver_rtcp_app_cb
                0x0000000000001dc0        0x0 /usr/lib/gcc/x86_64-linux-gnu/7/../../../x86_64-linux-gnu/crti.o
 .rela.text.vstrm_receiver_rtcp_bye_cb
                0x0000000000001dc0        0x0 /usr/lib/gcc/x86_64-linux-gnu/7/../../../x86_64-linux-gnu/crti.o
 .rela.text.vstrm_receiver_destroy
                0x0000000000001dc0        0x0 /usr/lib/gcc/x86_64-linux-gnu/7/../../../x86_64-linux-gnu/crti.o
 .rela.text.vstrm_receiver_new
                0x0000000000001dc0        0x0 /usr/lib/gcc/x86_64-linux-gnu/7/../../../x86_64-linux-gnu/crti.o
 .rela.text.vstrm_receiver_recv_data
                0x0000000000001dc0        0x0 /usr/lib/gcc/x86_64-linux-gnu/7/../../../x86_64-linux-gnu/crti.o
 .rela.text.vstrm_receiver_recv_ctrl
                0x0000000000001dc0        0x0 /usr/lib/gcc/x86_64-linux-gnu/7/../../../x86_64-linux-gnu/crti.o
 .rela.text.vstrm_receiver_send_goodbye
                0x0000000000001dc0        0x0 /usr/lib/gcc/x86_64-linux-gnu/7/../../../x86_64-linux-gnu/crti.o
 .rela.text.vstrm_receiver_set_codec_info
                0x0000000000001dc0        0x0 /usr/lib/gcc/x86_64-linux-gnu/7/../../../x86_64-linux-gnu/crti.o
 .rela.text.vstrm_receiver_generate_grey_i_frame
                0x0000000000001dc0        0x0 /usr/lib/gcc/x86_64-linux-gnu/7/../../../x86_64-linux-gnu/crti.o
 .rela.text.vstrm_receiver_get_ntp_from_rtp_ts
                0x0000000000001dc0        0x0 /usr/lib/gcc/x86_64-linux-gnu/7/../../../x86_64-linux-gnu/crti.o
 .rela.text.vstrm_receiver_get_ssrc_self
                0x0000000000001dc0        0x0 /usr/lib/gcc/x86_64-linux-gnu/7/../../../x86_64-linux-gnu/crti.o
 .rela.text.vstrm_receiver_get_ssrc_peer
                0x0000000000001dc0        0x0 /usr/lib/gcc/x86_64-linux-gnu/7/../../../x86_64-linux-gnu/crti.o
 .rela.text.vstrm_receiver_get_stats
                0x0000000000001dc0        0x0 /usr/lib/gcc/x86_64-linux-gnu/7/../../../x86_64-linux-gnu/crti.o
 .rela.text.vstrm_receiver_set_session_metadata_self
                0x0000000000001dc0        0x0 /usr/lib/gcc/x86_64-linux-gnu/7/../../../x86_64-linux-gnu/crti.o
 .rela.text.vstrm_receiver_get_session_metadata_self
                0x0000000000001dc0        0x0 /usr/lib/gcc/x86_64-linux-gnu/7/../../../x86_64-linux-gnu/crti.o
 .rela.text.vstrm_receiver_get_session_metadata_peer
                0x0000000000001dc0        0x0 /usr/lib/gcc/x86_64-linux-gnu/7/../../../x86_64-linux-gnu/crti.o
 .rela.text.vstrm_rtp_h264_rx_sei_user_data_unregistered_cb
                0x0000000000001dc0        0x0 /usr/lib/gcc/x86_64-linux-gnu/7/../../../x86_64-linux-gnu/crti.o
 .rela.text.vstrm_rtp_h264_rx_set_mb_status.isra.3
                0x0000000000001dc0        0x0 /usr/lib/gcc/x86_64-linux-gnu/7/../../../x86_64-linux-gnu/crti.o
 .rela.text.vstrm_rtp_h264_rx_au_complete
                0x0000000000001dc0        0x0 /usr/lib/gcc/x86_64-linux-gnu/7/../../../x86_64-linux-gnu/crti.o
 .rela.text.vstrm_rtp_h264_rx_slice_cb
                0x0000000000001dc0        0x0 /usr/lib/gcc/x86_64-linux-gnu/7/../../../x86_64-linux-gnu/crti.o
 .rela.text.vstrm_rtp_h264_rx_gen_grey_i_slice
                0x0000000000001dc0        0x0 /usr/lib/gcc/x86_64-linux-gnu/7/../../../x86_64-linux-gnu/crti.o
 .rela.text.vstrm_rtp_h264_rx_au_add_nalu
                0x0000000000001dc0        0x0 /usr/lib/gcc/x86_64-linux-gnu/7/../../../x86_64-linux-gnu/crti.o
 .rela.text.vstrm_rtp_h264_rx_pps
                0x0000000000001dc0        0x0 /usr/lib/gcc/x86_64-linux-gnu/7/../../../x86_64-linux-gnu/crti.o
 .rela.text.vstrm_rtp_h264_rx_handle_missing_slices
                0x0000000000001dc0        0x0 /usr/lib/gcc/x86_64-linux-gnu/7/../../../x86_64-linux-gnu/crti.o
 .rela.text.vstrm_rtp_h264_rx_nalu_complete
                0x0000000000001dc0        0x0 /usr/lib/gcc/x86_64-linux-gnu/7/../../../x86_64-linux-gnu/crti.o
 .rela.text.vstrm_rtp_h264_rx_process_fragment.constprop.10
                0x0000000000001dc0        0x0 /usr/lib/gcc/x86_64-linux-gnu/7/../../../x86_64-linux-gnu/crti.o
 .rela.text.vstrm_rtp_h264_rx_process_aggregation.constprop.11
                0x0000000000001dc0        0x0 /usr/lib/gcc/x86_64-linux-gnu/7/../../../x86_64-linux-gnu/crti.o
 .rela.text.vstrm_rtp_h264_rx_new
                0x0000000000001dc0        0x0 /usr/lib/gcc/x86_64-linux-gnu/7/../../../x86_64-linux-gnu/crti.o
 .rela.text.vstrm_rtp_h264_rx_destroy
                0x0000000000001dc0        0x0 /usr/lib/gcc/x86_64-linux-gnu/7/../../../x86_64-linux-gnu/crti.o
 .rela.text.vstrm_rtp_h264_rx_clear
                0x0000000000001dc0        0x0 /usr/lib/gcc/x86_64-linux-gnu/7/../../../x86_64-linux-gnu/crti.o
 .rela.text.vstrm_rtp_h264_rx_process_packet
                0x0000000000001dc0        0x0 /usr/lib/gcc/x86_64-linux-gnu/7/../../../x86_64-linux-gnu/crti.o
 .rela.text.vstrm_rtp_h264_rx_get_video_stats
                0x0000000000001dc0        0x0 /usr/lib/gcc/x86_64-linux-gnu/7/../../../x86_64-linux-gnu/crti.o
 .rela.text.vstrm_rtp_h264_rx_get_codec_info
                0x0000000000001dc0        0x0 /usr/lib/gcc/x86_64-linux-gnu/7/../../../x86_64-linux-gnu/crti.o
 .rela.text.vstrm_rtp_h264_rx_set_codec_info
                0x0000000000001dc0        0x0 /usr/lib/gcc/x86_64-linux-gnu/7/../../../x86_64-linux-gnu/crti.o
 .rela.text.vstrm_rtp_h264_rx_generate_grey_i_frame
                0x0000000000001dc0        0x0 /usr/lib/gcc/x86_64-linux-gnu/7/../../../x86_64-linux-gnu/crti.o
 .rela.text.vstrm_rtp_h264_tx_begin_pkt
                0x0000000000001dc0        0x0 /usr/lib/gcc/x86_64-linux-gnu/7/../../../x86_64-linux-gnu/crti.o
 .rela.text.vstrm_rtp_h264_tx_new
                0x0000000000001dc0        0x0 /usr/lib/gcc/x86_64-linux-gnu/7/../../../x86_64-linux-gnu/crti.o
 .rela.text.vstrm_rtp_h264_tx_destroy
                0x0000000000001dc0        0x0 /usr/lib/gcc/x86_64-linux-gnu/7/../../../x86_64-linux-gnu/crti.o
 .rela.text.vstrm_rtp_h264_tx_process_frame
                0x0000000000001dc0        0x0 /usr/lib/gcc/x86_64-linux-gnu/7/../../../x86_64-linux-gnu/crti.o
 .rela.text.vstrm_rtp_h264_tx_set_cfg_dyn
                0x0000000000001dc0        0x0 /usr/lib/gcc/x86_64-linux-gnu/7/../../../x86_64-linux-gnu/crti.o
 .rela.text.vstrm_sender_monitor_send_data_ready
                0x0000000000001dc0        0x0 /usr/lib/gcc/x86_64-linux-gnu/7/../../../x86_64-linux-gnu/crti.o
 .rela.text.vstrm_sender_process_queue
                0x0000000000001dc0        0x0 /usr/lib/gcc/x86_64-linux-gnu/7/../../../x86_64-linux-gnu/crti.o
 .rela.text.vstrm_sender_write_rtcp_sender_report
                0x0000000000001dc0        0x0 /usr/lib/gcc/x86_64-linux-gnu/7/../../../x86_64-linux-gnu/crti.o
 .rela.text.vstrm_sender_write_rtcp
                0x0000000000001dc0        0x0 /usr/lib/gcc/x86_64-linux-gnu/7/../../../x86_64-linux-gnu/crti.o
 .rela.text.vstrm_sender_rtcp_app_cb
                0x0000000000001dc0        0x0 /usr/lib/gcc/x86_64-linux-gnu/7/../../../x86_64-linux-gnu/crti.o
 .rela.text.vstrm_sender_rtcp_bye_cb
                0x0000000000001dc0        0x0 /usr/lib/gcc/x86_64-linux-gnu/7/../../../x86_64-linux-gnu/crti.o
 .rela.text.vstrm_sender_destroy
                0x0000000000001dc0        0x0 /usr/lib/gcc/x86_64-linux-gnu/7/../../../x86_64-linux-gnu/crti.o
 .rela.text.vstrm_sender_new
                0x0000000000001dc0        0x0 /usr/lib/gcc/x86_64-linux-gnu/7/../../../x86_64-linux-gnu/crti.o
 .rela.text.vstrm_sender_send_frame
                0x0000000000001dc0        0x0 /usr/lib/gcc/x86_64-linux-gnu/7/../../../x86_64-linux-gnu/crti.o
 .rela.text.vstrm_sender_send_rtp_pkt
                0x0000000000001dc0        0x0 /usr/lib/gcc/x86_64-linux-gnu/7/../../../x86_64-linux-gnu/crti.o
 .rela.text.vstrm_sender_send_goodbye
                0x0000000000001dc0        0x0 /usr/lib/gcc/x86_64-linux-gnu/7/../../../x86_64-linux-gnu/crti.o
 .rela.text.vstrm_sender_recv_ctrl
                0x0000000000001dc0        0x0 /usr/lib/gcc/x86_64-linux-gnu/7/../../../x86_64-linux-gnu/crti.o
 .rela.text.vstrm_sender_notify_send_data_ready
                0x0000000000001dc0        0x0 /usr/lib/gcc/x86_64-linux-gnu/7/../../../x86_64-linux-gnu/crti.o
 .rela.text.vstrm_sender_get_cfg_dyn
                0x0000000000001dc0        0x0 /usr/lib/gcc/x86_64-linux-gnu/7/../../../x86_64-linux-gnu/crti.o
 .rela.text.vstrm_sender_set_cfg_dyn
                0x0000000000001dc0        0x0 /usr/lib/gcc/x86_64-linux-gnu/7/../../../x86_64-linux-gnu/crti.o
 .rela.text.vstrm_sender_get_next_frame_params
                0x0000000000001dc0        0x0 /usr/lib/gcc/x86_64-linux-gnu/7/../../../x86_64-linux-gnu/crti.o
 .rela.text.vstrm_sender_get_ssrc_self
                0x0000000000001dc0        0x0 /usr/lib/gcc/x86_64-linux-gnu/7/../../../x86_64-linux-gnu/crti.o
 .rela.text.vstrm_sender_get_ssrc_peer
                0x0000000000001dc0        0x0 /usr/lib/gcc/x86_64-linux-gnu/7/../../../x86_64-linux-gnu/crti.o
 .rela.text.vstrm_sender_get_stats
                0x0000000000001dc0        0x0 /usr/lib/gcc/x86_64-linux-gnu/7/../../../x86_64-linux-gnu/crti.o
 .rela.text.vstrm_sender_set_session_metadata_self
                0x0000000000001dc0        0x0 /usr/lib/gcc/x86_64-linux-gnu/7/../../../x86_64-linux-gnu/crti.o
 .rela.text.vstrm_sender_get_session_metadata_self
                0x0000000000001dc0        0x0 /usr/lib/gcc/x86_64-linux-gnu/7/../../../x86_64-linux-gnu/crti.o
 .rela.text.vstrm_sender_get_session_metadata_peer
                0x0000000000001dc0        0x0 /usr/lib/gcc/x86_64-linux-gnu/7/../../../x86_64-linux-gnu/crti.o
 .rela.text.vstrm_session_metadata_write_cb
                0x0000000000001dc0        0x0 /usr/lib/gcc/x86_64-linux-gnu/7/../../../x86_64-linux-gnu/crti.o
 .rela.text.vstrm_session_metadata_write_rtcp_sdes
                0x0000000000001dc0        0x0 /usr/lib/gcc/x86_64-linux-gnu/7/../../../x86_64-linux-gnu/crti.o
 .rela.text.vstrm_video_stats_write
                0x0000000000001dc0        0x0 /usr/lib/gcc/x86_64-linux-gnu/7/../../../x86_64-linux-gnu/crti.o
 .rela.text.vstrm_video_stats_dyn_init
                0x0000000000001dc0        0x0 /usr/lib/gcc/x86_64-linux-gnu/7/../../../x86_64-linux-gnu/crti.o
 .rela.text.vstrm_video_stats_read
                0x0000000000001dc0        0x0 /usr/lib/gcc/x86_64-linux-gnu/7/../../../x86_64-linux-gnu/crti.o
 .rela.text.vstrm_video_stats_dyn_clear
                0x0000000000001dc0        0x0 /usr/lib/gcc/x86_64-linux-gnu/7/../../../x86_64-linux-gnu/crti.o
 .rela.text.vstrm_video_stats_dyn_copy
                0x0000000000001dc0        0x0 /usr/lib/gcc/x86_64-linux-gnu/7/../../../x86_64-linux-gnu/crti.o
 .rela.text.vstrm_video_stats_csv_write
                0x0000000000001dc0        0x0 /usr/lib/gcc/x86_64-linux-gnu/7/../../../x86_64-linux-gnu/crti.o
 *(.rela.fini)
 *(.rela.rodata .rela.rodata.* .rela.gnu.linkonce.r.*)
 *(.rela.data .rela.data.* .rela.gnu.linkonce.d.*)
 .rela.data.rel.local
                0x0000000000001dc0       0x30 /usr/lib/gcc/x86_64-linux-gnu/7/../../../x86_64-linux-gnu/crti.o
 .rela.data.rel.ro.local
                0x0000000000001df0      0x180 /usr/lib/gcc/x86_64-linux-gnu/7/../../../x86_64-linux-gnu/crti.o
 *(.rela.tdata .rela.tdata.* .rela.gnu.linkonce.td.*)
 *(.rela.tbss .rela.tbss.* .rela.gnu.linkonce.tb.*)
 *(.rela.ctors)
 *(.rela.dtors)
 *(.rela.got)
 .rela.got      0x0000000000001f70       0x60 /usr/lib/gcc/x86_64-linux-gnu/7/../../../x86_64-linux-gnu/crti.o
 *(.rela.bss .rela.bss.* .rela.gnu.linkonce.b.*)
 *(.rela.ldata .rela.ldata.* .rela.gnu.linkonce.l.*)
 *(.rela.lbss .rela.lbss.* .rela.gnu.linkonce.lb.*)
 *(.rela.lrodata .rela.lrodata.* .rela.gnu.linkonce.lr.*)
 *(.rela.ifunc)
 .rela.ifunc    0x0000000000001fd0        0x0 /usr/lib/gcc/x86_64-linux-gnu/7/../../../x86_64-linux-gnu/crti.o
 .rela.fini_array
                0x0000000000001fd0       0x18 /usr/lib/gcc/x86_64-linux-gnu/7/../../../x86_64-linux-gnu/crti.o
 .rela.init_array
                0x0000000000001fe8       0x18 /usr/lib/gcc/x86_64-linux-gnu/7/../../../x86_64-linux-gnu/crti.o

.rela.plt       0x0000000000002000      0x8a0
 *(.rela.plt)
 .rela.plt      0x0000000000002000      0x8a0 /usr/lib/gcc/x86_64-linux-gnu/7/../../../x86_64-linux-gnu/crti.o
 *(.rela.iplt)

.init           0x00000000000028a0       0x17
 *(SORT_NONE(.init))
 .init          0x00000000000028a0       0x12 /usr/lib/gcc/x86_64-linux-gnu/7/../../../x86_64-linux-gnu/crti.o
                0x00000000000028a0                _init
 .init          0x00000000000028b2        0x5 /usr/lib/gcc/x86_64-linux-gnu/7/../../../x86_64-linux-gnu/crtn.o

.plt            0x00000000000028c0      0x5d0
 *(.plt)
 .plt           0x00000000000028c0      0x5d0 /usr/lib/gcc/x86_64-linux-gnu/7/../../../x86_64-linux-gnu/crti.o
 *(.iplt)

.plt.got        0x0000000000002e90        0x8
 *(.plt.got)
 .plt.got       0x0000000000002e90        0x8 /usr/lib/gcc/x86_64-linux-gnu/7/../../../x86_64-linux-gnu/crti.o

.plt.sec
 *(.plt.sec)

.text           0x0000000000002ea0     0xe4ef
 *(.text.unlikely .text.*_unlikely .text.unlikely.*)
 *(.text.exit .text.exit.*)
 *(.text.startup .text.startup.*)
 *(.text.hot .text.hot.*)
 *(.text .stub .text.* .gnu.linkonce.t.*)
 .text          0x0000000000002ea0       0xda /usr/lib/gcc/x86_64-linux-gnu/7/crtbeginS.o
 *fill*         0x0000000000002f7a        0x6 
 .text.vstrm_clock_delta_write
                0x0000000000002f80      0x1d9 /home/zxli/code/parrot-groundsdk/out/olympe-linux/build/libvideo-streaming/obj/src/vstrm_clock_delta.c.o
                0x0000000000002f80                vstrm_clock_delta_write
 *fill*         0x0000000000003159        0x7 
 .text.vstrm_clock_delta_read
                0x0000000000003160      0x1f9 /home/zxli/code/parrot-groundsdk/out/olympe-linux/build/libvideo-streaming/obj/src/vstrm_clock_delta.c.o
                0x0000000000003160                vstrm_clock_delta_read
 *fill*         0x0000000000003359        0x7 
 .text.vstrm_clock_delta_init
                0x0000000000003360       0xb2 /home/zxli/code/parrot-groundsdk/out/olympe-linux/build/libvideo-streaming/obj/src/vstrm_clock_delta.c.o
                0x0000000000003360                vstrm_clock_delta_init
 *fill*         0x0000000000003412        0xe 
 .text.vstrm_clock_delta_process
                0x0000000000003420      0x6f1 /home/zxli/code/parrot-groundsdk/out/olympe-linux/build/libvideo-streaming/obj/src/vstrm_clock_delta.c.o
                0x0000000000003420                vstrm_clock_delta_process
 *fill*         0x0000000000003b11        0xf 
 .text.vstrm_dbg_write_h264_nalu
                0x0000000000003b20       0x3d /home/zxli/code/parrot-groundsdk/out/olympe-linux/build/libvideo-streaming/obj/src/vstrm_dbg.c.o
 *fill*         0x0000000000003b5d        0x3 
 .text.vstrm_dbg_create_file
                0x0000000000003b60      0x181 /home/zxli/code/parrot-groundsdk/out/olympe-linux/build/libvideo-streaming/obj/src/vstrm_dbg.c.o
                0x0000000000003b60                vstrm_dbg_create_file
 *fill*         0x0000000000003ce1        0xf 
 .text.vstrm_dbg_write_raw
                0x0000000000003cf0       0x8e /home/zxli/code/parrot-groundsdk/out/olympe-linux/build/libvideo-streaming/obj/src/vstrm_dbg.c.o
                0x0000000000003cf0                vstrm_dbg_write_raw
 *fill*         0x0000000000003d7e        0x2 
 .text.vstrm_dbg_write_pomp_buf
                0x0000000000003d80       0x6b /home/zxli/code/parrot-groundsdk/out/olympe-linux/build/libvideo-streaming/obj/src/vstrm_dbg.c.o
                0x0000000000003d80                vstrm_dbg_write_pomp_buf
 *fill*         0x0000000000003deb        0x5 
 .text.vstrm_dbg_write_codec_info
                0x0000000000003df0       0x40 /home/zxli/code/parrot-groundsdk/out/olympe-linux/build/libvideo-streaming/obj/src/vstrm_dbg.c.o
                0x0000000000003df0                vstrm_dbg_write_codec_info
 .text.vstrm_dbg_write_frame
                0x0000000000003e30       0x53 /home/zxli/code/parrot-groundsdk/out/olympe-linux/build/libvideo-streaming/obj/src/vstrm_dbg.c.o
                0x0000000000003e30                vstrm_dbg_write_frame
 *fill*         0x0000000000003e83        0xd 
 .text.vstrm_frame_new
                0x0000000000003e90      0x1ae /home/zxli/code/parrot-groundsdk/out/olympe-linux/build/libvideo-streaming/obj/src/vstrm_frame.c.o
                0x0000000000003e90                vstrm_frame_new
 *fill*         0x000000000000403e        0x2 
 .text.vstrm_frame_ref
                0x0000000000004040       0x79 /home/zxli/code/parrot-groundsdk/out/olympe-linux/build/libvideo-streaming/obj/src/vstrm_frame.c.o
                0x0000000000004040                vstrm_frame_ref
 *fill*         0x00000000000040b9        0x7 
 .text.vstrm_frame_unref
                0x00000000000040c0       0xaf /home/zxli/code/parrot-groundsdk/out/olympe-linux/build/libvideo-streaming/obj/src/vstrm_frame.c.o
                0x00000000000040c0                vstrm_frame_unref
 *fill*         0x000000000000416f        0x1 
 .text.vstrm_frame_add_nalu
                0x0000000000004170      0x27e /home/zxli/code/parrot-groundsdk/out/olympe-linux/build/libvideo-streaming/obj/src/vstrm_frame.c.o
                0x0000000000004170                vstrm_frame_add_nalu
 *fill*         0x00000000000043ee        0x2 
 .text.vstrm_frame_get_size
                0x00000000000043f0      0x15b /home/zxli/code/parrot-groundsdk/out/olympe-linux/build/libvideo-streaming/obj/src/vstrm_frame.c.o
                0x00000000000043f0                vstrm_frame_get_size
 *fill*         0x000000000000454b        0x5 
 .text.vstrm_frame_copy
                0x0000000000004550      0x22e /home/zxli/code/parrot-groundsdk/out/olympe-linux/build/libvideo-streaming/obj/src/vstrm_frame.c.o
                0x0000000000004550                vstrm_frame_copy
 *fill*         0x000000000000477e        0x2 
 .text.vstrm_codec_str
                0x0000000000004780       0x16 /home/zxli/code/parrot-groundsdk/out/olympe-linux/build/libvideo-streaming/obj/src/vstrm_frame.c.o
                0x0000000000004780                vstrm_codec_str
 *fill*         0x0000000000004796        0xa 
 .text.vstrm_frame_mb_status_str
                0x00000000000047a0       0x78 /home/zxli/code/parrot-groundsdk/out/olympe-linux/build/libvideo-streaming/obj/src/vstrm_frame.c.o
                0x00000000000047a0                vstrm_frame_mb_status_str
 *fill*         0x0000000000004818        0x8 
 .text.vstrm_h264_sei_streaming_is_v1
                0x0000000000004820       0xe8 /home/zxli/code/parrot-groundsdk/out/olympe-linux/build/libvideo-streaming/obj/src/vstrm_h264_sei_streaming.c.o
                0x0000000000004820                vstrm_h264_sei_streaming_is_v1
 *fill*         0x0000000000004908        0x8 
 .text.vstrm_h264_sei_streaming_v1_get_size
                0x0000000000004910       0x83 /home/zxli/code/parrot-groundsdk/out/olympe-linux/build/libvideo-streaming/obj/src/vstrm_h264_sei_streaming.c.o
                0x0000000000004910                vstrm_h264_sei_streaming_v1_get_size
 *fill*         0x0000000000004993        0xd 
 .text.vstrm_h264_sei_streaming_v1_write
                0x00000000000049a0      0x2a1 /home/zxli/code/parrot-groundsdk/out/olympe-linux/build/libvideo-streaming/obj/src/vstrm_h264_sei_streaming.c.o
                0x00000000000049a0                vstrm_h264_sei_streaming_v1_write
 *fill*         0x0000000000004c41        0xf 
 .text.vstrm_h264_sei_streaming_v1_read
                0x0000000000004c50      0x25a /home/zxli/code/parrot-groundsdk/out/olympe-linux/build/libvideo-streaming/obj/src/vstrm_h264_sei_streaming.c.o
                0x0000000000004c50                vstrm_h264_sei_streaming_v1_read
 *fill*         0x0000000000004eaa        0x6 
 .text.vstrm_h264_sei_streaming_is_v2
                0x0000000000004eb0       0xe8 /home/zxli/code/parrot-groundsdk/out/olympe-linux/build/libvideo-streaming/obj/src/vstrm_h264_sei_streaming.c.o
                0x0000000000004eb0                vstrm_h264_sei_streaming_is_v2
 *fill*         0x0000000000004f98        0x8 
 .text.vstrm_h264_sei_streaming_v2_get_size
                0x0000000000004fa0       0x83 /home/zxli/code/parrot-groundsdk/out/olympe-linux/build/libvideo-streaming/obj/src/vstrm_h264_sei_streaming.c.o
                0x0000000000004fa0                vstrm_h264_sei_streaming_v2_get_size
 *fill*         0x0000000000005023        0xd 
 .text.vstrm_h264_sei_streaming_v2_write
                0x0000000000005030      0x291 /home/zxli/code/parrot-groundsdk/out/olympe-linux/build/libvideo-streaming/obj/src/vstrm_h264_sei_streaming.c.o
                0x0000000000005030                vstrm_h264_sei_streaming_v2_write
 *fill*         0x00000000000052c1        0xf 
 .text.vstrm_h264_sei_streaming_v2_read
                0x00000000000052d0      0x181 /home/zxli/code/parrot-groundsdk/out/olympe-linux/build/libvideo-streaming/obj/src/vstrm_h264_sei_streaming.c.o
                0x00000000000052d0                vstrm_h264_sei_streaming_v2_read
 *fill*         0x0000000000005451        0xf 
 .text.vstrm_receiver_recv_frame_cb
                0x0000000000005460       0x73 /home/zxli/code/parrot-groundsdk/out/olympe-linux/build/libvideo-streaming/obj/src/vstrm_receiver.c.o
 *fill*         0x00000000000054d3        0xd 
 .text.vstrm_receiver_codec_info_changed_cb
                0x00000000000054e0       0xb4 /home/zxli/code/parrot-groundsdk/out/olympe-linux/build/libvideo-streaming/obj/src/vstrm_receiver.c.o
 *fill*         0x0000000000005594        0xc 
 .text.vstrm_receiver_close_dbg_files
                0x00000000000055a0       0x92 /home/zxli/code/parrot-groundsdk/out/olympe-linux/build/libvideo-streaming/obj/src/vstrm_receiver.c.o
 *fill*         0x0000000000005632        0xe 
 .text.vstrm_receiver_rtcp_sdes_item_cb
                0x0000000000005640        0xf /home/zxli/code/parrot-groundsdk/out/olympe-linux/build/libvideo-streaming/obj/src/vstrm_receiver.c.o
 *fill*         0x000000000000564f        0x1 
 .text.vstrm_receiver_rtcp_sender_report_cb
                0x0000000000005650       0xdf /home/zxli/code/parrot-groundsdk/out/olympe-linux/build/libvideo-streaming/obj/src/vstrm_receiver.c.o
 *fill*         0x000000000000572f        0x1 
 .text.vstrm_receiver_rtp_process_pkt_cb
                0x0000000000005730      0x1ad /home/zxli/code/parrot-groundsdk/out/olympe-linux/build/libvideo-streaming/obj/src/vstrm_receiver.c.o
 *fill*         0x00000000000058dd        0x3 
 .text.vstrm_receiver_write_rtcp_receiver_report
                0x00000000000058e0      0x24a /home/zxli/code/parrot-groundsdk/out/olympe-linux/build/libvideo-streaming/obj/src/vstrm_receiver.c.o
 *fill*         0x0000000000005b2a        0x6 
 .text.vstrm_receiver_write_rtcp
                0x0000000000005b30      0x7d0 /home/zxli/code/parrot-groundsdk/out/olympe-linux/build/libvideo-streaming/obj/src/vstrm_receiver.c.o
 .text.vstrm_receiver_rtcp_timer_cb
                0x0000000000006300        0xc /home/zxli/code/parrot-groundsdk/out/olympe-linux/build/libvideo-streaming/obj/src/vstrm_receiver.c.o
 *fill*         0x000000000000630c        0x4 
 .text.vstrm_receiver_init_seq
                0x0000000000006310       0xf2 /home/zxli/code/parrot-groundsdk/out/olympe-linux/build/libvideo-streaming/obj/src/vstrm_receiver.c.o
 *fill*         0x0000000000006402        0xe 
 .text.vstrm_receiver_rtcp_app_cb
                0x0000000000006410      0x18a /home/zxli/code/parrot-groundsdk/out/olympe-linux/build/libvideo-streaming/obj/src/vstrm_receiver.c.o
 *fill*         0x000000000000659a        0x6 
 .text.vstrm_receiver_rtcp_bye_cb
                0x00000000000065a0       0xd6 /home/zxli/code/parrot-groundsdk/out/olympe-linux/build/libvideo-streaming/obj/src/vstrm_receiver.c.o
 *fill*         0x0000000000006676        0xa 
 .text.vstrm_receiver_destroy
                0x0000000000006680       0xd1 /home/zxli/code/parrot-groundsdk/out/olympe-linux/build/libvideo-streaming/obj/src/vstrm_receiver.c.o
                0x0000000000006680                vstrm_receiver_destroy
 *fill*         0x0000000000006751        0xf 
 .text.vstrm_receiver_new
                0x0000000000006760      0x3f0 /home/zxli/code/parrot-groundsdk/out/olympe-linux/build/libvideo-streaming/obj/src/vstrm_receiver.c.o
                0x0000000000006760                vstrm_receiver_new
 .text.vstrm_receiver_recv_data
                0x0000000000006b50      0x712 /home/zxli/code/parrot-groundsdk/out/olympe-linux/build/libvideo-streaming/obj/src/vstrm_receiver.c.o
                0x0000000000006b50                vstrm_receiver_recv_data
 *fill*         0x0000000000007262        0xe 
 .text.vstrm_receiver_recv_ctrl
                0x0000000000007270      0x1d9 /home/zxli/code/parrot-groundsdk/out/olympe-linux/build/libvideo-streaming/obj/src/vstrm_receiver.c.o
                0x0000000000007270                vstrm_receiver_recv_ctrl
 *fill*         0x0000000000007449        0x7 
 .text.vstrm_receiver_send_goodbye
                0x0000000000007450       0x81 /home/zxli/code/parrot-groundsdk/out/olympe-linux/build/libvideo-streaming/obj/src/vstrm_receiver.c.o
                0x0000000000007450                vstrm_receiver_send_goodbye
 *fill*         0x00000000000074d1        0xf 
 .text.vstrm_receiver_set_codec_info
                0x00000000000074e0      0x167 /home/zxli/code/parrot-groundsdk/out/olympe-linux/build/libvideo-streaming/obj/src/vstrm_receiver.c.o
                0x00000000000074e0                vstrm_receiver_set_codec_info
 *fill*         0x0000000000007647        0x9 
 .text.vstrm_receiver_generate_grey_i_frame
                0x0000000000007650       0x81 /home/zxli/code/parrot-groundsdk/out/olympe-linux/build/libvideo-streaming/obj/src/vstrm_receiver.c.o
                0x0000000000007650                vstrm_receiver_generate_grey_i_frame
 *fill*         0x00000000000076d1        0xf 
 .text.vstrm_receiver_get_ntp_from_rtp_ts
                0x00000000000076e0      0x12f /home/zxli/code/parrot-groundsdk/out/olympe-linux/build/libvideo-streaming/obj/src/vstrm_receiver.c.o
                0x00000000000076e0                vstrm_receiver_get_ntp_from_rtp_ts
 *fill*         0x000000000000780f        0x1 
 .text.vstrm_receiver_get_ssrc_self
                0x0000000000007810       0xc7 /home/zxli/code/parrot-groundsdk/out/olympe-linux/build/libvideo-streaming/obj/src/vstrm_receiver.c.o
                0x0000000000007810                vstrm_receiver_get_ssrc_self
 *fill*         0x00000000000078d7        0x9 
 .text.vstrm_receiver_get_ssrc_peer
                0x00000000000078e0       0xc7 /home/zxli/code/parrot-groundsdk/out/olympe-linux/build/libvideo-streaming/obj/src/vstrm_receiver.c.o
                0x00000000000078e0                vstrm_receiver_get_ssrc_peer
 *fill*         0x00000000000079a7        0x9 
 .text.vstrm_receiver_get_stats
                0x00000000000079b0       0xe7 /home/zxli/code/parrot-groundsdk/out/olympe-linux/build/libvideo-streaming/obj/src/vstrm_receiver.c.o
                0x00000000000079b0                vstrm_receiver_get_stats
 *fill*         0x0000000000007a97        0x9 
 .text.vstrm_receiver_set_session_metadata_self
                0x0000000000007aa0       0xd7 /home/zxli/code/parrot-groundsdk/out/olympe-linux/build/libvideo-streaming/obj/src/vstrm_receiver.c.o
                0x0000000000007aa0                vstrm_receiver_set_session_metadata_self
 *fill*         0x0000000000007b77        0x9 
 .text.vstrm_receiver_get_session_metadata_self
                0x0000000000007b80       0xc7 /home/zxli/code/parrot-groundsdk/out/olympe-linux/build/libvideo-streaming/obj/src/vstrm_receiver.c.o
                0x0000000000007b80                vstrm_receiver_get_session_metadata_self
 *fill*         0x0000000000007c47        0x9 
 .text.vstrm_receiver_get_session_metadata_peer
                0x0000000000007c50       0xc7 /home/zxli/code/parrot-groundsdk/out/olympe-linux/build/libvideo-streaming/obj/src/vstrm_receiver.c.o
                0x0000000000007c50                vstrm_receiver_get_session_metadata_peer
 *fill*         0x0000000000007d17        0x9 
 .text.vstrm_rtp_h264_rx_nalu_begin_cb
                0x0000000000007d20        0x2 /home/zxli/code/parrot-groundsdk/out/olympe-linux/build/libvideo-streaming/obj/src/vstrm_rtp_h264_rx.c.o
 *fill*         0x0000000000007d22        0xe 
 .text.vstrm_rtp_h264_rx_slice_data_end_cb
                0x0000000000007d30        0x7 /home/zxli/code/parrot-groundsdk/out/olympe-linux/build/libvideo-streaming/obj/src/vstrm_rtp_h264_rx.c.o
 *fill*         0x0000000000007d37        0x9 
 .text.vstrm_rtp_h264_rx_update_mb_status_stats
                0x0000000000007d40      0x124 /home/zxli/code/parrot-groundsdk/out/olympe-linux/build/libvideo-streaming/obj/src/vstrm_rtp_h264_rx.c.o
 *fill*         0x0000000000007e64        0xc 
 .text.vstrm_rtp_h264_rx_sei_user_data_unregistered_cb
                0x0000000000007e70      0x14d /home/zxli/code/parrot-groundsdk/out/olympe-linux/build/libvideo-streaming/obj/src/vstrm_rtp_h264_rx.c.o
 *fill*         0x0000000000007fbd        0x3 
 .text.vstrm_rtp_h264_rx_pps_cb
                0x0000000000007fc0       0xb2 /home/zxli/code/parrot-groundsdk/out/olympe-linux/build/libvideo-streaming/obj/src/vstrm_rtp_h264_rx.c.o
 *fill*         0x0000000000008072        0xe 
 .text.vstrm_rtp_h264_rx_sps_cb
                0x0000000000008080       0xc9 /home/zxli/code/parrot-groundsdk/out/olympe-linux/build/libvideo-streaming/obj/src/vstrm_rtp_h264_rx.c.o
 *fill*         0x0000000000008149        0x7 
 .text.vstrm_rtp_h264_rx_frame_dispose
                0x0000000000008150       0x45 /home/zxli/code/parrot-groundsdk/out/olympe-linux/build/libvideo-streaming/obj/src/vstrm_rtp_h264_rx.c.o
 *fill*         0x0000000000008195        0xb 
 .text.vstrm_rtp_h264_rx_frame_new
                0x00000000000081a0       0xd8 /home/zxli/code/parrot-groundsdk/out/olympe-linux/build/libvideo-streaming/obj/src/vstrm_rtp_h264_rx.c.o
 *fill*         0x0000000000008278        0x8 
 .text.vstrm_rtp_h264_rx_set_mb_status.isra.3
                0x0000000000008280      0x121 /home/zxli/code/parrot-groundsdk/out/olympe-linux/build/libvideo-streaming/obj/src/vstrm_rtp_h264_rx.c.o
 *fill*         0x00000000000083a1        0xf 
 .text.vstrm_rtp_h264_rx_sps
                0x00000000000083b0       0xb7 /home/zxli/code/parrot-groundsdk/out/olympe-linux/build/libvideo-streaming/obj/src/vstrm_rtp_h264_rx.c.o
 *fill*         0x0000000000008467        0x9 
 .text.vstrm_rtp_h264_rx_au_complete
                0x0000000000008470      0x627 /home/zxli/code/parrot-groundsdk/out/olympe-linux/build/libvideo-streaming/obj/src/vstrm_rtp_h264_rx.c.o
 *fill*         0x0000000000008a97        0x9 
 .text.vstrm_rtp_h264_rx_slice_data_mb_cb
                0x0000000000008aa0       0x5c /home/zxli/code/parrot-groundsdk/out/olympe-linux/build/libvideo-streaming/obj/src/vstrm_rtp_h264_rx.c.o
 *fill*         0x0000000000008afc        0x4 
 .text.vstrm_rtp_h264_rx_slice_cb
                0x0000000000008b00      0x14a /home/zxli/code/parrot-groundsdk/out/olympe-linux/build/libvideo-streaming/obj/src/vstrm_rtp_h264_rx.c.o
 *fill*         0x0000000000008c4a        0x6 
 .text.vstrm_rtp_h264_rx_gen_grey_i_slice
                0x0000000000008c50      0x500 /home/zxli/code/parrot-groundsdk/out/olympe-linux/build/libvideo-streaming/obj/src/vstrm_rtp_h264_rx.c.o
 .text.vstrm_rtp_h264_rx_frame_add_nalu
                0x0000000000009150       0xa6 /home/zxli/code/parrot-groundsdk/out/olympe-linux/build/libvideo-streaming/obj/src/vstrm_rtp_h264_rx.c.o
 *fill*         0x00000000000091f6        0xa 
 .text.vstrm_rtp_h264_rx_gen_grey_i_frame
                0x0000000000009200      0x261 /home/zxli/code/parrot-groundsdk/out/olympe-linux/build/libvideo-streaming/obj/src/vstrm_rtp_h264_rx.c.o
 *fill*         0x0000000000009461        0xf 
 .text.vstrm_rtp_h264_rx_au_add_nalu
                0x0000000000009470      0x3ea /home/zxli/code/parrot-groundsdk/out/olympe-linux/build/libvideo-streaming/obj/src/vstrm_rtp_h264_rx.c.o
 *fill*         0x000000000000985a        0x6 
 .text.vstrm_rtp_h264_rx_pps
                0x0000000000009860      0x2c4 /home/zxli/code/parrot-groundsdk/out/olympe-linux/build/libvideo-streaming/obj/src/vstrm_rtp_h264_rx.c.o
 *fill*         0x0000000000009b24        0xc 
 .text.vstrm_rtp_h264_rx_nalu_append.isra.7
                0x0000000000009b30       0x31 /home/zxli/code/parrot-groundsdk/out/olympe-linux/build/libvideo-streaming/obj/src/vstrm_rtp_h264_rx.c.o
 *fill*         0x0000000000009b61        0xf 
 .text.vstrm_rtp_h264_rx_handle_missing_slices
                0x0000000000009b70      0x94d /home/zxli/code/parrot-groundsdk/out/olympe-linux/build/libvideo-streaming/obj/src/vstrm_rtp_h264_rx.c.o
 *fill*         0x000000000000a4bd        0x3 
 .text.vstrm_rtp_h264_rx_nalu_complete
                0x000000000000a4c0      0x55a /home/zxli/code/parrot-groundsdk/out/olympe-linux/build/libvideo-streaming/obj/src/vstrm_rtp_h264_rx.c.o
 *fill*         0x000000000000aa1a        0x6 
 .text.vstrm_rtp_h264_rx_process_fragment.constprop.10
                0x000000000000aa20      0x1bc /home/zxli/code/parrot-groundsdk/out/olympe-linux/build/libvideo-streaming/obj/src/vstrm_rtp_h264_rx.c.o
 *fill*         0x000000000000abdc        0x4 
 .text.vstrm_rtp_h264_rx_process_aggregation.constprop.11
                0x000000000000abe0      0x18f /home/zxli/code/parrot-groundsdk/out/olympe-linux/build/libvideo-streaming/obj/src/vstrm_rtp_h264_rx.c.o
 *fill*         0x000000000000ad6f        0x1 
 .text.vstrm_rtp_h264_rx_new
                0x000000000000ad70      0x39e /home/zxli/code/parrot-groundsdk/out/olympe-linux/build/libvideo-streaming/obj/src/vstrm_rtp_h264_rx.c.o
                0x000000000000ad70                vstrm_rtp_h264_rx_new
 *fill*         0x000000000000b10e        0x2 
 .text.vstrm_rtp_h264_rx_destroy
                0x000000000000b110       0xf1 /home/zxli/code/parrot-groundsdk/out/olympe-linux/build/libvideo-streaming/obj/src/vstrm_rtp_h264_rx.c.o
                0x000000000000b110                vstrm_rtp_h264_rx_destroy
 *fill*         0x000000000000b201        0xf 
 .text.vstrm_rtp_h264_rx_clear
                0x000000000000b210      0x1e1 /home/zxli/code/parrot-groundsdk/out/olympe-linux/build/libvideo-streaming/obj/src/vstrm_rtp_h264_rx.c.o
                0x000000000000b210                vstrm_rtp_h264_rx_clear
 *fill*         0x000000000000b3f1        0xf 
 .text.vstrm_rtp_h264_rx_process_packet
                0x000000000000b400      0x7b5 /home/zxli/code/parrot-groundsdk/out/olympe-linux/build/libvideo-streaming/obj/src/vstrm_rtp_h264_rx.c.o
                0x000000000000b400                vstrm_rtp_h264_rx_process_packet
 *fill*         0x000000000000bbb5        0xb 
 .text.vstrm_rtp_h264_rx_get_video_stats
                0x000000000000bbc0      0x124 /home/zxli/code/parrot-groundsdk/out/olympe-linux/build/libvideo-streaming/obj/src/vstrm_rtp_h264_rx.c.o
                0x000000000000bbc0                vstrm_rtp_h264_rx_get_video_stats
 *fill*         0x000000000000bce4        0xc 
 .text.vstrm_rtp_h264_rx_get_codec_info
                0x000000000000bcf0       0xc7 /home/zxli/code/parrot-groundsdk/out/olympe-linux/build/libvideo-streaming/obj/src/vstrm_rtp_h264_rx.c.o
                0x000000000000bcf0                vstrm_rtp_h264_rx_get_codec_info
 *fill*         0x000000000000bdb7        0x9 
 .text.vstrm_rtp_h264_rx_set_codec_info
                0x000000000000bdc0      0x314 /home/zxli/code/parrot-groundsdk/out/olympe-linux/build/libvideo-streaming/obj/src/vstrm_rtp_h264_rx.c.o
                0x000000000000bdc0                vstrm_rtp_h264_rx_set_codec_info
 *fill*         0x000000000000c0d4        0xc 
 .text.vstrm_rtp_h264_rx_generate_grey_i_frame
                0x000000000000c0e0      0x1e1 /home/zxli/code/parrot-groundsdk/out/olympe-linux/build/libvideo-streaming/obj/src/vstrm_rtp_h264_rx.c.o
                0x000000000000c0e0                vstrm_rtp_h264_rx_generate_grey_i_frame
 *fill*         0x000000000000c2c1        0xf 
 .text.vstrm_rtp_h264_tx_begin_pkt
                0x000000000000c2d0      0x2af /home/zxli/code/parrot-groundsdk/out/olympe-linux/build/libvideo-streaming/obj/src/vstrm_rtp_h264_tx.c.o
 *fill*         0x000000000000c57f        0x1 
 .text.vstrm_rtp_h264_tx_end_pkt
                0x000000000000c580       0x5b /home/zxli/code/parrot-groundsdk/out/olympe-linux/build/libvideo-streaming/obj/src/vstrm_rtp_h264_tx.c.o
 *fill*         0x000000000000c5db        0x5 
 .text.vstrm_rtp_h264_tx_new
                0x000000000000c5e0      0x101 /home/zxli/code/parrot-groundsdk/out/olympe-linux/build/libvideo-streaming/obj/src/vstrm_rtp_h264_tx.c.o
                0x000000000000c5e0                vstrm_rtp_h264_tx_new
 *fill*         0x000000000000c6e1        0xf 
 .text.vstrm_rtp_h264_tx_destroy
                0x000000000000c6f0      0x1b1 /home/zxli/code/parrot-groundsdk/out/olympe-linux/build/libvideo-streaming/obj/src/vstrm_rtp_h264_tx.c.o
                0x000000000000c6f0                vstrm_rtp_h264_tx_destroy
 *fill*         0x000000000000c8a1        0xf 
 .text.vstrm_rtp_h264_tx_process_frame
                0x000000000000c8b0      0x561 /home/zxli/code/parrot-groundsdk/out/olympe-linux/build/libvideo-streaming/obj/src/vstrm_rtp_h264_tx.c.o
                0x000000000000c8b0                vstrm_rtp_h264_tx_process_frame
 *fill*         0x000000000000ce11        0xf 
 .text.vstrm_rtp_h264_tx_set_cfg_dyn
                0x000000000000ce20       0xc7 /home/zxli/code/parrot-groundsdk/out/olympe-linux/build/libvideo-streaming/obj/src/vstrm_rtp_h264_tx.c.o
                0x000000000000ce20                vstrm_rtp_h264_tx_set_cfg_dyn
 *fill*         0x000000000000cee7        0x9 
 .text.vstrm_sender_monitor_send_data_ready
                0x000000000000cef0       0xa5 /home/zxli/code/parrot-groundsdk/out/olympe-linux/build/libvideo-streaming/obj/src/vstrm_sender.c.o
 *fill*         0x000000000000cf95        0xb 
 .text.vstrm_sender_process_queue
                0x000000000000cfa0      0x348 /home/zxli/code/parrot-groundsdk/out/olympe-linux/build/libvideo-streaming/obj/src/vstrm_sender.c.o
 *fill*         0x000000000000d2e8        0x8 
 .text.vstrm_sender_rtcp_sdes_item_cb
                0x000000000000d2f0       0x18 /home/zxli/code/parrot-groundsdk/out/olympe-linux/build/libvideo-streaming/obj/src/vstrm_sender.c.o
 *fill*         0x000000000000d308        0x8 
 .text.vstrm_sender_rtcp_receiver_report_cb
                0x000000000000d310       0x32 /home/zxli/code/parrot-groundsdk/out/olympe-linux/build/libvideo-streaming/obj/src/vstrm_sender.c.o
 *fill*         0x000000000000d342        0xe 
 .text.vstrm_sender_write_rtcp_sender_report
                0x000000000000d350      0x192 /home/zxli/code/parrot-groundsdk/out/olympe-linux/build/libvideo-streaming/obj/src/vstrm_sender.c.o
 *fill*         0x000000000000d4e2        0xe 
 .text.vstrm_sender_write_rtcp
                0x000000000000d4f0      0x522 /home/zxli/code/parrot-groundsdk/out/olympe-linux/build/libvideo-streaming/obj/src/vstrm_sender.c.o
 *fill*         0x000000000000da12        0xe 
 .text.vstrm_sender_rtcp_timer_cb
                0x000000000000da20        0xc /home/zxli/code/parrot-groundsdk/out/olympe-linux/build/libvideo-streaming/obj/src/vstrm_sender.c.o
 *fill*         0x000000000000da2c        0x4 
 .text.vstrm_sender_rtcp_app_cb
                0x000000000000da30      0x29c /home/zxli/code/parrot-groundsdk/out/olympe-linux/build/libvideo-streaming/obj/src/vstrm_sender.c.o
 *fill*         0x000000000000dccc        0x4 
 .text.vstrm_sender_rtcp_bye_cb
                0x000000000000dcd0       0xd6 /home/zxli/code/parrot-groundsdk/out/olympe-linux/build/libvideo-streaming/obj/src/vstrm_sender.c.o
 *fill*         0x000000000000dda6        0xa 
 .text.vstrm_sender_destroy
                0x000000000000ddb0      0x191 /home/zxli/code/parrot-groundsdk/out/olympe-linux/build/libvideo-streaming/obj/src/vstrm_sender.c.o
                0x000000000000ddb0                vstrm_sender_destroy
 *fill*         0x000000000000df41        0xf 
 .text.vstrm_sender_new
                0x000000000000df50      0x618 /home/zxli/code/parrot-groundsdk/out/olympe-linux/build/libvideo-streaming/obj/src/vstrm_sender.c.o
                0x000000000000df50                vstrm_sender_new
 *fill*         0x000000000000e568        0x8 
 .text.vstrm_sender_send_frame
                0x000000000000e570      0x44f /home/zxli/code/parrot-groundsdk/out/olympe-linux/build/libvideo-streaming/obj/src/vstrm_sender.c.o
                0x000000000000e570                vstrm_sender_send_frame
 *fill*         0x000000000000e9bf        0x1 
 .text.vstrm_sender_send_rtp_pkt
                0x000000000000e9c0      0x1fd /home/zxli/code/parrot-groundsdk/out/olympe-linux/build/libvideo-streaming/obj/src/vstrm_sender.c.o
                0x000000000000e9c0                vstrm_sender_send_rtp_pkt
 *fill*         0x000000000000ebbd        0x3 
 .text.vstrm_sender_send_goodbye
                0x000000000000ebc0       0x81 /home/zxli/code/parrot-groundsdk/out/olympe-linux/build/libvideo-streaming/obj/src/vstrm_sender.c.o
                0x000000000000ebc0                vstrm_sender_send_goodbye
 *fill*         0x000000000000ec41        0xf 
 .text.vstrm_sender_recv_ctrl
                0x000000000000ec50      0x1d9 /home/zxli/code/parrot-groundsdk/out/olympe-linux/build/libvideo-streaming/obj/src/vstrm_sender.c.o
                0x000000000000ec50                vstrm_sender_recv_ctrl
 *fill*         0x000000000000ee29        0x7 
 .text.vstrm_sender_notify_send_data_ready
                0x000000000000ee30       0x89 /home/zxli/code/parrot-groundsdk/out/olympe-linux/build/libvideo-streaming/obj/src/vstrm_sender.c.o
                0x000000000000ee30                vstrm_sender_notify_send_data_ready
 *fill*         0x000000000000eeb9        0x7 
 .text.vstrm_sender_get_cfg_dyn
                0x000000000000eec0       0xd7 /home/zxli/code/parrot-groundsdk/out/olympe-linux/build/libvideo-streaming/obj/src/vstrm_sender.c.o
                0x000000000000eec0                vstrm_sender_get_cfg_dyn
 *fill*         0x000000000000ef97        0x9 
 .text.vstrm_sender_set_cfg_dyn
                0x000000000000efa0      0x12c /home/zxli/code/parrot-groundsdk/out/olympe-linux/build/libvideo-streaming/obj/src/vstrm_sender.c.o
                0x000000000000efa0                vstrm_sender_set_cfg_dyn
 *fill*         0x000000000000f0cc        0x4 
 .text.vstrm_sender_get_next_frame_params
                0x000000000000f0d0      0x1e7 /home/zxli/code/parrot-groundsdk/out/olympe-linux/build/libvideo-streaming/obj/src/vstrm_sender.c.o
                0x000000000000f0d0                vstrm_sender_get_next_frame_params
 *fill*         0x000000000000f2b7        0x9 
 .text.vstrm_sender_get_ssrc_self
                0x000000000000f2c0       0xc7 /home/zxli/code/parrot-groundsdk/out/olympe-linux/build/libvideo-streaming/obj/src/vstrm_sender.c.o
                0x000000000000f2c0                vstrm_sender_get_ssrc_self
 *fill*         0x000000000000f387        0x9 
 .text.vstrm_sender_get_ssrc_peer
                0x000000000000f390       0xc7 /home/zxli/code/parrot-groundsdk/out/olympe-linux/build/libvideo-streaming/obj/src/vstrm_sender.c.o
                0x000000000000f390                vstrm_sender_get_ssrc_peer
 *fill*         0x000000000000f457        0x9 
 .text.vstrm_sender_get_stats
                0x000000000000f460       0xc7 /home/zxli/code/parrot-groundsdk/out/olympe-linux/build/libvideo-streaming/obj/src/vstrm_sender.c.o
                0x000000000000f460                vstrm_sender_get_stats
 *fill*         0x000000000000f527        0x9 
 .text.vstrm_sender_set_session_metadata_self
                0x000000000000f530       0xd7 /home/zxli/code/parrot-groundsdk/out/olympe-linux/build/libvideo-streaming/obj/src/vstrm_sender.c.o
                0x000000000000f530                vstrm_sender_set_session_metadata_self
 *fill*         0x000000000000f607        0x9 
 .text.vstrm_sender_get_session_metadata_self
                0x000000000000f610       0xc7 /home/zxli/code/parrot-groundsdk/out/olympe-linux/build/libvideo-streaming/obj/src/vstrm_sender.c.o
                0x000000000000f610                vstrm_sender_get_session_metadata_self
 *fill*         0x000000000000f6d7        0x9 
 .text.vstrm_sender_get_session_metadata_peer
                0x000000000000f6e0       0xc7 /home/zxli/code/parrot-groundsdk/out/olympe-linux/build/libvideo-streaming/obj/src/vstrm_sender.c.o
                0x000000000000f6e0                vstrm_sender_get_session_metadata_peer
 *fill*         0x000000000000f7a7        0x9 
 .text.vstrm_session_metadata_write_cb
                0x000000000000f7b0      0x275 /home/zxli/code/parrot-groundsdk/out/olympe-linux/build/libvideo-streaming/obj/src/vstrm_session_metadata.c.o
 *fill*         0x000000000000fa25        0xb 
 .text.vstrm_session_metadata_write_rtcp_sdes
                0x000000000000fa30      0x292 /home/zxli/code/parrot-groundsdk/out/olympe-linux/build/libvideo-streaming/obj/src/vstrm_session_metadata.c.o
                0x000000000000fa30                vstrm_session_metadata_write_rtcp_sdes
 *fill*         0x000000000000fcc2        0xe 
 .text.vstrm_session_metadata_read_rtcp_sdes
                0x000000000000fcd0      0x2ff /home/zxli/code/parrot-groundsdk/out/olympe-linux/build/libvideo-streaming/obj/src/vstrm_session_metadata.c.o
                0x000000000000fcd0                vstrm_session_metadata_read_rtcp_sdes
 *fill*         0x000000000000ffcf        0x1 
 .text.vstrm_read_u64
                0x000000000000ffd0       0x5b /home/zxli/code/parrot-groundsdk/out/olympe-linux/build/libvideo-streaming/obj/src/vstrm_video_stats.c.o
 *fill*         0x000000000001002b        0x5 
 .text.vstrm_video_stats_write
                0x0000000000010030      0x664 /home/zxli/code/parrot-groundsdk/out/olympe-linux/build/libvideo-streaming/obj/src/vstrm_video_stats.c.o
                0x0000000000010030                vstrm_video_stats_write
 *fill*         0x0000000000010694        0xc 
 .text.vstrm_video_stats_dyn_init
                0x00000000000106a0      0x102 /home/zxli/code/parrot-groundsdk/out/olympe-linux/build/libvideo-streaming/obj/src/vstrm_video_stats.c.o
                0x00000000000106a0                vstrm_video_stats_dyn_init
 *fill*         0x00000000000107a2        0xe 
 .text.vstrm_video_stats_read
                0x00000000000107b0      0x637 /home/zxli/code/parrot-groundsdk/out/olympe-linux/build/libvideo-streaming/obj/src/vstrm_video_stats.c.o
                0x00000000000107b0                vstrm_video_stats_read
 *fill*         0x0000000000010de7        0x9 
 .text.vstrm_video_stats_dyn_clear
                0x0000000000010df0       0xa1 /home/zxli/code/parrot-groundsdk/out/olympe-linux/build/libvideo-streaming/obj/src/vstrm_video_stats.c.o
                0x0000000000010df0                vstrm_video_stats_dyn_clear
 *fill*         0x0000000000010e91        0xf 
 .text.vstrm_video_stats_dyn_copy
                0x0000000000010ea0      0x107 /home/zxli/code/parrot-groundsdk/out/olympe-linux/build/libvideo-streaming/obj/src/vstrm_video_stats.c.o
                0x0000000000010ea0                vstrm_video_stats_dyn_copy
 *fill*         0x0000000000010fa7        0x9 
 .text.vstrm_video_stats_csv_header
                0x0000000000010fb0       0xda /home/zxli/code/parrot-groundsdk/out/olympe-linux/build/libvideo-streaming/obj/src/vstrm_video_stats.c.o
                0x0000000000010fb0                vstrm_video_stats_csv_header
 *fill*         0x000000000001108a        0x6 
 .text.vstrm_video_stats_csv_write
                0x0000000000011090      0x2ff /home/zxli/code/parrot-groundsdk/out/olympe-linux/build/libvideo-streaming/obj/src/vstrm_video_stats.c.o
                0x0000000000011090                vstrm_video_stats_csv_write
 *(.gnu.warning)

.fini           0x0000000000011390        0x9
 *(SORT_NONE(.fini))
 .fini          0x0000000000011390        0x4 /usr/lib/gcc/x86_64-linux-gnu/7/../../../x86_64-linux-gnu/crti.o
                0x0000000000011390                _fini
 .fini          0x0000000000011394        0x5 /usr/lib/gcc/x86_64-linux-gnu/7/../../../x86_64-linux-gnu/crtn.o
                [!provide]                        PROVIDE (__etext = .)
                [!provide]                        PROVIDE (_etext = .)
                [!provide]                        PROVIDE (etext = .)

.rodata         0x00000000000113a0     0x21b8
 *(.rodata .rodata.* .gnu.linkonce.r.*)
 .rodata.str1.1
                0x00000000000113a0       0x2c /home/zxli/code/parrot-groundsdk/out/olympe-linux/build/libvideo-streaming/obj/src/vstrm_clock_delta.c.o
 *fill*         0x00000000000113cc        0x4 
 .rodata.str1.8
                0x00000000000113d0      0x263 /home/zxli/code/parrot-groundsdk/out/olympe-linux/build/libvideo-streaming/obj/src/vstrm_clock_delta.c.o
 *fill*         0x0000000000011633        0xd 
 .rodata        0x0000000000011640       0x58 /home/zxli/code/parrot-groundsdk/out/olympe-linux/build/libvideo-streaming/obj/src/vstrm_clock_delta.c.o
 .rodata        0x0000000000011698        0x5 /home/zxli/code/parrot-groundsdk/out/olympe-linux/build/libvideo-streaming/obj/src/vstrm_dbg.c.o
 *fill*         0x000000000001169d        0x3 
 .rodata.str1.8
                0x00000000000116a0       0x5d /home/zxli/code/parrot-groundsdk/out/olympe-linux/build/libvideo-streaming/obj/src/vstrm_dbg.c.o
 .rodata.str1.1
                0x00000000000116fd        0x6 /home/zxli/code/parrot-groundsdk/out/olympe-linux/build/libvideo-streaming/obj/src/vstrm_dbg.c.o
 .rodata.str1.1
                0x0000000000011703       0x6f /home/zxli/code/parrot-groundsdk/out/olympe-linux/build/libvideo-streaming/obj/src/vstrm_frame.c.o
                                         0x82 (size before relaxing)
 *fill*         0x0000000000011772        0xe 
 .rodata        0x0000000000011780       0xa0 /home/zxli/code/parrot-groundsdk/out/olympe-linux/build/libvideo-streaming/obj/src/vstrm_frame.c.o
 .rodata.str1.1
                0x0000000000011820       0x13 /home/zxli/code/parrot-groundsdk/out/olympe-linux/build/libvideo-streaming/obj/src/vstrm_h264_sei_streaming.c.o
 .rodata.str1.8
                0x0000000000011820       0x6f /home/zxli/code/parrot-groundsdk/out/olympe-linux/build/libvideo-streaming/obj/src/vstrm_h264_sei_streaming.c.o
 *fill*         0x000000000001188f       0x11 
 .rodata        0x00000000000118a0      0x1af /home/zxli/code/parrot-groundsdk/out/olympe-linux/build/libvideo-streaming/obj/src/vstrm_h264_sei_streaming.c.o
 *fill*         0x0000000000011a4f        0x1 
 .rodata.str1.8
                0x0000000000011a50      0x1e9 /home/zxli/code/parrot-groundsdk/out/olympe-linux/build/libvideo-streaming/obj/src/vstrm_receiver.c.o
 .rodata.str1.1
                0x0000000000011c39       0xc8 /home/zxli/code/parrot-groundsdk/out/olympe-linux/build/libvideo-streaming/obj/src/vstrm_receiver.c.o
                                         0xdb (size before relaxing)
 *fill*         0x0000000000011d01       0x1f 
 .rodata        0x0000000000011d20      0x3e3 /home/zxli/code/parrot-groundsdk/out/olympe-linux/build/libvideo-streaming/obj/src/vstrm_receiver.c.o
 *fill*         0x0000000000012103        0x5 
 .rodata.str1.8
                0x0000000000012108      0x51d /home/zxli/code/parrot-groundsdk/out/olympe-linux/build/libvideo-streaming/obj/src/vstrm_rtp_h264_rx.c.o
 .rodata.str1.1
                0x0000000000012625       0xb6 /home/zxli/code/parrot-groundsdk/out/olympe-linux/build/libvideo-streaming/obj/src/vstrm_rtp_h264_rx.c.o
                                         0xc9 (size before relaxing)
 *fill*         0x00000000000126db        0x5 
 .rodata        0x00000000000126e0      0x3a6 /home/zxli/code/parrot-groundsdk/out/olympe-linux/build/libvideo-streaming/obj/src/vstrm_rtp_h264_rx.c.o
 *fill*         0x0000000000012a86        0x2 
 .rodata.str1.8
                0x0000000000012a88       0x54 /home/zxli/code/parrot-groundsdk/out/olympe-linux/build/libvideo-streaming/obj/src/vstrm_rtp_h264_tx.c.o
                                         0x7c (size before relaxing)
 .rodata.str1.1
                0x0000000000012adc       0x13 /home/zxli/code/parrot-groundsdk/out/olympe-linux/build/libvideo-streaming/obj/src/vstrm_rtp_h264_tx.c.o
 *fill*         0x0000000000012adc        0x4 
 .rodata        0x0000000000012ae0       0x96 /home/zxli/code/parrot-groundsdk/out/olympe-linux/build/libvideo-streaming/obj/src/vstrm_rtp_h264_tx.c.o
 *fill*         0x0000000000012b76        0x2 
 .rodata.str1.8
                0x0000000000012b78      0x11a /home/zxli/code/parrot-groundsdk/out/olympe-linux/build/libvideo-streaming/obj/src/vstrm_sender.c.o
                                        0x24a (size before relaxing)
 .rodata.str1.1
                0x0000000000012c92       0x68 /home/zxli/code/parrot-groundsdk/out/olympe-linux/build/libvideo-streaming/obj/src/vstrm_sender.c.o
                                         0xb8 (size before relaxing)
 *fill*         0x0000000000012cfa        0x6 
 .rodata        0x0000000000012d00      0x441 /home/zxli/code/parrot-groundsdk/out/olympe-linux/build/libvideo-streaming/obj/src/vstrm_sender.c.o
 *fill*         0x0000000000013141        0x7 
 .rodata.str1.8
                0x0000000000013148       0x86 /home/zxli/code/parrot-groundsdk/out/olympe-linux/build/libvideo-streaming/obj/src/vstrm_session_metadata.c.o
 *fill*         0x00000000000131ce       0x12 
 .rodata        0x00000000000131e0       0x87 /home/zxli/code/parrot-groundsdk/out/olympe-linux/build/libvideo-streaming/obj/src/vstrm_session_metadata.c.o
 .rodata.str1.1
                0x0000000000013267       0x19 /home/zxli/code/parrot-groundsdk/out/olympe-linux/build/libvideo-streaming/obj/src/vstrm_session_metadata.c.o
 .rodata.str1.1
                0x0000000000013280       0x38 /home/zxli/code/parrot-groundsdk/out/olympe-linux/build/libvideo-streaming/obj/src/vstrm_video_stats.c.o
                                         0x4f (size before relaxing)
 .rodata.str1.8
                0x00000000000132b8      0x1e0 /home/zxli/code/parrot-groundsdk/out/olympe-linux/build/libvideo-streaming/obj/src/vstrm_video_stats.c.o
                                        0x1d9 (size before relaxing)
 *fill*         0x0000000000013498        0x8 
 .rodata        0x00000000000134a0       0xb8 /home/zxli/code/parrot-groundsdk/out/olympe-linux/build/libvideo-streaming/obj/src/vstrm_video_stats.c.o

.rodata1
 *(.rodata1)

.eh_frame_hdr   0x0000000000013558      0x404
 *(.eh_frame_hdr)
 .eh_frame_hdr  0x0000000000013558      0x404 /home/zxli/code/parrot-groundsdk/out/olympe-linux/build/libvideo-streaming/obj/src/vstrm_clock_delta.c.o
                0x0000000000013558                __GNU_EH_FRAME_HDR
 *(.eh_frame_entry .eh_frame_entry.*)

.eh_frame       0x0000000000013960     0x24b4
 *(.eh_frame)
 .eh_frame      0x0000000000013960       0x40 /usr/lib/gcc/x86_64-linux-gnu/7/../../../x86_64-linux-gnu/crti.o
 .eh_frame      0x00000000000139a0       0x18 /usr/lib/gcc/x86_64-linux-gnu/7/../../../x86_64-linux-gnu/crti.o
                                         0x30 (size before relaxing)
 .eh_frame      0x00000000000139b8      0x170 /home/zxli/code/parrot-groundsdk/out/olympe-linux/build/libvideo-streaming/obj/src/vstrm_clock_delta.c.o
                                        0x188 (size before relaxing)
 .eh_frame      0x0000000000013b28      0x150 /home/zxli/code/parrot-groundsdk/out/olympe-linux/build/libvideo-streaming/obj/src/vstrm_dbg.c.o
                                        0x168 (size before relaxing)
 .eh_frame      0x0000000000013c78      0x218 /home/zxli/code/parrot-groundsdk/out/olympe-linux/build/libvideo-streaming/obj/src/vstrm_frame.c.o
                                        0x230 (size before relaxing)
 .eh_frame      0x0000000000013e90      0x2f0 /home/zxli/code/parrot-groundsdk/out/olympe-linux/build/libvideo-streaming/obj/src/vstrm_h264_sei_streaming.c.o
                                        0x308 (size before relaxing)
 .eh_frame      0x0000000000014180      0x6a8 /home/zxli/code/parrot-groundsdk/out/olympe-linux/build/libvideo-streaming/obj/src/vstrm_receiver.c.o
                                        0x6c0 (size before relaxing)
 .eh_frame      0x0000000000014828      0x8c0 /home/zxli/code/parrot-groundsdk/out/olympe-linux/build/libvideo-streaming/obj/src/vstrm_rtp_h264_rx.c.o
                                        0x8d8 (size before relaxing)
 .eh_frame      0x00000000000150e8      0x1d8 /home/zxli/code/parrot-groundsdk/out/olympe-linux/build/libvideo-streaming/obj/src/vstrm_rtp_h264_tx.c.o
                                        0x1f0 (size before relaxing)
 .eh_frame      0x00000000000152c0      0x710 /home/zxli/code/parrot-groundsdk/out/olympe-linux/build/libvideo-streaming/obj/src/vstrm_sender.c.o
                                        0x728 (size before relaxing)
 .eh_frame      0x00000000000159d0      0x120 /home/zxli/code/parrot-groundsdk/out/olympe-linux/build/libvideo-streaming/obj/src/vstrm_session_metadata.c.o
                                        0x138 (size before relaxing)
 .eh_frame      0x0000000000015af0      0x320 /home/zxli/code/parrot-groundsdk/out/olympe-linux/build/libvideo-streaming/obj/src/vstrm_video_stats.c.o
                                        0x338 (size before relaxing)
 .eh_frame      0x0000000000015e10        0x4 /usr/lib/gcc/x86_64-linux-gnu/7/crtendS.o
 *(.eh_frame.*)

.gcc_except_table
 *(.gcc_except_table .gcc_except_table.*)

.gnu_extab
 *(.gnu_extab*)

.exception_ranges
 *(.exception_ranges .exception_ranges*)
                0x0000000000216c70                . = DATA_SEGMENT_ALIGN (CONSTANT (MAXPAGESIZE), CONSTANT (COMMONPAGESIZE))

.eh_frame
 *(.eh_frame)
 *(.eh_frame.*)

.gnu_extab
 *(.gnu_extab)

.gcc_except_table
 *(.gcc_except_table .gcc_except_table.*)

.exception_ranges
 *(.exception_ranges .exception_ranges*)

.tdata
 *(.tdata .tdata.* .gnu.linkonce.td.*)

.tbss
 *(.tbss .tbss.* .gnu.linkonce.tb.*)
 *(.tcommon)

.preinit_array
 *(.preinit_array)

.init_array     0x0000000000216c70        0x8
 *(SORT_BY_INIT_PRIORITY(.init_array.*) SORT_BY_INIT_PRIORITY(.ctors.*))
 *(.init_array EXCLUDE_FILE(*crtend?.o *crtend.o *crtbegin?.o *crtbegin.o) .ctors)
 .init_array    0x0000000000216c70        0x8 /usr/lib/gcc/x86_64-linux-gnu/7/crtbeginS.o

.fini_array     0x0000000000216c78        0x8
 *(SORT_BY_INIT_PRIORITY(.fini_array.*) SORT_BY_INIT_PRIORITY(.dtors.*))
 *(.fini_array EXCLUDE_FILE(*crtend?.o *crtend.o *crtbegin?.o *crtbegin.o) .dtors)
 .fini_array    0x0000000000216c78        0x8 /usr/lib/gcc/x86_64-linux-gnu/7/crtbeginS.o

.ctors
 *crtbegin.o(.ctors)
 *crtbegin?.o(.ctors)
 *(EXCLUDE_FILE(*crtend?.o *crtend.o) .ctors)
 *(SORT_BY_NAME(.ctors.*))
 *(.ctors)

.dtors
 *crtbegin.o(.dtors)
 *crtbegin?.o(.dtors)
 *(EXCLUDE_FILE(*crtend?.o *crtend.o) .dtors)
 *(SORT_BY_NAME(.dtors.*))
 *(.dtors)

.jcr
 *(.jcr)

.data.rel.ro    0x0000000000216c80      0x108
 *(.data.rel.ro.local* .gnu.linkonce.d.rel.ro.local.*)
 .data.rel.ro.local
                0x0000000000216c80       0x30 /home/zxli/code/parrot-groundsdk/out/olympe-linux/build/libvideo-streaming/obj/src/vstrm_receiver.c.o
 *fill*         0x0000000000216cb0       0x10 
 .data.rel.ro.local
                0x0000000000216cc0       0x90 /home/zxli/code/parrot-groundsdk/out/olympe-linux/build/libvideo-streaming/obj/src/vstrm_rtp_h264_rx.c.o
 *fill*         0x0000000000216d50       0x10 
 .data.rel.ro.local
                0x0000000000216d60       0x28 /home/zxli/code/parrot-groundsdk/out/olympe-linux/build/libvideo-streaming/obj/src/vstrm_sender.c.o
 *(.data.rel.ro .data.rel.ro.* .gnu.linkonce.d.rel.ro.*)
 .data.rel.ro   0x0000000000216d88        0x0 /usr/lib/gcc/x86_64-linux-gnu/7/../../../x86_64-linux-gnu/crti.o

.dynamic        0x0000000000216d88      0x240
 *(.dynamic)
 .dynamic       0x0000000000216d88      0x240 /usr/lib/gcc/x86_64-linux-gnu/7/../../../x86_64-linux-gnu/crti.o
                0x0000000000216d88                _DYNAMIC

.got            0x0000000000216fc8       0x20
 *(.got)
 .got           0x0000000000216fc8       0x20 /usr/lib/gcc/x86_64-linux-gnu/7/../../../x86_64-linux-gnu/crti.o
 *(.igot)
                0x0000000000216fe8                . = DATA_SEGMENT_RELRO_END (., (SIZEOF (.got.plt) >= 0x18)?0x18:0x0)

.got.plt        0x0000000000217000      0x2f8
 *(.got.plt)
 .got.plt       0x0000000000217000      0x2f8 /usr/lib/gcc/x86_64-linux-gnu/7/../../../x86_64-linux-gnu/crti.o
                0x0000000000217000                _GLOBAL_OFFSET_TABLE_
 *(.igot.plt)

.data           0x0000000000217300       0x40
 *(.data .data.* .gnu.linkonce.d.*)
 .data.rel.local
                0x0000000000217300        0x8 /usr/lib/gcc/x86_64-linux-gnu/7/crtbeginS.o
                0x0000000000217300                __dso_handle
 *fill*         0x0000000000217308       0x18 
 .data.rel.local
                0x0000000000217320       0x20 /home/zxli/code/parrot-groundsdk/out/olympe-linux/build/libvideo-streaming/obj/src/vstrm_dbg.c.o
                0x0000000000217320                __ulog_cookie_vstrm

.tm_clone_table
                0x0000000000217340        0x0
 .tm_clone_table
                0x0000000000217340        0x0 /usr/lib/gcc/x86_64-linux-gnu/7/crtbeginS.o
 .tm_clone_table
                0x0000000000217340        0x0 /usr/lib/gcc/x86_64-linux-gnu/7/crtendS.o

.data1
 *(.data1)
                0x0000000000217340                _edata = .
                [!provide]                        PROVIDE (edata = .)
                0x0000000000217340                . = .
                0x0000000000217340                __bss_start = .

.bss            0x0000000000217340        0x8
 *(.dynbss)
 .dynbss        0x0000000000217340        0x0 /usr/lib/gcc/x86_64-linux-gnu/7/../../../x86_64-linux-gnu/crti.o
 *(.bss .bss.* .gnu.linkonce.b.*)
 .bss           0x0000000000217340        0x1 /usr/lib/gcc/x86_64-linux-gnu/7/crtbeginS.o
 *(COMMON)
                0x0000000000217348                . = ALIGN ((. != 0x0)?0x8:0x1)
 *fill*         0x0000000000217341        0x7 

.lbss
 *(.dynlbss)
 *(.lbss .lbss.* .gnu.linkonce.lb.*)
 *(LARGE_COMMON)
                0x0000000000217348                . = ALIGN (0x8)
                0x0000000000217348                . = SEGMENT_START ("ldata-segment", .)

.lrodata
 *(.lrodata .lrodata.* .gnu.linkonce.lr.*)

.ldata          0x0000000000617348        0x0
 *(.ldata .ldata.* .gnu.linkonce.l.*)
                0x0000000000617348                . = ALIGN ((. != 0x0)?0x8:0x1)
                0x0000000000617348                . = ALIGN (0x8)
                0x0000000000617348                _end = .
                [!provide]                        PROVIDE (end = .)
                0x0000000000617348                . = DATA_SEGMENT_END (.)

.stab
 *(.stab)

.stabstr
 *(.stabstr)

.stab.excl
 *(.stab.excl)

.stab.exclstr
 *(.stab.exclstr)

.stab.index
 *(.stab.index)

.stab.indexstr
 *(.stab.indexstr)

.comment        0x0000000000000000       0x29
 *(.comment)
 .comment       0x0000000000000000       0x29 /usr/lib/gcc/x86_64-linux-gnu/7/crtbeginS.o
                                         0x2a (size before relaxing)
 .comment       0x0000000000000029       0x2a /home/zxli/code/parrot-groundsdk/out/olympe-linux/build/libvideo-streaming/obj/src/vstrm_clock_delta.c.o
 .comment       0x0000000000000029       0x2a /home/zxli/code/parrot-groundsdk/out/olympe-linux/build/libvideo-streaming/obj/src/vstrm_dbg.c.o
 .comment       0x0000000000000029       0x2a /home/zxli/code/parrot-groundsdk/out/olympe-linux/build/libvideo-streaming/obj/src/vstrm_frame.c.o
 .comment       0x0000000000000029       0x2a /home/zxli/code/parrot-groundsdk/out/olympe-linux/build/libvideo-streaming/obj/src/vstrm_h264_sei_streaming.c.o
 .comment       0x0000000000000029       0x2a /home/zxli/code/parrot-groundsdk/out/olympe-linux/build/libvideo-streaming/obj/src/vstrm_receiver.c.o
 .comment       0x0000000000000029       0x2a /home/zxli/code/parrot-groundsdk/out/olympe-linux/build/libvideo-streaming/obj/src/vstrm_rtp_h264_rx.c.o
 .comment       0x0000000000000029       0x2a /home/zxli/code/parrot-groundsdk/out/olympe-linux/build/libvideo-streaming/obj/src/vstrm_rtp_h264_tx.c.o
 .comment       0x0000000000000029       0x2a /home/zxli/code/parrot-groundsdk/out/olympe-linux/build/libvideo-streaming/obj/src/vstrm_sender.c.o
 .comment       0x0000000000000029       0x2a /home/zxli/code/parrot-groundsdk/out/olympe-linux/build/libvideo-streaming/obj/src/vstrm_session_metadata.c.o
 .comment       0x0000000000000029       0x2a /home/zxli/code/parrot-groundsdk/out/olympe-linux/build/libvideo-streaming/obj/src/vstrm_video_stats.c.o
 .comment       0x0000000000000029       0x2a /usr/lib/gcc/x86_64-linux-gnu/7/crtendS.o

.debug
 *(.debug)

.line
 *(.line)

.debug_srcinfo
 *(.debug_srcinfo)

.debug_sfnames
 *(.debug_sfnames)

.debug_aranges  0x0000000000000000      0x910
 *(.debug_aranges)
 .debug_aranges
                0x0000000000000000       0x60 /home/zxli/code/parrot-groundsdk/out/olympe-linux/build/libvideo-streaming/obj/src/vstrm_clock_delta.c.o
 .debug_aranges
                0x0000000000000060       0x80 /home/zxli/code/parrot-groundsdk/out/olympe-linux/build/libvideo-streaming/obj/src/vstrm_dbg.c.o
 .debug_aranges
                0x00000000000000e0       0xa0 /home/zxli/code/parrot-groundsdk/out/olympe-linux/build/libvideo-streaming/obj/src/vstrm_frame.c.o
 .debug_aranges
                0x0000000000000180       0xa0 /home/zxli/code/parrot-groundsdk/out/olympe-linux/build/libvideo-streaming/obj/src/vstrm_h264_sei_streaming.c.o
 .debug_aranges
                0x0000000000000220      0x1c0 /home/zxli/code/parrot-groundsdk/out/olympe-linux/build/libvideo-streaming/obj/src/vstrm_receiver.c.o
 .debug_aranges
                0x00000000000003e0      0x210 /home/zxli/code/parrot-groundsdk/out/olympe-linux/build/libvideo-streaming/obj/src/vstrm_rtp_h264_rx.c.o
 .debug_aranges
                0x00000000000005f0       0x80 /home/zxli/code/parrot-groundsdk/out/olympe-linux/build/libvideo-streaming/obj/src/vstrm_rtp_h264_tx.c.o
 .debug_aranges
                0x0000000000000670      0x1b0 /home/zxli/code/parrot-groundsdk/out/olympe-linux/build/libvideo-streaming/obj/src/vstrm_sender.c.o
 .debug_aranges
                0x0000000000000820       0x50 /home/zxli/code/parrot-groundsdk/out/olympe-linux/build/libvideo-streaming/obj/src/vstrm_session_metadata.c.o
 .debug_aranges
                0x0000000000000870       0xa0 /home/zxli/code/parrot-groundsdk/out/olympe-linux/build/libvideo-streaming/obj/src/vstrm_video_stats.c.o

.debug_pubnames
 *(.debug_pubnames)

.debug_info     0x0000000000000000    0x21b8a
 *(.debug_info .gnu.linkonce.wi.*)
 .debug_info    0x0000000000000000     0x16f9 /home/zxli/code/parrot-groundsdk/out/olympe-linux/build/libvideo-streaming/obj/src/vstrm_clock_delta.c.o
 .debug_info    0x00000000000016f9     0x1929 /home/zxli/code/parrot-groundsdk/out/olympe-linux/build/libvideo-streaming/obj/src/vstrm_dbg.c.o
 .debug_info    0x0000000000003022     0x1eea /home/zxli/code/parrot-groundsdk/out/olympe-linux/build/libvideo-streaming/obj/src/vstrm_frame.c.o
 .debug_info    0x0000000000004f0c     0x1959 /home/zxli/code/parrot-groundsdk/out/olympe-linux/build/libvideo-streaming/obj/src/vstrm_h264_sei_streaming.c.o
 .debug_info    0x0000000000006865     0x6086 /home/zxli/code/parrot-groundsdk/out/olympe-linux/build/libvideo-streaming/obj/src/vstrm_receiver.c.o
 .debug_info    0x000000000000c8eb     0x8259 /home/zxli/code/parrot-groundsdk/out/olympe-linux/build/libvideo-streaming/obj/src/vstrm_rtp_h264_rx.c.o
 .debug_info    0x0000000000014b44     0x264c /home/zxli/code/parrot-groundsdk/out/olympe-linux/build/libvideo-streaming/obj/src/vstrm_rtp_h264_tx.c.o
 .debug_info    0x0000000000017190     0x622d /home/zxli/code/parrot-groundsdk/out/olympe-linux/build/libvideo-streaming/obj/src/vstrm_sender.c.o
 .debug_info    0x000000000001d3bd     0x1675 /home/zxli/code/parrot-groundsdk/out/olympe-linux/build/libvideo-streaming/obj/src/vstrm_session_metadata.c.o
 .debug_info    0x000000000001ea32     0x3158 /home/zxli/code/parrot-groundsdk/out/olympe-linux/build/libvideo-streaming/obj/src/vstrm_video_stats.c.o

.debug_abbrev   0x0000000000000000     0x2c81
 *(.debug_abbrev)
 .debug_abbrev  0x0000000000000000      0x337 /home/zxli/code/parrot-groundsdk/out/olympe-linux/build/libvideo-streaming/obj/src/vstrm_clock_delta.c.o
 .debug_abbrev  0x0000000000000337      0x3a2 /home/zxli/code/parrot-groundsdk/out/olympe-linux/build/libvideo-streaming/obj/src/vstrm_dbg.c.o
 .debug_abbrev  0x00000000000006d9      0x39a /home/zxli/code/parrot-groundsdk/out/olympe-linux/build/libvideo-streaming/obj/src/vstrm_frame.c.o
 .debug_abbrev  0x0000000000000a73      0x291 /home/zxli/code/parrot-groundsdk/out/olympe-linux/build/libvideo-streaming/obj/src/vstrm_h264_sei_streaming.c.o
 .debug_abbrev  0x0000000000000d04      0x646 /home/zxli/code/parrot-groundsdk/out/olympe-linux/build/libvideo-streaming/obj/src/vstrm_receiver.c.o
 .debug_abbrev  0x000000000000134a      0x6b3 /home/zxli/code/parrot-groundsdk/out/olympe-linux/build/libvideo-streaming/obj/src/vstrm_rtp_h264_rx.c.o
 .debug_abbrev  0x00000000000019fd      0x4b1 /home/zxli/code/parrot-groundsdk/out/olympe-linux/build/libvideo-streaming/obj/src/vstrm_rtp_h264_tx.c.o
 .debug_abbrev  0x0000000000001eae      0x685 /home/zxli/code/parrot-groundsdk/out/olympe-linux/build/libvideo-streaming/obj/src/vstrm_sender.c.o
 .debug_abbrev  0x0000000000002533      0x319 /home/zxli/code/parrot-groundsdk/out/olympe-linux/build/libvideo-streaming/obj/src/vstrm_session_metadata.c.o
 .debug_abbrev  0x000000000000284c      0x435 /home/zxli/code/parrot-groundsdk/out/olympe-linux/build/libvideo-streaming/obj/src/vstrm_video_stats.c.o

.debug_line     0x0000000000000000     0x69ed
 *(.debug_line .debug_line.* .debug_line_end)
 .debug_line    0x0000000000000000      0x68c /home/zxli/code/parrot-groundsdk/out/olympe-linux/build/libvideo-streaming/obj/src/vstrm_clock_delta.c.o
 .debug_line    0x000000000000068c      0x4bc /home/zxli/code/parrot-groundsdk/out/olympe-linux/build/libvideo-streaming/obj/src/vstrm_dbg.c.o
 .debug_line    0x0000000000000b48      0x6c7 /home/zxli/code/parrot-groundsdk/out/olympe-linux/build/libvideo-streaming/obj/src/vstrm_frame.c.o
 .debug_line    0x000000000000120f      0x5ea /home/zxli/code/parrot-groundsdk/out/olympe-linux/build/libvideo-streaming/obj/src/vstrm_h264_sei_streaming.c.o
 .debug_line    0x00000000000017f9      0xff7 /home/zxli/code/parrot-groundsdk/out/olympe-linux/build/libvideo-streaming/obj/src/vstrm_receiver.c.o
 .debug_line    0x00000000000027f0     0x1817 /home/zxli/code/parrot-groundsdk/out/olympe-linux/build/libvideo-streaming/obj/src/vstrm_rtp_h264_rx.c.o
 .debug_line    0x0000000000004007      0x706 /home/zxli/code/parrot-groundsdk/out/olympe-linux/build/libvideo-streaming/obj/src/vstrm_rtp_h264_tx.c.o
 .debug_line    0x000000000000470d     0x10f2 /home/zxli/code/parrot-groundsdk/out/olympe-linux/build/libvideo-streaming/obj/src/vstrm_sender.c.o
 .debug_line    0x00000000000057ff      0x591 /home/zxli/code/parrot-groundsdk/out/olympe-linux/build/libvideo-streaming/obj/src/vstrm_session_metadata.c.o
 .debug_line    0x0000000000005d90      0xc5d /home/zxli/code/parrot-groundsdk/out/olympe-linux/build/libvideo-streaming/obj/src/vstrm_video_stats.c.o

.debug_frame
 *(.debug_frame)

.debug_str      0x0000000000000000     0x5ba2
 *(.debug_str)
 .debug_str     0x0000000000000000      0x710 /home/zxli/code/parrot-groundsdk/out/olympe-linux/build/libvideo-streaming/obj/src/vstrm_clock_delta.c.o
                                        0x813 (size before relaxing)
 .debug_str     0x0000000000000710      0xde0 /home/zxli/code/parrot-groundsdk/out/olympe-linux/build/libvideo-streaming/obj/src/vstrm_dbg.c.o
                                       0x1448 (size before relaxing)
 .debug_str     0x00000000000014f0      0x38d /home/zxli/code/parrot-groundsdk/out/olympe-linux/build/libvideo-streaming/obj/src/vstrm_frame.c.o
                                       0x15ea (size before relaxing)
 .debug_str     0x000000000000187d      0x1d1 /home/zxli/code/parrot-groundsdk/out/olympe-linux/build/libvideo-streaming/obj/src/vstrm_h264_sei_streaming.c.o
                                        0x6db (size before relaxing)
 .debug_str     0x0000000000001a4e     0x1000 /home/zxli/code/parrot-groundsdk/out/olympe-linux/build/libvideo-streaming/obj/src/vstrm_receiver.c.o
                                       0x268d (size before relaxing)
 .debug_str     0x0000000000002a4e     0x2719 /home/zxli/code/parrot-groundsdk/out/olympe-linux/build/libvideo-streaming/obj/src/vstrm_rtp_h264_rx.c.o
                                       0x4212 (size before relaxing)
 .debug_str     0x0000000000005167      0x201 /home/zxli/code/parrot-groundsdk/out/olympe-linux/build/libvideo-streaming/obj/src/vstrm_rtp_h264_tx.c.o
                                       0x1572 (size before relaxing)
 .debug_str     0x0000000000005368      0x5bb /home/zxli/code/parrot-groundsdk/out/olympe-linux/build/libvideo-streaming/obj/src/vstrm_sender.c.o
                                       0x2421 (size before relaxing)
 .debug_str     0x0000000000005923      0x1c7 /home/zxli/code/parrot-groundsdk/out/olympe-linux/build/libvideo-streaming/obj/src/vstrm_session_metadata.c.o
                                        0xa36 (size before relaxing)
 .debug_str     0x0000000000005aea       0xb8 /home/zxli/code/parrot-groundsdk/out/olympe-linux/build/libvideo-streaming/obj/src/vstrm_video_stats.c.o
                                        0x94d (size before relaxing)

.debug_loc      0x0000000000000000    0x2642d
 *(.debug_loc)
 .debug_loc     0x0000000000000000     0x2531 /home/zxli/code/parrot-groundsdk/out/olympe-linux/build/libvideo-streaming/obj/src/vstrm_clock_delta.c.o
 .debug_loc     0x0000000000002531      0x7f9 /home/zxli/code/parrot-groundsdk/out/olympe-linux/build/libvideo-streaming/obj/src/vstrm_dbg.c.o
 .debug_loc     0x0000000000002d2a     0x1912 /home/zxli/code/parrot-groundsdk/out/olympe-linux/build/libvideo-streaming/obj/src/vstrm_frame.c.o
 .debug_loc     0x000000000000463c     0x2d35 /home/zxli/code/parrot-groundsdk/out/olympe-linux/build/libvideo-streaming/obj/src/vstrm_h264_sei_streaming.c.o
 .debug_loc     0x0000000000007371     0x65ff /home/zxli/code/parrot-groundsdk/out/olympe-linux/build/libvideo-streaming/obj/src/vstrm_receiver.c.o
 .debug_loc     0x000000000000d970     0xa752 /home/zxli/code/parrot-groundsdk/out/olympe-linux/build/libvideo-streaming/obj/src/vstrm_rtp_h264_rx.c.o
 .debug_loc     0x00000000000180c2     0x1b81 /home/zxli/code/parrot-groundsdk/out/olympe-linux/build/libvideo-streaming/obj/src/vstrm_rtp_h264_tx.c.o
 .debug_loc     0x0000000000019c43     0x6a3c /home/zxli/code/parrot-groundsdk/out/olympe-linux/build/libvideo-streaming/obj/src/vstrm_sender.c.o
 .debug_loc     0x000000000002067f     0x1443 /home/zxli/code/parrot-groundsdk/out/olympe-linux/build/libvideo-streaming/obj/src/vstrm_session_metadata.c.o
 .debug_loc     0x0000000000021ac2     0x496b /home/zxli/code/parrot-groundsdk/out/olympe-linux/build/libvideo-streaming/obj/src/vstrm_video_stats.c.o

.debug_macinfo
 *(.debug_macinfo)

.debug_weaknames
 *(.debug_weaknames)

.debug_funcnames
 *(.debug_funcnames)

.debug_typenames
 *(.debug_typenames)

.debug_varnames
 *(.debug_varnames)

.debug_pubtypes
 *(.debug_pubtypes)

.debug_ranges   0x0000000000000000     0x7f70
 *(.debug_ranges)
 .debug_ranges  0x0000000000000000      0x6d0 /home/zxli/code/parrot-groundsdk/out/olympe-linux/build/libvideo-streaming/obj/src/vstrm_clock_delta.c.o
 .debug_ranges  0x00000000000006d0       0xf0 /home/zxli/code/parrot-groundsdk/out/olympe-linux/build/libvideo-streaming/obj/src/vstrm_dbg.c.o
 .debug_ranges  0x00000000000007c0      0x5f0 /home/zxli/code/parrot-groundsdk/out/olympe-linux/build/libvideo-streaming/obj/src/vstrm_frame.c.o
 .debug_ranges  0x0000000000000db0      0x8b0 /home/zxli/code/parrot-groundsdk/out/olympe-linux/build/libvideo-streaming/obj/src/vstrm_h264_sei_streaming.c.o
 .debug_ranges  0x0000000000001660     0x15f0 /home/zxli/code/parrot-groundsdk/out/olympe-linux/build/libvideo-streaming/obj/src/vstrm_receiver.c.o
 .debug_ranges  0x0000000000002c50     0x2310 /home/zxli/code/parrot-groundsdk/out/olympe-linux/build/libvideo-streaming/obj/src/vstrm_rtp_h264_rx.c.o
 .debug_ranges  0x0000000000004f60      0x710 /home/zxli/code/parrot-groundsdk/out/olympe-linux/build/libvideo-streaming/obj/src/vstrm_rtp_h264_tx.c.o
 .debug_ranges  0x0000000000005670     0x17a0 /home/zxli/code/parrot-groundsdk/out/olympe-linux/build/libvideo-streaming/obj/src/vstrm_sender.c.o
 .debug_ranges  0x0000000000006e10      0x460 /home/zxli/code/parrot-groundsdk/out/olympe-linux/build/libvideo-streaming/obj/src/vstrm_session_metadata.c.o
 .debug_ranges  0x0000000000007270      0xd00 /home/zxli/code/parrot-groundsdk/out/olympe-linux/build/libvideo-streaming/obj/src/vstrm_video_stats.c.o

.debug_macro
 *(.debug_macro)

.debug_addr
 *(.debug_addr)

.gnu.attributes
 *(.gnu.attributes)

/DISCARD/
 *(.note.GNU-stack)
 *(.gnu_debuglink)
 *(.gnu.lto_*)
OUTPUT(out/olympe-linux/build/libvideo-streaming/libvideo-streaming.so elf64-x86-64)
